node.exe : npm warn Unknown cli config "--watch". This will stop working in the next major version of npm.
At C:\Program Files\nodejs\npm.ps1:29 char:3
+   & $NODE_EXE $NPM_CLI_JS $args
+   ~~~~~~~~~~~~~~~~~~~~~~~~~~~~~
    + CategoryInfo          : NotSpecified: (npm warn Unknow...version of npm.:String) [], RemoteException
    + FullyQualifiedErrorId : NativeCommandError
 
npm warn Unknown cli config "--browsers". This will stop working in the next major version of npm.

> frontend@19.1.1 test
> ng test

- Generating browser application bundles (phase: setup)...
Γ£ö Browser application bundle generation complete.
[33m19 01 2026 03:39:51.007:WARN [karma]: [39mNo captured browser, open http://localhost:9877/
[32m19 01 2026 03:39:51.065:INFO [karma-server]: [39mKarma v6.4.4 server started at http://localhost:9877/
[32m19 01 2026 03:39:51.065:INFO [launcher]: [39mLaunching browsers ChromeHeadless with concurrency unlimited
[32m19 01 2026 03:39:51.087:INFO [launcher]: [39mStarting browser ChromeHeadless
[32m19 01 2026 03:39:53.081:INFO [Chrome Headless 144.0.0.0 (Windows 10)]: [39mConnected on socket 1xfOa0orW8gytPDJAAAB with id 97397948
Chrome Headless 144.0.0.0 (Windows 10): Executed 0 of 675[32m SUCCESS[39m (0 secs / 0 secs)
[1A[2KChrome Headless 144.0.0.0 (Windows 10): Executed 1 of 675[32m SUCCESS[39m (0 secs / 0.229 secs)
[1A[2KChrome Headless 144.0.0.0 (Windows 10): Executed 2 of 675[32m SUCCESS[39m (0 secs / 0.253 secs)
[1A[2KChrome Headless 144.0.0.0 (Windows 10): Executed 3 of 675[32m SUCCESS[39m (0 secs / 0.27 secs)
[1A[2KChrome Headless 144.0.0.0 (Windows 10): Executed 4 of 675[32m SUCCESS[39m (0 secs / 0.286 secs)
[1A[2KChrome Headless 144.0.0.0 (Windows 10): Executed 5 of 675[32m SUCCESS[39m (0 secs / 0.301 secs)
[1A[2KChrome Headless 144.0.0.0 (Windows 10): Executed 6 of 675[32m SUCCESS[39m (0 secs / 0.315 secs)
[1A[2KChrome Headless 144.0.0.0 (Windows 10): Executed 7 of 675[32m SUCCESS[39m (0 secs / 0.328 secs)
[1A[2KChrome Headless 144.0.0.0 (Windows 10): Executed 8 of 675[32m SUCCESS[39m (0 secs / 0.452 secs)
[1A[2KChrome Headless 144.0.0.0 (Windows 10): Executed 9 of 675[32m SUCCESS[39m (0 secs / 0.502 secs)
[1A[2KChrome Headless 144.0.0.0 (Windows 10): Executed 10 of 675[32m SUCCESS[39m (0 secs / 1.556 secs)
[1A[2KChrome Headless 144.0.0.0 (Windows 10): Executed 11 of 675[32m SUCCESS[39m (0 secs / 1.593 secs)
[1A[2KChrome Headless 144.0.0.0 (Windows 10): Executed 12 of 675[32m SUCCESS[39m (0 secs / 1.626 secs)
[1A[2KChrome Headless 144.0.0.0 (Windows 10): Executed 13 of 675[32m SUCCESS[39m (0 secs / 1.662 secs)
[1A[2KChrome Headless 144.0.0.0 (Windows 10): Executed 14 of 675[32m SUCCESS[39m (0 secs / 1.697 secs)
[1A[2KChrome Headless 144.0.0.0 (Windows 10): Executed 15 of 675[32m SUCCESS[39m (0 secs / 1.728 secs)
[1A[2KChrome Headless 144.0.0.0 (Windows 10): Executed 16 of 675[32m SUCCESS[39m (0 secs / 2.768 secs)
[1A[2KChrome Headless 144.0.0.0 (Windows 10): Executed 17 of 675[32m SUCCESS[39m (0 secs / 2.849 secs)
[1A[2KChrome Headless 144.0.0.0 (Windows 10): Executed 18 of 675[32m SUCCESS[39m (0 secs / 2.902 secs)
[1A[2KChrome Headless 144.0.0.0 (Windows 10): Executed 19 of 675[32m SUCCESS[39m (0 secs / 2.953 secs)
[1A[2KChrome Headless 144.0.0.0 (Windows 10): Executed 20 of 675[32m SUCCESS[39m (0 secs / 2.991 secs)
[1A[2KChrome Headless 144.0.0.0 (Windows 10): Executed 21 of 675[32m SUCCESS[39m (0 secs / 3.028 secs)
[1A[2KChrome Headless 144.0.0.0 (Windows 10): Executed 22 of 675[32m SUCCESS[39m (0 secs / 3.081 secs)
[1A[2KChrome Headless 144.0.0.0 (Windows 10): Executed 23 of 675[32m SUCCESS[39m (0 secs / 3.115 secs)
[1A[2KChrome Headless 144.0.0.0 (Windows 10): Executed 24 of 675[32m SUCCESS[39m (0 secs / 3.146 secs)
[1A[2KChrome Headless 144.0.0.0 (Windows 10): Executed 25 of 675[32m SUCCESS[39m (0 secs / 3.236 secs)
[1A[2KChrome Headless 144.0.0.0 (Windows 10): Executed 26 of 675[32m SUCCESS[39m (0 secs / 3.249 secs)
[1A[2KChrome Headless 144.0.0.0 (Windows 10): Executed 27 of 675[32m SUCCESS[39m (0 secs / 3.263 secs)
[1A[2KChrome Headless 144.0.0.0 (Windows 10): Executed 28 of 675[32m SUCCESS[39m (0 secs / 3.287 secs)
[1A[2KChrome Headless 144.0.0.0 (Windows 10): Executed 29 of 675[32m SUCCESS[39m (0 secs / 3.307 secs)
[1A[2KChrome Headless 144.0.0.0 (Windows 10): Executed 30 of 675[32m SUCCESS[39m (0 secs / 3.322 secs)
[1A[2KChrome Headless 144.0.0.0 (Windows 10): Executed 31 of 675[32m SUCCESS[39m (0 secs / 3.34 secs)
[1A[2KChrome Headless 144.0.0.0 (Windows 10): Executed 32 of 675[32m SUCCESS[39m (0 secs / 3.356 secs)
[1A[2KChrome Headless 144.0.0.0 (Windows 10): Executed 33 of 675[32m SUCCESS[39m (0 secs / 3.369 secs)
[1A[2KChrome Headless 144.0.0.0 (Windows 10): Executed 34 of 675[32m SUCCESS[39m (0 secs / 3.383 secs)
[1A[2KChrome Headless 144.0.0.0 (Windows 10): Executed 35 of 675[32m SUCCESS[39m (0 secs / 3.4 secs)
[1A[2KChrome Headless 144.0.0.0 (Windows 10): Executed 36 of 675[32m SUCCESS[39m (0 secs / 3.415 secs)
[1A[2KChrome Headless 144.0.0.0 (Windows 10): Executed 37 of 675[32m SUCCESS[39m (0 secs / 3.43 secs)
[1A[2KChrome Headless 144.0.0.0 (Windows 10): Executed 38 of 675[32m SUCCESS[39m (0 secs / 3.435 secs)
[1A[2KChrome Headless 144.0.0.0 (Windows 10): Executed 39 of 675[32m SUCCESS[39m (0 secs / 3.436 secs)
[1A[2KChrome Headless 144.0.0.0 (Windows 10): Executed 40 of 675[32m SUCCESS[39m (0 secs / 3.439 secs)
[1A[2KChrome Headless 144.0.0.0 (Windows 10): Executed 41 of 675[32m SUCCESS[39m (0 secs / 3.442 secs)
[1A[2KChrome Headless 144.0.0.0 (Windows 10): Executed 42 of 675[32m SUCCESS[39m (0 secs / 3.445 secs)
[1A[2KChrome Headless 144.0.0.0 (Windows 10): Executed 43 of 675[32m SUCCESS[39m (0 secs / 3.448 secs)
[1A[2KChrome Headless 144.0.0.0 (Windows 10): Executed 44 of 675[32m SUCCESS[39m (0 secs / 3.451 secs)
[1A[2KChrome Headless 144.0.0.0 (Windows 10): Executed 45 of 675[32m SUCCESS[39m (0 secs / 3.454 secs)
[1A[2KChrome Headless 144.0.0.0 (Windows 10): Executed 46 of 675[32m SUCCESS[39m (0 secs / 3.457 secs)
[1A[2KChrome Headless 144.0.0.0 (Windows 10): Executed 47 of 675[32m SUCCESS[39m (0 secs / 3.459 secs)
[1A[2KLOG: [36m'Error'[39m
Chrome Headless 144.0.0.0 (Windows 10): Executed 47 of 675[32m SUCCESS[39m (0 secs / 3.459 secs)
LOG: 'Error'
[1A[2KChrome Headless 144.0.0.0 (Windows 10): Executed 48 of 675[32m SUCCESS[39m (0 secs / 3.539 secs)
[1A[2KChrome Headless 144.0.0.0 (Windows 10): Executed 49 of 675[32m SUCCESS[39m (0 secs / 3.571 secs)
[1A[2KChrome Headless 144.0.0.0 (Windows 10): Executed 50 of 675[32m SUCCESS[39m (0 secs / 3.598 secs)
[1A[2KChrome Headless 144.0.0.0 (Windows 10): Executed 51 of 675[32m SUCCESS[39m (0 secs / 3.628 secs)
[1A[2KLOG: [36m'Error'[39m
Chrome Headless 144.0.0.0 (Windows 10): Executed 51 of 675[32m SUCCESS[39m (0 secs / 3.628 secs)
LOG: 'Error'
[1A[2KChrome Headless 144.0.0.0 (Windows 10): Executed 52 of 675[32m SUCCESS[39m (0 secs / 3.661 secs)
[1A[2KChrome Headless 144.0.0.0 (Windows 10): Executed 53 of 675[32m SUCCESS[39m (0 secs / 3.692 secs)
[1A[2KChrome Headless 144.0.0.0 (Windows 10): Executed 54 of 675[32m SUCCESS[39m (0 secs / 3.725 secs)
[1A[2KLOG: [36m'Error'[39m
Chrome Headless 144.0.0.0 (Windows 10): Executed 54 of 675[32m SUCCESS[39m (0 secs / 3.725 secs)
LOG: 'Error'
[1A[2KChrome Headless 144.0.0.0 (Windows 10): Executed 55 of 675[32m SUCCESS[39m (0 secs / 3.752 secs)
[1A[2KChrome Headless 144.0.0.0 (Windows 10): Executed 56 of 675[32m SUCCESS[39m (0 secs / 3.783 secs)
[1A[2KChrome Headless 144.0.0.0 (Windows 10): Executed 57 of 675[32m SUCCESS[39m (0 secs / 3.814 secs)
[1A[2KChrome Headless 144.0.0.0 (Windows 10): Executed 58 of 675[32m SUCCESS[39m (0 secs / 3.84 secs)
[1A[2KChrome Headless 144.0.0.0 (Windows 10): Executed 59 of 675[32m SUCCESS[39m (0 secs / 3.843 secs)
[1A[2KChrome Headless 144.0.0.0 (Windows 10): Executed 60 of 675[32m SUCCESS[39m (0 secs / 3.846 secs)
[1A[2KChrome Headless 144.0.0.0 (Windows 10): Executed 61 of 675[32m SUCCESS[39m (0 secs / 3.849 secs)
[1A[2KLOG: [36mError{message: 'Invalid token specified: undefined'}[39m
Chrome Headless 144.0.0.0 (Windows 10): Executed 61 of 675[32m SUCCESS[39m (0 secs / 3.849 secs)
LOG: Error{message: 'Invalid token specified: undefined'}
[1A[2KChrome Headless 144.0.0.0 (Windows 10): Executed 62 of 675[32m SUCCESS[39m (0 secs / 3.852 secs)
[1A[2KChrome Headless 144.0.0.0 (Windows 10): Executed 63 of 675[32m SUCCESS[39m (0 secs / 3.855 secs)
[1A[2KChrome Headless 144.0.0.0 (Windows 10): Executed 64 of 675[32m SUCCESS[39m (0 secs / 3.859 secs)
[1A[2KChrome Headless 144.0.0.0 (Windows 10): Executed 65 of 675[32m SUCCESS[39m (0 secs / 3.936 secs)
[33m19 01 2026 03:40:17.571:WARN [web-server]: [39m404: /_karma_webpack_/assets/public/images/products/undefined
[1A[2KChrome Headless 144.0.0.0 (Windows 10): Executed 66 of 675[32m SUCCESS[39m (0 secs / 3.962 secs)
[1A[2KChrome Headless 144.0.0.0 (Windows 10): Executed 67 of 675[32m SUCCESS[39m (0 secs / 4 secs)
[33m19 01 2026 03:40:17.670:WARN [web-server]: [39m404: /_karma_webpack_/assets/public/images/products/undefined
[1A[2KChrome Headless 144.0.0.0 (Windows 10): Executed 68 of 675[32m SUCCESS[39m (0 secs / 4.021 secs)
[33m19 01 2026 03:40:17.721:WARN [web-server]: [39m404: /_karma_webpack_/assets/public/images/products/undefined
[1A[2KChrome Headless 144.0.0.0 (Windows 10): Executed 69 of 675[32m SUCCESS[39m (0 secs / 4.058 secs)
[33m19 01 2026 03:40:17.786:WARN [web-server]: [39m404: /_karma_webpack_/assets/public/images/products/undefined
[1A[2K[31mChrome Headless 144.0.0.0 (Windows 10) ProductDetailsComponent should refresh reviews of product after editing a review FAILED[39m
	TypeError: Cannot read properties of null (reading 'triggerEventHandler')
	    at UserContext.apply (src/app/product-details/product-details.component.spec.ts:173:14)
	    at _ZoneDelegate.invoke (node_modules/zone.js/fesm2015/zone.js:398:28)
	    at ProxyZoneSpec.onInvoke (node_modules/zone.js/fesm2015/zone-testing.js:2132:39)
	    at _ZoneDelegate.invoke (node_modules/zone.js/fesm2015/zone.js:397:34)
	    at ZoneImpl.run (node_modules/zone.js/fesm2015/zone.js:113:43)
	    at runInTestZone (node_modules/zone.js/fesm2015/zone-testing.js:216:38)
	    at UserContext.<anonymous> (node_modules/zone.js/fesm2015/zone-testing.js:234:32)
	    at <Jasmine>
Chrome Headless 144.0.0.0 (Windows 10): Executed 70 of 675[31m (1 FAILED)[39m (0 secs / 4.091 secs)
Chrome Headless 144.0.0.0 (Windows 10) ProductDetailsComponent should refresh reviews of product after editing a review FAILED
	TypeError: Cannot read properties of null (reading 'triggerEventHandler')
	    at UserContext.apply (src/app/product-details/product-details.component.spec.ts:173:14)
	    at _ZoneDelegate.invoke (node_modules/zone.js/fesm2015/zone.js:398:28)
	    at ProxyZoneSpec.onInvoke (node_modules/zone.js/fesm2015/zone-testing.js:2132:39)
	    at _ZoneDelegate.invoke (node_modules/zone.js/fesm2015/zone.js:397:34)
	    at ZoneImpl.run (node_modules/zone.js/fesm2015/zone.js:113:43)
	    at runInTestZone (node_modules/zone.js/fesm2015/zone-testing.js:216:38)
	    at UserContext.<anonymous> (node_modules/zone.js/fesm2015/zone-testing.js:234:32)
	    at <Jasmine>
[33m19 01 2026 03:40:17.841:WARN [web-server]: [39m404: /_karma_webpack_/assets/public/images/products/undefined
[1A[2K[31mChrome Headless 144.0.0.0 (Windows 10) ProductDetailsComponent should open a modal dialog with review editor FAILED[39m
	TypeError: Cannot read properties of null (reading 'triggerEventHandler')
	    at UserContext.apply (src/app/product-details/product-details.component.spec.ts:160:14)
	    at _ZoneDelegate.invoke (node_modules/zone.js/fesm2015/zone.js:398:28)
	    at ProxyZoneSpec.onInvoke (node_modules/zone.js/fesm2015/zone-testing.js:2132:39)
	    at _ZoneDelegate.invoke (node_modules/zone.js/fesm2015/zone.js:397:34)
	    at ZoneImpl.run (node_modules/zone.js/fesm2015/zone.js:113:43)
	    at runInTestZone (node_modules/zone.js/fesm2015/zone-testing.js:216:38)
	    at UserContext.<anonymous> (node_modules/zone.js/fesm2015/zone-testing.js:234:32)
	    at <Jasmine>
Chrome Headless 144.0.0.0 (Windows 10): Executed 71 of 675[31m (2 FAILED)[39m (0 secs / 4.118 secs)
Chrome Headless 144.0.0.0 (Windows 10) ProductDetailsComponent should open a modal dialog with review editor FAILED
	TypeError: Cannot read properties of null (reading 'triggerEventHandler')
	    at UserContext.apply (src/app/product-details/product-details.component.spec.ts:160:14)
	    at _ZoneDelegate.invoke (node_modules/zone.js/fesm2015/zone.js:398:28)
	    at ProxyZoneSpec.onInvoke (node_modules/zone.js/fesm2015/zone-testing.js:2132:39)
	    at _ZoneDelegate.invoke (node_modules/zone.js/fesm2015/zone.js:397:34)
	    at ZoneImpl.run (node_modules/zone.js/fesm2015/zone.js:113:43)
	    at runInTestZone (node_modules/zone.js/fesm2015/zone-testing.js:216:38)
	    at UserContext.<anonymous> (node_modules/zone.js/fesm2015/zone-testing.js:234:32)
	    at <Jasmine>
[33m19 01 2026 03:40:17.882:WARN [web-server]: [39m404: /_karma_webpack_/assets/public/images/products/undefined
[1A[2KChrome Headless 144.0.0.0 (Windows 10): Executed 72 of 675[31m (2 FAILED)[39m (0 secs / 4.141 secs)
[33m19 01 2026 03:40:17.922:WARN [web-server]: [39m404: /_karma_webpack_/assets/public/images/products/undefined
[1A[2KChrome Headless 144.0.0.0 (Windows 10): Executed 73 of 675[31m (2 FAILED)[39m (0 secs / 4.146 secs)
[1A[2KChrome Headless 144.0.0.0 (Windows 10): Executed 74 of 675[31m (2 FAILED)[39m (0 secs / 4.148 secs)
[1A[2KChrome Headless 144.0.0.0 (Windows 10): Executed 75 of 675[31m (2 FAILED)[39m (0 secs / 4.15 secs)
[1A[2KChrome Headless 144.0.0.0 (Windows 10): Executed 76 of 675[31m (2 FAILED)[39m (0 secs / 4.178 secs)
[1A[2KChrome Headless 144.0.0.0 (Windows 10): Executed 77 of 675[31m (2 FAILED)[39m (0 secs / 4.189 secs)
[1A[2KChrome Headless 144.0.0.0 (Windows 10): Executed 78 of 675[31m (2 FAILED)[39m (0 secs / 4.205 secs)
[1A[2KChrome Headless 144.0.0.0 (Windows 10): Executed 79 of 675[31m (2 FAILED)[39m (0 secs / 4.214 secs)
[1A[2KChrome Headless 144.0.0.0 (Windows 10): Executed 80 of 675[31m (2 FAILED)[39m (0 secs / 4.221 secs)
[1A[2KChrome Headless 144.0.0.0 (Windows 10): Executed 81 of 675[31m (2 FAILED)[39m (0 secs / 4.235 secs)
[1A[2KChrome Headless 144.0.0.0 (Windows 10): Executed 82 of 675[31m (2 FAILED)[39m (0 secs / 4.245 secs)
[1A[2KChrome Headless 144.0.0.0 (Windows 10): Executed 83 of 675[31m (2 FAILED)[39m (0 secs / 4.252 secs)
[1A[2KChrome Headless 144.0.0.0 (Windows 10): Executed 84 of 675[31m (2 FAILED)[39m (0 secs / 4.261 secs)
[1A[2KChrome Headless 144.0.0.0 (Windows 10): Executed 85 of 675[31m (2 FAILED)[39m (0 secs / 4.266 secs)
[1A[2KChrome Headless 144.0.0.0 (Windows 10): Executed 86 of 675[31m (2 FAILED)[39m (0 secs / 4.301 secs)
[1A[2KChrome Headless 144.0.0.0 (Windows 10): Executed 87 of 675[31m (2 FAILED)[39m (0 secs / 4.309 secs)
[1A[2KChrome Headless 144.0.0.0 (Windows 10): Executed 88 of 675[31m (2 FAILED)[39m (0 secs / 4.326 secs)
[1A[2KChrome Headless 144.0.0.0 (Windows 10): Executed 89 of 675[31m (2 FAILED)[39m (0 secs / 4.335 secs)
[1A[2KChrome Headless 144.0.0.0 (Windows 10): Executed 90 of 675[31m (2 FAILED)[39m (0 secs / 4.345 secs)
[1A[2KChrome Headless 144.0.0.0 (Windows 10): Executed 91 of 675[31m (2 FAILED)[39m (0 secs / 4.355 secs)
[1A[2KChrome Headless 144.0.0.0 (Windows 10): Executed 92 of 675[31m (2 FAILED)[39m (0 secs / 4.363 secs)
[1A[2KChrome Headless 144.0.0.0 (Windows 10): Executed 93 of 675[31m (2 FAILED)[39m (0 secs / 4.369 secs)
[1A[2KChrome Headless 144.0.0.0 (Windows 10): Executed 94 of 675[31m (2 FAILED)[39m (0 secs / 4.375 secs)
[1A[2KChrome Headless 144.0.0.0 (Windows 10): Executed 95 of 675[31m (2 FAILED)[39m (0 secs / 4.38 secs)
[1A[2KChrome Headless 144.0.0.0 (Windows 10): Executed 96 of 675[31m (2 FAILED)[39m (0 secs / 4.388 secs)
[1A[2KChrome Headless 144.0.0.0 (Windows 10): Executed 97 of 675[31m (2 FAILED)[39m (0 secs / 4.395 secs)
[1A[2KChrome Headless 144.0.0.0 (Windows 10): Executed 98 of 675[31m (2 FAILED)[39m (0 secs / 4.396 secs)
[1A[2KChrome Headless 144.0.0.0 (Windows 10): Executed 99 of 675[31m (2 FAILED)[39m (0 secs / 4.396 secs)
[1A[2KChrome Headless 144.0.0.0 (Windows 10): Executed 100 of 675[31m (2 FAILED)[39m (0 secs / 4.397 secs)
[1A[2KChrome Headless 144.0.0.0 (Windows 10): Executed 101 of 675[31m (2 FAILED)[39m (0 secs / 4.44 secs)
[1A[2KChrome Headless 144.0.0.0 (Windows 10): Executed 102 of 675[31m (2 FAILED)[39m (0 secs / 4.458 secs)
[1A[2KChrome Headless 144.0.0.0 (Windows 10): Executed 103 of 675[31m (2 FAILED)[39m (0 secs / 4.481 secs)
[1A[2KChrome Headless 144.0.0.0 (Windows 10): Executed 104 of 675[31m (2 FAILED)[39m (0 secs / 4.498 secs)
[1A[2KChrome Headless 144.0.0.0 (Windows 10): Executed 105 of 675[31m (2 FAILED)[39m (0 secs / 4.501 secs)
[1A[2KChrome Headless 144.0.0.0 (Windows 10): Executed 106 of 675[31m (2 FAILED)[39m (0 secs / 4.503 secs)
[1A[2KChrome Headless 144.0.0.0 (Windows 10): Executed 107 of 675[31m (2 FAILED)[39m (0 secs / 4.505 secs)
[1A[2KChrome Headless 144.0.0.0 (Windows 10): Executed 108 of 675[31m (2 FAILED)[39m (0 secs / 4.508 secs)
[1A[2KChrome Headless 144.0.0.0 (Windows 10): Executed 109 of 675[31m (2 FAILED)[39m (0 secs / 4.511 secs)
[1A[2KChrome Headless 144.0.0.0 (Windows 10): Executed 110 of 675[31m (2 FAILED)[39m (0 secs / 4.513 secs)
[1A[2KChrome Headless 144.0.0.0 (Windows 10): Executed 111 of 675[31m (2 FAILED)[39m (0 secs / 4.516 secs)
[1A[2KChrome Headless 144.0.0.0 (Windows 10): Executed 112 of 675[31m (2 FAILED)[39m (0 secs / 4.558 secs)
[1A[2KChrome Headless 144.0.0.0 (Windows 10): Executed 113 of 675[31m (2 FAILED)[39m (0 secs / 4.569 secs)
[1A[2KChrome Headless 144.0.0.0 (Windows 10): Executed 114 of 675[31m (2 FAILED)[39m (0 secs / 4.584 secs)
[1A[2KChrome Headless 144.0.0.0 (Windows 10): Executed 115 of 675[31m (2 FAILED)[39m (0 secs / 4.595 secs)
[1A[2KChrome Headless 144.0.0.0 (Windows 10): Executed 116 of 675[31m (2 FAILED)[39m (0 secs / 4.614 secs)
[1A[2KChrome Headless 144.0.0.0 (Windows 10): Executed 117 of 675[31m (2 FAILED)[39m (0 secs / 4.627 secs)
[1A[2KChrome Headless 144.0.0.0 (Windows 10): Executed 118 of 675[31m (2 FAILED)[39m (0 secs / 4.641 secs)
[1A[2KChrome Headless 144.0.0.0 (Windows 10): Executed 119 of 675[31m (2 FAILED)[39m (0 secs / 4.656 secs)
[1A[2KChrome Headless 144.0.0.0 (Windows 10): Executed 120 of 675[31m (2 FAILED)[39m (0 secs / 4.669 secs)
[1A[2KChrome Headless 144.0.0.0 (Windows 10): Executed 121 of 675[31m (2 FAILED)[39m (0 secs / 4.681 secs)
[1A[2KChrome Headless 144.0.0.0 (Windows 10): Executed 122 of 675[31m (2 FAILED)[39m (0 secs / 4.693 secs)
[1A[2KChrome Headless 144.0.0.0 (Windows 10): Executed 123 of 675[31m (2 FAILED)[39m (0 secs / 4.705 secs)
[1A[2KChrome Headless 144.0.0.0 (Windows 10): Executed 124 of 675[31m (2 FAILED)[39m (0 secs / 4.718 secs)
[1A[2KChrome Headless 144.0.0.0 (Windows 10): Executed 125 of 675[31m (2 FAILED)[39m (0 secs / 4.73 secs)
[1A[2KChrome Headless 144.0.0.0 (Windows 10): Executed 126 of 675[31m (2 FAILED)[39m (0 secs / 4.741 secs)
[1A[2KChrome Headless 144.0.0.0 (Windows 10): Executed 127 of 675[31m (2 FAILED)[39m (0 secs / 4.753 secs)
[1A[2KChrome Headless 144.0.0.0 (Windows 10): Executed 128 of 675[31m (2 FAILED)[39m (0 secs / 4.77 secs)
[33m19 01 2026 03:40:18.843:WARN [web-server]: [39m404: /_karma_webpack_/assets/public/images/products/undefined
[1A[2KChrome Headless 144.0.0.0 (Windows 10): Executed 129 of 675[31m (2 FAILED)[39m (0 secs / 4.783 secs)
[1A[2KChrome Headless 144.0.0.0 (Windows 10): Executed 130 of 675[31m (2 FAILED)[39m (0 secs / 4.797 secs)
[1A[2KChrome Headless 144.0.0.0 (Windows 10): Executed 131 of 675[31m (2 FAILED)[39m (0 secs / 4.812 secs)
[1A[2KChrome Headless 144.0.0.0 (Windows 10): Executed 132 of 675[31m (2 FAILED)[39m (0 secs / 4.826 secs)
[1A[2KChrome Headless 144.0.0.0 (Windows 10): Executed 133 of 675[31m (2 FAILED)[39m (0 secs / 4.839 secs)
[1A[2KChrome Headless 144.0.0.0 (Windows 10): Executed 134 of 675[31m (2 FAILED)[39m (0 secs / 4.853 secs)
[1A[2KChrome Headless 144.0.0.0 (Windows 10): Executed 135 of 675[31m (2 FAILED)[39m (0 secs / 4.867 secs)
[1A[2KChrome Headless 144.0.0.0 (Windows 10): Executed 136 of 675[31m (2 FAILED)[39m (0 secs / 4.88 secs)
[1A[2KChrome Headless 144.0.0.0 (Windows 10): Executed 137 of 675[31m (2 FAILED)[39m (0 secs / 4.925 secs)
[1A[2KChrome Headless 144.0.0.0 (Windows 10): Executed 138 of 675[31m (2 FAILED)[39m (0 secs / 4.943 secs)
[1A[2KChrome Headless 144.0.0.0 (Windows 10): Executed 139 of 675[31m (2 FAILED)[39m (0 secs / 4.962 secs)
[1A[2KChrome Headless 144.0.0.0 (Windows 10): Executed 140 of 675[31m (2 FAILED)[39m (0 secs / 4.976 secs)
[1A[2KChrome Headless 144.0.0.0 (Windows 10): Executed 141 of 675[31m (2 FAILED)[39m (0 secs / 4.99 secs)
[1A[2KChrome Headless 144.0.0.0 (Windows 10): Executed 142 of 675[31m (2 FAILED)[39m (0 secs / 5.103 secs)
[1A[2KChrome Headless 144.0.0.0 (Windows 10): Executed 143 of 675[31m (2 FAILED)[39m (0 secs / 5.126 secs)
[1A[2KChrome Headless 144.0.0.0 (Windows 10): Executed 144 of 675[31m (2 FAILED)[39m (0 secs / 5.152 secs)
[1A[2KChrome Headless 144.0.0.0 (Windows 10): Executed 145 of 675[31m (2 FAILED)[39m (0 secs / 5.191 secs)
[1A[2KChrome Headless 144.0.0.0 (Windows 10): Executed 146 of 675[31m (2 FAILED)[39m (0 secs / 5.229 secs)
[1A[2KChrome Headless 144.0.0.0 (Windows 10): Executed 147 of 675[31m (2 FAILED)[39m (0 secs / 5.28 secs)
[1A[2KChrome Headless 144.0.0.0 (Windows 10): Executed 148 of 675[31m (2 FAILED)[39m (0 secs / 5.32 secs)
[1A[2KChrome Headless 144.0.0.0 (Windows 10): Executed 149 of 675[31m (2 FAILED)[39m (0 secs / 5.39 secs)
[1A[2KChrome Headless 144.0.0.0 (Windows 10): Executed 150 of 675[31m (2 FAILED)[39m (0 secs / 5.423 secs)
[1A[2KChrome Headless 144.0.0.0 (Windows 10): Executed 151 of 675[31m (2 FAILED)[39m (0 secs / 5.473 secs)
[1A[2KChrome Headless 144.0.0.0 (Windows 10): Executed 152 of 675[31m (2 FAILED)[39m (0 secs / 5.507 secs)
[1A[2KChrome Headless 144.0.0.0 (Windows 10): Executed 153 of 675[31m (2 FAILED)[39m (0 secs / 5.534 secs)
[1A[2KChrome Headless 144.0.0.0 (Windows 10): Executed 154 of 675[31m (2 FAILED)[39m (0 secs / 5.561 secs)
[1A[2KChrome Headless 144.0.0.0 (Windows 10): Executed 155 of 675[31m (2 FAILED)[39m (0 secs / 5.565 secs)
[1A[2KChrome Headless 144.0.0.0 (Windows 10): Executed 156 of 675[31m (2 FAILED)[39m (0 secs / 5.567 secs)
[1A[2KChrome Headless 144.0.0.0 (Windows 10): Executed 157 of 675[31m (2 FAILED)[39m (0 secs / 5.568 secs)
[1A[2KChrome Headless 144.0.0.0 (Windows 10): Executed 158 of 675[31m (2 FAILED)[39m (0 secs / 5.57 secs)
[1A[2KChrome Headless 144.0.0.0 (Windows 10): Executed 159 of 675[31m (2 FAILED)[39m (0 secs / 5.572 secs)
[1A[2KChrome Headless 144.0.0.0 (Windows 10): Executed 160 of 675[31m (2 FAILED)[39m (0 secs / 5.576 secs)
[1A[2KChrome Headless 144.0.0.0 (Windows 10): Executed 161 of 675[31m (2 FAILED)[39m (0 secs / 5.577 secs)
[1A[2KChrome Headless 144.0.0.0 (Windows 10): Executed 162 of 675[31m (2 FAILED)[39m (0 secs / 5.577 secs)
[1A[2KChrome Headless 144.0.0.0 (Windows 10): Executed 163 of 675[31m (2 FAILED)[39m (0 secs / 5.577 secs)
[1A[2KChrome Headless 144.0.0.0 (Windows 10): Executed 164 of 675[31m (2 FAILED)[39m (0 secs / 5.605 secs)
[1A[2KChrome Headless 144.0.0.0 (Windows 10): Executed 165 of 675[31m (2 FAILED)[39m (0 secs / 5.614 secs)
[1A[2KChrome Headless 144.0.0.0 (Windows 10): Executed 166 of 675[31m (2 FAILED)[39m (0 secs / 5.625 secs)
[1A[2KChrome Headless 144.0.0.0 (Windows 10): Executed 167 of 675[31m (2 FAILED)[39m (0 secs / 5.634 secs)
[1A[2KChrome Headless 144.0.0.0 (Windows 10): Executed 168 of 675[31m (2 FAILED)[39m (0 secs / 5.643 secs)
[1A[2KChrome Headless 144.0.0.0 (Windows 10): Executed 169 of 675[31m (2 FAILED)[39m (0 secs / 5.65 secs)
[1A[2KChrome Headless 144.0.0.0 (Windows 10): Executed 170 of 675[31m (2 FAILED)[39m (0 secs / 5.66 secs)
[1A[2KChrome Headless 144.0.0.0 (Windows 10): Executed 171 of 675[31m (2 FAILED)[39m (0 secs / 5.67 secs)
[1A[2KChrome Headless 144.0.0.0 (Windows 10): Executed 172 of 675[31m (2 FAILED)[39m (0 secs / 5.678 secs)
[1A[2KChrome Headless 144.0.0.0 (Windows 10): Executed 173 of 675[31m (2 FAILED)[39m (0 secs / 5.681 secs)
[1A[2KChrome Headless 144.0.0.0 (Windows 10): Executed 174 of 675[31m (2 FAILED)[39m (0 secs / 5.683 secs)
[1A[2KChrome Headless 144.0.0.0 (Windows 10): Executed 175 of 675[31m (2 FAILED)[39m (0 secs / 5.684 secs)
[1A[2KChrome Headless 144.0.0.0 (Windows 10): Executed 176 of 675[31m (2 FAILED)[39m (0 secs / 5.687 secs)
[1A[2KChrome Headless 144.0.0.0 (Windows 10): Executed 177 of 675[31m (2 FAILED)[39m (0 secs / 5.69 secs)
[1A[2KChrome Headless 144.0.0.0 (Windows 10): Executed 178 of 675[31m (2 FAILED)[39m (0 secs / 5.693 secs)
[1A[2KChrome Headless 144.0.0.0 (Windows 10): Executed 179 of 675[31m (2 FAILED)[39m (0 secs / 5.698 secs)
[1A[2KChrome Headless 144.0.0.0 (Windows 10): Executed 180 of 675[31m (2 FAILED)[39m (0 secs / 5.699 secs)
[1A[2KChrome Headless 144.0.0.0 (Windows 10): Executed 181 of 675[31m (2 FAILED)[39m (0 secs / 5.7 secs)
[1A[2KChrome Headless 144.0.0.0 (Windows 10): Executed 182 of 675[31m (2 FAILED)[39m (0 secs / 5.701 secs)
[1A[2KChrome Headless 144.0.0.0 (Windows 10): Executed 183 of 675[31m (2 FAILED)[39m (0 secs / 5.702 secs)
[1A[2KChrome Headless 144.0.0.0 (Windows 10): Executed 184 of 675[31m (2 FAILED)[39m (0 secs / 5.703 secs)
[1A[2KChrome Headless 144.0.0.0 (Windows 10): Executed 185 of 675[31m (2 FAILED)[39m (0 secs / 5.704 secs)
[1A[2KChrome Headless 144.0.0.0 (Windows 10): Executed 186 of 675[31m (2 FAILED)[39m (0 secs / 5.705 secs)
[1A[2KChrome Headless 144.0.0.0 (Windows 10): Executed 187 of 675[31m (2 FAILED)[39m (0 secs / 5.705 secs)
[1A[2KChrome Headless 144.0.0.0 (Windows 10): Executed 188 of 675[31m (2 FAILED)[39m (0 secs / 5.705 secs)
[1A[2KChrome Headless 144.0.0.0 (Windows 10): Executed 189 of 675[31m (2 FAILED)[39m (0 secs / 5.706 secs)
[1A[2KChrome Headless 144.0.0.0 (Windows 10): Executed 190 of 675[31m (2 FAILED)[39m (0 secs / 5.708 secs)
[1A[2KChrome Headless 144.0.0.0 (Windows 10): Executed 191 of 675[31m (2 FAILED)[39m (0 secs / 5.708 secs)
[1A[2KERROR: [36m'[HLJS] ', 'Highlight.js library was not imported!'[39m
Chrome Headless 144.0.0.0 (Windows 10): Executed 191 of 675[31m (2 FAILED)[39m (0 secs / 5.708 secs)
ERROR: '[HLJS] ', 'Highlight.js library was not imported!'
[1A[2KChrome Headless 144.0.0.0 (Windows 10): Executed 192 of 675[31m (2 FAILED)[39m (0 secs / 5.719 secs)
[1A[2KERROR: [36m'[HLJS] ', 'Highlight.js library was not imported!'[39m
Chrome Headless 144.0.0.0 (Windows 10): Executed 192 of 675[31m (2 FAILED)[39m (0 secs / 5.719 secs)
ERROR: '[HLJS] ', 'Highlight.js library was not imported!'
[1A[2KChrome Headless 144.0.0.0 (Windows 10): Executed 193 of 675[31m (2 FAILED)[39m (0 secs / 5.722 secs)
[1A[2KERROR: [36m'[HLJS] ', 'Highlight.js library was not imported!'[39m
Chrome Headless 144.0.0.0 (Windows 10): Executed 193 of 675[31m (2 FAILED)[39m (0 secs / 5.722 secs)
ERROR: '[HLJS] ', 'Highlight.js library was not imported!'
[1A[2KChrome Headless 144.0.0.0 (Windows 10): Executed 194 of 675[31m (2 FAILED)[39m (0 secs / 5.728 secs)
[1A[2KERROR: [36m'[HLJS] ', 'Highlight.js library was not imported!'[39m
Chrome Headless 144.0.0.0 (Windows 10): Executed 194 of 675[31m (2 FAILED)[39m (0 secs / 5.728 secs)
ERROR: '[HLJS] ', 'Highlight.js library was not imported!'
[1A[2KChrome Headless 144.0.0.0 (Windows 10): Executed 195 of 675[31m (2 FAILED)[39m (0 secs / 5.731 secs)
[1A[2KERROR: [36m'[HLJS] ', 'Highlight.js library was not imported!'[39m
Chrome Headless 144.0.0.0 (Windows 10): Executed 195 of 675[31m (2 FAILED)[39m (0 secs / 5.731 secs)
ERROR: '[HLJS] ', 'Highlight.js library was not imported!'
[1A[2KChrome Headless 144.0.0.0 (Windows 10): Executed 196 of 675[31m (2 FAILED)[39m (0 secs / 5.734 secs)
[1A[2KChrome Headless 144.0.0.0 (Windows 10): Executed 197 of 675[31m (2 FAILED)[39m (0 secs / 5.736 secs)
[1A[2KChrome Headless 144.0.0.0 (Windows 10): Executed 198 of 675[31m (2 FAILED)[39m (0 secs / 5.737 secs)
[1A[2KChrome Headless 144.0.0.0 (Windows 10): Executed 199 of 675[31m (2 FAILED)[39m (0 secs / 5.739 secs)
[1A[2KChrome Headless 144.0.0.0 (Windows 10): Executed 200 of 675[31m (2 FAILED)[39m (0 secs / 5.777 secs)
[1A[2KChrome Headless 144.0.0.0 (Windows 10): Executed 201 of 675[31m (2 FAILED)[39m (0 secs / 5.793 secs)
[1A[2KChrome Headless 144.0.0.0 (Windows 10): Executed 202 of 675[31m (2 FAILED)[39m (0 secs / 5.814 secs)
[1A[2KChrome Headless 144.0.0.0 (Windows 10): Executed 203 of 675[31m (2 FAILED)[39m (0 secs / 5.832 secs)
[1A[2KChrome Headless 144.0.0.0 (Windows 10): Executed 204 of 675[31m (2 FAILED)[39m (0 secs / 5.856 secs)
[1A[2KChrome Headless 144.0.0.0 (Windows 10): Executed 205 of 675[31m (2 FAILED)[39m (0 secs / 5.878 secs)
[1A[2KChrome Headless 144.0.0.0 (Windows 10): Executed 206 of 675[31m (2 FAILED)[39m (0 secs / 5.901 secs)
[1A[2KChrome Headless 144.0.0.0 (Windows 10): Executed 207 of 675[31m (2 FAILED)[39m (0 secs / 5.921 secs)
[1A[2KChrome Headless 144.0.0.0 (Windows 10): Executed 208 of 675[31m (2 FAILED)[39m (0 secs / 5.939 secs)
[1A[2KChrome Headless 144.0.0.0 (Windows 10): Executed 209 of 675[31m (2 FAILED)[39m (0 secs / 5.955 secs)
[1A[2KChrome Headless 144.0.0.0 (Windows 10): Executed 210 of 675[31m (2 FAILED)[39m (0 secs / 5.968 secs)
[1A[2KWARN: [36m'Error during diffing'[39m
Chrome Headless 144.0.0.0 (Windows 10): Executed 210 of 675[31m (2 FAILED)[39m (0 secs / 5.968 secs)
WARN: 'Error during diffing'
[1A[2KChrome Headless 144.0.0.0 (Windows 10): Executed 211 of 675[31m (2 FAILED)[39m (0 secs / 5.98 secs)
[1A[2KWARN: [36m'Error during diffing'[39m
Chrome Headless 144.0.0.0 (Windows 10): Executed 211 of 675[31m (2 FAILED)[39m (0 secs / 5.98 secs)
WARN: 'Error during diffing'
[1A[2KChrome Headless 144.0.0.0 (Windows 10): Executed 212 of 675[31m (2 FAILED)[39m (0 secs / 5.985 secs)
[1A[2KWARN: [36m'Error during diffing'[39m
Chrome Headless 144.0.0.0 (Windows 10): Executed 212 of 675[31m (2 FAILED)[39m (0 secs / 5.985 secs)
WARN: 'Error during diffing'
[1A[2KChrome Headless 144.0.0.0 (Windows 10): Executed 213 of 675[31m (2 FAILED)[39m (0 secs / 5.988 secs)
[1A[2KChrome Headless 144.0.0.0 (Windows 10): Executed 214 of 675[31m (2 FAILED)[39m (0 secs / 5.99 secs)
[1A[2KChrome Headless 144.0.0.0 (Windows 10): Executed 215 of 675[31m (2 FAILED)[39m (0 secs / 5.992 secs)
[1A[2KChrome Headless 144.0.0.0 (Windows 10): Executed 216 of 675[31m (2 FAILED)[39m (0 secs / 5.994 secs)
[1A[2KChrome Headless 144.0.0.0 (Windows 10): Executed 217 of 675[31m (2 FAILED)[39m (0 secs / 5.996 secs)
[1A[2KChrome Headless 144.0.0.0 (Windows 10): Executed 218 of 675[31m (2 FAILED)[39m (0 secs / 6.019 secs)
[33m19 01 2026 03:40:20.884:WARN [web-server]: [39m404: /_karma_webpack_/assets/public/images/ChatbotAvatar.png
[1A[2KChrome Headless 144.0.0.0 (Windows 10): Executed 219 of 675[31m (2 FAILED)[39m (0 secs / 6.033 secs)
[33m19 01 2026 03:40:20.914:WARN [web-server]: [39m404: /_karma_webpack_/assets/public/images/ChatbotAvatar.png
[1A[2KChrome Headless 144.0.0.0 (Windows 10): Executed 220 of 675[31m (2 FAILED)[39m (0 secs / 6.048 secs)
[33m19 01 2026 03:40:20.941:WARN [web-server]: [39m404: /_karma_webpack_/assets/public/images/ChatbotAvatar.png
[1A[2KChrome Headless 144.0.0.0 (Windows 10): Executed 221 of 675[31m (2 FAILED)[39m (0 secs / 6.06 secs)
[33m19 01 2026 03:40:20.969:WARN [web-server]: [39m404: /_karma_webpack_/assets/public/images/ChatbotAvatar.png
[1A[2KChrome Headless 144.0.0.0 (Windows 10): Executed 222 of 675[31m (2 FAILED)[39m (0 secs / 6.095 secs)
[1A[2KChrome Headless 144.0.0.0 (Windows 10): Executed 223 of 675[31m (2 FAILED)[39m (0 secs / 6.129 secs)
[1A[2KChrome Headless 144.0.0.0 (Windows 10): Executed 224 of 675[31m (2 FAILED)[39m (0 secs / 6.154 secs)
[1A[2KChrome Headless 144.0.0.0 (Windows 10): Executed 225 of 675[31m (2 FAILED)[39m (0 secs / 6.175 secs)
[1A[2KChrome Headless 144.0.0.0 (Windows 10): Executed 226 of 675[31m (2 FAILED)[39m (0 secs / 6.207 secs)
[1A[2KChrome Headless 144.0.0.0 (Windows 10): Executed 227 of 675[31m (2 FAILED)[39m (0 secs / 6.228 secs)
[1A[2KChrome Headless 144.0.0.0 (Windows 10): Executed 228 of 675[31m (2 FAILED)[39m (0 secs / 6.276 secs)
[1A[2KChrome Headless 144.0.0.0 (Windows 10): Executed 229 of 675[31m (2 FAILED)[39m (0 secs / 6.299 secs)
[1A[2KChrome Headless 144.0.0.0 (Windows 10): Executed 230 of 675[31m (2 FAILED)[39m (0 secs / 6.32 secs)
[1A[2KChrome Headless 144.0.0.0 (Windows 10): Executed 231 of 675[31m (2 FAILED)[39m (0 secs / 6.354 secs)
[1A[2KChrome Headless 144.0.0.0 (Windows 10): Executed 232 of 675[31m (2 FAILED)[39m (0 secs / 6.402 secs)
[1A[2KChrome Headless 144.0.0.0 (Windows 10): Executed 233 of 675[31m (2 FAILED)[39m (0 secs / 6.428 secs)
[1A[2KChrome Headless 144.0.0.0 (Windows 10): Executed 234 of 675[31m (2 FAILED)[39m (0 secs / 6.453 secs)
[1A[2KChrome Headless 144.0.0.0 (Windows 10): Executed 235 of 675[31m (2 FAILED)[39m (0 secs / 6.479 secs)
[1A[2KChrome Headless 144.0.0.0 (Windows 10): Executed 236 of 675[31m (2 FAILED)[39m (0 secs / 6.483 secs)
[1A[2KChrome Headless 144.0.0.0 (Windows 10): Executed 237 of 675[31m (2 FAILED)[39m (0 secs / 6.486 secs)
[1A[2KChrome Headless 144.0.0.0 (Windows 10): Executed 238 of 675[31m (2 FAILED)[39m (0 secs / 6.504 secs)
[1A[2KChrome Headless 144.0.0.0 (Windows 10): Executed 239 of 675[31m (2 FAILED)[39m (0 secs / 6.507 secs)
[1A[2KChrome Headless 144.0.0.0 (Windows 10): Executed 240 of 675[31m (2 FAILED)[39m (0 secs / 6.51 secs)
[1A[2KChrome Headless 144.0.0.0 (Windows 10): Executed 241 of 675[31m (2 FAILED)[39m (0 secs / 6.513 secs)
[1A[2KChrome Headless 144.0.0.0 (Windows 10): Executed 242 of 675[31m (2 FAILED)[39m (0 secs / 6.514 secs)
[1A[2KChrome Headless 144.0.0.0 (Windows 10): Executed 243 of 675[31m (2 FAILED)[39m (0 secs / 6.516 secs)
[1A[2KChrome Headless 144.0.0.0 (Windows 10): Executed 244 of 675[31m (2 FAILED)[39m (0 secs / 6.518 secs)
[1A[2KChrome Headless 144.0.0.0 (Windows 10): Executed 245 of 675[31m (2 FAILED)[39m (0 secs / 6.52 secs)
[1A[2KChrome Headless 144.0.0.0 (Windows 10): Executed 246 of 675[31m (2 FAILED)[39m (0 secs / 6.597 secs)
[1A[2KChrome Headless 144.0.0.0 (Windows 10): Executed 247 of 675[31m (2 FAILED)[39m (0 secs / 6.645 secs)
[1A[2KChrome Headless 144.0.0.0 (Windows 10): Executed 248 of 675[31m (2 FAILED)[39m (0 secs / 6.689 secs)
[1A[2KChrome Headless 144.0.0.0 (Windows 10): Executed 249 of 675[31m (2 FAILED)[39m (0 secs / 6.722 secs)
[1A[2KChrome Headless 144.0.0.0 (Windows 10): Executed 250 of 675[31m (2 FAILED)[39m (0 secs / 6.757 secs)
[1A[2KChrome Headless 144.0.0.0 (Windows 10): Executed 251 of 675[31m (2 FAILED)[39m (0 secs / 6.797 secs)
[1A[2KChrome Headless 144.0.0.0 (Windows 10): Executed 252 of 675[31m (2 FAILED)[39m (0 secs / 6.828 secs)
[1A[2KChrome Headless 144.0.0.0 (Windows 10): Executed 253 of 675[31m (2 FAILED)[39m (0 secs / 6.856 secs)
[1A[2KChrome Headless 144.0.0.0 (Windows 10): Executed 254 of 675[31m (2 FAILED)[39m (0 secs / 6.887 secs)
[1A[2KChrome Headless 144.0.0.0 (Windows 10): Executed 255 of 675[31m (2 FAILED)[39m (0 secs / 6.916 secs)
[1A[2KChrome Headless 144.0.0.0 (Windows 10): Executed 256 of 675[31m (2 FAILED)[39m (0 secs / 6.942 secs)
[1A[2KChrome Headless 144.0.0.0 (Windows 10): Executed 257 of 675[31m (2 FAILED)[39m (0 secs / 6.97 secs)
[1A[2KChrome Headless 144.0.0.0 (Windows 10): Executed 258 of 675[31m (2 FAILED)[39m (0 secs / 6.993 secs)
[1A[2KChrome Headless 144.0.0.0 (Windows 10): Executed 259 of 675[31m (2 FAILED)[39m (0 secs / 7.016 secs)
[1A[2KChrome Headless 144.0.0.0 (Windows 10): Executed 260 of 675[31m (2 FAILED)[39m (0 secs / 7.042 secs)
[1A[2KChrome Headless 144.0.0.0 (Windows 10): Executed 261 of 675[31m (2 FAILED)[39m (0 secs / 7.067 secs)
[1A[2KChrome Headless 144.0.0.0 (Windows 10): Executed 262 of 675[31m (2 FAILED)[39m (0 secs / 7.091 secs)
[1A[2KChrome Headless 144.0.0.0 (Windows 10): Executed 263 of 675[31m (2 FAILED)[39m (0 secs / 7.114 secs)
[1A[2KChrome Headless 144.0.0.0 (Windows 10): Executed 264 of 675[31m (2 FAILED)[39m (0 secs / 7.136 secs)
[1A[2KChrome Headless 144.0.0.0 (Windows 10): Executed 265 of 675[31m (2 FAILED)[39m (0 secs / 7.178 secs)
[1A[2KChrome Headless 144.0.0.0 (Windows 10): Executed 266 of 675[31m (2 FAILED)[39m (0 secs / 7.205 secs)
[1A[2KChrome Headless 144.0.0.0 (Windows 10): Executed 267 of 675[31m (2 FAILED)[39m (0 secs / 7.23 secs)
[1A[2KChrome Headless 144.0.0.0 (Windows 10): Executed 268 of 675[31m (2 FAILED)[39m (0 secs / 7.256 secs)
[1A[2KChrome Headless 144.0.0.0 (Windows 10): Executed 269 of 675[31m (2 FAILED)[39m (0 secs / 7.28 secs)
[1A[2KChrome Headless 144.0.0.0 (Windows 10): Executed 270 of 675[31m (2 FAILED)[39m (0 secs / 7.312 secs)
[1A[2KChrome Headless 144.0.0.0 (Windows 10): Executed 271 of 675[31m (2 FAILED)[39m (0 secs / 7.315 secs)
[1A[2KChrome Headless 144.0.0.0 (Windows 10): Executed 272 of 675[31m (2 FAILED)[39m (0 secs / 7.317 secs)
[1A[2KChrome Headless 144.0.0.0 (Windows 10): Executed 273 of 675[31m (2 FAILED)[39m (0 secs / 7.318 secs)
[1A[2KChrome Headless 144.0.0.0 (Windows 10): Executed 274 of 675[31m (2 FAILED)[39m (0 secs / 7.425 secs)
[1A[2KChrome Headless 144.0.0.0 (Windows 10): Executed 275 of 675[31m (2 FAILED)[39m (0 secs / 7.477 secs)
[1A[2KChrome Headless 144.0.0.0 (Windows 10): Executed 276 of 675[31m (2 FAILED)[39m (0 secs / 7.51 secs)
[1A[2KChrome Headless 144.0.0.0 (Windows 10): Executed 277 of 675[31m (2 FAILED)[39m (0 secs / 7.542 secs)
[1A[2KChrome Headless 144.0.0.0 (Windows 10): Executed 278 of 675[31m (2 FAILED)[39m (0 secs / 7.571 secs)
[1A[2KChrome Headless 144.0.0.0 (Windows 10): Executed 279 of 675[31m (2 FAILED)[39m (0 secs / 7.607 secs)
[1A[2KChrome Headless 144.0.0.0 (Windows 10): Executed 280 of 675[31m (2 FAILED)[39m (0 secs / 7.628 secs)
[1A[2KChrome Headless 144.0.0.0 (Windows 10): Executed 281 of 675[31m (2 FAILED)[39m (0 secs / 7.663 secs)
[1A[2KChrome Headless 144.0.0.0 (Windows 10): Executed 282 of 675[31m (2 FAILED)[39m (0 secs / 7.681 secs)
[1A[2KChrome Headless 144.0.0.0 (Windows 10): Executed 283 of 675[31m (2 FAILED)[39m (0 secs / 7.683 secs)
[1A[2KChrome Headless 144.0.0.0 (Windows 10): Executed 284 of 675[31m (2 FAILED)[39m (0 secs / 7.685 secs)
[1A[2KChrome Headless 144.0.0.0 (Windows 10): Executed 285 of 675[31m (2 FAILED)[39m (0 secs / 7.687 secs)
[1A[2KChrome Headless 144.0.0.0 (Windows 10): Executed 286 of 675[31m (2 FAILED)[39m (0 secs / 7.688 secs)
[1A[2KChrome Headless 144.0.0.0 (Windows 10): Executed 287 of 675[31m (2 FAILED)[39m (0 secs / 7.69 secs)
[1A[2KChrome Headless 144.0.0.0 (Windows 10): Executed 288 of 675[31m (2 FAILED)[39m (0 secs / 7.691 secs)
[1A[2KChrome Headless 144.0.0.0 (Windows 10): Executed 289 of 675[31m (2 FAILED)[39m (0 secs / 7.692 secs)
[1A[2KChrome Headless 144.0.0.0 (Windows 10): Executed 290 of 675[31m (2 FAILED)[39m (0 secs / 7.694 secs)
[1A[2KChrome Headless 144.0.0.0 (Windows 10): Executed 291 of 675[31m (2 FAILED)[39m (0 secs / 7.696 secs)
[1A[2KChrome Headless 144.0.0.0 (Windows 10): Executed 292 of 675[31m (2 FAILED)[39m (0 secs / 7.698 secs)
[1A[2KChrome Headless 144.0.0.0 (Windows 10): Executed 293 of 675[31m (2 FAILED)[39m (0 secs / 7.7 secs)
[1A[2KChrome Headless 144.0.0.0 (Windows 10): Executed 294 of 675[31m (2 FAILED)[39m (0 secs / 7.701 secs)
[1A[2KChrome Headless 144.0.0.0 (Windows 10): Executed 295 of 675[31m (2 FAILED)[39m (0 secs / 7.703 secs)
[1A[2KChrome Headless 144.0.0.0 (Windows 10): Executed 296 of 675[31m (2 FAILED)[39m (0 secs / 7.704 secs)
[1A[2KChrome Headless 144.0.0.0 (Windows 10): Executed 297 of 675[31m (2 FAILED)[39m (0 secs / 7.715 secs)
[1A[2KChrome Headless 144.0.0.0 (Windows 10): Executed 298 of 675[31m (2 FAILED)[39m (0 secs / 7.739 secs)
[1A[2KChrome Headless 144.0.0.0 (Windows 10): Executed 299 of 675[31m (2 FAILED)[39m (0 secs / 7.761 secs)
[1A[2KChrome Headless 144.0.0.0 (Windows 10): Executed 300 of 675[31m (2 FAILED)[39m (0 secs / 7.779 secs)
[1A[2KChrome Headless 144.0.0.0 (Windows 10): Executed 301 of 675[31m (2 FAILED)[39m (0 secs / 7.787 secs)
[1A[2KChrome Headless 144.0.0.0 (Windows 10): Executed 302 of 675[31m (2 FAILED)[39m (0 secs / 7.797 secs)
[1A[2KChrome Headless 144.0.0.0 (Windows 10): Executed 303 of 675[31m (2 FAILED)[39m (0 secs / 7.813 secs)
[1A[2KChrome Headless 144.0.0.0 (Windows 10): Executed 304 of 675[31m (2 FAILED)[39m (0 secs / 7.822 secs)
[1A[2KChrome Headless 144.0.0.0 (Windows 10): Executed 305 of 675[31m (2 FAILED)[39m (0 secs / 7.84 secs)
[1A[2KChrome Headless 144.0.0.0 (Windows 10): Executed 306 of 675[31m (2 FAILED)[39m (0 secs / 7.851 secs)
[1A[2KChrome Headless 144.0.0.0 (Windows 10): Executed 307 of 675[31m (2 FAILED)[39m (0 secs / 7.871 secs)
[1A[2KChrome Headless 144.0.0.0 (Windows 10): Executed 308 of 675[31m (2 FAILED)[39m (0 secs / 7.883 secs)
[1A[2KChrome Headless 144.0.0.0 (Windows 10): Executed 309 of 675[31m (2 FAILED)[39m (0 secs / 7.895 secs)
[1A[2KChrome Headless 144.0.0.0 (Windows 10): Executed 310 of 675[31m (2 FAILED)[39m (0 secs / 7.914 secs)
[1A[2KChrome Headless 144.0.0.0 (Windows 10): Executed 311 of 675[31m (2 FAILED)[39m (0 secs / 7.948 secs)
[1A[2KChrome Headless 144.0.0.0 (Windows 10): Executed 312 of 675[31m (2 FAILED)[39m (0 secs / 7.976 secs)
[1A[2KChrome Headless 144.0.0.0 (Windows 10): Executed 313 of 675[31m (2 FAILED)[39m (0 secs / 8.026 secs)
[1A[2KChrome Headless 144.0.0.0 (Windows 10): Executed 314 of 675[31m (2 FAILED)[39m (0 secs / 8.035 secs)
[1A[2KChrome Headless 144.0.0.0 (Windows 10): Executed 315 of 675[31m (2 FAILED)[39m (0 secs / 8.044 secs)
[1A[2KChrome Headless 144.0.0.0 (Windows 10): Executed 316 of 675[31m (2 FAILED)[39m (0 secs / 8.052 secs)
[1A[2KChrome Headless 144.0.0.0 (Windows 10): Executed 317 of 675[31m (2 FAILED)[39m (0 secs / 8.06 secs)
[1A[2KChrome Headless 144.0.0.0 (Windows 10): Executed 318 of 675[31m (2 FAILED)[39m (0 secs / 8.07 secs)
[1A[2KChrome Headless 144.0.0.0 (Windows 10): Executed 319 of 675[31m (2 FAILED)[39m (0 secs / 8.094 secs)
[1A[2KChrome Headless 144.0.0.0 (Windows 10): Executed 320 of 675[31m (2 FAILED)[39m (0 secs / 8.101 secs)
[1A[2KChrome Headless 144.0.0.0 (Windows 10): Executed 321 of 675[31m (2 FAILED)[39m (0 secs / 8.104 secs)
[1A[2KChrome Headless 144.0.0.0 (Windows 10): Executed 322 of 675[31m (2 FAILED)[39m (0 secs / 8.106 secs)
[1A[2KChrome Headless 144.0.0.0 (Windows 10): Executed 323 of 675[31m (2 FAILED)[39m (0 secs / 8.108 secs)
[1A[2KChrome Headless 144.0.0.0 (Windows 10): Executed 324 of 675[31m (2 FAILED)[39m (0 secs / 8.109 secs)
[1A[2KChrome Headless 144.0.0.0 (Windows 10): Executed 325 of 675[31m (2 FAILED)[39m (0 secs / 8.111 secs)
[1A[2KChrome Headless 144.0.0.0 (Windows 10): Executed 326 of 675[31m (2 FAILED)[39m (0 secs / 8.113 secs)
[1A[2KChrome Headless 144.0.0.0 (Windows 10): Executed 327 of 675[31m (2 FAILED)[39m (0 secs / 8.115 secs)
[1A[2KChrome Headless 144.0.0.0 (Windows 10): Executed 328 of 675[31m (2 FAILED)[39m (0 secs / 8.116 secs)
[1A[2KChrome Headless 144.0.0.0 (Windows 10): Executed 329 of 675[31m (2 FAILED)[39m (0 secs / 8.117 secs)
[1A[2KChrome Headless 144.0.0.0 (Windows 10): Executed 330 of 675[31m (2 FAILED)[39m (0 secs / 8.118 secs)
[1A[2KChrome Headless 144.0.0.0 (Windows 10): Executed 331 of 675[31m (2 FAILED)[39m (0 secs / 8.119 secs)
[1A[2KChrome Headless 144.0.0.0 (Windows 10): Executed 332 of 675[31m (2 FAILED)[39m (0 secs / 8.14 secs)
[1A[2KChrome Headless 144.0.0.0 (Windows 10): Executed 333 of 675[31m (2 FAILED)[39m (0 secs / 8.171 secs)
[1A[2KChrome Headless 144.0.0.0 (Windows 10): Executed 334 of 675[31m (2 FAILED)[39m (0 secs / 8.188 secs)
[1A[2KChrome Headless 144.0.0.0 (Windows 10): Executed 335 of 675[31m (2 FAILED)[39m (0 secs / 8.206 secs)
[1A[2KChrome Headless 144.0.0.0 (Windows 10): Executed 336 of 675[31m (2 FAILED)[39m (0 secs / 8.225 secs)
[1A[2KChrome Headless 144.0.0.0 (Windows 10): Executed 337 of 675[31m (2 FAILED)[39m (0 secs / 8.246 secs)
[1A[2KChrome Headless 144.0.0.0 (Windows 10): Executed 338 of 675[31m (2 FAILED)[39m (0 secs / 8.258 secs)
[1A[2KChrome Headless 144.0.0.0 (Windows 10): Executed 339 of 675[31m (2 FAILED)[39m (0 secs / 8.276 secs)
[1A[2KChrome Headless 144.0.0.0 (Windows 10): Executed 340 of 675[31m (2 FAILED)[39m (0 secs / 8.278 secs)
[1A[2KChrome Headless 144.0.0.0 (Windows 10): Executed 341 of 675[31m (2 FAILED)[39m (0 secs / 8.281 secs)
[1A[2KChrome Headless 144.0.0.0 (Windows 10): Executed 342 of 675[31m (2 FAILED)[39m (0 secs / 8.283 secs)
[1A[2KChrome Headless 144.0.0.0 (Windows 10): Executed 343 of 675[31m (2 FAILED)[39m (0 secs / 8.284 secs)
[1A[2KChrome Headless 144.0.0.0 (Windows 10): Executed 344 of 675[31m (2 FAILED)[39m (0 secs / 8.285 secs)
[1A[2KChrome Headless 144.0.0.0 (Windows 10): Executed 345 of 675[31m (2 FAILED)[39m (0 secs / 8.298 secs)
[1A[2KChrome Headless 144.0.0.0 (Windows 10): Executed 346 of 675[31m (2 FAILED)[39m (0 secs / 8.303 secs)
[1A[2KChrome Headless 144.0.0.0 (Windows 10): Executed 347 of 675[31m (2 FAILED)[39m (0 secs / 8.308 secs)
[1A[2KChrome Headless 144.0.0.0 (Windows 10): Executed 348 of 675[31m (2 FAILED)[39m (0 secs / 8.313 secs)
[1A[2KChrome Headless 144.0.0.0 (Windows 10): Executed 349 of 675[31m (2 FAILED)[39m (0 secs / 8.355 secs)
[1A[2KChrome Headless 144.0.0.0 (Windows 10): Executed 350 of 675[31m (2 FAILED)[39m (0 secs / 8.363 secs)
[1A[2KChrome Headless 144.0.0.0 (Windows 10): Executed 351 of 675[31m (2 FAILED)[39m (0 secs / 8.421 secs)
[1A[2KChrome Headless 144.0.0.0 (Windows 10): Executed 352 of 675[31m (2 FAILED)[39m (0 secs / 8.436 secs)
[1A[2KChrome Headless 144.0.0.0 (Windows 10): Executed 353 of 675[31m (2 FAILED)[39m (0 secs / 8.46 secs)
[1A[2KChrome Headless 144.0.0.0 (Windows 10): Executed 354 of 675[31m (2 FAILED)[39m (0 secs / 8.477 secs)
[1A[2KChrome Headless 144.0.0.0 (Windows 10): Executed 355 of 675[31m (2 FAILED)[39m (0 secs / 8.508 secs)
[1A[2KChrome Headless 144.0.0.0 (Windows 10): Executed 356 of 675[31m (2 FAILED)[39m (0 secs / 8.526 secs)
[1A[2KChrome Headless 144.0.0.0 (Windows 10): Executed 357 of 675[31m (2 FAILED)[39m (0 secs / 8.552 secs)
[1A[2KChrome Headless 144.0.0.0 (Windows 10): Executed 358 of 675[31m (2 FAILED)[39m (0 secs / 8.595 secs)
[1A[2KChrome Headless 144.0.0.0 (Windows 10): Executed 359 of 675[31m (2 FAILED)[39m (0 secs / 8.623 secs)
[1A[2KChrome Headless 144.0.0.0 (Windows 10): Executed 360 of 675[31m (2 FAILED)[39m (0 secs / 8.654 secs)
[1A[2KChrome Headless 144.0.0.0 (Windows 10): Executed 361 of 675[31m (2 FAILED)[39m (0 secs / 8.685 secs)
[1A[2KChrome Headless 144.0.0.0 (Windows 10): Executed 362 of 675[31m (2 FAILED)[39m (0 secs / 8.714 secs)
[1A[2KChrome Headless 144.0.0.0 (Windows 10): Executed 363 of 675[31m (2 FAILED)[39m (0 secs / 8.74 secs)
[1A[2KChrome Headless 144.0.0.0 (Windows 10): Executed 364 of 675[31m (2 FAILED)[39m (0 secs / 8.769 secs)
[1A[2KChrome Headless 144.0.0.0 (Windows 10): Executed 365 of 675[31m (2 FAILED)[39m (0 secs / 8.797 secs)
[1A[2KChrome Headless 144.0.0.0 (Windows 10): Executed 366 of 675[31m (2 FAILED)[39m (0 secs / 8.83 secs)
[1A[2KChrome Headless 144.0.0.0 (Windows 10): Executed 367 of 675[31m (2 FAILED)[39m (0 secs / 8.864 secs)
[1A[2KChrome Headless 144.0.0.0 (Windows 10): Executed 368 of 675[31m (2 FAILED)[39m (0 secs / 8.895 secs)
[1A[2KChrome Headless 144.0.0.0 (Windows 10): Executed 369 of 675[31m (2 FAILED)[39m (0 secs / 8.92 secs)
[1A[2KChrome Headless 144.0.0.0 (Windows 10): Executed 370 of 675[31m (2 FAILED)[39m (skipped 1) (0 secs / 8.937 secs)
[1A[2KChrome Headless 144.0.0.0 (Windows 10): Executed 371 of 675[31m (2 FAILED)[39m (skipped 1) (0 secs / 8.949 secs)
[1A[2KChrome Headless 144.0.0.0 (Windows 10): Executed 372 of 675[31m (2 FAILED)[39m (skipped 1) (0 secs / 9.006 secs)
[1A[2KChrome Headless 144.0.0.0 (Windows 10): Executed 373 of 675[31m (2 FAILED)[39m (skipped 1) (0 secs / 9.03 secs)
[1A[2KChrome Headless 144.0.0.0 (Windows 10): Executed 374 of 675[31m (2 FAILED)[39m (skipped 1) (0 secs / 9.056 secs)
[1A[2KChrome Headless 144.0.0.0 (Windows 10): Executed 375 of 675[31m (2 FAILED)[39m (skipped 1) (0 secs / 9.081 secs)
[1A[2KChrome Headless 144.0.0.0 (Windows 10): Executed 376 of 675[31m (2 FAILED)[39m (skipped 1) (0 secs / 9.111 secs)
[1A[2KChrome Headless 144.0.0.0 (Windows 10): Executed 377 of 675[31m (2 FAILED)[39m (skipped 1) (0 secs / 9.131 secs)
[1A[2KChrome Headless 144.0.0.0 (Windows 10): Executed 378 of 675[31m (2 FAILED)[39m (skipped 1) (0 secs / 9.159 secs)
[1A[2KChrome Headless 144.0.0.0 (Windows 10): Executed 379 of 675[31m (2 FAILED)[39m (skipped 1) (0 secs / 9.183 secs)
[1A[2KChrome Headless 144.0.0.0 (Windows 10): Executed 380 of 675[31m (2 FAILED)[39m (skipped 1) (0 secs / 9.203 secs)
[1A[2KChrome Headless 144.0.0.0 (Windows 10): Executed 381 of 675[31m (2 FAILED)[39m (skipped 1) (0 secs / 9.232 secs)
[1A[2KChrome Headless 144.0.0.0 (Windows 10): Executed 382 of 675[31m (2 FAILED)[39m (skipped 1) (0 secs / 9.241 secs)
[1A[2KChrome Headless 144.0.0.0 (Windows 10): Executed 383 of 675[31m (2 FAILED)[39m (skipped 1) (0 secs / 9.251 secs)
[1A[2KChrome Headless 144.0.0.0 (Windows 10): Executed 384 of 675[31m (2 FAILED)[39m (skipped 1) (0 secs / 9.261 secs)
[1A[2KChrome Headless 144.0.0.0 (Windows 10): Executed 385 of 675[31m (2 FAILED)[39m (skipped 1) (0 secs / 9.272 secs)
[1A[2KChrome Headless 144.0.0.0 (Windows 10): Executed 386 of 675[31m (2 FAILED)[39m (skipped 1) (0 secs / 9.305 secs)
[1A[2KChrome Headless 144.0.0.0 (Windows 10): Executed 387 of 675[31m (2 FAILED)[39m (skipped 1) (0 secs / 9.315 secs)
[1A[2KChrome Headless 144.0.0.0 (Windows 10): Executed 388 of 675[31m (2 FAILED)[39m (skipped 1) (0 secs / 9.323 secs)
[1A[2KChrome Headless 144.0.0.0 (Windows 10): Executed 389 of 675[31m (2 FAILED)[39m (skipped 1) (0 secs / 9.334 secs)
[1A[2KChrome Headless 144.0.0.0 (Windows 10): Executed 390 of 675[31m (2 FAILED)[39m (skipped 1) (0 secs / 9.345 secs)
[1A[2KChrome Headless 144.0.0.0 (Windows 10): Executed 391 of 675[31m (2 FAILED)[39m (skipped 1) (0 secs / 9.355 secs)
[1A[2KWARN: [36m'NG0955: The provided track expression resulted in duplicated keys for a given collection. Adjust the tracking expression such that it uniquely identifies all the items in the collection. Duplicated keys were: 
key "" at index "0" and "1". Find more at https://v20.angular.dev/errors/NG0955'[39m
Chrome Headless 144.0.0.0 (Windows 10): Executed 391 of 675[31m (2 FAILED)[39m (skipped 1) (0 secs / 9.355 secs)
WARN: 'NG0955: The provided track expression resulted in duplicated keys for a given collection. Adjust the tracking expression such that it uniquely identifies all the items in the collection. Duplicated keys were: 
key "" at index "0" and "1". Find more at https://v20.angular.dev/errors/NG0955'
[1A[2KWARN: [36m'NG0955: The provided track expression resulted in duplicated keys for a given collection. Adjust the tracking expression such that it uniquely identifies all the items in the collection. Duplicated keys were: 
key "" at index "0" and "1", 
key "" at index "1" and "2". Find more at https://v20.angular.dev/errors/NG0955'[39m
Chrome Headless 144.0.0.0 (Windows 10): Executed 391 of 675[31m (2 FAILED)[39m (skipped 1) (0 secs / 9.355 secs)
WARN: 'NG0955: The provided track expression resulted in duplicated keys for a given collection. Adjust the tracking expression such that it uniquely identifies all the items in the collection. Duplicated keys were: 
key "" at index "0" and "1", 
key "" at index "1" and "2". Find more at https://v20.angular.dev/errors/NG0955'
[1A[2KWARN: [36m'NG0955: The provided track expression resulted in duplicated keys for a given collection. Adjust the tracking expression such that it uniquely identifies all the items in the collection. Duplicated keys were: 
key "" at index "0" and "1", 
key "" at index "1" and "2", 
key "" at index "2" and "3". Find more at https://v20.angular.dev/errors/NG0955'[39m
Chrome Headless 144.0.0.0 (Windows 10): Executed 391 of 675[31m (2 FAILED)[39m (skipped 1) (0 secs / 9.355 secs)
WARN: 'NG0955: The provided track expression resulted in duplicated keys for a given collection. Adjust the tracking expression such that it uniquely identifies all the items in the collection. Duplicated keys were: 
key "" at index "0" and "1", 
key "" at index "1" and "2", 
key "" at index "2" and "3". Find more at https://v20.angular.dev/errors/NG0955'
[1A[2KWARN: [36m'NG0955: The provided track expression resulted in duplicated keys for a given collection. Adjust the tracking expression such that it uniquely identifies all the items in the collection. Duplicated keys were: 
key "" at index "0" and "1", 
key "" at index "1" and "2", 
key "" at index "2" and "3", 
key "" at index "3" and "4". Find more at https://v20.angular.dev/errors/NG0955'[39m
Chrome Headless 144.0.0.0 (Windows 10): Executed 391 of 675[31m (2 FAILED)[39m (skipped 1) (0 secs / 9.355 secs)
WARN: 'NG0955: The provided track expression resulted in duplicated keys for a given collection. Adjust the tracking expression such that it uniquely identifies all the items in the collection. Duplicated keys were: 
key "" at index "0" and "1", 
key "" at index "1" and "2", 
key "" at index "2" and "3", 
key "" at index "3" and "4". Find more at https://v20.angular.dev/errors/NG0955'
[1A[2KWARN: [36m'NG0955: The provided track expression resulted in duplicated keys for a given collection. Adjust the tracking expression such that it uniquely identifies all the items in the collection. Duplicated keys were: 
key "" at index "0" and "1", 
key "" at index "1" and "2", 
key "" at index "2" and "3", 
key "" at index "3" and "4", 
key "" at index "4" and "5". Find more at https://v20.angular.dev/errors/NG0955'[39m
Chrome Headless 144.0.0.0 (Windows 10): Executed 391 of 675[31m (2 FAILED)[39m (skipped 1) (0 secs / 9.355 secs)
WARN: 'NG0955: The provided track expression resulted in duplicated keys for a given collection. Adjust the tracking expression such that it uniquely identifies all the items in the collection. Duplicated keys were: 
key "" at index "0" and "1", 
key "" at index "1" and "2", 
key "" at index "2" and "3", 
key "" at index "3" and "4", 
key "" at index "4" and "5". Find more at https://v20.angular.dev/errors/NG0955'
[1A[2KChrome Headless 144.0.0.0 (Windows 10): Executed 392 of 675[31m (2 FAILED)[39m (skipped 1) (0 secs / 9.401 secs)
[1A[2KWARN: [36m'NG0955: The provided track expression resulted in duplicated keys for a given collection. Adjust the tracking expression such that it uniquely identifies all the items in the collection. Duplicated keys were: 
key "" at index "0" and "1". Find more at https://v20.angular.dev/errors/NG0955'[39m
Chrome Headless 144.0.0.0 (Windows 10): Executed 392 of 675[31m (2 FAILED)[39m (skipped 1) (0 secs / 9.401 secs)
WARN: 'NG0955: The provided track expression resulted in duplicated keys for a given collection. Adjust the tracking expression such that it uniquely identifies all the items in the collection. Duplicated keys were: 
key "" at index "0" and "1". Find more at https://v20.angular.dev/errors/NG0955'
[1A[2KWARN: [36m'NG0955: The provided track expression resulted in duplicated keys for a given collection. Adjust the tracking expression such that it uniquely identifies all the items in the collection. Duplicated keys were: 
key "" at index "0" and "1", 
key "" at index "1" and "2". Find more at https://v20.angular.dev/errors/NG0955'[39m
Chrome Headless 144.0.0.0 (Windows 10): Executed 392 of 675[31m (2 FAILED)[39m (skipped 1) (0 secs / 9.401 secs)
WARN: 'NG0955: The provided track expression resulted in duplicated keys for a given collection. Adjust the tracking expression such that it uniquely identifies all the items in the collection. Duplicated keys were: 
key "" at index "0" and "1", 
key "" at index "1" and "2". Find more at https://v20.angular.dev/errors/NG0955'
[1A[2KWARN: [36m'NG0955: The provided track expression resulted in duplicated keys for a given collection. Adjust the tracking expression such that it uniquely identifies all the items in the collection. Duplicated keys were: 
key "" at index "0" and "1", 
key "" at index "1" and "2", 
key "" at index "2" and "3". Find more at https://v20.angular.dev/errors/NG0955'[39m
Chrome Headless 144.0.0.0 (Windows 10): Executed 392 of 675[31m (2 FAILED)[39m (skipped 1) (0 secs / 9.401 secs)
WARN: 'NG0955: The provided track expression resulted in duplicated keys for a given collection. Adjust the tracking expression such that it uniquely identifies all the items in the collection. Duplicated keys were: 
key "" at index "0" and "1", 
key "" at index "1" and "2", 
key "" at index "2" and "3". Find more at https://v20.angular.dev/errors/NG0955'
[1A[2KWARN: [36m'NG0955: The provided track expression resulted in duplicated keys for a given collection. Adjust the tracking expression such that it uniquely identifies all the items in the collection. Duplicated keys were: 
key "" at index "0" and "1", 
key "" at index "1" and "2", 
key "" at index "2" and "3", 
key "" at index "3" and "4". Find more at https://v20.angular.dev/errors/NG0955'[39m
Chrome Headless 144.0.0.0 (Windows 10): Executed 392 of 675[31m (2 FAILED)[39m (skipped 1) (0 secs / 9.401 secs)
WARN: 'NG0955: The provided track expression resulted in duplicated keys for a given collection. Adjust the tracking expression such that it uniquely identifies all the items in the collection. Duplicated keys were: 
key "" at index "0" and "1", 
key "" at index "1" and "2", 
key "" at index "2" and "3", 
key "" at index "3" and "4". Find more at https://v20.angular.dev/errors/NG0955'
[1A[2KWARN: [36m'NG0955: The provided track expression resulted in duplicated keys for a given collection. Adjust the tracking expression such that it uniquely identifies all the items in the collection. Duplicated keys were: 
key "" at index "0" and "1", 
key "" at index "1" and "2", 
key "" at index "2" and "3", 
key "" at index "3" and "4", 
key "" at index "4" and "5". Find more at https://v20.angular.dev/errors/NG0955'[39m
Chrome Headless 144.0.0.0 (Windows 10): Executed 392 of 675[31m (2 FAILED)[39m (skipped 1) (0 secs / 9.401 secs)
WARN: 'NG0955: The provided track expression resulted in duplicated keys for a given collection. Adjust the tracking expression such that it uniquely identifies all the items in the collection. Duplicated keys were: 
key "" at index "0" and "1", 
key "" at index "1" and "2", 
key "" at index "2" and "3", 
key "" at index "3" and "4", 
key "" at index "4" and "5". Find more at https://v20.angular.dev/errors/NG0955'
[1A[2KChrome Headless 144.0.0.0 (Windows 10): Executed 393 of 675[31m (2 FAILED)[39m (skipped 1) (0 secs / 9.428 secs)
[1A[2KWARN: [36m'NG0955: The provided track expression resulted in duplicated keys for a given collection. Adjust the tracking expression such that it uniquely identifies all the items in the collection. Duplicated keys were: 
key "" at index "0" and "1". Find more at https://v20.angular.dev/errors/NG0955'[39m
Chrome Headless 144.0.0.0 (Windows 10): Executed 393 of 675[31m (2 FAILED)[39m (skipped 1) (0 secs / 9.428 secs)
WARN: 'NG0955: The provided track expression resulted in duplicated keys for a given collection. Adjust the tracking expression such that it uniquely identifies all the items in the collection. Duplicated keys were: 
key "" at index "0" and "1". Find more at https://v20.angular.dev/errors/NG0955'
[1A[2KWARN: [36m'NG0955: The provided track expression resulted in duplicated keys for a given collection. Adjust the tracking expression such that it uniquely identifies all the items in the collection. Duplicated keys were: 
key "" at index "0" and "1", 
key "" at index "1" and "2". Find more at https://v20.angular.dev/errors/NG0955'[39m
Chrome Headless 144.0.0.0 (Windows 10): Executed 393 of 675[31m (2 FAILED)[39m (skipped 1) (0 secs / 9.428 secs)
WARN: 'NG0955: The provided track expression resulted in duplicated keys for a given collection. Adjust the tracking expression such that it uniquely identifies all the items in the collection. Duplicated keys were: 
key "" at index "0" and "1", 
key "" at index "1" and "2". Find more at https://v20.angular.dev/errors/NG0955'
[1A[2KWARN: [36m'NG0955: The provided track expression resulted in duplicated keys for a given collection. Adjust the tracking expression such that it uniquely identifies all the items in the collection. Duplicated keys were: 
key "" at index "0" and "1", 
key "" at index "1" and "2", 
key "" at index "2" and "3". Find more at https://v20.angular.dev/errors/NG0955'[39m
Chrome Headless 144.0.0.0 (Windows 10): Executed 393 of 675[31m (2 FAILED)[39m (skipped 1) (0 secs / 9.428 secs)
WARN: 'NG0955: The provided track expression resulted in duplicated keys for a given collection. Adjust the tracking expression such that it uniquely identifies all the items in the collection. Duplicated keys were: 
key "" at index "0" and "1", 
key "" at index "1" and "2", 
key "" at index "2" and "3". Find more at https://v20.angular.dev/errors/NG0955'
[1A[2KWARN: [36m'NG0955: The provided track expression resulted in duplicated keys for a given collection. Adjust the tracking expression such that it uniquely identifies all the items in the collection. Duplicated keys were: 
key "" at index "0" and "1", 
key "" at index "1" and "2", 
key "" at index "2" and "3", 
key "" at index "3" and "4". Find more at https://v20.angular.dev/errors/NG0955'[39m
Chrome Headless 144.0.0.0 (Windows 10): Executed 393 of 675[31m (2 FAILED)[39m (skipped 1) (0 secs / 9.428 secs)
WARN: 'NG0955: The provided track expression resulted in duplicated keys for a given collection. Adjust the tracking expression such that it uniquely identifies all the items in the collection. Duplicated keys were: 
key "" at index "0" and "1", 
key "" at index "1" and "2", 
key "" at index "2" and "3", 
key "" at index "3" and "4". Find more at https://v20.angular.dev/errors/NG0955'
[1A[2KWARN: [36m'NG0955: The provided track expression resulted in duplicated keys for a given collection. Adjust the tracking expression such that it uniquely identifies all the items in the collection. Duplicated keys were: 
key "" at index "0" and "1", 
key "" at index "1" and "2", 
key "" at index "2" and "3", 
key "" at index "3" and "4", 
key "" at index "4" and "5". Find more at https://v20.angular.dev/errors/NG0955'[39m
Chrome Headless 144.0.0.0 (Windows 10): Executed 393 of 675[31m (2 FAILED)[39m (skipped 1) (0 secs / 9.428 secs)
WARN: 'NG0955: The provided track expression resulted in duplicated keys for a given collection. Adjust the tracking expression such that it uniquely identifies all the items in the collection. Duplicated keys were: 
key "" at index "0" and "1", 
key "" at index "1" and "2", 
key "" at index "2" and "3", 
key "" at index "3" and "4", 
key "" at index "4" and "5". Find more at https://v20.angular.dev/errors/NG0955'
[1A[2KChrome Headless 144.0.0.0 (Windows 10): Executed 394 of 675[31m (2 FAILED)[39m (skipped 1) (0 secs / 9.448 secs)
[1A[2KWARN: [36m'NG0955: The provided track expression resulted in duplicated keys for a given collection. Adjust the tracking expression such that it uniquely identifies all the items in the collection. Duplicated keys were: 
key "" at index "0" and "1". Find more at https://v20.angular.dev/errors/NG0955'[39m
Chrome Headless 144.0.0.0 (Windows 10): Executed 394 of 675[31m (2 FAILED)[39m (skipped 1) (0 secs / 9.448 secs)
WARN: 'NG0955: The provided track expression resulted in duplicated keys for a given collection. Adjust the tracking expression such that it uniquely identifies all the items in the collection. Duplicated keys were: 
key "" at index "0" and "1". Find more at https://v20.angular.dev/errors/NG0955'
[1A[2KWARN: [36m'NG0955: The provided track expression resulted in duplicated keys for a given collection. Adjust the tracking expression such that it uniquely identifies all the items in the collection. Duplicated keys were: 
key "" at index "0" and "1", 
key "" at index "1" and "2". Find more at https://v20.angular.dev/errors/NG0955'[39m
Chrome Headless 144.0.0.0 (Windows 10): Executed 394 of 675[31m (2 FAILED)[39m (skipped 1) (0 secs / 9.448 secs)
WARN: 'NG0955: The provided track expression resulted in duplicated keys for a given collection. Adjust the tracking expression such that it uniquely identifies all the items in the collection. Duplicated keys were: 
key "" at index "0" and "1", 
key "" at index "1" and "2". Find more at https://v20.angular.dev/errors/NG0955'
[1A[2KWARN: [36m'NG0955: The provided track expression resulted in duplicated keys for a given collection. Adjust the tracking expression such that it uniquely identifies all the items in the collection. Duplicated keys were: 
key "" at index "0" and "1", 
key "" at index "1" and "2", 
key "" at index "2" and "3". Find more at https://v20.angular.dev/errors/NG0955'[39m
Chrome Headless 144.0.0.0 (Windows 10): Executed 394 of 675[31m (2 FAILED)[39m (skipped 1) (0 secs / 9.448 secs)
WARN: 'NG0955: The provided track expression resulted in duplicated keys for a given collection. Adjust the tracking expression such that it uniquely identifies all the items in the collection. Duplicated keys were: 
key "" at index "0" and "1", 
key "" at index "1" and "2", 
key "" at index "2" and "3". Find more at https://v20.angular.dev/errors/NG0955'
[1A[2KWARN: [36m'NG0955: The provided track expression resulted in duplicated keys for a given collection. Adjust the tracking expression such that it uniquely identifies all the items in the collection. Duplicated keys were: 
key "" at index "0" and "1", 
key "" at index "1" and "2", 
key "" at index "2" and "3", 
key "" at index "3" and "4". Find more at https://v20.angular.dev/errors/NG0955'[39m
Chrome Headless 144.0.0.0 (Windows 10): Executed 394 of 675[31m (2 FAILED)[39m (skipped 1) (0 secs / 9.448 secs)
WARN: 'NG0955: The provided track expression resulted in duplicated keys for a given collection. Adjust the tracking expression such that it uniquely identifies all the items in the collection. Duplicated keys were: 
key "" at index "0" and "1", 
key "" at index "1" and "2", 
key "" at index "2" and "3", 
key "" at index "3" and "4". Find more at https://v20.angular.dev/errors/NG0955'
[1A[2KWARN: [36m'NG0955: The provided track expression resulted in duplicated keys for a given collection. Adjust the tracking expression such that it uniquely identifies all the items in the collection. Duplicated keys were: 
key "" at index "0" and "1", 
key "" at index "1" and "2", 
key "" at index "2" and "3", 
key "" at index "3" and "4", 
key "" at index "4" and "5". Find more at https://v20.angular.dev/errors/NG0955'[39m
Chrome Headless 144.0.0.0 (Windows 10): Executed 394 of 675[31m (2 FAILED)[39m (skipped 1) (0 secs / 9.448 secs)
WARN: 'NG0955: The provided track expression resulted in duplicated keys for a given collection. Adjust the tracking expression such that it uniquely identifies all the items in the collection. Duplicated keys were: 
key "" at index "0" and "1", 
key "" at index "1" and "2", 
key "" at index "2" and "3", 
key "" at index "3" and "4", 
key "" at index "4" and "5". Find more at https://v20.angular.dev/errors/NG0955'
[1A[2KChrome Headless 144.0.0.0 (Windows 10): Executed 395 of 675[31m (2 FAILED)[39m (skipped 1) (0 secs / 9.465 secs)
[1A[2KWARN: [36m'NG0955: The provided track expression resulted in duplicated keys for a given collection. Adjust the tracking expression such that it uniquely identifies all the items in the collection. Duplicated keys were: 
key "" at index "0" and "1". Find more at https://v20.angular.dev/errors/NG0955'[39m
Chrome Headless 144.0.0.0 (Windows 10): Executed 395 of 675[31m (2 FAILED)[39m (skipped 1) (0 secs / 9.465 secs)
WARN: 'NG0955: The provided track expression resulted in duplicated keys for a given collection. Adjust the tracking expression such that it uniquely identifies all the items in the collection. Duplicated keys were: 
key "" at index "0" and "1". Find more at https://v20.angular.dev/errors/NG0955'
[1A[2KWARN: [36m'NG0955: The provided track expression resulted in duplicated keys for a given collection. Adjust the tracking expression such that it uniquely identifies all the items in the collection. Duplicated keys were: 
key "" at index "0" and "1", 
key "" at index "1" and "2". Find more at https://v20.angular.dev/errors/NG0955'[39m
Chrome Headless 144.0.0.0 (Windows 10): Executed 395 of 675[31m (2 FAILED)[39m (skipped 1) (0 secs / 9.465 secs)
WARN: 'NG0955: The provided track expression resulted in duplicated keys for a given collection. Adjust the tracking expression such that it uniquely identifies all the items in the collection. Duplicated keys were: 
key "" at index "0" and "1", 
key "" at index "1" and "2". Find more at https://v20.angular.dev/errors/NG0955'
[1A[2KWARN: [36m'NG0955: The provided track expression resulted in duplicated keys for a given collection. Adjust the tracking expression such that it uniquely identifies all the items in the collection. Duplicated keys were: 
key "" at index "0" and "1", 
key "" at index "1" and "2", 
key "" at index "2" and "3". Find more at https://v20.angular.dev/errors/NG0955'[39m
Chrome Headless 144.0.0.0 (Windows 10): Executed 395 of 675[31m (2 FAILED)[39m (skipped 1) (0 secs / 9.465 secs)
WARN: 'NG0955: The provided track expression resulted in duplicated keys for a given collection. Adjust the tracking expression such that it uniquely identifies all the items in the collection. Duplicated keys were: 
key "" at index "0" and "1", 
key "" at index "1" and "2", 
key "" at index "2" and "3". Find more at https://v20.angular.dev/errors/NG0955'
[1A[2KWARN: [36m'NG0955: The provided track expression resulted in duplicated keys for a given collection. Adjust the tracking expression such that it uniquely identifies all the items in the collection. Duplicated keys were: 
key "" at index "0" and "1", 
key "" at index "1" and "2", 
key "" at index "2" and "3", 
key "" at index "3" and "4". Find more at https://v20.angular.dev/errors/NG0955'[39m
Chrome Headless 144.0.0.0 (Windows 10): Executed 395 of 675[31m (2 FAILED)[39m (skipped 1) (0 secs / 9.465 secs)
WARN: 'NG0955: The provided track expression resulted in duplicated keys for a given collection. Adjust the tracking expression such that it uniquely identifies all the items in the collection. Duplicated keys were: 
key "" at index "0" and "1", 
key "" at index "1" and "2", 
key "" at index "2" and "3", 
key "" at index "3" and "4". Find more at https://v20.angular.dev/errors/NG0955'
[1A[2KWARN: [36m'NG0955: The provided track expression resulted in duplicated keys for a given collection. Adjust the tracking expression such that it uniquely identifies all the items in the collection. Duplicated keys were: 
key "" at index "0" and "1", 
key "" at index "1" and "2", 
key "" at index "2" and "3", 
key "" at index "3" and "4", 
key "" at index "4" and "5". Find more at https://v20.angular.dev/errors/NG0955'[39m
Chrome Headless 144.0.0.0 (Windows 10): Executed 395 of 675[31m (2 FAILED)[39m (skipped 1) (0 secs / 9.465 secs)
WARN: 'NG0955: The provided track expression resulted in duplicated keys for a given collection. Adjust the tracking expression such that it uniquely identifies all the items in the collection. Duplicated keys were: 
key "" at index "0" and "1", 
key "" at index "1" and "2", 
key "" at index "2" and "3", 
key "" at index "3" and "4", 
key "" at index "4" and "5". Find more at https://v20.angular.dev/errors/NG0955'
[1A[2KChrome Headless 144.0.0.0 (Windows 10): Executed 396 of 675[31m (2 FAILED)[39m (skipped 1) (0 secs / 9.483 secs)
[1A[2KWARN: [36m'NG0955: The provided track expression resulted in duplicated keys for a given collection. Adjust the tracking expression such that it uniquely identifies all the items in the collection. Duplicated keys were: 
key "" at index "0" and "1". Find more at https://v20.angular.dev/errors/NG0955'[39m
Chrome Headless 144.0.0.0 (Windows 10): Executed 396 of 675[31m (2 FAILED)[39m (skipped 1) (0 secs / 9.483 secs)
WARN: 'NG0955: The provided track expression resulted in duplicated keys for a given collection. Adjust the tracking expression such that it uniquely identifies all the items in the collection. Duplicated keys were: 
key "" at index "0" and "1". Find more at https://v20.angular.dev/errors/NG0955'
[1A[2KWARN: [36m'NG0955: The provided track expression resulted in duplicated keys for a given collection. Adjust the tracking expression such that it uniquely identifies all the items in the collection. Duplicated keys were: 
key "" at index "0" and "1", 
key "" at index "1" and "2". Find more at https://v20.angular.dev/errors/NG0955'[39m
Chrome Headless 144.0.0.0 (Windows 10): Executed 396 of 675[31m (2 FAILED)[39m (skipped 1) (0 secs / 9.483 secs)
WARN: 'NG0955: The provided track expression resulted in duplicated keys for a given collection. Adjust the tracking expression such that it uniquely identifies all the items in the collection. Duplicated keys were: 
key "" at index "0" and "1", 
key "" at index "1" and "2". Find more at https://v20.angular.dev/errors/NG0955'
[1A[2KWARN: [36m'NG0955: The provided track expression resulted in duplicated keys for a given collection. Adjust the tracking expression such that it uniquely identifies all the items in the collection. Duplicated keys were: 
key "" at index "0" and "1", 
key "" at index "1" and "2", 
key "" at index "2" and "3". Find more at https://v20.angular.dev/errors/NG0955'[39m
Chrome Headless 144.0.0.0 (Windows 10): Executed 396 of 675[31m (2 FAILED)[39m (skipped 1) (0 secs / 9.483 secs)
WARN: 'NG0955: The provided track expression resulted in duplicated keys for a given collection. Adjust the tracking expression such that it uniquely identifies all the items in the collection. Duplicated keys were: 
key "" at index "0" and "1", 
key "" at index "1" and "2", 
key "" at index "2" and "3". Find more at https://v20.angular.dev/errors/NG0955'
[1A[2KWARN: [36m'NG0955: The provided track expression resulted in duplicated keys for a given collection. Adjust the tracking expression such that it uniquely identifies all the items in the collection. Duplicated keys were: 
key "" at index "0" and "1", 
key "" at index "1" and "2", 
key "" at index "2" and "3", 
key "" at index "3" and "4". Find more at https://v20.angular.dev/errors/NG0955'[39m
Chrome Headless 144.0.0.0 (Windows 10): Executed 396 of 675[31m (2 FAILED)[39m (skipped 1) (0 secs / 9.483 secs)
WARN: 'NG0955: The provided track expression resulted in duplicated keys for a given collection. Adjust the tracking expression such that it uniquely identifies all the items in the collection. Duplicated keys were: 
key "" at index "0" and "1", 
key "" at index "1" and "2", 
key "" at index "2" and "3", 
key "" at index "3" and "4". Find more at https://v20.angular.dev/errors/NG0955'
[1A[2KWARN: [36m'NG0955: The provided track expression resulted in duplicated keys for a given collection. Adjust the tracking expression such that it uniquely identifies all the items in the collection. Duplicated keys were: 
key "" at index "0" and "1", 
key "" at index "1" and "2", 
key "" at index "2" and "3", 
key "" at index "3" and "4", 
key "" at index "4" and "5". Find more at https://v20.angular.dev/errors/NG0955'[39m
Chrome Headless 144.0.0.0 (Windows 10): Executed 396 of 675[31m (2 FAILED)[39m (skipped 1) (0 secs / 9.483 secs)
WARN: 'NG0955: The provided track expression resulted in duplicated keys for a given collection. Adjust the tracking expression such that it uniquely identifies all the items in the collection. Duplicated keys were: 
key "" at index "0" and "1", 
key "" at index "1" and "2", 
key "" at index "2" and "3", 
key "" at index "3" and "4", 
key "" at index "4" and "5". Find more at https://v20.angular.dev/errors/NG0955'
[1A[2KChrome Headless 144.0.0.0 (Windows 10): Executed 397 of 675[31m (2 FAILED)[39m (skipped 1) (0 secs / 9.513 secs)
[1A[2KWARN: [36m'NG0955: The provided track expression resulted in duplicated keys for a given collection. Adjust the tracking expression such that it uniquely identifies all the items in the collection. Duplicated keys were: 
key "" at index "0" and "1". Find more at https://v20.angular.dev/errors/NG0955'[39m
Chrome Headless 144.0.0.0 (Windows 10): Executed 397 of 675[31m (2 FAILED)[39m (skipped 1) (0 secs / 9.513 secs)
WARN: 'NG0955: The provided track expression resulted in duplicated keys for a given collection. Adjust the tracking expression such that it uniquely identifies all the items in the collection. Duplicated keys were: 
key "" at index "0" and "1". Find more at https://v20.angular.dev/errors/NG0955'
[1A[2KWARN: [36m'NG0955: The provided track expression resulted in duplicated keys for a given collection. Adjust the tracking expression such that it uniquely identifies all the items in the collection. Duplicated keys were: 
key "" at index "0" and "1", 
key "" at index "1" and "2". Find more at https://v20.angular.dev/errors/NG0955'[39m
Chrome Headless 144.0.0.0 (Windows 10): Executed 397 of 675[31m (2 FAILED)[39m (skipped 1) (0 secs / 9.513 secs)
WARN: 'NG0955: The provided track expression resulted in duplicated keys for a given collection. Adjust the tracking expression such that it uniquely identifies all the items in the collection. Duplicated keys were: 
key "" at index "0" and "1", 
key "" at index "1" and "2". Find more at https://v20.angular.dev/errors/NG0955'
[1A[2KWARN: [36m'NG0955: The provided track expression resulted in duplicated keys for a given collection. Adjust the tracking expression such that it uniquely identifies all the items in the collection. Duplicated keys were: 
key "" at index "0" and "1", 
key "" at index "1" and "2", 
key "" at index "2" and "3". Find more at https://v20.angular.dev/errors/NG0955'[39m
Chrome Headless 144.0.0.0 (Windows 10): Executed 397 of 675[31m (2 FAILED)[39m (skipped 1) (0 secs / 9.513 secs)
WARN: 'NG0955: The provided track expression resulted in duplicated keys for a given collection. Adjust the tracking expression such that it uniquely identifies all the items in the collection. Duplicated keys were: 
key "" at index "0" and "1", 
key "" at index "1" and "2", 
key "" at index "2" and "3". Find more at https://v20.angular.dev/errors/NG0955'
[1A[2KWARN: [36m'NG0955: The provided track expression resulted in duplicated keys for a given collection. Adjust the tracking expression such that it uniquely identifies all the items in the collection. Duplicated keys were: 
key "" at index "0" and "1", 
key "" at index "1" and "2", 
key "" at index "2" and "3", 
key "" at index "3" and "4". Find more at https://v20.angular.dev/errors/NG0955'[39m
Chrome Headless 144.0.0.0 (Windows 10): Executed 397 of 675[31m (2 FAILED)[39m (skipped 1) (0 secs / 9.513 secs)
WARN: 'NG0955: The provided track expression resulted in duplicated keys for a given collection. Adjust the tracking expression such that it uniquely identifies all the items in the collection. Duplicated keys were: 
key "" at index "0" and "1", 
key "" at index "1" and "2", 
key "" at index "2" and "3", 
key "" at index "3" and "4". Find more at https://v20.angular.dev/errors/NG0955'
[1A[2KWARN: [36m'NG0955: The provided track expression resulted in duplicated keys for a given collection. Adjust the tracking expression such that it uniquely identifies all the items in the collection. Duplicated keys were: 
key "" at index "0" and "1", 
key "" at index "1" and "2", 
key "" at index "2" and "3", 
key "" at index "3" and "4", 
key "" at index "4" and "5". Find more at https://v20.angular.dev/errors/NG0955'[39m
Chrome Headless 144.0.0.0 (Windows 10): Executed 397 of 675[31m (2 FAILED)[39m (skipped 1) (0 secs / 9.513 secs)
WARN: 'NG0955: The provided track expression resulted in duplicated keys for a given collection. Adjust the tracking expression such that it uniquely identifies all the items in the collection. Duplicated keys were: 
key "" at index "0" and "1", 
key "" at index "1" and "2", 
key "" at index "2" and "3", 
key "" at index "3" and "4", 
key "" at index "4" and "5". Find more at https://v20.angular.dev/errors/NG0955'
[1A[2KChrome Headless 144.0.0.0 (Windows 10): Executed 398 of 675[31m (2 FAILED)[39m (skipped 1) (0 secs / 9.531 secs)
[1A[2KWARN: [36m'NG0955: The provided track expression resulted in duplicated keys for a given collection. Adjust the tracking expression such that it uniquely identifies all the items in the collection. Duplicated keys were: 
key "" at index "0" and "1". Find more at https://v20.angular.dev/errors/NG0955'[39m
Chrome Headless 144.0.0.0 (Windows 10): Executed 398 of 675[31m (2 FAILED)[39m (skipped 1) (0 secs / 9.531 secs)
WARN: 'NG0955: The provided track expression resulted in duplicated keys for a given collection. Adjust the tracking expression such that it uniquely identifies all the items in the collection. Duplicated keys were: 
key "" at index "0" and "1". Find more at https://v20.angular.dev/errors/NG0955'
[1A[2KWARN: [36m'NG0955: The provided track expression resulted in duplicated keys for a given collection. Adjust the tracking expression such that it uniquely identifies all the items in the collection. Duplicated keys were: 
key "" at index "0" and "1", 
key "" at index "1" and "2". Find more at https://v20.angular.dev/errors/NG0955'[39m
Chrome Headless 144.0.0.0 (Windows 10): Executed 398 of 675[31m (2 FAILED)[39m (skipped 1) (0 secs / 9.531 secs)
WARN: 'NG0955: The provided track expression resulted in duplicated keys for a given collection. Adjust the tracking expression such that it uniquely identifies all the items in the collection. Duplicated keys were: 
key "" at index "0" and "1", 
key "" at index "1" and "2". Find more at https://v20.angular.dev/errors/NG0955'
[1A[2KWARN: [36m'NG0955: The provided track expression resulted in duplicated keys for a given collection. Adjust the tracking expression such that it uniquely identifies all the items in the collection. Duplicated keys were: 
key "" at index "0" and "1", 
key "" at index "1" and "2", 
key "" at index "2" and "3". Find more at https://v20.angular.dev/errors/NG0955'[39m
Chrome Headless 144.0.0.0 (Windows 10): Executed 398 of 675[31m (2 FAILED)[39m (skipped 1) (0 secs / 9.531 secs)
WARN: 'NG0955: The provided track expression resulted in duplicated keys for a given collection. Adjust the tracking expression such that it uniquely identifies all the items in the collection. Duplicated keys were: 
key "" at index "0" and "1", 
key "" at index "1" and "2", 
key "" at index "2" and "3". Find more at https://v20.angular.dev/errors/NG0955'
[1A[2KWARN: [36m'NG0955: The provided track expression resulted in duplicated keys for a given collection. Adjust the tracking expression such that it uniquely identifies all the items in the collection. Duplicated keys were: 
key "" at index "0" and "1", 
key "" at index "1" and "2", 
key "" at index "2" and "3", 
key "" at index "3" and "4". Find more at https://v20.angular.dev/errors/NG0955'[39m
Chrome Headless 144.0.0.0 (Windows 10): Executed 398 of 675[31m (2 FAILED)[39m (skipped 1) (0 secs / 9.531 secs)
WARN: 'NG0955: The provided track expression resulted in duplicated keys for a given collection. Adjust the tracking expression such that it uniquely identifies all the items in the collection. Duplicated keys were: 
key "" at index "0" and "1", 
key "" at index "1" and "2", 
key "" at index "2" and "3", 
key "" at index "3" and "4". Find more at https://v20.angular.dev/errors/NG0955'
[1A[2KWARN: [36m'NG0955: The provided track expression resulted in duplicated keys for a given collection. Adjust the tracking expression such that it uniquely identifies all the items in the collection. Duplicated keys were: 
key "" at index "0" and "1", 
key "" at index "1" and "2", 
key "" at index "2" and "3", 
key "" at index "3" and "4", 
key "" at index "4" and "5". Find more at https://v20.angular.dev/errors/NG0955'[39m
Chrome Headless 144.0.0.0 (Windows 10): Executed 398 of 675[31m (2 FAILED)[39m (skipped 1) (0 secs / 9.531 secs)
WARN: 'NG0955: The provided track expression resulted in duplicated keys for a given collection. Adjust the tracking expression such that it uniquely identifies all the items in the collection. Duplicated keys were: 
key "" at index "0" and "1", 
key "" at index "1" and "2", 
key "" at index "2" and "3", 
key "" at index "3" and "4", 
key "" at index "4" and "5". Find more at https://v20.angular.dev/errors/NG0955'
[1A[2KChrome Headless 144.0.0.0 (Windows 10): Executed 399 of 675[31m (2 FAILED)[39m (skipped 1) (0 secs / 9.548 secs)
[1A[2KWARN: [36m'NG0955: The provided track expression resulted in duplicated keys for a given collection. Adjust the tracking expression such that it uniquely identifies all the items in the collection. Duplicated keys were: 
key "" at index "0" and "1". Find more at https://v20.angular.dev/errors/NG0955'[39m
Chrome Headless 144.0.0.0 (Windows 10): Executed 399 of 675[31m (2 FAILED)[39m (skipped 1) (0 secs / 9.548 secs)
WARN: 'NG0955: The provided track expression resulted in duplicated keys for a given collection. Adjust the tracking expression such that it uniquely identifies all the items in the collection. Duplicated keys were: 
key "" at index "0" and "1". Find more at https://v20.angular.dev/errors/NG0955'
[1A[2KWARN: [36m'NG0955: The provided track expression resulted in duplicated keys for a given collection. Adjust the tracking expression such that it uniquely identifies all the items in the collection. Duplicated keys were: 
key "" at index "0" and "1", 
key "" at index "1" and "2". Find more at https://v20.angular.dev/errors/NG0955'[39m
Chrome Headless 144.0.0.0 (Windows 10): Executed 399 of 675[31m (2 FAILED)[39m (skipped 1) (0 secs / 9.548 secs)
WARN: 'NG0955: The provided track expression resulted in duplicated keys for a given collection. Adjust the tracking expression such that it uniquely identifies all the items in the collection. Duplicated keys were: 
key "" at index "0" and "1", 
key "" at index "1" and "2". Find more at https://v20.angular.dev/errors/NG0955'
[1A[2KWARN: [36m'NG0955: The provided track expression resulted in duplicated keys for a given collection. Adjust the tracking expression such that it uniquely identifies all the items in the collection. Duplicated keys were: 
key "" at index "0" and "1", 
key "" at index "1" and "2", 
key "" at index "2" and "3". Find more at https://v20.angular.dev/errors/NG0955'[39m
Chrome Headless 144.0.0.0 (Windows 10): Executed 399 of 675[31m (2 FAILED)[39m (skipped 1) (0 secs / 9.548 secs)
WARN: 'NG0955: The provided track expression resulted in duplicated keys for a given collection. Adjust the tracking expression such that it uniquely identifies all the items in the collection. Duplicated keys were: 
key "" at index "0" and "1", 
key "" at index "1" and "2", 
key "" at index "2" and "3". Find more at https://v20.angular.dev/errors/NG0955'
[1A[2KWARN: [36m'NG0955: The provided track expression resulted in duplicated keys for a given collection. Adjust the tracking expression such that it uniquely identifies all the items in the collection. Duplicated keys were: 
key "" at index "0" and "1", 
key "" at index "1" and "2", 
key "" at index "2" and "3", 
key "" at index "3" and "4". Find more at https://v20.angular.dev/errors/NG0955'[39m
Chrome Headless 144.0.0.0 (Windows 10): Executed 399 of 675[31m (2 FAILED)[39m (skipped 1) (0 secs / 9.548 secs)
WARN: 'NG0955: The provided track expression resulted in duplicated keys for a given collection. Adjust the tracking expression such that it uniquely identifies all the items in the collection. Duplicated keys were: 
key "" at index "0" and "1", 
key "" at index "1" and "2", 
key "" at index "2" and "3", 
key "" at index "3" and "4". Find more at https://v20.angular.dev/errors/NG0955'
[1A[2KWARN: [36m'NG0955: The provided track expression resulted in duplicated keys for a given collection. Adjust the tracking expression such that it uniquely identifies all the items in the collection. Duplicated keys were: 
key "" at index "0" and "1", 
key "" at index "1" and "2", 
key "" at index "2" and "3", 
key "" at index "3" and "4", 
key "" at index "4" and "5". Find more at https://v20.angular.dev/errors/NG0955'[39m
Chrome Headless 144.0.0.0 (Windows 10): Executed 399 of 675[31m (2 FAILED)[39m (skipped 1) (0 secs / 9.548 secs)
WARN: 'NG0955: The provided track expression resulted in duplicated keys for a given collection. Adjust the tracking expression such that it uniquely identifies all the items in the collection. Duplicated keys were: 
key "" at index "0" and "1", 
key "" at index "1" and "2", 
key "" at index "2" and "3", 
key "" at index "3" and "4", 
key "" at index "4" and "5". Find more at https://v20.angular.dev/errors/NG0955'
[1A[2KChrome Headless 144.0.0.0 (Windows 10): Executed 400 of 675[31m (2 FAILED)[39m (skipped 1) (0 secs / 9.567 secs)
[1A[2KWARN: [36m'NG0955: The provided track expression resulted in duplicated keys for a given collection. Adjust the tracking expression such that it uniquely identifies all the items in the collection. Duplicated keys were: 
key "" at index "0" and "1". Find more at https://v20.angular.dev/errors/NG0955'[39m
Chrome Headless 144.0.0.0 (Windows 10): Executed 400 of 675[31m (2 FAILED)[39m (skipped 1) (0 secs / 9.567 secs)
WARN: 'NG0955: The provided track expression resulted in duplicated keys for a given collection. Adjust the tracking expression such that it uniquely identifies all the items in the collection. Duplicated keys were: 
key "" at index "0" and "1". Find more at https://v20.angular.dev/errors/NG0955'
[1A[2KWARN: [36m'NG0955: The provided track expression resulted in duplicated keys for a given collection. Adjust the tracking expression such that it uniquely identifies all the items in the collection. Duplicated keys were: 
key "" at index "0" and "1", 
key "" at index "1" and "2". Find more at https://v20.angular.dev/errors/NG0955'[39m
Chrome Headless 144.0.0.0 (Windows 10): Executed 400 of 675[31m (2 FAILED)[39m (skipped 1) (0 secs / 9.567 secs)
WARN: 'NG0955: The provided track expression resulted in duplicated keys for a given collection. Adjust the tracking expression such that it uniquely identifies all the items in the collection. Duplicated keys were: 
key "" at index "0" and "1", 
key "" at index "1" and "2". Find more at https://v20.angular.dev/errors/NG0955'
[1A[2KWARN: [36m'NG0955: The provided track expression resulted in duplicated keys for a given collection. Adjust the tracking expression such that it uniquely identifies all the items in the collection. Duplicated keys were: 
key "" at index "0" and "1", 
key "" at index "1" and "2", 
key "" at index "2" and "3". Find more at https://v20.angular.dev/errors/NG0955'[39m
Chrome Headless 144.0.0.0 (Windows 10): Executed 400 of 675[31m (2 FAILED)[39m (skipped 1) (0 secs / 9.567 secs)
WARN: 'NG0955: The provided track expression resulted in duplicated keys for a given collection. Adjust the tracking expression such that it uniquely identifies all the items in the collection. Duplicated keys were: 
key "" at index "0" and "1", 
key "" at index "1" and "2", 
key "" at index "2" and "3". Find more at https://v20.angular.dev/errors/NG0955'
[1A[2KWARN: [36m'NG0955: The provided track expression resulted in duplicated keys for a given collection. Adjust the tracking expression such that it uniquely identifies all the items in the collection. Duplicated keys were: 
key "" at index "0" and "1", 
key "" at index "1" and "2", 
key "" at index "2" and "3", 
key "" at index "3" and "4". Find more at https://v20.angular.dev/errors/NG0955'[39m
Chrome Headless 144.0.0.0 (Windows 10): Executed 400 of 675[31m (2 FAILED)[39m (skipped 1) (0 secs / 9.567 secs)
WARN: 'NG0955: The provided track expression resulted in duplicated keys for a given collection. Adjust the tracking expression such that it uniquely identifies all the items in the collection. Duplicated keys were: 
key "" at index "0" and "1", 
key "" at index "1" and "2", 
key "" at index "2" and "3", 
key "" at index "3" and "4". Find more at https://v20.angular.dev/errors/NG0955'
[1A[2KWARN: [36m'NG0955: The provided track expression resulted in duplicated keys for a given collection. Adjust the tracking expression such that it uniquely identifies all the items in the collection. Duplicated keys were: 
key "" at index "0" and "1", 
key "" at index "1" and "2", 
key "" at index "2" and "3", 
key "" at index "3" and "4", 
key "" at index "4" and "5". Find more at https://v20.angular.dev/errors/NG0955'[39m
Chrome Headless 144.0.0.0 (Windows 10): Executed 400 of 675[31m (2 FAILED)[39m (skipped 1) (0 secs / 9.567 secs)
WARN: 'NG0955: The provided track expression resulted in duplicated keys for a given collection. Adjust the tracking expression such that it uniquely identifies all the items in the collection. Duplicated keys were: 
key "" at index "0" and "1", 
key "" at index "1" and "2", 
key "" at index "2" and "3", 
key "" at index "3" and "4", 
key "" at index "4" and "5". Find more at https://v20.angular.dev/errors/NG0955'
[1A[2KChrome Headless 144.0.0.0 (Windows 10): Executed 401 of 675[31m (2 FAILED)[39m (skipped 1) (0 secs / 9.588 secs)
[1A[2KWARN: [36m'NG0955: The provided track expression resulted in duplicated keys for a given collection. Adjust the tracking expression such that it uniquely identifies all the items in the collection. Duplicated keys were: 
key "" at index "0" and "1". Find more at https://v20.angular.dev/errors/NG0955'[39m
Chrome Headless 144.0.0.0 (Windows 10): Executed 401 of 675[31m (2 FAILED)[39m (skipped 1) (0 secs / 9.588 secs)
WARN: 'NG0955: The provided track expression resulted in duplicated keys for a given collection. Adjust the tracking expression such that it uniquely identifies all the items in the collection. Duplicated keys were: 
key "" at index "0" and "1". Find more at https://v20.angular.dev/errors/NG0955'
[1A[2KWARN: [36m'NG0955: The provided track expression resulted in duplicated keys for a given collection. Adjust the tracking expression such that it uniquely identifies all the items in the collection. Duplicated keys were: 
key "" at index "0" and "1", 
key "" at index "1" and "2". Find more at https://v20.angular.dev/errors/NG0955'[39m
Chrome Headless 144.0.0.0 (Windows 10): Executed 401 of 675[31m (2 FAILED)[39m (skipped 1) (0 secs / 9.588 secs)
WARN: 'NG0955: The provided track expression resulted in duplicated keys for a given collection. Adjust the tracking expression such that it uniquely identifies all the items in the collection. Duplicated keys were: 
key "" at index "0" and "1", 
key "" at index "1" and "2". Find more at https://v20.angular.dev/errors/NG0955'
[1A[2KWARN: [36m'NG0955: The provided track expression resulted in duplicated keys for a given collection. Adjust the tracking expression such that it uniquely identifies all the items in the collection. Duplicated keys were: 
key "" at index "0" and "1", 
key "" at index "1" and "2", 
key "" at index "2" and "3". Find more at https://v20.angular.dev/errors/NG0955'[39m
Chrome Headless 144.0.0.0 (Windows 10): Executed 401 of 675[31m (2 FAILED)[39m (skipped 1) (0 secs / 9.588 secs)
WARN: 'NG0955: The provided track expression resulted in duplicated keys for a given collection. Adjust the tracking expression such that it uniquely identifies all the items in the collection. Duplicated keys were: 
key "" at index "0" and "1", 
key "" at index "1" and "2", 
key "" at index "2" and "3". Find more at https://v20.angular.dev/errors/NG0955'
[1A[2KWARN: [36m'NG0955: The provided track expression resulted in duplicated keys for a given collection. Adjust the tracking expression such that it uniquely identifies all the items in the collection. Duplicated keys were: 
key "" at index "0" and "1", 
key "" at index "1" and "2", 
key "" at index "2" and "3", 
key "" at index "3" and "4". Find more at https://v20.angular.dev/errors/NG0955'[39m
Chrome Headless 144.0.0.0 (Windows 10): Executed 401 of 675[31m (2 FAILED)[39m (skipped 1) (0 secs / 9.588 secs)
WARN: 'NG0955: The provided track expression resulted in duplicated keys for a given collection. Adjust the tracking expression such that it uniquely identifies all the items in the collection. Duplicated keys were: 
key "" at index "0" and "1", 
key "" at index "1" and "2", 
key "" at index "2" and "3", 
key "" at index "3" and "4". Find more at https://v20.angular.dev/errors/NG0955'
[1A[2KWARN: [36m'NG0955: The provided track expression resulted in duplicated keys for a given collection. Adjust the tracking expression such that it uniquely identifies all the items in the collection. Duplicated keys were: 
key "" at index "0" and "1", 
key "" at index "1" and "2", 
key "" at index "2" and "3", 
key "" at index "3" and "4", 
key "" at index "4" and "5". Find more at https://v20.angular.dev/errors/NG0955'[39m
Chrome Headless 144.0.0.0 (Windows 10): Executed 401 of 675[31m (2 FAILED)[39m (skipped 1) (0 secs / 9.588 secs)
WARN: 'NG0955: The provided track expression resulted in duplicated keys for a given collection. Adjust the tracking expression such that it uniquely identifies all the items in the collection. Duplicated keys were: 
key "" at index "0" and "1", 
key "" at index "1" and "2", 
key "" at index "2" and "3", 
key "" at index "3" and "4", 
key "" at index "4" and "5". Find more at https://v20.angular.dev/errors/NG0955'
[1A[2KChrome Headless 144.0.0.0 (Windows 10): Executed 402 of 675[31m (2 FAILED)[39m (skipped 1) (0 secs / 9.605 secs)
[1A[2KWARN: [36m'NG0955: The provided track expression resulted in duplicated keys for a given collection. Adjust the tracking expression such that it uniquely identifies all the items in the collection. Duplicated keys were: 
key "" at index "0" and "1". Find more at https://v20.angular.dev/errors/NG0955'[39m
Chrome Headless 144.0.0.0 (Windows 10): Executed 402 of 675[31m (2 FAILED)[39m (skipped 1) (0 secs / 9.605 secs)
WARN: 'NG0955: The provided track expression resulted in duplicated keys for a given collection. Adjust the tracking expression such that it uniquely identifies all the items in the collection. Duplicated keys were: 
key "" at index "0" and "1". Find more at https://v20.angular.dev/errors/NG0955'
[1A[2KWARN: [36m'NG0955: The provided track expression resulted in duplicated keys for a given collection. Adjust the tracking expression such that it uniquely identifies all the items in the collection. Duplicated keys were: 
key "" at index "0" and "1", 
key "" at index "1" and "2". Find more at https://v20.angular.dev/errors/NG0955'[39m
Chrome Headless 144.0.0.0 (Windows 10): Executed 402 of 675[31m (2 FAILED)[39m (skipped 1) (0 secs / 9.605 secs)
WARN: 'NG0955: The provided track expression resulted in duplicated keys for a given collection. Adjust the tracking expression such that it uniquely identifies all the items in the collection. Duplicated keys were: 
key "" at index "0" and "1", 
key "" at index "1" and "2". Find more at https://v20.angular.dev/errors/NG0955'
[1A[2KWARN: [36m'NG0955: The provided track expression resulted in duplicated keys for a given collection. Adjust the tracking expression such that it uniquely identifies all the items in the collection. Duplicated keys were: 
key "" at index "0" and "1", 
key "" at index "1" and "2", 
key "" at index "2" and "3". Find more at https://v20.angular.dev/errors/NG0955'[39m
Chrome Headless 144.0.0.0 (Windows 10): Executed 402 of 675[31m (2 FAILED)[39m (skipped 1) (0 secs / 9.605 secs)
WARN: 'NG0955: The provided track expression resulted in duplicated keys for a given collection. Adjust the tracking expression such that it uniquely identifies all the items in the collection. Duplicated keys were: 
key "" at index "0" and "1", 
key "" at index "1" and "2", 
key "" at index "2" and "3". Find more at https://v20.angular.dev/errors/NG0955'
[1A[2KWARN: [36m'NG0955: The provided track expression resulted in duplicated keys for a given collection. Adjust the tracking expression such that it uniquely identifies all the items in the collection. Duplicated keys were: 
key "" at index "0" and "1", 
key "" at index "1" and "2", 
key "" at index "2" and "3", 
key "" at index "3" and "4". Find more at https://v20.angular.dev/errors/NG0955'[39m
Chrome Headless 144.0.0.0 (Windows 10): Executed 402 of 675[31m (2 FAILED)[39m (skipped 1) (0 secs / 9.605 secs)
WARN: 'NG0955: The provided track expression resulted in duplicated keys for a given collection. Adjust the tracking expression such that it uniquely identifies all the items in the collection. Duplicated keys were: 
key "" at index "0" and "1", 
key "" at index "1" and "2", 
key "" at index "2" and "3", 
key "" at index "3" and "4". Find more at https://v20.angular.dev/errors/NG0955'
[1A[2KWARN: [36m'NG0955: The provided track expression resulted in duplicated keys for a given collection. Adjust the tracking expression such that it uniquely identifies all the items in the collection. Duplicated keys were: 
key "" at index "0" and "1", 
key "" at index "1" and "2", 
key "" at index "2" and "3", 
key "" at index "3" and "4", 
key "" at index "4" and "5". Find more at https://v20.angular.dev/errors/NG0955'[39m
Chrome Headless 144.0.0.0 (Windows 10): Executed 402 of 675[31m (2 FAILED)[39m (skipped 1) (0 secs / 9.605 secs)
WARN: 'NG0955: The provided track expression resulted in duplicated keys for a given collection. Adjust the tracking expression such that it uniquely identifies all the items in the collection. Duplicated keys were: 
key "" at index "0" and "1", 
key "" at index "1" and "2", 
key "" at index "2" and "3", 
key "" at index "3" and "4", 
key "" at index "4" and "5". Find more at https://v20.angular.dev/errors/NG0955'
[1A[2KChrome Headless 144.0.0.0 (Windows 10): Executed 403 of 675[31m (2 FAILED)[39m (skipped 1) (0 secs / 9.621 secs)
[1A[2KWARN: [36m'NG0955: The provided track expression resulted in duplicated keys for a given collection. Adjust the tracking expression such that it uniquely identifies all the items in the collection. Duplicated keys were: 
key "" at index "0" and "1". Find more at https://v20.angular.dev/errors/NG0955'[39m
Chrome Headless 144.0.0.0 (Windows 10): Executed 403 of 675[31m (2 FAILED)[39m (skipped 1) (0 secs / 9.621 secs)
WARN: 'NG0955: The provided track expression resulted in duplicated keys for a given collection. Adjust the tracking expression such that it uniquely identifies all the items in the collection. Duplicated keys were: 
key "" at index "0" and "1". Find more at https://v20.angular.dev/errors/NG0955'
[1A[2KWARN: [36m'NG0955: The provided track expression resulted in duplicated keys for a given collection. Adjust the tracking expression such that it uniquely identifies all the items in the collection. Duplicated keys were: 
key "" at index "0" and "1", 
key "" at index "1" and "2". Find more at https://v20.angular.dev/errors/NG0955'[39m
Chrome Headless 144.0.0.0 (Windows 10): Executed 403 of 675[31m (2 FAILED)[39m (skipped 1) (0 secs / 9.621 secs)
WARN: 'NG0955: The provided track expression resulted in duplicated keys for a given collection. Adjust the tracking expression such that it uniquely identifies all the items in the collection. Duplicated keys were: 
key "" at index "0" and "1", 
key "" at index "1" and "2". Find more at https://v20.angular.dev/errors/NG0955'
[1A[2KWARN: [36m'NG0955: The provided track expression resulted in duplicated keys for a given collection. Adjust the tracking expression such that it uniquely identifies all the items in the collection. Duplicated keys were: 
key "" at index "0" and "1", 
key "" at index "1" and "2", 
key "" at index "2" and "3". Find more at https://v20.angular.dev/errors/NG0955'[39m
Chrome Headless 144.0.0.0 (Windows 10): Executed 403 of 675[31m (2 FAILED)[39m (skipped 1) (0 secs / 9.621 secs)
WARN: 'NG0955: The provided track expression resulted in duplicated keys for a given collection. Adjust the tracking expression such that it uniquely identifies all the items in the collection. Duplicated keys were: 
key "" at index "0" and "1", 
key "" at index "1" and "2", 
key "" at index "2" and "3". Find more at https://v20.angular.dev/errors/NG0955'
[1A[2KWARN: [36m'NG0955: The provided track expression resulted in duplicated keys for a given collection. Adjust the tracking expression such that it uniquely identifies all the items in the collection. Duplicated keys were: 
key "" at index "0" and "1", 
key "" at index "1" and "2", 
key "" at index "2" and "3", 
key "" at index "3" and "4". Find more at https://v20.angular.dev/errors/NG0955'[39m
Chrome Headless 144.0.0.0 (Windows 10): Executed 403 of 675[31m (2 FAILED)[39m (skipped 1) (0 secs / 9.621 secs)
WARN: 'NG0955: The provided track expression resulted in duplicated keys for a given collection. Adjust the tracking expression such that it uniquely identifies all the items in the collection. Duplicated keys were: 
key "" at index "0" and "1", 
key "" at index "1" and "2", 
key "" at index "2" and "3", 
key "" at index "3" and "4". Find more at https://v20.angular.dev/errors/NG0955'
[1A[2KWARN: [36m'NG0955: The provided track expression resulted in duplicated keys for a given collection. Adjust the tracking expression such that it uniquely identifies all the items in the collection. Duplicated keys were: 
key "" at index "0" and "1", 
key "" at index "1" and "2", 
key "" at index "2" and "3", 
key "" at index "3" and "4", 
key "" at index "4" and "5". Find more at https://v20.angular.dev/errors/NG0955'[39m
Chrome Headless 144.0.0.0 (Windows 10): Executed 403 of 675[31m (2 FAILED)[39m (skipped 1) (0 secs / 9.621 secs)
WARN: 'NG0955: The provided track expression resulted in duplicated keys for a given collection. Adjust the tracking expression such that it uniquely identifies all the items in the collection. Duplicated keys were: 
key "" at index "0" and "1", 
key "" at index "1" and "2", 
key "" at index "2" and "3", 
key "" at index "3" and "4", 
key "" at index "4" and "5". Find more at https://v20.angular.dev/errors/NG0955'
[1A[2KChrome Headless 144.0.0.0 (Windows 10): Executed 404 of 675[31m (2 FAILED)[39m (skipped 1) (0 secs / 9.638 secs)
[1A[2KWARN: [36m'NG0955: The provided track expression resulted in duplicated keys for a given collection. Adjust the tracking expression such that it uniquely identifies all the items in the collection. Duplicated keys were: 
key "" at index "0" and "1". Find more at https://v20.angular.dev/errors/NG0955'[39m
Chrome Headless 144.0.0.0 (Windows 10): Executed 404 of 675[31m (2 FAILED)[39m (skipped 1) (0 secs / 9.638 secs)
WARN: 'NG0955: The provided track expression resulted in duplicated keys for a given collection. Adjust the tracking expression such that it uniquely identifies all the items in the collection. Duplicated keys were: 
key "" at index "0" and "1". Find more at https://v20.angular.dev/errors/NG0955'
[1A[2KWARN: [36m'NG0955: The provided track expression resulted in duplicated keys for a given collection. Adjust the tracking expression such that it uniquely identifies all the items in the collection. Duplicated keys were: 
key "" at index "0" and "1", 
key "" at index "1" and "2". Find more at https://v20.angular.dev/errors/NG0955'[39m
Chrome Headless 144.0.0.0 (Windows 10): Executed 404 of 675[31m (2 FAILED)[39m (skipped 1) (0 secs / 9.638 secs)
WARN: 'NG0955: The provided track expression resulted in duplicated keys for a given collection. Adjust the tracking expression such that it uniquely identifies all the items in the collection. Duplicated keys were: 
key "" at index "0" and "1", 
key "" at index "1" and "2". Find more at https://v20.angular.dev/errors/NG0955'
[1A[2KWARN: [36m'NG0955: The provided track expression resulted in duplicated keys for a given collection. Adjust the tracking expression such that it uniquely identifies all the items in the collection. Duplicated keys were: 
key "" at index "0" and "1", 
key "" at index "1" and "2", 
key "" at index "2" and "3". Find more at https://v20.angular.dev/errors/NG0955'[39m
Chrome Headless 144.0.0.0 (Windows 10): Executed 404 of 675[31m (2 FAILED)[39m (skipped 1) (0 secs / 9.638 secs)
WARN: 'NG0955: The provided track expression resulted in duplicated keys for a given collection. Adjust the tracking expression such that it uniquely identifies all the items in the collection. Duplicated keys were: 
key "" at index "0" and "1", 
key "" at index "1" and "2", 
key "" at index "2" and "3". Find more at https://v20.angular.dev/errors/NG0955'
[1A[2KWARN: [36m'NG0955: The provided track expression resulted in duplicated keys for a given collection. Adjust the tracking expression such that it uniquely identifies all the items in the collection. Duplicated keys were: 
key "" at index "0" and "1", 
key "" at index "1" and "2", 
key "" at index "2" and "3", 
key "" at index "3" and "4". Find more at https://v20.angular.dev/errors/NG0955'[39m
Chrome Headless 144.0.0.0 (Windows 10): Executed 404 of 675[31m (2 FAILED)[39m (skipped 1) (0 secs / 9.638 secs)
WARN: 'NG0955: The provided track expression resulted in duplicated keys for a given collection. Adjust the tracking expression such that it uniquely identifies all the items in the collection. Duplicated keys were: 
key "" at index "0" and "1", 
key "" at index "1" and "2", 
key "" at index "2" and "3", 
key "" at index "3" and "4". Find more at https://v20.angular.dev/errors/NG0955'
[1A[2KWARN: [36m'NG0955: The provided track expression resulted in duplicated keys for a given collection. Adjust the tracking expression such that it uniquely identifies all the items in the collection. Duplicated keys were: 
key "" at index "0" and "1", 
key "" at index "1" and "2", 
key "" at index "2" and "3", 
key "" at index "3" and "4", 
key "" at index "4" and "5". Find more at https://v20.angular.dev/errors/NG0955'[39m
Chrome Headless 144.0.0.0 (Windows 10): Executed 404 of 675[31m (2 FAILED)[39m (skipped 1) (0 secs / 9.638 secs)
WARN: 'NG0955: The provided track expression resulted in duplicated keys for a given collection. Adjust the tracking expression such that it uniquely identifies all the items in the collection. Duplicated keys were: 
key "" at index "0" and "1", 
key "" at index "1" and "2", 
key "" at index "2" and "3", 
key "" at index "3" and "4", 
key "" at index "4" and "5". Find more at https://v20.angular.dev/errors/NG0955'
[1A[2KChrome Headless 144.0.0.0 (Windows 10): Executed 405 of 675[31m (2 FAILED)[39m (skipped 1) (0 secs / 9.654 secs)
[1A[2KChrome Headless 144.0.0.0 (Windows 10): Executed 406 of 675[31m (2 FAILED)[39m (skipped 1) (0 secs / 9.673 secs)
[1A[2KChrome Headless 144.0.0.0 (Windows 10): Executed 407 of 675[31m (2 FAILED)[39m (skipped 1) (0 secs / 9.709 secs)
[1A[2KChrome Headless 144.0.0.0 (Windows 10): Executed 408 of 675[31m (2 FAILED)[39m (skipped 1) (0 secs / 9.754 secs)
[1A[2KChrome Headless 144.0.0.0 (Windows 10): Executed 409 of 675[31m (2 FAILED)[39m (skipped 1) (0 secs / 9.791 secs)
[1A[2KChrome Headless 144.0.0.0 (Windows 10): Executed 410 of 675[31m (2 FAILED)[39m (skipped 1) (0 secs / 9.818 secs)
[1A[2KChrome Headless 144.0.0.0 (Windows 10): Executed 411 of 675[31m (2 FAILED)[39m (skipped 1) (0 secs / 9.847 secs)
[1A[2KChrome Headless 144.0.0.0 (Windows 10): Executed 412 of 675[31m (2 FAILED)[39m (skipped 1) (0 secs / 9.885 secs)
[1A[2KChrome Headless 144.0.0.0 (Windows 10): Executed 413 of 675[31m (2 FAILED)[39m (skipped 1) (0 secs / 9.912 secs)
[1A[2KChrome Headless 144.0.0.0 (Windows 10): Executed 414 of 675[31m (2 FAILED)[39m (skipped 1) (0 secs / 9.939 secs)
[1A[2KChrome Headless 144.0.0.0 (Windows 10): Executed 415 of 675[31m (2 FAILED)[39m (skipped 1) (0 secs / 9.966 secs)
[1A[2KChrome Headless 144.0.0.0 (Windows 10): Executed 416 of 675[31m (2 FAILED)[39m (skipped 1) (0 secs / 9.991 secs)
[1A[2KChrome Headless 144.0.0.0 (Windows 10): Executed 417 of 675[31m (2 FAILED)[39m (skipped 1) (0 secs / 10.017 secs)
[1A[2KChrome Headless 144.0.0.0 (Windows 10): Executed 418 of 675[31m (2 FAILED)[39m (skipped 1) (0 secs / 10.051 secs)
[1A[2KChrome Headless 144.0.0.0 (Windows 10): Executed 419 of 675[31m (2 FAILED)[39m (skipped 1) (0 secs / 10.079 secs)
[1A[2KChrome Headless 144.0.0.0 (Windows 10): Executed 420 of 675[31m (2 FAILED)[39m (skipped 1) (0 secs / 10.082 secs)
[1A[2KChrome Headless 144.0.0.0 (Windows 10): Executed 421 of 675[31m (2 FAILED)[39m (skipped 1) (0 secs / 10.083 secs)
[1A[2K[31mChrome Headless 144.0.0.0 (Windows 10) ContactComponent should store the captcha and the captchaId on getting new captcha FAILED[39m
	Error: NG01352: If ngModel is used within a form tag, either the name attribute must be set or the form
	    control must be defined as 'standalone' in ngModelOptions.
	
	    Example 1: <input [(ngModel)]="person.firstName" name="first">
	    Example 2: <input [(ngModel)]="person.firstName" [ngModelOptions]="{standalone: true}">
	error properties: Object({ code: 1352 })
	Error: NG01352: If ngModel is used within a form tag, either the name attribute must be set or the form
	    control must be defined as 'standalone' in ngModelOptions.
	    Example 1: <input [(ngModel)]="person.firstName" name="first">
	    Example 2: <input [(ngModel)]="person.firstName" [ngModelOptions]="{standalone: true}">
	    at missingNameException (node_modules/@angular/forms/fesm2022/forms.mjs:4047:12)
	    at NgModel._checkName (node_modules/@angular/forms/fesm2022/forms.mjs:4406:19)
	    at NgModel._checkForErrors (node_modules/@angular/forms/fesm2022/forms.mjs:4400:14)
	    at NgModel.ngOnChanges (node_modules/@angular/forms/fesm2022/forms.mjs:4327:14)
	    at NgModel.call (node_modules/@angular/core/fesm2022/debug_node.mjs:594:14)
	    at callHookInternal (node_modules/@angular/core/fesm2022/debug_node.mjs:860:14)
	    at callHook (node_modules/@angular/core/fesm2022/debug_node.mjs:891:9)
	    at callHooks (node_modules/@angular/core/fesm2022/debug_node.mjs:841:17)
	    at executeInitAndCheckHooks (node_modules/@angular/core/fesm2022/debug_node.mjs:791:9)
	    at selectIndexInternal (node_modules/@angular/core/fesm2022/debug_node.mjs:7186:17)
Chrome Headless 144.0.0.0 (Windows 10): Executed 422 of 675[31m (3 FAILED)[39m (skipped 1) (0 secs / 10.105 secs)
Chrome Headless 144.0.0.0 (Windows 10) ContactComponent should store the captcha and the captchaId on getting new captcha FAILED
	Error: NG01352: If ngModel is used within a form tag, either the name attribute must be set or the form
	    control must be defined as 'standalone' in ngModelOptions.
	
	    Example 1: <input [(ngModel)]="person.firstName" name="first">
	    Example 2: <input [(ngModel)]="person.firstName" [ngModelOptions]="{standalone: true}">
	error properties: Object({ code: 1352 })
	Error: NG01352: If ngModel is used within a form tag, either the name attribute must be set or the form
	    control must be defined as 'standalone' in ngModelOptions.
	    Example 1: <input [(ngModel)]="person.firstName" name="first">
	    Example 2: <input [(ngModel)]="person.firstName" [ngModelOptions]="{standalone: true}">
	    at missingNameException (node_modules/@angular/forms/fesm2022/forms.mjs:4047:12)
	    at NgModel._checkName (node_modules/@angular/forms/fesm2022/forms.mjs:4406:19)
	    at NgModel._checkForErrors (node_modules/@angular/forms/fesm2022/forms.mjs:4400:14)
	    at NgModel.ngOnChanges (node_modules/@angular/forms/fesm2022/forms.mjs:4327:14)
	    at NgModel.call (node_modules/@angular/core/fesm2022/debug_node.mjs:594:14)
	    at callHookInternal (node_modules/@angular/core/fesm2022/debug_node.mjs:860:14)
	    at callHook (node_modules/@angular/core/fesm2022/debug_node.mjs:891:9)
	    at callHooks (node_modules/@angular/core/fesm2022/debug_node.mjs:841:17)
	    at executeInitAndCheckHooks (node_modules/@angular/core/fesm2022/debug_node.mjs:791:9)
	    at selectIndexInternal (node_modules/@angular/core/fesm2022/debug_node.mjs:7186:17)
[1A[2K[31mChrome Headless 144.0.0.0 (Windows 10) ContactComponent should hold the user id of the currently logged in user FAILED[39m
	Error: NG01352: If ngModel is used within a form tag, either the name attribute must be set or the form
	    control must be defined as 'standalone' in ngModelOptions.
	
	    Example 1: <input [(ngModel)]="person.firstName" name="first">
	    Example 2: <input [(ngModel)]="person.firstName" [ngModelOptions]="{standalone: true}">
	error properties: Object({ code: 1352 })
	Error: NG01352: If ngModel is used within a form tag, either the name attribute must be set or the form
	    control must be defined as 'standalone' in ngModelOptions.
	    Example 1: <input [(ngModel)]="person.firstName" name="first">
	    Example 2: <input [(ngModel)]="person.firstName" [ngModelOptions]="{standalone: true}">
	    at missingNameException (node_modules/@angular/forms/fesm2022/forms.mjs:4047:12)
	    at NgModel._checkName (node_modules/@angular/forms/fesm2022/forms.mjs:4406:19)
	    at NgModel._checkForErrors (node_modules/@angular/forms/fesm2022/forms.mjs:4400:14)
	    at NgModel.ngOnChanges (node_modules/@angular/forms/fesm2022/forms.mjs:4327:14)
	    at NgModel.call (node_modules/@angular/core/fesm2022/debug_node.mjs:594:14)
	    at callHookInternal (node_modules/@angular/core/fesm2022/debug_node.mjs:860:14)
	    at callHook (node_modules/@angular/core/fesm2022/debug_node.mjs:891:9)
	    at callHooks (node_modules/@angular/core/fesm2022/debug_node.mjs:841:17)
	    at executeInitAndCheckHooks (node_modules/@angular/core/fesm2022/debug_node.mjs:791:9)
	    at selectIndexInternal (node_modules/@angular/core/fesm2022/debug_node.mjs:7186:17)
Chrome Headless 144.0.0.0 (Windows 10): Executed 423 of 675[31m (4 FAILED)[39m (skipped 1) (0 secs / 10.118 secs)
Chrome Headless 144.0.0.0 (Windows 10) ContactComponent should hold the user id of the currently logged in user FAILED
	Error: NG01352: If ngModel is used within a form tag, either the name attribute must be set or the form
	    control must be defined as 'standalone' in ngModelOptions.
	
	    Example 1: <input [(ngModel)]="person.firstName" name="first">
	    Example 2: <input [(ngModel)]="person.firstName" [ngModelOptions]="{standalone: true}">
	error properties: Object({ code: 1352 })
	Error: NG01352: If ngModel is used within a form tag, either the name attribute must be set or the form
	    control must be defined as 'standalone' in ngModelOptions.
	    Example 1: <input [(ngModel)]="person.firstName" name="first">
	    Example 2: <input [(ngModel)]="person.firstName" [ngModelOptions]="{standalone: true}">
	    at missingNameException (node_modules/@angular/forms/fesm2022/forms.mjs:4047:12)
	    at NgModel._checkName (node_modules/@angular/forms/fesm2022/forms.mjs:4406:19)
	    at NgModel._checkForErrors (node_modules/@angular/forms/fesm2022/forms.mjs:4400:14)
	    at NgModel.ngOnChanges (node_modules/@angular/forms/fesm2022/forms.mjs:4327:14)
	    at NgModel.call (node_modules/@angular/core/fesm2022/debug_node.mjs:594:14)
	    at callHookInternal (node_modules/@angular/core/fesm2022/debug_node.mjs:860:14)
	    at callHook (node_modules/@angular/core/fesm2022/debug_node.mjs:891:9)
	    at callHooks (node_modules/@angular/core/fesm2022/debug_node.mjs:841:17)
	    at executeInitAndCheckHooks (node_modules/@angular/core/fesm2022/debug_node.mjs:791:9)
	    at selectIndexInternal (node_modules/@angular/core/fesm2022/debug_node.mjs:7186:17)
[1A[2K[31mChrome Headless 144.0.0.0 (Windows 10) ContactComponent author formControl should be disabled FAILED[39m
	Error: NG01352: If ngModel is used within a form tag, either the name attribute must be set or the form
	    control must be defined as 'standalone' in ngModelOptions.
	
	    Example 1: <input [(ngModel)]="person.firstName" name="first">
	    Example 2: <input [(ngModel)]="person.firstName" [ngModelOptions]="{standalone: true}">
	error properties: Object({ code: 1352 })
	Error: NG01352: If ngModel is used within a form tag, either the name attribute must be set or the form
	    control must be defined as 'standalone' in ngModelOptions.
	    Example 1: <input [(ngModel)]="person.firstName" name="first">
	    Example 2: <input [(ngModel)]="person.firstName" [ngModelOptions]="{standalone: true}">
	    at missingNameException (node_modules/@angular/forms/fesm2022/forms.mjs:4047:12)
	    at NgModel._checkName (node_modules/@angular/forms/fesm2022/forms.mjs:4406:19)
	    at NgModel._checkForErrors (node_modules/@angular/forms/fesm2022/forms.mjs:4400:14)
	    at NgModel.ngOnChanges (node_modules/@angular/forms/fesm2022/forms.mjs:4327:14)
	    at NgModel.call (node_modules/@angular/core/fesm2022/debug_node.mjs:594:14)
	    at callHookInternal (node_modules/@angular/core/fesm2022/debug_node.mjs:860:14)
	    at callHook (node_modules/@angular/core/fesm2022/debug_node.mjs:891:9)
	    at callHooks (node_modules/@angular/core/fesm2022/debug_node.mjs:841:17)
	    at executeInitAndCheckHooks (node_modules/@angular/core/fesm2022/debug_node.mjs:791:9)
	    at selectIndexInternal (node_modules/@angular/core/fesm2022/debug_node.mjs:7186:17)
Chrome Headless 144.0.0.0 (Windows 10): Executed 424 of 675[31m (5 FAILED)[39m (skipped 1) (0 secs / 10.129 secs)
Chrome Headless 144.0.0.0 (Windows 10) ContactComponent author formControl should be disabled FAILED
	Error: NG01352: If ngModel is used within a form tag, either the name attribute must be set or the form
	    control must be defined as 'standalone' in ngModelOptions.
	
	    Example 1: <input [(ngModel)]="person.firstName" name="first">
	    Example 2: <input [(ngModel)]="person.firstName" [ngModelOptions]="{standalone: true}">
	error properties: Object({ code: 1352 })
	Error: NG01352: If ngModel is used within a form tag, either the name attribute must be set or the form
	    control must be defined as 'standalone' in ngModelOptions.
	    Example 1: <input [(ngModel)]="person.firstName" name="first">
	    Example 2: <input [(ngModel)]="person.firstName" [ngModelOptions]="{standalone: true}">
	    at missingNameException (node_modules/@angular/forms/fesm2022/forms.mjs:4047:12)
	    at NgModel._checkName (node_modules/@angular/forms/fesm2022/forms.mjs:4406:19)
	    at NgModel._checkForErrors (node_modules/@angular/forms/fesm2022/forms.mjs:4400:14)
	    at NgModel.ngOnChanges (node_modules/@angular/forms/fesm2022/forms.mjs:4327:14)
	    at NgModel.call (node_modules/@angular/core/fesm2022/debug_node.mjs:594:14)
	    at callHookInternal (node_modules/@angular/core/fesm2022/debug_node.mjs:860:14)
	    at callHook (node_modules/@angular/core/fesm2022/debug_node.mjs:891:9)
	    at callHooks (node_modules/@angular/core/fesm2022/debug_node.mjs:841:17)
	    at executeInitAndCheckHooks (node_modules/@angular/core/fesm2022/debug_node.mjs:791:9)
	    at selectIndexInternal (node_modules/@angular/core/fesm2022/debug_node.mjs:7186:17)
[1A[2K[31mChrome Headless 144.0.0.0 (Windows 10) ContactComponent should be compulsory to answer the captcha FAILED[39m
	Error: NG01352: If ngModel is used within a form tag, either the name attribute must be set or the form
	    control must be defined as 'standalone' in ngModelOptions.
	
	    Example 1: <input [(ngModel)]="person.firstName" name="first">
	    Example 2: <input [(ngModel)]="person.firstName" [ngModelOptions]="{standalone: true}">
	error properties: Object({ code: 1352 })
	Error: NG01352: If ngModel is used within a form tag, either the name attribute must be set or the form
	    control must be defined as 'standalone' in ngModelOptions.
	    Example 1: <input [(ngModel)]="person.firstName" name="first">
	    Example 2: <input [(ngModel)]="person.firstName" [ngModelOptions]="{standalone: true}">
	    at missingNameException (node_modules/@angular/forms/fesm2022/forms.mjs:4047:12)
	    at NgModel._checkName (node_modules/@angular/forms/fesm2022/forms.mjs:4406:19)
	    at NgModel._checkForErrors (node_modules/@angular/forms/fesm2022/forms.mjs:4400:14)
	    at NgModel.ngOnChanges (node_modules/@angular/forms/fesm2022/forms.mjs:4327:14)
	    at NgModel.call (node_modules/@angular/core/fesm2022/debug_node.mjs:594:14)
	    at callHookInternal (node_modules/@angular/core/fesm2022/debug_node.mjs:860:14)
	    at callHook (node_modules/@angular/core/fesm2022/debug_node.mjs:891:9)
	    at callHooks (node_modules/@angular/core/fesm2022/debug_node.mjs:841:17)
	    at executeInitAndCheckHooks (node_modules/@angular/core/fesm2022/debug_node.mjs:791:9)
	    at selectIndexInternal (node_modules/@angular/core/fesm2022/debug_node.mjs:7186:17)
Chrome Headless 144.0.0.0 (Windows 10): Executed 425 of 675[31m (6 FAILED)[39m (skipped 1) (0 secs / 10.139 secs)
Chrome Headless 144.0.0.0 (Windows 10) ContactComponent should be compulsory to answer the captcha FAILED
	Error: NG01352: If ngModel is used within a form tag, either the name attribute must be set or the form
	    control must be defined as 'standalone' in ngModelOptions.
	
	    Example 1: <input [(ngModel)]="person.firstName" name="first">
	    Example 2: <input [(ngModel)]="person.firstName" [ngModelOptions]="{standalone: true}">
	error properties: Object({ code: 1352 })
	Error: NG01352: If ngModel is used within a form tag, either the name attribute must be set or the form
	    control must be defined as 'standalone' in ngModelOptions.
	    Example 1: <input [(ngModel)]="person.firstName" name="first">
	    Example 2: <input [(ngModel)]="person.firstName" [ngModelOptions]="{standalone: true}">
	    at missingNameException (node_modules/@angular/forms/fesm2022/forms.mjs:4047:12)
	    at NgModel._checkName (node_modules/@angular/forms/fesm2022/forms.mjs:4406:19)
	    at NgModel._checkForErrors (node_modules/@angular/forms/fesm2022/forms.mjs:4400:14)
	    at NgModel.ngOnChanges (node_modules/@angular/forms/fesm2022/forms.mjs:4327:14)
	    at NgModel.call (node_modules/@angular/core/fesm2022/debug_node.mjs:594:14)
	    at callHookInternal (node_modules/@angular/core/fesm2022/debug_node.mjs:860:14)
	    at callHook (node_modules/@angular/core/fesm2022/debug_node.mjs:891:9)
	    at callHooks (node_modules/@angular/core/fesm2022/debug_node.mjs:841:17)
	    at executeInitAndCheckHooks (node_modules/@angular/core/fesm2022/debug_node.mjs:791:9)
	    at selectIndexInternal (node_modules/@angular/core/fesm2022/debug_node.mjs:7186:17)
[1A[2K[31mChrome Headless 144.0.0.0 (Windows 10) ContactComponent should hold no user id if current user is not logged in FAILED[39m
	Error: NG01352: If ngModel is used within a form tag, either the name attribute must be set or the form
	    control must be defined as 'standalone' in ngModelOptions.
	
	    Example 1: <input [(ngModel)]="person.firstName" name="first">
	    Example 2: <input [(ngModel)]="person.firstName" [ngModelOptions]="{standalone: true}">
	error properties: Object({ code: 1352 })
	Error: NG01352: If ngModel is used within a form tag, either the name attribute must be set or the form
	    control must be defined as 'standalone' in ngModelOptions.
	    Example 1: <input [(ngModel)]="person.firstName" name="first">
	    Example 2: <input [(ngModel)]="person.firstName" [ngModelOptions]="{standalone: true}">
	    at missingNameException (node_modules/@angular/forms/fesm2022/forms.mjs:4047:12)
	    at NgModel._checkName (node_modules/@angular/forms/fesm2022/forms.mjs:4406:19)
	    at NgModel._checkForErrors (node_modules/@angular/forms/fesm2022/forms.mjs:4400:14)
	    at NgModel.ngOnChanges (node_modules/@angular/forms/fesm2022/forms.mjs:4327:14)
	    at NgModel.call (node_modules/@angular/core/fesm2022/debug_node.mjs:594:14)
	    at callHookInternal (node_modules/@angular/core/fesm2022/debug_node.mjs:860:14)
	    at callHook (node_modules/@angular/core/fesm2022/debug_node.mjs:891:9)
	    at callHooks (node_modules/@angular/core/fesm2022/debug_node.mjs:841:17)
	    at executeInitAndCheckHooks (node_modules/@angular/core/fesm2022/debug_node.mjs:791:9)
	    at selectIndexInternal (node_modules/@angular/core/fesm2022/debug_node.mjs:7186:17)
Chrome Headless 144.0.0.0 (Windows 10): Executed 426 of 675[31m (7 FAILED)[39m (skipped 1) (0 secs / 10.153 secs)
Chrome Headless 144.0.0.0 (Windows 10) ContactComponent should hold no user id if current user is not logged in FAILED
	Error: NG01352: If ngModel is used within a form tag, either the name attribute must be set or the form
	    control must be defined as 'standalone' in ngModelOptions.
	
	    Example 1: <input [(ngModel)]="person.firstName" name="first">
	    Example 2: <input [(ngModel)]="person.firstName" [ngModelOptions]="{standalone: true}">
	error properties: Object({ code: 1352 })
	Error: NG01352: If ngModel is used within a form tag, either the name attribute must be set or the form
	    control must be defined as 'standalone' in ngModelOptions.
	    Example 1: <input [(ngModel)]="person.firstName" name="first">
	    Example 2: <input [(ngModel)]="person.firstName" [ngModelOptions]="{standalone: true}">
	    at missingNameException (node_modules/@angular/forms/fesm2022/forms.mjs:4047:12)
	    at NgModel._checkName (node_modules/@angular/forms/fesm2022/forms.mjs:4406:19)
	    at NgModel._checkForErrors (node_modules/@angular/forms/fesm2022/forms.mjs:4400:14)
	    at NgModel.ngOnChanges (node_modules/@angular/forms/fesm2022/forms.mjs:4327:14)
	    at NgModel.call (node_modules/@angular/core/fesm2022/debug_node.mjs:594:14)
	    at callHookInternal (node_modules/@angular/core/fesm2022/debug_node.mjs:860:14)
	    at callHook (node_modules/@angular/core/fesm2022/debug_node.mjs:891:9)
	    at callHooks (node_modules/@angular/core/fesm2022/debug_node.mjs:841:17)
	    at executeInitAndCheckHooks (node_modules/@angular/core/fesm2022/debug_node.mjs:791:9)
	    at selectIndexInternal (node_modules/@angular/core/fesm2022/debug_node.mjs:7186:17)
[1A[2K[31mChrome Headless 144.0.0.0 (Windows 10) ContactComponent should create FAILED[39m
	Error: NG01352: If ngModel is used within a form tag, either the name attribute must be set or the form
	    control must be defined as 'standalone' in ngModelOptions.
	
	    Example 1: <input [(ngModel)]="person.firstName" name="first">
	    Example 2: <input [(ngModel)]="person.firstName" [ngModelOptions]="{standalone: true}">
	error properties: Object({ code: 1352 })
	Error: NG01352: If ngModel is used within a form tag, either the name attribute must be set or the form
	    control must be defined as 'standalone' in ngModelOptions.
	    Example 1: <input [(ngModel)]="person.firstName" name="first">
	    Example 2: <input [(ngModel)]="person.firstName" [ngModelOptions]="{standalone: true}">
	    at missingNameException (node_modules/@angular/forms/fesm2022/forms.mjs:4047:12)
	    at NgModel._checkName (node_modules/@angular/forms/fesm2022/forms.mjs:4406:19)
	    at NgModel._checkForErrors (node_modules/@angular/forms/fesm2022/forms.mjs:4400:14)
	    at NgModel.ngOnChanges (node_modules/@angular/forms/fesm2022/forms.mjs:4327:14)
	    at NgModel.call (node_modules/@angular/core/fesm2022/debug_node.mjs:594:14)
	    at callHookInternal (node_modules/@angular/core/fesm2022/debug_node.mjs:860:14)
	    at callHook (node_modules/@angular/core/fesm2022/debug_node.mjs:891:9)
	    at callHooks (node_modules/@angular/core/fesm2022/debug_node.mjs:841:17)
	    at executeInitAndCheckHooks (node_modules/@angular/core/fesm2022/debug_node.mjs:791:9)
	    at selectIndexInternal (node_modules/@angular/core/fesm2022/debug_node.mjs:7186:17)
Chrome Headless 144.0.0.0 (Windows 10): Executed 427 of 675[31m (8 FAILED)[39m (skipped 1) (0 secs / 10.167 secs)
Chrome Headless 144.0.0.0 (Windows 10) ContactComponent should create FAILED
	Error: NG01352: If ngModel is used within a form tag, either the name attribute must be set or the form
	    control must be defined as 'standalone' in ngModelOptions.
	
	    Example 1: <input [(ngModel)]="person.firstName" name="first">
	    Example 2: <input [(ngModel)]="person.firstName" [ngModelOptions]="{standalone: true}">
	error properties: Object({ code: 1352 })
	Error: NG01352: If ngModel is used within a form tag, either the name attribute must be set or the form
	    control must be defined as 'standalone' in ngModelOptions.
	    Example 1: <input [(ngModel)]="person.firstName" name="first">
	    Example 2: <input [(ngModel)]="person.firstName" [ngModelOptions]="{standalone: true}">
	    at missingNameException (node_modules/@angular/forms/fesm2022/forms.mjs:4047:12)
	    at NgModel._checkName (node_modules/@angular/forms/fesm2022/forms.mjs:4406:19)
	    at NgModel._checkForErrors (node_modules/@angular/forms/fesm2022/forms.mjs:4400:14)
	    at NgModel.ngOnChanges (node_modules/@angular/forms/fesm2022/forms.mjs:4327:14)
	    at NgModel.call (node_modules/@angular/core/fesm2022/debug_node.mjs:594:14)
	    at callHookInternal (node_modules/@angular/core/fesm2022/debug_node.mjs:860:14)
	    at callHook (node_modules/@angular/core/fesm2022/debug_node.mjs:891:9)
	    at callHooks (node_modules/@angular/core/fesm2022/debug_node.mjs:841:17)
	    at executeInitAndCheckHooks (node_modules/@angular/core/fesm2022/debug_node.mjs:791:9)
	    at selectIndexInternal (node_modules/@angular/core/fesm2022/debug_node.mjs:7186:17)
[1A[2K[31mChrome Headless 144.0.0.0 (Windows 10) ContactComponent should clear the feedback object if saving feedback fails FAILED[39m
	Error: NG01352: If ngModel is used within a form tag, either the name attribute must be set or the form
	    control must be defined as 'standalone' in ngModelOptions.
	
	    Example 1: <input [(ngModel)]="person.firstName" name="first">
	    Example 2: <input [(ngModel)]="person.firstName" [ngModelOptions]="{standalone: true}">
	error properties: Object({ code: 1352 })
	Error: NG01352: If ngModel is used within a form tag, either the name attribute must be set or the form
	    control must be defined as 'standalone' in ngModelOptions.
	    Example 1: <input [(ngModel)]="person.firstName" name="first">
	    Example 2: <input [(ngModel)]="person.firstName" [ngModelOptions]="{standalone: true}">
	    at missingNameException (node_modules/@angular/forms/fesm2022/forms.mjs:4047:12)
	    at NgModel._checkName (node_modules/@angular/forms/fesm2022/forms.mjs:4406:19)
	    at NgModel._checkForErrors (node_modules/@angular/forms/fesm2022/forms.mjs:4400:14)
	    at NgModel.ngOnChanges (node_modules/@angular/forms/fesm2022/forms.mjs:4327:14)
	    at NgModel.call (node_modules/@angular/core/fesm2022/debug_node.mjs:594:14)
	    at callHookInternal (node_modules/@angular/core/fesm2022/debug_node.mjs:860:14)
	    at callHook (node_modules/@angular/core/fesm2022/debug_node.mjs:891:9)
	    at callHooks (node_modules/@angular/core/fesm2022/debug_node.mjs:841:17)
	    at executeInitAndCheckHooks (node_modules/@angular/core/fesm2022/debug_node.mjs:791:9)
	    at selectIndexInternal (node_modules/@angular/core/fesm2022/debug_node.mjs:7186:17)
Chrome Headless 144.0.0.0 (Windows 10): Executed 428 of 675[31m (9 FAILED)[39m (skipped 1) (0 secs / 10.18 secs)
Chrome Headless 144.0.0.0 (Windows 10) ContactComponent should clear the feedback object if saving feedback fails FAILED
	Error: NG01352: If ngModel is used within a form tag, either the name attribute must be set or the form
	    control must be defined as 'standalone' in ngModelOptions.
	
	    Example 1: <input [(ngModel)]="person.firstName" name="first">
	    Example 2: <input [(ngModel)]="person.firstName" [ngModelOptions]="{standalone: true}">
	error properties: Object({ code: 1352 })
	Error: NG01352: If ngModel is used within a form tag, either the name attribute must be set or the form
	    control must be defined as 'standalone' in ngModelOptions.
	    Example 1: <input [(ngModel)]="person.firstName" name="first">
	    Example 2: <input [(ngModel)]="person.firstName" [ngModelOptions]="{standalone: true}">
	    at missingNameException (node_modules/@angular/forms/fesm2022/forms.mjs:4047:12)
	    at NgModel._checkName (node_modules/@angular/forms/fesm2022/forms.mjs:4406:19)
	    at NgModel._checkForErrors (node_modules/@angular/forms/fesm2022/forms.mjs:4400:14)
	    at NgModel.ngOnChanges (node_modules/@angular/forms/fesm2022/forms.mjs:4327:14)
	    at NgModel.call (node_modules/@angular/core/fesm2022/debug_node.mjs:594:14)
	    at callHookInternal (node_modules/@angular/core/fesm2022/debug_node.mjs:860:14)
	    at callHook (node_modules/@angular/core/fesm2022/debug_node.mjs:891:9)
	    at callHooks (node_modules/@angular/core/fesm2022/debug_node.mjs:841:17)
	    at executeInitAndCheckHooks (node_modules/@angular/core/fesm2022/debug_node.mjs:791:9)
	    at selectIndexInternal (node_modules/@angular/core/fesm2022/debug_node.mjs:7186:17)
[1A[2K[31mChrome Headless 144.0.0.0 (Windows 10) ContactComponent should miss feedback object if retrieving currently logged in user fails FAILED[39m
	Error: NG01352: If ngModel is used within a form tag, either the name attribute must be set or the form
	    control must be defined as 'standalone' in ngModelOptions.
	
	    Example 1: <input [(ngModel)]="person.firstName" name="first">
	    Example 2: <input [(ngModel)]="person.firstName" [ngModelOptions]="{standalone: true}">
	error properties: Object({ code: 1352 })
	Error: NG01352: If ngModel is used within a form tag, either the name attribute must be set or the form
	    control must be defined as 'standalone' in ngModelOptions.
	    Example 1: <input [(ngModel)]="person.firstName" name="first">
	    Example 2: <input [(ngModel)]="person.firstName" [ngModelOptions]="{standalone: true}">
	    at missingNameException (node_modules/@angular/forms/fesm2022/forms.mjs:4047:12)
	    at NgModel._checkName (node_modules/@angular/forms/fesm2022/forms.mjs:4406:19)
	    at NgModel._checkForErrors (node_modules/@angular/forms/fesm2022/forms.mjs:4400:14)
	    at NgModel.ngOnChanges (node_modules/@angular/forms/fesm2022/forms.mjs:4327:14)
	    at NgModel.call (node_modules/@angular/core/fesm2022/debug_node.mjs:594:14)
	    at callHookInternal (node_modules/@angular/core/fesm2022/debug_node.mjs:860:14)
	    at callHook (node_modules/@angular/core/fesm2022/debug_node.mjs:891:9)
	    at callHooks (node_modules/@angular/core/fesm2022/debug_node.mjs:841:17)
	    at executeInitAndCheckHooks (node_modules/@angular/core/fesm2022/debug_node.mjs:791:9)
	    at selectIndexInternal (node_modules/@angular/core/fesm2022/debug_node.mjs:7186:17)
Chrome Headless 144.0.0.0 (Windows 10): Executed 429 of 675[31m (10 FAILED)[39m (skipped 1) (0 secs / 10.194 secs)
Chrome Headless 144.0.0.0 (Windows 10) ContactComponent should miss feedback object if retrieving currently logged in user fails FAILED
	Error: NG01352: If ngModel is used within a form tag, either the name attribute must be set or the form
	    control must be defined as 'standalone' in ngModelOptions.
	
	    Example 1: <input [(ngModel)]="person.firstName" name="first">
	    Example 2: <input [(ngModel)]="person.firstName" [ngModelOptions]="{standalone: true}">
	error properties: Object({ code: 1352 })
	Error: NG01352: If ngModel is used within a form tag, either the name attribute must be set or the form
	    control must be defined as 'standalone' in ngModelOptions.
	    Example 1: <input [(ngModel)]="person.firstName" name="first">
	    Example 2: <input [(ngModel)]="person.firstName" [ngModelOptions]="{standalone: true}">
	    at missingNameException (node_modules/@angular/forms/fesm2022/forms.mjs:4047:12)
	    at NgModel._checkName (node_modules/@angular/forms/fesm2022/forms.mjs:4406:19)
	    at NgModel._checkForErrors (node_modules/@angular/forms/fesm2022/forms.mjs:4400:14)
	    at NgModel.ngOnChanges (node_modules/@angular/forms/fesm2022/forms.mjs:4327:14)
	    at NgModel.call (node_modules/@angular/core/fesm2022/debug_node.mjs:594:14)
	    at callHookInternal (node_modules/@angular/core/fesm2022/debug_node.mjs:860:14)
	    at callHook (node_modules/@angular/core/fesm2022/debug_node.mjs:891:9)
	    at callHooks (node_modules/@angular/core/fesm2022/debug_node.mjs:841:17)
	    at executeInitAndCheckHooks (node_modules/@angular/core/fesm2022/debug_node.mjs:791:9)
	    at selectIndexInternal (node_modules/@angular/core/fesm2022/debug_node.mjs:7186:17)
[1A[2K[31mChrome Headless 144.0.0.0 (Windows 10) ContactComponent should log the error if retrieving currently logged in user fails FAILED[39m
	Error: NG01352: If ngModel is used within a form tag, either the name attribute must be set or the form
	    control must be defined as 'standalone' in ngModelOptions.
	
	    Example 1: <input [(ngModel)]="person.firstName" name="first">
	    Example 2: <input [(ngModel)]="person.firstName" [ngModelOptions]="{standalone: true}">
	error properties: Object({ code: 1352 })
	Error: NG01352: If ngModel is used within a form tag, either the name attribute must be set or the form
	    control must be defined as 'standalone' in ngModelOptions.
	    Example 1: <input [(ngModel)]="person.firstName" name="first">
	    Example 2: <input [(ngModel)]="person.firstName" [ngModelOptions]="{standalone: true}">
	    at missingNameException (node_modules/@angular/forms/fesm2022/forms.mjs:4047:12)
	    at NgModel._checkName (node_modules/@angular/forms/fesm2022/forms.mjs:4406:19)
	    at NgModel._checkForErrors (node_modules/@angular/forms/fesm2022/forms.mjs:4400:14)
	    at NgModel.ngOnChanges (node_modules/@angular/forms/fesm2022/forms.mjs:4327:14)
	    at NgModel.call (node_modules/@angular/core/fesm2022/debug_node.mjs:594:14)
	    at callHookInternal (node_modules/@angular/core/fesm2022/debug_node.mjs:860:14)
	    at callHook (node_modules/@angular/core/fesm2022/debug_node.mjs:891:9)
	    at callHooks (node_modules/@angular/core/fesm2022/debug_node.mjs:841:17)
	    at executeInitAndCheckHooks (node_modules/@angular/core/fesm2022/debug_node.mjs:791:9)
	    at selectIndexInternal (node_modules/@angular/core/fesm2022/debug_node.mjs:7186:17)
Chrome Headless 144.0.0.0 (Windows 10): Executed 430 of 675[31m (11 FAILED)[39m (skipped 1) (0 secs / 10.213 secs)
Chrome Headless 144.0.0.0 (Windows 10) ContactComponent should log the error if retrieving currently logged in user fails FAILED
	Error: NG01352: If ngModel is used within a form tag, either the name attribute must be set or the form
	    control must be defined as 'standalone' in ngModelOptions.
	
	    Example 1: <input [(ngModel)]="person.firstName" name="first">
	    Example 2: <input [(ngModel)]="person.firstName" [ngModelOptions]="{standalone: true}">
	error properties: Object({ code: 1352 })
	Error: NG01352: If ngModel is used within a form tag, either the name attribute must be set or the form
	    control must be defined as 'standalone' in ngModelOptions.
	    Example 1: <input [(ngModel)]="person.firstName" name="first">
	    Example 2: <input [(ngModel)]="person.firstName" [ngModelOptions]="{standalone: true}">
	    at missingNameException (node_modules/@angular/forms/fesm2022/forms.mjs:4047:12)
	    at NgModel._checkName (node_modules/@angular/forms/fesm2022/forms.mjs:4406:19)
	    at NgModel._checkForErrors (node_modules/@angular/forms/fesm2022/forms.mjs:4400:14)
	    at NgModel.ngOnChanges (node_modules/@angular/forms/fesm2022/forms.mjs:4327:14)
	    at NgModel.call (node_modules/@angular/core/fesm2022/debug_node.mjs:594:14)
	    at callHookInternal (node_modules/@angular/core/fesm2022/debug_node.mjs:860:14)
	    at callHook (node_modules/@angular/core/fesm2022/debug_node.mjs:891:9)
	    at callHooks (node_modules/@angular/core/fesm2022/debug_node.mjs:841:17)
	    at executeInitAndCheckHooks (node_modules/@angular/core/fesm2022/debug_node.mjs:791:9)
	    at selectIndexInternal (node_modules/@angular/core/fesm2022/debug_node.mjs:7186:17)
[1A[2K[31mChrome Headless 144.0.0.0 (Windows 10) ContactComponent should be compulsory to provide feedback FAILED[39m
	Error: NG01352: If ngModel is used within a form tag, either the name attribute must be set or the form
	    control must be defined as 'standalone' in ngModelOptions.
	
	    Example 1: <input [(ngModel)]="person.firstName" name="first">
	    Example 2: <input [(ngModel)]="person.firstName" [ngModelOptions]="{standalone: true}">
	error properties: Object({ code: 1352 })
	Error: NG01352: If ngModel is used within a form tag, either the name attribute must be set or the form
	    control must be defined as 'standalone' in ngModelOptions.
	    Example 1: <input [(ngModel)]="person.firstName" name="first">
	    Example 2: <input [(ngModel)]="person.firstName" [ngModelOptions]="{standalone: true}">
	    at missingNameException (node_modules/@angular/forms/fesm2022/forms.mjs:4047:12)
	    at NgModel._checkName (node_modules/@angular/forms/fesm2022/forms.mjs:4406:19)
	    at NgModel._checkForErrors (node_modules/@angular/forms/fesm2022/forms.mjs:4400:14)
	    at NgModel.ngOnChanges (node_modules/@angular/forms/fesm2022/forms.mjs:4327:14)
	    at NgModel.call (node_modules/@angular/core/fesm2022/debug_node.mjs:594:14)
	    at callHookInternal (node_modules/@angular/core/fesm2022/debug_node.mjs:860:14)
	    at callHook (node_modules/@angular/core/fesm2022/debug_node.mjs:891:9)
	    at callHooks (node_modules/@angular/core/fesm2022/debug_node.mjs:841:17)
	    at executeInitAndCheckHooks (node_modules/@angular/core/fesm2022/debug_node.mjs:791:9)
	    at selectIndexInternal (node_modules/@angular/core/fesm2022/debug_node.mjs:7186:17)
Chrome Headless 144.0.0.0 (Windows 10): Executed 431 of 675[31m (12 FAILED)[39m (skipped 1) (0 secs / 10.229 secs)
Chrome Headless 144.0.0.0 (Windows 10) ContactComponent should be compulsory to provide feedback FAILED
	Error: NG01352: If ngModel is used within a form tag, either the name attribute must be set or the form
	    control must be defined as 'standalone' in ngModelOptions.
	
	    Example 1: <input [(ngModel)]="person.firstName" name="first">
	    Example 2: <input [(ngModel)]="person.firstName" [ngModelOptions]="{standalone: true}">
	error properties: Object({ code: 1352 })
	Error: NG01352: If ngModel is used within a form tag, either the name attribute must be set or the form
	    control must be defined as 'standalone' in ngModelOptions.
	    Example 1: <input [(ngModel)]="person.firstName" name="first">
	    Example 2: <input [(ngModel)]="person.firstName" [ngModelOptions]="{standalone: true}">
	    at missingNameException (node_modules/@angular/forms/fesm2022/forms.mjs:4047:12)
	    at NgModel._checkName (node_modules/@angular/forms/fesm2022/forms.mjs:4406:19)
	    at NgModel._checkForErrors (node_modules/@angular/forms/fesm2022/forms.mjs:4400:14)
	    at NgModel.ngOnChanges (node_modules/@angular/forms/fesm2022/forms.mjs:4327:14)
	    at NgModel.call (node_modules/@angular/core/fesm2022/debug_node.mjs:594:14)
	    at callHookInternal (node_modules/@angular/core/fesm2022/debug_node.mjs:860:14)
	    at callHook (node_modules/@angular/core/fesm2022/debug_node.mjs:891:9)
	    at callHooks (node_modules/@angular/core/fesm2022/debug_node.mjs:841:17)
	    at executeInitAndCheckHooks (node_modules/@angular/core/fesm2022/debug_node.mjs:791:9)
	    at selectIndexInternal (node_modules/@angular/core/fesm2022/debug_node.mjs:7186:17)
[1A[2K[31mChrome Headless 144.0.0.0 (Windows 10) ContactComponent should display 5-star thank-you message and reset feedback form on saving 5-star feedback FAILED[39m
	Error: NG01352: If ngModel is used within a form tag, either the name attribute must be set or the form
	    control must be defined as 'standalone' in ngModelOptions.
	
	    Example 1: <input [(ngModel)]="person.firstName" name="first">
	    Example 2: <input [(ngModel)]="person.firstName" [ngModelOptions]="{standalone: true}">
	error properties: Object({ code: 1352 })
	Error: NG01352: If ngModel is used within a form tag, either the name attribute must be set or the form
	    control must be defined as 'standalone' in ngModelOptions.
	    Example 1: <input [(ngModel)]="person.firstName" name="first">
	    Example 2: <input [(ngModel)]="person.firstName" [ngModelOptions]="{standalone: true}">
	    at missingNameException (node_modules/@angular/forms/fesm2022/forms.mjs:4047:12)
	    at NgModel._checkName (node_modules/@angular/forms/fesm2022/forms.mjs:4406:19)
	    at NgModel._checkForErrors (node_modules/@angular/forms/fesm2022/forms.mjs:4400:14)
	    at NgModel.ngOnChanges (node_modules/@angular/forms/fesm2022/forms.mjs:4327:14)
	    at NgModel.call (node_modules/@angular/core/fesm2022/debug_node.mjs:594:14)
	    at callHookInternal (node_modules/@angular/core/fesm2022/debug_node.mjs:860:14)
	    at callHook (node_modules/@angular/core/fesm2022/debug_node.mjs:891:9)
	    at callHooks (node_modules/@angular/core/fesm2022/debug_node.mjs:841:17)
	    at executeInitAndCheckHooks (node_modules/@angular/core/fesm2022/debug_node.mjs:791:9)
	    at selectIndexInternal (node_modules/@angular/core/fesm2022/debug_node.mjs:7186:17)
Chrome Headless 144.0.0.0 (Windows 10): Executed 432 of 675[31m (13 FAILED)[39m (skipped 1) (0 secs / 10.244 secs)
Chrome Headless 144.0.0.0 (Windows 10) ContactComponent should display 5-star thank-you message and reset feedback form on saving 5-star feedback FAILED
	Error: NG01352: If ngModel is used within a form tag, either the name attribute must be set or the form
	    control must be defined as 'standalone' in ngModelOptions.
	
	    Example 1: <input [(ngModel)]="person.firstName" name="first">
	    Example 2: <input [(ngModel)]="person.firstName" [ngModelOptions]="{standalone: true}">
	error properties: Object({ code: 1352 })
	Error: NG01352: If ngModel is used within a form tag, either the name attribute must be set or the form
	    control must be defined as 'standalone' in ngModelOptions.
	    Example 1: <input [(ngModel)]="person.firstName" name="first">
	    Example 2: <input [(ngModel)]="person.firstName" [ngModelOptions]="{standalone: true}">
	    at missingNameException (node_modules/@angular/forms/fesm2022/forms.mjs:4047:12)
	    at NgModel._checkName (node_modules/@angular/forms/fesm2022/forms.mjs:4406:19)
	    at NgModel._checkForErrors (node_modules/@angular/forms/fesm2022/forms.mjs:4400:14)
	    at NgModel.ngOnChanges (node_modules/@angular/forms/fesm2022/forms.mjs:4327:14)
	    at NgModel.call (node_modules/@angular/core/fesm2022/debug_node.mjs:594:14)
	    at callHookInternal (node_modules/@angular/core/fesm2022/debug_node.mjs:860:14)
	    at callHook (node_modules/@angular/core/fesm2022/debug_node.mjs:891:9)
	    at callHooks (node_modules/@angular/core/fesm2022/debug_node.mjs:841:17)
	    at executeInitAndCheckHooks (node_modules/@angular/core/fesm2022/debug_node.mjs:791:9)
	    at selectIndexInternal (node_modules/@angular/core/fesm2022/debug_node.mjs:7186:17)
[1A[2K[31mChrome Headless 144.0.0.0 (Windows 10) ContactComponent should reinitizalise forms by calling resetForm FAILED[39m
	Error: NG01352: If ngModel is used within a form tag, either the name attribute must be set or the form
	    control must be defined as 'standalone' in ngModelOptions.
	
	    Example 1: <input [(ngModel)]="person.firstName" name="first">
	    Example 2: <input [(ngModel)]="person.firstName" [ngModelOptions]="{standalone: true}">
	error properties: Object({ code: 1352 })
	Error: NG01352: If ngModel is used within a form tag, either the name attribute must be set or the form
	    control must be defined as 'standalone' in ngModelOptions.
	    Example 1: <input [(ngModel)]="person.firstName" name="first">
	    Example 2: <input [(ngModel)]="person.firstName" [ngModelOptions]="{standalone: true}">
	    at missingNameException (node_modules/@angular/forms/fesm2022/forms.mjs:4047:12)
	    at NgModel._checkName (node_modules/@angular/forms/fesm2022/forms.mjs:4406:19)
	    at NgModel._checkForErrors (node_modules/@angular/forms/fesm2022/forms.mjs:4400:14)
	    at NgModel.ngOnChanges (node_modules/@angular/forms/fesm2022/forms.mjs:4327:14)
	    at NgModel.call (node_modules/@angular/core/fesm2022/debug_node.mjs:594:14)
	    at callHookInternal (node_modules/@angular/core/fesm2022/debug_node.mjs:860:14)
	    at callHook (node_modules/@angular/core/fesm2022/debug_node.mjs:891:9)
	    at callHooks (node_modules/@angular/core/fesm2022/debug_node.mjs:841:17)
	    at executeInitAndCheckHooks (node_modules/@angular/core/fesm2022/debug_node.mjs:791:9)
	    at selectIndexInternal (node_modules/@angular/core/fesm2022/debug_node.mjs:7186:17)
Chrome Headless 144.0.0.0 (Windows 10): Executed 433 of 675[31m (14 FAILED)[39m (skipped 1) (0 secs / 10.257 secs)
Chrome Headless 144.0.0.0 (Windows 10) ContactComponent should reinitizalise forms by calling resetForm FAILED
	Error: NG01352: If ngModel is used within a form tag, either the name attribute must be set or the form
	    control must be defined as 'standalone' in ngModelOptions.
	
	    Example 1: <input [(ngModel)]="person.firstName" name="first">
	    Example 2: <input [(ngModel)]="person.firstName" [ngModelOptions]="{standalone: true}">
	error properties: Object({ code: 1352 })
	Error: NG01352: If ngModel is used within a form tag, either the name attribute must be set or the form
	    control must be defined as 'standalone' in ngModelOptions.
	    Example 1: <input [(ngModel)]="person.firstName" name="first">
	    Example 2: <input [(ngModel)]="person.firstName" [ngModelOptions]="{standalone: true}">
	    at missingNameException (node_modules/@angular/forms/fesm2022/forms.mjs:4047:12)
	    at NgModel._checkName (node_modules/@angular/forms/fesm2022/forms.mjs:4406:19)
	    at NgModel._checkForErrors (node_modules/@angular/forms/fesm2022/forms.mjs:4400:14)
	    at NgModel.ngOnChanges (node_modules/@angular/forms/fesm2022/forms.mjs:4327:14)
	    at NgModel.call (node_modules/@angular/core/fesm2022/debug_node.mjs:594:14)
	    at callHookInternal (node_modules/@angular/core/fesm2022/debug_node.mjs:860:14)
	    at callHook (node_modules/@angular/core/fesm2022/debug_node.mjs:891:9)
	    at callHooks (node_modules/@angular/core/fesm2022/debug_node.mjs:841:17)
	    at executeInitAndCheckHooks (node_modules/@angular/core/fesm2022/debug_node.mjs:791:9)
	    at selectIndexInternal (node_modules/@angular/core/fesm2022/debug_node.mjs:7186:17)
[1A[2K[31mChrome Headless 144.0.0.0 (Windows 10) ContactComponent should clear the form display error if saving feedback fails FAILED[39m
	Error: NG01352: If ngModel is used within a form tag, either the name attribute must be set or the form
	    control must be defined as 'standalone' in ngModelOptions.
	
	    Example 1: <input [(ngModel)]="person.firstName" name="first">
	    Example 2: <input [(ngModel)]="person.firstName" [ngModelOptions]="{standalone: true}">
	error properties: Object({ code: 1352 })
	Error: NG01352: If ngModel is used within a form tag, either the name attribute must be set or the form
	    control must be defined as 'standalone' in ngModelOptions.
	    Example 1: <input [(ngModel)]="person.firstName" name="first">
	    Example 2: <input [(ngModel)]="person.firstName" [ngModelOptions]="{standalone: true}">
	    at missingNameException (node_modules/@angular/forms/fesm2022/forms.mjs:4047:12)
	    at NgModel._checkName (node_modules/@angular/forms/fesm2022/forms.mjs:4406:19)
	    at NgModel._checkForErrors (node_modules/@angular/forms/fesm2022/forms.mjs:4400:14)
	    at NgModel.ngOnChanges (node_modules/@angular/forms/fesm2022/forms.mjs:4327:14)
	    at NgModel.call (node_modules/@angular/core/fesm2022/debug_node.mjs:594:14)
	    at callHookInternal (node_modules/@angular/core/fesm2022/debug_node.mjs:860:14)
	    at callHook (node_modules/@angular/core/fesm2022/debug_node.mjs:891:9)
	    at callHooks (node_modules/@angular/core/fesm2022/debug_node.mjs:841:17)
	    at executeInitAndCheckHooks (node_modules/@angular/core/fesm2022/debug_node.mjs:791:9)
	    at selectIndexInternal (node_modules/@angular/core/fesm2022/debug_node.mjs:7186:17)
Chrome Headless 144.0.0.0 (Windows 10): Executed 434 of 675[31m (15 FAILED)[39m (skipped 1) (0 secs / 10.27 secs)
Chrome Headless 144.0.0.0 (Windows 10) ContactComponent should clear the form display error if saving feedback fails FAILED
	Error: NG01352: If ngModel is used within a form tag, either the name attribute must be set or the form
	    control must be defined as 'standalone' in ngModelOptions.
	
	    Example 1: <input [(ngModel)]="person.firstName" name="first">
	    Example 2: <input [(ngModel)]="person.firstName" [ngModelOptions]="{standalone: true}">
	error properties: Object({ code: 1352 })
	Error: NG01352: If ngModel is used within a form tag, either the name attribute must be set or the form
	    control must be defined as 'standalone' in ngModelOptions.
	    Example 1: <input [(ngModel)]="person.firstName" name="first">
	    Example 2: <input [(ngModel)]="person.firstName" [ngModelOptions]="{standalone: true}">
	    at missingNameException (node_modules/@angular/forms/fesm2022/forms.mjs:4047:12)
	    at NgModel._checkName (node_modules/@angular/forms/fesm2022/forms.mjs:4406:19)
	    at NgModel._checkForErrors (node_modules/@angular/forms/fesm2022/forms.mjs:4400:14)
	    at NgModel.ngOnChanges (node_modules/@angular/forms/fesm2022/forms.mjs:4327:14)
	    at NgModel.call (node_modules/@angular/core/fesm2022/debug_node.mjs:594:14)
	    at callHookInternal (node_modules/@angular/core/fesm2022/debug_node.mjs:860:14)
	    at callHook (node_modules/@angular/core/fesm2022/debug_node.mjs:891:9)
	    at callHooks (node_modules/@angular/core/fesm2022/debug_node.mjs:841:17)
	    at executeInitAndCheckHooks (node_modules/@angular/core/fesm2022/debug_node.mjs:791:9)
	    at selectIndexInternal (node_modules/@angular/core/fesm2022/debug_node.mjs:7186:17)
[1A[2K[31mChrome Headless 144.0.0.0 (Windows 10) ContactComponent feedback should not be more than 160 characters FAILED[39m
	Error: NG01352: If ngModel is used within a form tag, either the name attribute must be set or the form
	    control must be defined as 'standalone' in ngModelOptions.
	
	    Example 1: <input [(ngModel)]="person.firstName" name="first">
	    Example 2: <input [(ngModel)]="person.firstName" [ngModelOptions]="{standalone: true}">
	error properties: Object({ code: 1352 })
	Error: NG01352: If ngModel is used within a form tag, either the name attribute must be set or the form
	    control must be defined as 'standalone' in ngModelOptions.
	    Example 1: <input [(ngModel)]="person.firstName" name="first">
	    Example 2: <input [(ngModel)]="person.firstName" [ngModelOptions]="{standalone: true}">
	    at missingNameException (node_modules/@angular/forms/fesm2022/forms.mjs:4047:12)
	    at NgModel._checkName (node_modules/@angular/forms/fesm2022/forms.mjs:4406:19)
	    at NgModel._checkForErrors (node_modules/@angular/forms/fesm2022/forms.mjs:4400:14)
	    at NgModel.ngOnChanges (node_modules/@angular/forms/fesm2022/forms.mjs:4327:14)
	    at NgModel.call (node_modules/@angular/core/fesm2022/debug_node.mjs:594:14)
	    at callHookInternal (node_modules/@angular/core/fesm2022/debug_node.mjs:860:14)
	    at callHook (node_modules/@angular/core/fesm2022/debug_node.mjs:891:9)
	    at callHooks (node_modules/@angular/core/fesm2022/debug_node.mjs:841:17)
	    at executeInitAndCheckHooks (node_modules/@angular/core/fesm2022/debug_node.mjs:791:9)
	    at selectIndexInternal (node_modules/@angular/core/fesm2022/debug_node.mjs:7186:17)
Chrome Headless 144.0.0.0 (Windows 10): Executed 435 of 675[31m (16 FAILED)[39m (skipped 1) (0 secs / 10.292 secs)
Chrome Headless 144.0.0.0 (Windows 10) ContactComponent feedback should not be more than 160 characters FAILED
	Error: NG01352: If ngModel is used within a form tag, either the name attribute must be set or the form
	    control must be defined as 'standalone' in ngModelOptions.
	
	    Example 1: <input [(ngModel)]="person.firstName" name="first">
	    Example 2: <input [(ngModel)]="person.firstName" [ngModelOptions]="{standalone: true}">
	error properties: Object({ code: 1352 })
	Error: NG01352: If ngModel is used within a form tag, either the name attribute must be set or the form
	    control must be defined as 'standalone' in ngModelOptions.
	    Example 1: <input [(ngModel)]="person.firstName" name="first">
	    Example 2: <input [(ngModel)]="person.firstName" [ngModelOptions]="{standalone: true}">
	    at missingNameException (node_modules/@angular/forms/fesm2022/forms.mjs:4047:12)
	    at NgModel._checkName (node_modules/@angular/forms/fesm2022/forms.mjs:4406:19)
	    at NgModel._checkForErrors (node_modules/@angular/forms/fesm2022/forms.mjs:4400:14)
	    at NgModel.ngOnChanges (node_modules/@angular/forms/fesm2022/forms.mjs:4327:14)
	    at NgModel.call (node_modules/@angular/core/fesm2022/debug_node.mjs:594:14)
	    at callHookInternal (node_modules/@angular/core/fesm2022/debug_node.mjs:860:14)
	    at callHook (node_modules/@angular/core/fesm2022/debug_node.mjs:891:9)
	    at callHooks (node_modules/@angular/core/fesm2022/debug_node.mjs:841:17)
	    at executeInitAndCheckHooks (node_modules/@angular/core/fesm2022/debug_node.mjs:791:9)
	    at selectIndexInternal (node_modules/@angular/core/fesm2022/debug_node.mjs:7186:17)
[1A[2K[31mChrome Headless 144.0.0.0 (Windows 10) ContactComponent should populate the feedback object and send it via the feedback service on saving FAILED[39m
	Error: NG01352: If ngModel is used within a form tag, either the name attribute must be set or the form
	    control must be defined as 'standalone' in ngModelOptions.
	
	    Example 1: <input [(ngModel)]="person.firstName" name="first">
	    Example 2: <input [(ngModel)]="person.firstName" [ngModelOptions]="{standalone: true}">
	error properties: Object({ code: 1352 })
	Error: NG01352: If ngModel is used within a form tag, either the name attribute must be set or the form
	    control must be defined as 'standalone' in ngModelOptions.
	    Example 1: <input [(ngModel)]="person.firstName" name="first">
	    Example 2: <input [(ngModel)]="person.firstName" [ngModelOptions]="{standalone: true}">
	    at missingNameException (node_modules/@angular/forms/fesm2022/forms.mjs:4047:12)
	    at NgModel._checkName (node_modules/@angular/forms/fesm2022/forms.mjs:4406:19)
	    at NgModel._checkForErrors (node_modules/@angular/forms/fesm2022/forms.mjs:4400:14)
	    at NgModel.ngOnChanges (node_modules/@angular/forms/fesm2022/forms.mjs:4327:14)
	    at NgModel.call (node_modules/@angular/core/fesm2022/debug_node.mjs:594:14)
	    at callHookInternal (node_modules/@angular/core/fesm2022/debug_node.mjs:860:14)
	    at callHook (node_modules/@angular/core/fesm2022/debug_node.mjs:891:9)
	    at callHooks (node_modules/@angular/core/fesm2022/debug_node.mjs:841:17)
	    at executeInitAndCheckHooks (node_modules/@angular/core/fesm2022/debug_node.mjs:791:9)
	    at selectIndexInternal (node_modules/@angular/core/fesm2022/debug_node.mjs:7186:17)
Chrome Headless 144.0.0.0 (Windows 10): Executed 436 of 675[31m (17 FAILED)[39m (skipped 1) (0 secs / 10.303 secs)
Chrome Headless 144.0.0.0 (Windows 10) ContactComponent should populate the feedback object and send it via the feedback service on saving FAILED
	Error: NG01352: If ngModel is used within a form tag, either the name attribute must be set or the form
	    control must be defined as 'standalone' in ngModelOptions.
	
	    Example 1: <input [(ngModel)]="person.firstName" name="first">
	    Example 2: <input [(ngModel)]="person.firstName" [ngModelOptions]="{standalone: true}">
	error properties: Object({ code: 1352 })
	Error: NG01352: If ngModel is used within a form tag, either the name attribute must be set or the form
	    control must be defined as 'standalone' in ngModelOptions.
	    Example 1: <input [(ngModel)]="person.firstName" name="first">
	    Example 2: <input [(ngModel)]="person.firstName" [ngModelOptions]="{standalone: true}">
	    at missingNameException (node_modules/@angular/forms/fesm2022/forms.mjs:4047:12)
	    at NgModel._checkName (node_modules/@angular/forms/fesm2022/forms.mjs:4406:19)
	    at NgModel._checkForErrors (node_modules/@angular/forms/fesm2022/forms.mjs:4400:14)
	    at NgModel.ngOnChanges (node_modules/@angular/forms/fesm2022/forms.mjs:4327:14)
	    at NgModel.call (node_modules/@angular/core/fesm2022/debug_node.mjs:594:14)
	    at callHookInternal (node_modules/@angular/core/fesm2022/debug_node.mjs:860:14)
	    at callHook (node_modules/@angular/core/fesm2022/debug_node.mjs:891:9)
	    at callHooks (node_modules/@angular/core/fesm2022/debug_node.mjs:841:17)
	    at executeInitAndCheckHooks (node_modules/@angular/core/fesm2022/debug_node.mjs:791:9)
	    at selectIndexInternal (node_modules/@angular/core/fesm2022/debug_node.mjs:7186:17)
[1A[2K[31mChrome Headless 144.0.0.0 (Windows 10) ContactComponent should display thank-you message and reset feedback form on saving feedback FAILED[39m
	Error: NG01352: If ngModel is used within a form tag, either the name attribute must be set or the form
	    control must be defined as 'standalone' in ngModelOptions.
	
	    Example 1: <input [(ngModel)]="person.firstName" name="first">
	    Example 2: <input [(ngModel)]="person.firstName" [ngModelOptions]="{standalone: true}">
	error properties: Object({ code: 1352 })
	Error: NG01352: If ngModel is used within a form tag, either the name attribute must be set or the form
	    control must be defined as 'standalone' in ngModelOptions.
	    Example 1: <input [(ngModel)]="person.firstName" name="first">
	    Example 2: <input [(ngModel)]="person.firstName" [ngModelOptions]="{standalone: true}">
	    at missingNameException (node_modules/@angular/forms/fesm2022/forms.mjs:4047:12)
	    at NgModel._checkName (node_modules/@angular/forms/fesm2022/forms.mjs:4406:19)
	    at NgModel._checkForErrors (node_modules/@angular/forms/fesm2022/forms.mjs:4400:14)
	    at NgModel.ngOnChanges (node_modules/@angular/forms/fesm2022/forms.mjs:4327:14)
	    at NgModel.call (node_modules/@angular/core/fesm2022/debug_node.mjs:594:14)
	    at callHookInternal (node_modules/@angular/core/fesm2022/debug_node.mjs:860:14)
	    at callHook (node_modules/@angular/core/fesm2022/debug_node.mjs:891:9)
	    at callHooks (node_modules/@angular/core/fesm2022/debug_node.mjs:841:17)
	    at executeInitAndCheckHooks (node_modules/@angular/core/fesm2022/debug_node.mjs:791:9)
	    at selectIndexInternal (node_modules/@angular/core/fesm2022/debug_node.mjs:7186:17)
Chrome Headless 144.0.0.0 (Windows 10): Executed 437 of 675[31m (18 FAILED)[39m (skipped 1) (0 secs / 10.316 secs)
Chrome Headless 144.0.0.0 (Windows 10) ContactComponent should display thank-you message and reset feedback form on saving feedback FAILED
	Error: NG01352: If ngModel is used within a form tag, either the name attribute must be set or the form
	    control must be defined as 'standalone' in ngModelOptions.
	
	    Example 1: <input [(ngModel)]="person.firstName" name="first">
	    Example 2: <input [(ngModel)]="person.firstName" [ngModelOptions]="{standalone: true}">
	error properties: Object({ code: 1352 })
	Error: NG01352: If ngModel is used within a form tag, either the name attribute must be set or the form
	    control must be defined as 'standalone' in ngModelOptions.
	    Example 1: <input [(ngModel)]="person.firstName" name="first">
	    Example 2: <input [(ngModel)]="person.firstName" [ngModelOptions]="{standalone: true}">
	    at missingNameException (node_modules/@angular/forms/fesm2022/forms.mjs:4047:12)
	    at NgModel._checkName (node_modules/@angular/forms/fesm2022/forms.mjs:4406:19)
	    at NgModel._checkForErrors (node_modules/@angular/forms/fesm2022/forms.mjs:4400:14)
	    at NgModel.ngOnChanges (node_modules/@angular/forms/fesm2022/forms.mjs:4327:14)
	    at NgModel.call (node_modules/@angular/core/fesm2022/debug_node.mjs:594:14)
	    at callHookInternal (node_modules/@angular/core/fesm2022/debug_node.mjs:860:14)
	    at callHook (node_modules/@angular/core/fesm2022/debug_node.mjs:891:9)
	    at callHooks (node_modules/@angular/core/fesm2022/debug_node.mjs:841:17)
	    at executeInitAndCheckHooks (node_modules/@angular/core/fesm2022/debug_node.mjs:791:9)
	    at selectIndexInternal (node_modules/@angular/core/fesm2022/debug_node.mjs:7186:17)
[1A[2K[31mChrome Headless 144.0.0.0 (Windows 10) ContactComponent should hold the anonymized email of the currently logged in user FAILED[39m
	Error: NG01352: If ngModel is used within a form tag, either the name attribute must be set or the form
	    control must be defined as 'standalone' in ngModelOptions.
	
	    Example 1: <input [(ngModel)]="person.firstName" name="first">
	    Example 2: <input [(ngModel)]="person.firstName" [ngModelOptions]="{standalone: true}">
	error properties: Object({ code: 1352 })
	Error: NG01352: If ngModel is used within a form tag, either the name attribute must be set or the form
	    control must be defined as 'standalone' in ngModelOptions.
	    Example 1: <input [(ngModel)]="person.firstName" name="first">
	    Example 2: <input [(ngModel)]="person.firstName" [ngModelOptions]="{standalone: true}">
	    at missingNameException (node_modules/@angular/forms/fesm2022/forms.mjs:4047:12)
	    at NgModel._checkName (node_modules/@angular/forms/fesm2022/forms.mjs:4406:19)
	    at NgModel._checkForErrors (node_modules/@angular/forms/fesm2022/forms.mjs:4400:14)
	    at NgModel.ngOnChanges (node_modules/@angular/forms/fesm2022/forms.mjs:4327:14)
	    at NgModel.call (node_modules/@angular/core/fesm2022/debug_node.mjs:594:14)
	    at callHookInternal (node_modules/@angular/core/fesm2022/debug_node.mjs:860:14)
	    at callHook (node_modules/@angular/core/fesm2022/debug_node.mjs:891:9)
	    at callHooks (node_modules/@angular/core/fesm2022/debug_node.mjs:841:17)
	    at executeInitAndCheckHooks (node_modules/@angular/core/fesm2022/debug_node.mjs:791:9)
	    at selectIndexInternal (node_modules/@angular/core/fesm2022/debug_node.mjs:7186:17)
Chrome Headless 144.0.0.0 (Windows 10): Executed 438 of 675[31m (19 FAILED)[39m (skipped 1) (0 secs / 10.328 secs)
Chrome Headless 144.0.0.0 (Windows 10) ContactComponent should hold the anonymized email of the currently logged in user FAILED
	Error: NG01352: If ngModel is used within a form tag, either the name attribute must be set or the form
	    control must be defined as 'standalone' in ngModelOptions.
	
	    Example 1: <input [(ngModel)]="person.firstName" name="first">
	    Example 2: <input [(ngModel)]="person.firstName" [ngModelOptions]="{standalone: true}">
	error properties: Object({ code: 1352 })
	Error: NG01352: If ngModel is used within a form tag, either the name attribute must be set or the form
	    control must be defined as 'standalone' in ngModelOptions.
	    Example 1: <input [(ngModel)]="person.firstName" name="first">
	    Example 2: <input [(ngModel)]="person.firstName" [ngModelOptions]="{standalone: true}">
	    at missingNameException (node_modules/@angular/forms/fesm2022/forms.mjs:4047:12)
	    at NgModel._checkName (node_modules/@angular/forms/fesm2022/forms.mjs:4406:19)
	    at NgModel._checkForErrors (node_modules/@angular/forms/fesm2022/forms.mjs:4400:14)
	    at NgModel.ngOnChanges (node_modules/@angular/forms/fesm2022/forms.mjs:4327:14)
	    at NgModel.call (node_modules/@angular/core/fesm2022/debug_node.mjs:594:14)
	    at callHookInternal (node_modules/@angular/core/fesm2022/debug_node.mjs:860:14)
	    at callHook (node_modules/@angular/core/fesm2022/debug_node.mjs:891:9)
	    at callHooks (node_modules/@angular/core/fesm2022/debug_node.mjs:841:17)
	    at executeInitAndCheckHooks (node_modules/@angular/core/fesm2022/debug_node.mjs:791:9)
	    at selectIndexInternal (node_modules/@angular/core/fesm2022/debug_node.mjs:7186:17)
[1A[2K[31mChrome Headless 144.0.0.0 (Windows 10) ContactComponent should hold anonymous placeholder for email if current user is not logged in FAILED[39m
	Error: NG01352: If ngModel is used within a form tag, either the name attribute must be set or the form
	    control must be defined as 'standalone' in ngModelOptions.
	
	    Example 1: <input [(ngModel)]="person.firstName" name="first">
	    Example 2: <input [(ngModel)]="person.firstName" [ngModelOptions]="{standalone: true}">
	error properties: Object({ code: 1352 })
	Error: NG01352: If ngModel is used within a form tag, either the name attribute must be set or the form
	    control must be defined as 'standalone' in ngModelOptions.
	    Example 1: <input [(ngModel)]="person.firstName" name="first">
	    Example 2: <input [(ngModel)]="person.firstName" [ngModelOptions]="{standalone: true}">
	    at missingNameException (node_modules/@angular/forms/fesm2022/forms.mjs:4047:12)
	    at NgModel._checkName (node_modules/@angular/forms/fesm2022/forms.mjs:4406:19)
	    at NgModel._checkForErrors (node_modules/@angular/forms/fesm2022/forms.mjs:4400:14)
	    at NgModel.ngOnChanges (node_modules/@angular/forms/fesm2022/forms.mjs:4327:14)
	    at NgModel.call (node_modules/@angular/core/fesm2022/debug_node.mjs:594:14)
	    at callHookInternal (node_modules/@angular/core/fesm2022/debug_node.mjs:860:14)
	    at callHook (node_modules/@angular/core/fesm2022/debug_node.mjs:891:9)
	    at callHooks (node_modules/@angular/core/fesm2022/debug_node.mjs:841:17)
	    at executeInitAndCheckHooks (node_modules/@angular/core/fesm2022/debug_node.mjs:791:9)
	    at selectIndexInternal (node_modules/@angular/core/fesm2022/debug_node.mjs:7186:17)
Chrome Headless 144.0.0.0 (Windows 10): Executed 439 of 675[31m (20 FAILED)[39m (skipped 1) (0 secs / 10.339 secs)
Chrome Headless 144.0.0.0 (Windows 10) ContactComponent should hold anonymous placeholder for email if current user is not logged in FAILED
	Error: NG01352: If ngModel is used within a form tag, either the name attribute must be set or the form
	    control must be defined as 'standalone' in ngModelOptions.
	
	    Example 1: <input [(ngModel)]="person.firstName" name="first">
	    Example 2: <input [(ngModel)]="person.firstName" [ngModelOptions]="{standalone: true}">
	error properties: Object({ code: 1352 })
	Error: NG01352: If ngModel is used within a form tag, either the name attribute must be set or the form
	    control must be defined as 'standalone' in ngModelOptions.
	    Example 1: <input [(ngModel)]="person.firstName" name="first">
	    Example 2: <input [(ngModel)]="person.firstName" [ngModelOptions]="{standalone: true}">
	    at missingNameException (node_modules/@angular/forms/fesm2022/forms.mjs:4047:12)
	    at NgModel._checkName (node_modules/@angular/forms/fesm2022/forms.mjs:4406:19)
	    at NgModel._checkForErrors (node_modules/@angular/forms/fesm2022/forms.mjs:4400:14)
	    at NgModel.ngOnChanges (node_modules/@angular/forms/fesm2022/forms.mjs:4327:14)
	    at NgModel.call (node_modules/@angular/core/fesm2022/debug_node.mjs:594:14)
	    at callHookInternal (node_modules/@angular/core/fesm2022/debug_node.mjs:860:14)
	    at callHook (node_modules/@angular/core/fesm2022/debug_node.mjs:891:9)
	    at callHooks (node_modules/@angular/core/fesm2022/debug_node.mjs:841:17)
	    at executeInitAndCheckHooks (node_modules/@angular/core/fesm2022/debug_node.mjs:791:9)
	    at selectIndexInternal (node_modules/@angular/core/fesm2022/debug_node.mjs:7186:17)
[1A[2KChrome Headless 144.0.0.0 (Windows 10): Executed 440 of 675[31m (20 FAILED)[39m (skipped 1) (0 secs / 10.357 secs)
[1A[2KChrome Headless 144.0.0.0 (Windows 10): Executed 441 of 675[31m (20 FAILED)[39m (skipped 1) (0 secs / 10.384 secs)
[1A[2KChrome Headless 144.0.0.0 (Windows 10): Executed 442 of 675[31m (20 FAILED)[39m (skipped 1) (0 secs / 10.392 secs)
[1A[2KChrome Headless 144.0.0.0 (Windows 10): Executed 443 of 675[31m (20 FAILED)[39m (skipped 1) (0 secs / 10.411 secs)
[1A[2KChrome Headless 144.0.0.0 (Windows 10): Executed 444 of 675[31m (20 FAILED)[39m (skipped 1) (0 secs / 10.428 secs)
[1A[2KChrome Headless 144.0.0.0 (Windows 10): Executed 445 of 675[31m (20 FAILED)[39m (skipped 1) (0 secs / 10.437 secs)
[1A[2KChrome Headless 144.0.0.0 (Windows 10): Executed 446 of 675[31m (20 FAILED)[39m (skipped 1) (0 secs / 10.467 secs)
[1A[2KChrome Headless 144.0.0.0 (Windows 10): Executed 447 of 675[31m (20 FAILED)[39m (skipped 1) (0 secs / 10.476 secs)
[1A[2KChrome Headless 144.0.0.0 (Windows 10): Executed 448 of 675[31m (20 FAILED)[39m (skipped 1) (0 secs / 10.487 secs)
[1A[2KChrome Headless 144.0.0.0 (Windows 10): Executed 449 of 675[31m (20 FAILED)[39m (skipped 1) (0 secs / 10.496 secs)
[1A[2KChrome Headless 144.0.0.0 (Windows 10): Executed 450 of 675[31m (20 FAILED)[39m (skipped 1) (0 secs / 10.575 secs)
[1A[2KChrome Headless 144.0.0.0 (Windows 10): Executed 451 of 675[31m (20 FAILED)[39m (skipped 1) (0 secs / 10.588 secs)
[1A[2KChrome Headless 144.0.0.0 (Windows 10): Executed 452 of 675[31m (20 FAILED)[39m (skipped 1) (0 secs / 10.616 secs)
[1A[2KChrome Headless 144.0.0.0 (Windows 10): Executed 453 of 675[31m (20 FAILED)[39m (skipped 1) (0 secs / 10.67 secs)
[1A[2KChrome Headless 144.0.0.0 (Windows 10): Executed 454 of 675[31m (20 FAILED)[39m (skipped 1) (0 secs / 10.712 secs)
[1A[2KChrome Headless 144.0.0.0 (Windows 10): Executed 455 of 675[31m (20 FAILED)[39m (skipped 1) (0 secs / 10.751 secs)
[1A[2KChrome Headless 144.0.0.0 (Windows 10): Executed 456 of 675[31m (20 FAILED)[39m (skipped 1) (0 secs / 10.793 secs)
[1A[2KChrome Headless 144.0.0.0 (Windows 10): Executed 457 of 675[31m (20 FAILED)[39m (skipped 1) (0 secs / 10.819 secs)
[1A[2KChrome Headless 144.0.0.0 (Windows 10): Executed 458 of 675[31m (20 FAILED)[39m (skipped 1) (0 secs / 10.841 secs)
[1A[2KChrome Headless 144.0.0.0 (Windows 10): Executed 459 of 675[31m (20 FAILED)[39m (skipped 1) (0 secs / 10.864 secs)
[1A[2KWARN: [36m'Could not find Element with fixture "app-navbar"'[39m
Chrome Headless 144.0.0.0 (Windows 10): Executed 459 of 675[31m (20 FAILED)[39m (skipped 1) (0 secs / 10.864 secs)
WARN: 'Could not find Element with fixture "app-navbar"'
[1A[2KWARN: [36m'Could not find Element with fixture "app-navbar"'[39m
Chrome Headless 144.0.0.0 (Windows 10): Executed 459 of 675[31m (20 FAILED)[39m (skipped 1) (0 secs / 10.864 secs)
WARN: 'Could not find Element with fixture "app-navbar"'
[1A[2KWARN: [36m'Could not find Element with fixture "app-navbar"'[39m
Chrome Headless 144.0.0.0 (Windows 10): Executed 459 of 675[31m (20 FAILED)[39m (skipped 1) (0 secs / 10.864 secs)
WARN: 'Could not find Element with fixture "app-navbar"'
[1A[2KWARN: [36m'Could not find Element with fixture "app-navbar"'[39m
Chrome Headless 144.0.0.0 (Windows 10): Executed 459 of 675[31m (20 FAILED)[39m (skipped 1) (0 secs / 10.864 secs)
WARN: 'Could not find Element with fixture "app-navbar"'
[1A[2KWARN: [36m'Could not find Element with fixture "app-navbar"'[39m
Chrome Headless 144.0.0.0 (Windows 10): Executed 459 of 675[31m (20 FAILED)[39m (skipped 1) (0 secs / 10.864 secs)
WARN: 'Could not find Element with fixture "app-navbar"'
[1A[2KWARN: [36m'Could not find Element with fixture "app-score-board"'[39m
Chrome Headless 144.0.0.0 (Windows 10): Executed 459 of 675[31m (20 FAILED)[39m (skipped 1) (0 secs / 10.864 secs)
WARN: 'Could not find Element with fixture "app-score-board"'
[1A[2KChrome Headless 144.0.0.0 (Windows 10): Executed 460 of 675[31m (20 FAILED)[39m (skipped 1) (0 secs / 10.899 secs)
[1A[2KChrome Headless 144.0.0.0 (Windows 10): Executed 461 of 675[31m (20 FAILED)[39m (skipped 1) (0 secs / 10.931 secs)
[1A[2KChrome Headless 144.0.0.0 (Windows 10): Executed 462 of 675[31m (20 FAILED)[39m (skipped 1) (0 secs / 10.965 secs)
[1A[2KChrome Headless 144.0.0.0 (Windows 10): Executed 463 of 675[31m (20 FAILED)[39m (skipped 1) (0 secs / 10.98 secs)
[1A[2KERROR: [36m'[HLJS] ', 'Highlight.js library was not imported!'[39m
Chrome Headless 144.0.0.0 (Windows 10): Executed 463 of 675[31m (20 FAILED)[39m (skipped 1) (0 secs / 10.98 secs)
ERROR: '[HLJS] ', 'Highlight.js library was not imported!'
[1A[2KWARN: [36m'Error during diffing'[39m
Chrome Headless 144.0.0.0 (Windows 10): Executed 463 of 675[31m (20 FAILED)[39m (skipped 1) (0 secs / 10.98 secs)
WARN: 'Error during diffing'
[1A[2KChrome Headless 144.0.0.0 (Windows 10): Executed 464 of 675[31m (20 FAILED)[39m (skipped 1) (0 secs / 11.072 secs)
[1A[2KERROR: [36m'[HLJS] ', 'Highlight.js library was not imported!'[39m
Chrome Headless 144.0.0.0 (Windows 10): Executed 464 of 675[31m (20 FAILED)[39m (skipped 1) (0 secs / 11.072 secs)
ERROR: '[HLJS] ', 'Highlight.js library was not imported!'
[1A[2KWARN: [36m'Error during diffing'[39m
Chrome Headless 144.0.0.0 (Windows 10): Executed 464 of 675[31m (20 FAILED)[39m (skipped 1) (0 secs / 11.072 secs)
WARN: 'Error during diffing'
[1A[2KChrome Headless 144.0.0.0 (Windows 10): Executed 465 of 675[31m (20 FAILED)[39m (skipped 1) (0 secs / 11.122 secs)
[1A[2KERROR: [36m'[HLJS] ', 'Highlight.js library was not imported!'[39m
Chrome Headless 144.0.0.0 (Windows 10): Executed 465 of 675[31m (20 FAILED)[39m (skipped 1) (0 secs / 11.122 secs)
ERROR: '[HLJS] ', 'Highlight.js library was not imported!'
[1A[2KWARN: [36m'Error during diffing'[39m
Chrome Headless 144.0.0.0 (Windows 10): Executed 465 of 675[31m (20 FAILED)[39m (skipped 1) (0 secs / 11.122 secs)
WARN: 'Error during diffing'
[1A[2KChrome Headless 144.0.0.0 (Windows 10): Executed 466 of 675[31m (20 FAILED)[39m (skipped 1) (0 secs / 11.168 secs)
[1A[2KERROR: [36m'[HLJS] ', 'Highlight.js library was not imported!'[39m
Chrome Headless 144.0.0.0 (Windows 10): Executed 466 of 675[31m (20 FAILED)[39m (skipped 1) (0 secs / 11.168 secs)
ERROR: '[HLJS] ', 'Highlight.js library was not imported!'
[1A[2KWARN: [36m'Error during diffing'[39m
Chrome Headless 144.0.0.0 (Windows 10): Executed 466 of 675[31m (20 FAILED)[39m (skipped 1) (0 secs / 11.168 secs)
WARN: 'Error during diffing'
[1A[2KChrome Headless 144.0.0.0 (Windows 10): Executed 467 of 675[31m (20 FAILED)[39m (skipped 1) (0 secs / 11.22 secs)
[1A[2KERROR: [36m'[HLJS] ', 'Highlight.js library was not imported!'[39m
Chrome Headless 144.0.0.0 (Windows 10): Executed 467 of 675[31m (20 FAILED)[39m (skipped 1) (0 secs / 11.22 secs)
ERROR: '[HLJS] ', 'Highlight.js library was not imported!'
[1A[2KWARN: [36m'Error during diffing'[39m
Chrome Headless 144.0.0.0 (Windows 10): Executed 467 of 675[31m (20 FAILED)[39m (skipped 1) (0 secs / 11.22 secs)
WARN: 'Error during diffing'
[1A[2KChrome Headless 144.0.0.0 (Windows 10): Executed 468 of 675[31m (20 FAILED)[39m (skipped 1) (0 secs / 11.277 secs)
[1A[2KERROR: [36m'[HLJS] ', 'Highlight.js library was not imported!'[39m
Chrome Headless 144.0.0.0 (Windows 10): Executed 468 of 675[31m (20 FAILED)[39m (skipped 1) (0 secs / 11.277 secs)
ERROR: '[HLJS] ', 'Highlight.js library was not imported!'
[1A[2KWARN: [36m'Error during diffing'[39m
Chrome Headless 144.0.0.0 (Windows 10): Executed 468 of 675[31m (20 FAILED)[39m (skipped 1) (0 secs / 11.277 secs)
WARN: 'Error during diffing'
[1A[2KChrome Headless 144.0.0.0 (Windows 10): Executed 469 of 675[31m (20 FAILED)[39m (skipped 1) (0 secs / 11.337 secs)
[1A[2KERROR: [36m'[HLJS] ', 'Highlight.js library was not imported!'[39m
Chrome Headless 144.0.0.0 (Windows 10): Executed 469 of 675[31m (20 FAILED)[39m (skipped 1) (0 secs / 11.337 secs)
ERROR: '[HLJS] ', 'Highlight.js library was not imported!'
[1A[2KWARN: [36m'Error during diffing'[39m
Chrome Headless 144.0.0.0 (Windows 10): Executed 469 of 675[31m (20 FAILED)[39m (skipped 1) (0 secs / 11.337 secs)
WARN: 'Error during diffing'
[1A[2KChrome Headless 144.0.0.0 (Windows 10): Executed 470 of 675[31m (20 FAILED)[39m (skipped 1) (0 secs / 11.397 secs)
[1A[2KERROR: [36m'[HLJS] ', 'Highlight.js library was not imported!'[39m
Chrome Headless 144.0.0.0 (Windows 10): Executed 470 of 675[31m (20 FAILED)[39m (skipped 1) (0 secs / 11.397 secs)
ERROR: '[HLJS] ', 'Highlight.js library was not imported!'
[1A[2KWARN: [36m'Error during diffing'[39m
Chrome Headless 144.0.0.0 (Windows 10): Executed 470 of 675[31m (20 FAILED)[39m (skipped 1) (0 secs / 11.397 secs)
WARN: 'Error during diffing'
[1A[2KChrome Headless 144.0.0.0 (Windows 10): Executed 471 of 675[31m (20 FAILED)[39m (skipped 1) (0 secs / 11.453 secs)
[1A[2KERROR: [36m'[HLJS] ', 'Highlight.js library was not imported!'[39m
Chrome Headless 144.0.0.0 (Windows 10): Executed 471 of 675[31m (20 FAILED)[39m (skipped 1) (0 secs / 11.453 secs)
ERROR: '[HLJS] ', 'Highlight.js library was not imported!'
[1A[2KWARN: [36m'Error during diffing'[39m
Chrome Headless 144.0.0.0 (Windows 10): Executed 471 of 675[31m (20 FAILED)[39m (skipped 1) (0 secs / 11.453 secs)
WARN: 'Error during diffing'
[1A[2KChrome Headless 144.0.0.0 (Windows 10): Executed 472 of 675[31m (20 FAILED)[39m (skipped 1) (0 secs / 11.509 secs)
[1A[2KERROR: [36m'[HLJS] ', 'Highlight.js library was not imported!'[39m
Chrome Headless 144.0.0.0 (Windows 10): Executed 472 of 675[31m (20 FAILED)[39m (skipped 1) (0 secs / 11.509 secs)
ERROR: '[HLJS] ', 'Highlight.js library was not imported!'
[1A[2KWARN: [36m'Error during diffing'[39m
Chrome Headless 144.0.0.0 (Windows 10): Executed 472 of 675[31m (20 FAILED)[39m (skipped 1) (0 secs / 11.509 secs)
WARN: 'Error during diffing'
[1A[2KChrome Headless 144.0.0.0 (Windows 10): Executed 473 of 675[31m (20 FAILED)[39m (skipped 1) (0 secs / 11.561 secs)
[1A[2KERROR: [36m'[HLJS] ', 'Highlight.js library was not imported!'[39m
Chrome Headless 144.0.0.0 (Windows 10): Executed 473 of 675[31m (20 FAILED)[39m (skipped 1) (0 secs / 11.561 secs)
ERROR: '[HLJS] ', 'Highlight.js library was not imported!'
[1A[2KWARN: [36m'Error during diffing'[39m
Chrome Headless 144.0.0.0 (Windows 10): Executed 473 of 675[31m (20 FAILED)[39m (skipped 1) (0 secs / 11.561 secs)
WARN: 'Error during diffing'
[1A[2KChrome Headless 144.0.0.0 (Windows 10): Executed 474 of 675[31m (20 FAILED)[39m (skipped 1) (0 secs / 11.61 secs)
[1A[2KERROR: [36m'[HLJS] ', 'Highlight.js library was not imported!'[39m
Chrome Headless 144.0.0.0 (Windows 10): Executed 474 of 675[31m (20 FAILED)[39m (skipped 1) (0 secs / 11.61 secs)
ERROR: '[HLJS] ', 'Highlight.js library was not imported!'
[1A[2KWARN: [36m'Error during diffing'[39m
Chrome Headless 144.0.0.0 (Windows 10): Executed 474 of 675[31m (20 FAILED)[39m (skipped 1) (0 secs / 11.61 secs)
WARN: 'Error during diffing'
[1A[2KChrome Headless 144.0.0.0 (Windows 10): Executed 475 of 675[31m (20 FAILED)[39m (skipped 1) (0 secs / 11.664 secs)
[1A[2KERROR: [36m'[HLJS] ', 'Highlight.js library was not imported!'[39m
Chrome Headless 144.0.0.0 (Windows 10): Executed 475 of 675[31m (20 FAILED)[39m (skipped 1) (0 secs / 11.664 secs)
ERROR: '[HLJS] ', 'Highlight.js library was not imported!'
[1A[2KWARN: [36m'Error during diffing'[39m
Chrome Headless 144.0.0.0 (Windows 10): Executed 475 of 675[31m (20 FAILED)[39m (skipped 1) (0 secs / 11.664 secs)
WARN: 'Error during diffing'
[1A[2KChrome Headless 144.0.0.0 (Windows 10): Executed 476 of 675[31m (20 FAILED)[39m (skipped 1) (0 secs / 11.707 secs)
[1A[2KERROR: [36m'[HLJS] ', 'Highlight.js library was not imported!'[39m
Chrome Headless 144.0.0.0 (Windows 10): Executed 476 of 675[31m (20 FAILED)[39m (skipped 1) (0 secs / 11.707 secs)
ERROR: '[HLJS] ', 'Highlight.js library was not imported!'
[1A[2KWARN: [36m'Error during diffing'[39m
Chrome Headless 144.0.0.0 (Windows 10): Executed 476 of 675[31m (20 FAILED)[39m (skipped 1) (0 secs / 11.707 secs)
WARN: 'Error during diffing'
[1A[2KChrome Headless 144.0.0.0 (Windows 10): Executed 477 of 675[31m (20 FAILED)[39m (skipped 1) (0 secs / 11.76 secs)
[1A[2KERROR: [36m'[HLJS] ', 'Highlight.js library was not imported!'[39m
Chrome Headless 144.0.0.0 (Windows 10): Executed 477 of 675[31m (20 FAILED)[39m (skipped 1) (0 secs / 11.76 secs)
ERROR: '[HLJS] ', 'Highlight.js library was not imported!'
[1A[2KWARN: [36m'Error during diffing'[39m
Chrome Headless 144.0.0.0 (Windows 10): Executed 477 of 675[31m (20 FAILED)[39m (skipped 1) (0 secs / 11.76 secs)
WARN: 'Error during diffing'
[1A[2KChrome Headless 144.0.0.0 (Windows 10): Executed 478 of 675[31m (20 FAILED)[39m (skipped 1) (0 secs / 11.816 secs)
[1A[2KERROR: [36m'[HLJS] ', 'Highlight.js library was not imported!'[39m
Chrome Headless 144.0.0.0 (Windows 10): Executed 478 of 675[31m (20 FAILED)[39m (skipped 1) (0 secs / 11.816 secs)
ERROR: '[HLJS] ', 'Highlight.js library was not imported!'
[1A[2KWARN: [36m'Error during diffing'[39m
Chrome Headless 144.0.0.0 (Windows 10): Executed 478 of 675[31m (20 FAILED)[39m (skipped 1) (0 secs / 11.816 secs)
WARN: 'Error during diffing'
[1A[2KChrome Headless 144.0.0.0 (Windows 10): Executed 479 of 675[31m (20 FAILED)[39m (skipped 1) (0 secs / 11.875 secs)
[1A[2KERROR: [36m'[HLJS] ', 'Highlight.js library was not imported!'[39m
Chrome Headless 144.0.0.0 (Windows 10): Executed 479 of 675[31m (20 FAILED)[39m (skipped 1) (0 secs / 11.875 secs)
ERROR: '[HLJS] ', 'Highlight.js library was not imported!'
[1A[2KWARN: [36m'Error during diffing'[39m
Chrome Headless 144.0.0.0 (Windows 10): Executed 479 of 675[31m (20 FAILED)[39m (skipped 1) (0 secs / 11.875 secs)
WARN: 'Error during diffing'
[1A[2KChrome Headless 144.0.0.0 (Windows 10): Executed 480 of 675[31m (20 FAILED)[39m (skipped 1) (0 secs / 11.946 secs)
[1A[2KERROR: [36m'[HLJS] ', 'Highlight.js library was not imported!'[39m
Chrome Headless 144.0.0.0 (Windows 10): Executed 480 of 675[31m (20 FAILED)[39m (skipped 1) (0 secs / 11.946 secs)
ERROR: '[HLJS] ', 'Highlight.js library was not imported!'
[1A[2KWARN: [36m'Error during diffing'[39m
Chrome Headless 144.0.0.0 (Windows 10): Executed 480 of 675[31m (20 FAILED)[39m (skipped 1) (0 secs / 11.946 secs)
WARN: 'Error during diffing'
[1A[2KChrome Headless 144.0.0.0 (Windows 10): Executed 481 of 675[31m (20 FAILED)[39m (skipped 1) (0 secs / 12.033 secs)
[1A[2KERROR: [36m'[HLJS] ', 'Highlight.js library was not imported!'[39m
Chrome Headless 144.0.0.0 (Windows 10): Executed 481 of 675[31m (20 FAILED)[39m (skipped 1) (0 secs / 12.033 secs)
ERROR: '[HLJS] ', 'Highlight.js library was not imported!'
[1A[2KWARN: [36m'Error during diffing'[39m
Chrome Headless 144.0.0.0 (Windows 10): Executed 481 of 675[31m (20 FAILED)[39m (skipped 1) (0 secs / 12.033 secs)
WARN: 'Error during diffing'
[1A[2KChrome Headless 144.0.0.0 (Windows 10): Executed 482 of 675[31m (20 FAILED)[39m (skipped 1) (0 secs / 12.093 secs)
[1A[2KERROR: [36m'[HLJS] ', 'Highlight.js library was not imported!'[39m
Chrome Headless 144.0.0.0 (Windows 10): Executed 482 of 675[31m (20 FAILED)[39m (skipped 1) (0 secs / 12.093 secs)
ERROR: '[HLJS] ', 'Highlight.js library was not imported!'
[1A[2KWARN: [36m'Error during diffing'[39m
Chrome Headless 144.0.0.0 (Windows 10): Executed 482 of 675[31m (20 FAILED)[39m (skipped 1) (0 secs / 12.093 secs)
WARN: 'Error during diffing'
[1A[2KChrome Headless 144.0.0.0 (Windows 10): Executed 483 of 675[31m (20 FAILED)[39m (skipped 1) (0 secs / 12.146 secs)
[1A[2KChrome Headless 144.0.0.0 (Windows 10): Executed 484 of 675[31m (20 FAILED)[39m (skipped 2) (0 secs / 12.149 secs)
[1A[2KChrome Headless 144.0.0.0 (Windows 10): Executed 485 of 675[31m (20 FAILED)[39m (skipped 2) (0 secs / 12.152 secs)
[1A[2KChrome Headless 144.0.0.0 (Windows 10): Executed 486 of 675[31m (20 FAILED)[39m (skipped 2) (0 secs / 12.154 secs)
[1A[2KChrome Headless 144.0.0.0 (Windows 10): Executed 487 of 675[31m (20 FAILED)[39m (skipped 2) (0 secs / 12.156 secs)
[1A[2KChrome Headless 144.0.0.0 (Windows 10): Executed 488 of 675[31m (20 FAILED)[39m (skipped 2) (0 secs / 12.226 secs)
[1A[2KChrome Headless 144.0.0.0 (Windows 10): Executed 489 of 675[31m (20 FAILED)[39m (skipped 2) (0 secs / 12.239 secs)
[33m19 01 2026 03:40:42.027:WARN [Chrome Headless 144.0.0.0 (Windows 10)]: [39mDisconnected (0 times) reconnect failed before timeout of 2000ms (transport close)
[1A[2K[31mChrome Headless 144.0.0.0 (Windows 10) ERROR[39m
  Disconnected reconnect failed before timeout of 2000ms (transport close)
Chrome Headless 144.0.0.0 (Windows 10): Executed 489 of 675[31m (20 FAILED)[39m (skipped 2)[31m DISCONNECTED[39m (30.052 secs / 12.239 secs)
Chrome Headless 144.0.0.0 (Windows 10) ERROR
  Disconnected reconnect failed before timeout of 2000ms (transport close)
[1A[2KChrome Headless 144.0.0.0 (Windows 10): Executed 489 of 675[31m (20 FAILED)[39m (skipped 2)[31m DISCONNECTED[39m (30.052 secs / 12.239 secs)
Γ£ö Browser application bundle generation complete.
[33m19 01 2026 03:42:15.121:WARN [karma]: [39mNo captured browser, open http://localhost:9877/
Γ£ö Browser application bundle generation complete.
Γ£ö Browser application bundle generation complete.
