node.exe : npm warn Unknown 
cli config "--watch". This 
will stop working in the 
next major version of npm.
At C:\Program 
Files\nodejs\npm.ps1:29 
char:3
+   & $NODE_EXE $NPM_CLI_JS 
$args
+   ~~~~~~~~~~~~~~~~~~~~~~~~
~~~~~
    + CategoryInfo          
    : NotSpecified: (npm w  
  arn Unknow...version of   
  npm.:String) [], Remot    
eException
    + FullyQualifiedErrorId 
    : NativeCommandError
 
npm warn Unknown cli config 
"--browsers". This will 
stop working in the next 
major version of npm.

> juice-shop@19.2.0-SNAPSHOT test
> cd frontend && npm run test -- --watch=false --source-map=true && cd .. && npm run test:server

npm warn Unknown env config 
"browsers". This will stop 
working in the next major 
version of npm.

> frontend@19.2.0-SNAPSHOT test
> ng test --watch=false --source-map=true

- Generating browser 
application bundles (phase: 
setup)...
Γ£ö Browser application 
bundle generation complete.
[32m19 01 2026 21:08:33.154:INFO [karma-server]: [39mKarma v6.4.4 server started at http://localhost:9876/
[32m19 01 2026 21:08:33.158:INFO [launcher]: [39mLaunching browsers ChromeHeadless with concurrency unlimited
[32m19 01 2026 21:08:33.196:INFO [launcher]: [39mStarting browser ChromeHeadless
[32m19 01 2026 21:08:36.063:INFO [Chrome Headless 144.0.0.0 (Windows 10)]: [39mConnected on socket 77jYtdauOpTiks0KAAAB with id 57272360
Chrome Headless 144.0.0.0 (Windows 10): Executed 0 of 767[32m SUCCESS[39m (0 secs / 0 secs)
[1A[2KChrome Headless 144.0.0.0 (Windows 10): Executed 1 of 767[32m SUCCESS[39m (0 secs / 0.174 secs)
[1A[2KChrome Headless 144.0.0.0 (Windows 10): Executed 2 of 767[32m SUCCESS[39m (0 secs / 0.204 secs)
[1A[2KChrome Headless 144.0.0.0 (Windows 10): Executed 3 of 767[32m SUCCESS[39m (0 secs / 0.232 secs)
[1A[2KChrome Headless 144.0.0.0 (Windows 10): Executed 4 of 767[32m SUCCESS[39m (0 secs / 0.257 secs)
[1A[2KChrome Headless 144.0.0.0 (Windows 10): Executed 5 of 767[32m SUCCESS[39m (0 secs / 0.285 secs)
[1A[2KChrome Headless 144.0.0.0 (Windows 10): Executed 6 of 767[32m SUCCESS[39m (0 secs / 0.304 secs)
[1A[2KChrome Headless 144.0.0.0 (Windows 10): Executed 7 of 767[32m SUCCESS[39m (0 secs / 0.32 secs)
[1A[2KChrome Headless 144.0.0.0 (Windows 10): Executed 8 of 767[32m SUCCESS[39m (0 secs / 0.664 secs)
[1A[2KChrome Headless 144.0.0.0 (Windows 10): Executed 9 of 767[32m SUCCESS[39m (0 secs / 0.992 secs)
[1A[2KChrome Headless 144.0.0.0 (Windows 10): Executed 10 of 767[32m SUCCESS[39m (0 secs / 1.316 secs)
[1A[2KChrome Headless 144.0.0.0 (Windows 10): Executed 11 of 767[32m SUCCESS[39m (0 secs / 1.641 secs)
[1A[2KChrome Headless 144.0.0.0 (Windows 10): Executed 12 of 767[32m SUCCESS[39m (0 secs / 1.951 secs)
[1A[2KChrome Headless 144.0.0.0 (Windows 10): Executed 13 of 767[32m SUCCESS[39m (0 secs / 2.273 secs)
[1A[2KChrome Headless 144.0.0.0 (Windows 10): Executed 14 of 767[32m SUCCESS[39m (0 secs / 2.594 secs)
[1A[2KChrome Headless 144.0.0.0 (Windows 10): Executed 15 of 767[32m SUCCESS[39m (0 secs / 2.919 secs)
[1A[2KChrome Headless 144.0.0.0 (Windows 10): Executed 16 of 767[32m SUCCESS[39m (0 secs / 3.242 secs)
[1A[2KChrome Headless 144.0.0.0 (Windows 10): Executed 17 of 767[32m SUCCESS[39m (0 secs / 3.551 secs)
[1A[2KChrome Headless 144.0.0.0 (Windows 10): Executed 18 of 767[32m SUCCESS[39m (0 secs / 3.861 secs)
[1A[2KChrome Headless 144.0.0.0 (Windows 10): Executed 19 of 767[32m SUCCESS[39m (0 secs / 3.872 secs)
[1A[2KChrome Headless 144.0.0.0 (Windows 10): Executed 20 of 767[32m SUCCESS[39m (0 secs / 3.876 secs)
[1A[2KChrome Headless 144.0.0.0 (Windows 10): Executed 21 of 767[32m SUCCESS[39m (0 secs / 3.879 secs)
[1A[2KChrome Headless 144.0.0.0 (Windows 10): Executed 22 of 767[32m SUCCESS[39m (0 secs / 3.882 secs)
[1A[2KChrome Headless 144.0.0.0 (Windows 10): Executed 23 of 767[32m SUCCESS[39m (0 secs / 3.885 secs)
[1A[2K[31mChrome Headless 144.0.0.0 (Windows 10) RegisterComponent should create FAILED[39m
	Failed: Errors during JIT compilation of template for RegisterComponent: Unexpected closing tag "mat-form-field". It may happen when the tag has already been closed by another tag. For more info see https://www.w3.org/TR/html5/syntax.html#closing-elements-that-have-implied-end-tags ("
	                </mat-error>
	              }
	            [ERROR ->]</mat-form-field>
	>>>>>>> upstream/develop
	
	"): ng:///RegisterComponent/template.html@134:12, Unexpected closing tag "div". It may happen when the tag has already been closed by another tag. For more info see https://www.w3.org/TR/html5/syntax.html#closing-elements-that-have-implied-end-tags ("y-link" routerLink="/login" translate>ALREADY_A_CUSTOMER</a>
	                </div>
	              [ERROR ->]</div>
	            </div>
	          </mat-card>
	"): ng:///RegisterComponent/template.html@217:14, Unexpected closing tag "div". It may happen when the tag has already been closed by another tag. For more info see https://www.w3.org/TR/html5/syntax.html#closing-elements-that-have-implied-end-tags ("
	                </div>
	              </div>
	            [ERROR ->]</div>
	          </mat-card>
	        </div>
	"): ng:///RegisterComponent/template.html@218:12, Unexpected closing tag "mat-card". It may happen when the tag has already been closed by another tag. For more info see https://www.w3.org/TR/html5/syntax.html#closing-elements-that-have-implied-end-tags ("
	              </div>
	            </div>
	          [ERROR ->]</mat-card>
	        </div>
	>>>>>>> upstream/develop
	"): ng:///RegisterComponent/template.html@219:10, Unexpected closing tag "div". It may happen when the tag has already been closed by another tag. For more info see https://www.w3.org/TR/html5/syntax.html#closing-elements-that-have-implied-end-tags ("
	            </div>
	          </mat-card>
	        [ERROR ->]</div>
	>>>>>>> upstream/develop
	"): ng:///RegisterComponent/template.html@220:8
	    at parseJitTemplate (node_modules/@angular/compiler/fesm2022/compiler.mjs:32326:15)
	    at CompilerFacadeImpl.compileComponent (node_modules/@angular/compiler/fesm2022/compiler.mjs:32000:52)
	    at RegisterComponent.╔╡cmp (node_modules/@angular/core/fesm2022/debug_node.mjs:30245:47)
	    at getComponentDef (node_modules/@angular/core/fesm2022/testing.mjs:1605:18)
	    at isStandaloneComponent (node_modules/@angular/core/fesm2022/testing.mjs:1601:17)
	    at queueTypesFromModulesArrayRecur (node_modules/@angular/core/fesm2022/testing.mjs:1325:26)
	    at TestBedCompiler.queueTypesFromModulesArray (node_modules/@angular/core/fesm2022/testing.mjs:1348:9)
	    at TestBedCompiler.configureTestingModule (node_modules/@angular/core/fesm2022/testing.mjs:856:18)
	    at TestBedImpl.configureTestingModule (node_modules/@angular/core/fesm2022/testing.mjs:1993:23)
	    at TestBedImpl.configureTestingModule (node_modules/@angular/core/fesm2022/testing.mjs:1805:37)
Chrome Headless 144.0.0.0 (Windows 10): Executed 24 of 767[31m (1 FAILED)[39m (0 secs / 3.893 secs)
Chrome Headless 144.0.0.0 (Windows 10) RegisterComponent should create FAILED
	Failed: Errors during JIT compilation of template for RegisterComponent: Unexpected closing tag "mat-form-field". It may happen when the tag has already been closed by another tag. For more info see https://www.w3.org/TR/html5/syntax.html#closing-elements-that-have-implied-end-tags ("
	                </mat-error>
	              }
	            [ERROR ->]</mat-form-field>
	>>>>>>> upstream/develop
	
	"): ng:///RegisterComponent/template.html@134:12, Unexpected closing tag "div". It may happen when the tag has already been closed by another tag. For more info see https://www.w3.org/TR/html5/syntax.html#closing-elements-that-have-implied-end-tags ("y-link" routerLink="/login" translate>ALREADY_A_CUSTOMER</a>
	                </div>
	              [ERROR ->]</div>
	            </div>
	          </mat-card>
	"): ng:///RegisterComponent/template.html@217:14, Unexpected closing tag "div". It may happen when the tag has already been closed by another tag. For more info see https://www.w3.org/TR/html5/syntax.html#closing-elements-that-have-implied-end-tags ("
	                </div>
	              </div>
	            [ERROR ->]</div>
	          </mat-card>
	        </div>
	"): ng:///RegisterComponent/template.html@218:12, Unexpected closing tag "mat-card". It may happen when the tag has already been closed by another tag. For more info see https://www.w3.org/TR/html5/syntax.html#closing-elements-that-have-implied-end-tags ("
	              </div>
	            </div>
	          [ERROR ->]</mat-card>
	        </div>
	>>>>>>> upstream/develop
	"): ng:///RegisterComponent/template.html@219:10, Unexpected closing tag "div". It may happen when the tag has already been closed by another tag. For more info see https://www.w3.org/TR/html5/syntax.html#closing-elements-that-have-implied-end-tags ("
	            </div>
	          </mat-card>
	        [ERROR ->]</div>
	>>>>>>> upstream/develop
	"): ng:///RegisterComponent/template.html@220:8
	    at parseJitTemplate (node_modules/@angular/compiler/fesm2022/compiler.mjs:32326:15)
	    at CompilerFacadeImpl.compileComponent (node_modules/@angular/compiler/fesm2022/compiler.mjs:32000:52)
	    at RegisterComponent.╔╡cmp (node_modules/@angular/core/fesm2022/debug_node.mjs:30245:47)
	    at getComponentDef (node_modules/@angular/core/fesm2022/testing.mjs:1605:18)
	    at isStandaloneComponent (node_modules/@angular/core/fesm2022/testing.mjs:1601:17)
	    at queueTypesFromModulesArrayRecur (node_modules/@angular/core/fesm2022/testing.mjs:1325:26)
	    at TestBedCompiler.queueTypesFromModulesArray (node_modules/@angular/core/fesm2022/testing.mjs:1348:9)
	    at TestBedCompiler.configureTestingModule (node_modules/@angular/core/fesm2022/testing.mjs:856:18)
	    at TestBedImpl.configureTestingModule (node_modules/@angular/core/fesm2022/testing.mjs:1993:23)
	    at TestBedImpl.configureTestingModule (node_modules/@angular/core/fesm2022/testing.mjs:1805:37)
[1A[2K[31mChrome Headless 144.0.0.0 (Windows 10) RegisterComponent loading secret questions FAILED[39m
	Failed: Errors during JIT compilation of template for RegisterComponent: Unexpected closing tag "mat-form-field". It may happen when the tag has already been closed by another tag. For more info see https://www.w3.org/TR/html5/syntax.html#closing-elements-that-have-implied-end-tags ("
	                </mat-error>
	              }
	            [ERROR ->]</mat-form-field>
	>>>>>>> upstream/develop
	
	"): ng:///RegisterComponent/template.html@134:12, Unexpected closing tag "div". It may happen when the tag has already been closed by another tag. For more info see https://www.w3.org/TR/html5/syntax.html#closing-elements-that-have-implied-end-tags ("y-link" routerLink="/login" translate>ALREADY_A_CUSTOMER</a>
	                </div>
	              [ERROR ->]</div>
	            </div>
	          </mat-card>
	"): ng:///RegisterComponent/template.html@217:14, Unexpected closing tag "div". It may happen when the tag has already been closed by another tag. For more info see https://www.w3.org/TR/html5/syntax.html#closing-elements-that-have-implied-end-tags ("
	                </div>
	              </div>
	            [ERROR ->]</div>
	          </mat-card>
	        </div>
	"): ng:///RegisterComponent/template.html@218:12, Unexpected closing tag "mat-card". It may happen when the tag has already been closed by another tag. For more info see https://www.w3.org/TR/html5/syntax.html#closing-elements-that-have-implied-end-tags ("
	              </div>
	            </div>
	          [ERROR ->]</mat-card>
	        </div>
	>>>>>>> upstream/develop
	"): ng:///RegisterComponent/template.html@219:10, Unexpected closing tag "div". It may happen when the tag has already been closed by another tag. For more info see https://www.w3.org/TR/html5/syntax.html#closing-elements-that-have-implied-end-tags ("
	            </div>
	          </mat-card>
	        [ERROR ->]</div>
	>>>>>>> upstream/develop
	"): ng:///RegisterComponent/template.html@220:8
	    at parseJitTemplate (node_modules/@angular/compiler/fesm2022/compiler.mjs:32326:15)
	    at CompilerFacadeImpl.compileComponent (node_modules/@angular/compiler/fesm2022/compiler.mjs:32000:52)
	    at RegisterComponent.╔╡cmp (node_modules/@angular/core/fesm2022/debug_node.mjs:30245:47)
	    at getComponentDef (node_modules/@angular/core/fesm2022/testing.mjs:1605:18)
	    at isStandaloneComponent (node_modules/@angular/core/fesm2022/testing.mjs:1601:17)
	    at queueTypesFromModulesArrayRecur (node_modules/@angular/core/fesm2022/testing.mjs:1325:26)
	    at TestBedCompiler.queueTypesFromModulesArray (node_modules/@angular/core/fesm2022/testing.mjs:1348:9)
	    at TestBedCompiler.configureTestingModule (node_modules/@angular/core/fesm2022/testing.mjs:856:18)
	    at TestBedImpl.configureTestingModule (node_modules/@angular/core/fesm2022/testing.mjs:1993:23)
	    at TestBedImpl.configureTestingModule (node_modules/@angular/core/fesm2022/testing.mjs:1805:37)
Chrome Headless 144.0.0.0 (Windows 10): Executed 25 of 767[31m (2 FAILED)[39m (0 secs / 3.902 secs)
Chrome Headless 144.0.0.0 (Windows 10) RegisterComponent loading secret questions FAILED
	Failed: Errors during JIT compilation of template for RegisterComponent: Unexpected closing tag "mat-form-field". It may happen when the tag has already been closed by another tag. For more info see https://www.w3.org/TR/html5/syntax.html#closing-elements-that-have-implied-end-tags ("
	                </mat-error>
	              }
	            [ERROR ->]</mat-form-field>
	>>>>>>> upstream/develop
	
	"): ng:///RegisterComponent/template.html@134:12, Unexpected closing tag "div". It may happen when the tag has already been closed by another tag. For more info see https://www.w3.org/TR/html5/syntax.html#closing-elements-that-have-implied-end-tags ("y-link" routerLink="/login" translate>ALREADY_A_CUSTOMER</a>
	                </div>
	              [ERROR ->]</div>
	            </div>
	          </mat-card>
	"): ng:///RegisterComponent/template.html@217:14, Unexpected closing tag "div". It may happen when the tag has already been closed by another tag. For more info see https://www.w3.org/TR/html5/syntax.html#closing-elements-that-have-implied-end-tags ("
	                </div>
	              </div>
	            [ERROR ->]</div>
	          </mat-card>
	        </div>
	"): ng:///RegisterComponent/template.html@218:12, Unexpected closing tag "mat-card". It may happen when the tag has already been closed by another tag. For more info see https://www.w3.org/TR/html5/syntax.html#closing-elements-that-have-implied-end-tags ("
	              </div>
	            </div>
	          [ERROR ->]</mat-card>
	        </div>
	>>>>>>> upstream/develop
	"): ng:///RegisterComponent/template.html@219:10, Unexpected closing tag "div". It may happen when the tag has already been closed by another tag. For more info see https://www.w3.org/TR/html5/syntax.html#closing-elements-that-have-implied-end-tags ("
	            </div>
	          </mat-card>
	        [ERROR ->]</div>
	>>>>>>> upstream/develop
	"): ng:///RegisterComponent/template.html@220:8
	    at parseJitTemplate (node_modules/@angular/compiler/fesm2022/compiler.mjs:32326:15)
	    at CompilerFacadeImpl.compileComponent (node_modules/@angular/compiler/fesm2022/compiler.mjs:32000:52)
	    at RegisterComponent.╔╡cmp (node_modules/@angular/core/fesm2022/debug_node.mjs:30245:47)
	    at getComponentDef (node_modules/@angular/core/fesm2022/testing.mjs:1605:18)
	    at isStandaloneComponent (node_modules/@angular/core/fesm2022/testing.mjs:1601:17)
	    at queueTypesFromModulesArrayRecur (node_modules/@angular/core/fesm2022/testing.mjs:1325:26)
	    at TestBedCompiler.queueTypesFromModulesArray (node_modules/@angular/core/fesm2022/testing.mjs:1348:9)
	    at TestBedCompiler.configureTestingModule (node_modules/@angular/core/fesm2022/testing.mjs:856:18)
	    at TestBedImpl.configureTestingModule (node_modules/@angular/core/fesm2022/testing.mjs:1993:23)
	    at TestBedImpl.configureTestingModule (node_modules/@angular/core/fesm2022/testing.mjs:1805:37)
[1A[2K[31mChrome Headless 144.0.0.0 (Windows 10) RegisterComponent redirects to login page after user registration FAILED[39m
	Failed: Errors during JIT compilation of template for RegisterComponent: Unexpected closing tag "mat-form-field". It may happen when the tag has already been closed by another tag. For more info see https://www.w3.org/TR/html5/syntax.html#closing-elements-that-have-implied-end-tags ("
	                </mat-error>
	              }
	            [ERROR ->]</mat-form-field>
	>>>>>>> upstream/develop
	
	"): ng:///RegisterComponent/template.html@134:12, Unexpected closing tag "div". It may happen when the tag has already been closed by another tag. For more info see https://www.w3.org/TR/html5/syntax.html#closing-elements-that-have-implied-end-tags ("y-link" routerLink="/login" translate>ALREADY_A_CUSTOMER</a>
	                </div>
	              [ERROR ->]</div>
	            </div>
	          </mat-card>
	"): ng:///RegisterComponent/template.html@217:14, Unexpected closing tag "div". It may happen when the tag has already been closed by another tag. For more info see https://www.w3.org/TR/html5/syntax.html#closing-elements-that-have-implied-end-tags ("
	                </div>
	              </div>
	            [ERROR ->]</div>
	          </mat-card>
	        </div>
	"): ng:///RegisterComponent/template.html@218:12, Unexpected closing tag "mat-card". It may happen when the tag has already been closed by another tag. For more info see https://www.w3.org/TR/html5/syntax.html#closing-elements-that-have-implied-end-tags ("
	              </div>
	            </div>
	          [ERROR ->]</mat-card>
	        </div>
	>>>>>>> upstream/develop
	"): ng:///RegisterComponent/template.html@219:10, Unexpected closing tag "div". It may happen when the tag has already been closed by another tag. For more info see https://www.w3.org/TR/html5/syntax.html#closing-elements-that-have-implied-end-tags ("
	            </div>
	          </mat-card>
	        [ERROR ->]</div>
	>>>>>>> upstream/develop
	"): ng:///RegisterComponent/template.html@220:8
	    at parseJitTemplate (node_modules/@angular/compiler/fesm2022/compiler.mjs:32326:15)
	    at CompilerFacadeImpl.compileComponent (node_modules/@angular/compiler/fesm2022/compiler.mjs:32000:52)
	    at RegisterComponent.╔╡cmp (node_modules/@angular/core/fesm2022/debug_node.mjs:30245:47)
	    at getComponentDef (node_modules/@angular/core/fesm2022/testing.mjs:1605:18)
	    at isStandaloneComponent (node_modules/@angular/core/fesm2022/testing.mjs:1601:17)
	    at queueTypesFromModulesArrayRecur (node_modules/@angular/core/fesm2022/testing.mjs:1325:26)
	    at TestBedCompiler.queueTypesFromModulesArray (node_modules/@angular/core/fesm2022/testing.mjs:1348:9)
	    at TestBedCompiler.configureTestingModule (node_modules/@angular/core/fesm2022/testing.mjs:856:18)
	    at TestBedImpl.configureTestingModule (node_modules/@angular/core/fesm2022/testing.mjs:1993:23)
	    at TestBedImpl.configureTestingModule (node_modules/@angular/core/fesm2022/testing.mjs:1805:37)
Chrome Headless 144.0.0.0 (Windows 10): Executed 26 of 767[31m (3 FAILED)[39m (0 secs / 3.909 secs)
Chrome Headless 144.0.0.0 (Windows 10) RegisterComponent redirects to login page after user registration FAILED
	Failed: Errors during JIT compilation of template for RegisterComponent: Unexpected closing tag "mat-form-field". It may happen when the tag has already been closed by another tag. For more info see https://www.w3.org/TR/html5/syntax.html#closing-elements-that-have-implied-end-tags ("
	                </mat-error>
	              }
	            [ERROR ->]</mat-form-field>
	>>>>>>> upstream/develop
	
	"): ng:///RegisterComponent/template.html@134:12, Unexpected closing tag "div". It may happen when the tag has already been closed by another tag. For more info see https://www.w3.org/TR/html5/syntax.html#closing-elements-that-have-implied-end-tags ("y-link" routerLink="/login" translate>ALREADY_A_CUSTOMER</a>
	                </div>
	              [ERROR ->]</div>
	            </div>
	          </mat-card>
	"): ng:///RegisterComponent/template.html@217:14, Unexpected closing tag "div". It may happen when the tag has already been closed by another tag. For more info see https://www.w3.org/TR/html5/syntax.html#closing-elements-that-have-implied-end-tags ("
	                </div>
	              </div>
	            [ERROR ->]</div>
	          </mat-card>
	        </div>
	"): ng:///RegisterComponent/template.html@218:12, Unexpected closing tag "mat-card". It may happen when the tag has already been closed by another tag. For more info see https://www.w3.org/TR/html5/syntax.html#closing-elements-that-have-implied-end-tags ("
	              </div>
	            </div>
	          [ERROR ->]</mat-card>
	        </div>
	>>>>>>> upstream/develop
	"): ng:///RegisterComponent/template.html@219:10, Unexpected closing tag "div". It may happen when the tag has already been closed by another tag. For more info see https://www.w3.org/TR/html5/syntax.html#closing-elements-that-have-implied-end-tags ("
	            </div>
	          </mat-card>
	        [ERROR ->]</div>
	>>>>>>> upstream/develop
	"): ng:///RegisterComponent/template.html@220:8
	    at parseJitTemplate (node_modules/@angular/compiler/fesm2022/compiler.mjs:32326:15)
	    at CompilerFacadeImpl.compileComponent (node_modules/@angular/compiler/fesm2022/compiler.mjs:32000:52)
	    at RegisterComponent.╔╡cmp (node_modules/@angular/core/fesm2022/debug_node.mjs:30245:47)
	    at getComponentDef (node_modules/@angular/core/fesm2022/testing.mjs:1605:18)
	    at isStandaloneComponent (node_modules/@angular/core/fesm2022/testing.mjs:1601:17)
	    at queueTypesFromModulesArrayRecur (node_modules/@angular/core/fesm2022/testing.mjs:1325:26)
	    at TestBedCompiler.queueTypesFromModulesArray (node_modules/@angular/core/fesm2022/testing.mjs:1348:9)
	    at TestBedCompiler.configureTestingModule (node_modules/@angular/core/fesm2022/testing.mjs:856:18)
	    at TestBedImpl.configureTestingModule (node_modules/@angular/core/fesm2022/testing.mjs:1993:23)
	    at TestBedImpl.configureTestingModule (node_modules/@angular/core/fesm2022/testing.mjs:1805:37)
[1A[2K[31mChrome Headless 144.0.0.0 (Windows 10) RegisterComponent should hold nothing when no secret questions exists FAILED[39m
	Failed: Errors during JIT compilation of template for RegisterComponent: Unexpected closing tag "mat-form-field". It may happen when the tag has already been closed by another tag. For more info see https://www.w3.org/TR/html5/syntax.html#closing-elements-that-have-implied-end-tags ("
	                </mat-error>
	              }
	            [ERROR ->]</mat-form-field>
	>>>>>>> upstream/develop
	
	"): ng:///RegisterComponent/template.html@134:12, Unexpected closing tag "div". It may happen when the tag has already been closed by another tag. For more info see https://www.w3.org/TR/html5/syntax.html#closing-elements-that-have-implied-end-tags ("y-link" routerLink="/login" translate>ALREADY_A_CUSTOMER</a>
	                </div>
	              [ERROR ->]</div>
	            </div>
	          </mat-card>
	"): ng:///RegisterComponent/template.html@217:14, Unexpected closing tag "div". It may happen when the tag has already been closed by another tag. For more info see https://www.w3.org/TR/html5/syntax.html#closing-elements-that-have-implied-end-tags ("
	                </div>
	              </div>
	            [ERROR ->]</div>
	          </mat-card>
	        </div>
	"): ng:///RegisterComponent/template.html@218:12, Unexpected closing tag "mat-card". It may happen when the tag has already been closed by another tag. For more info see https://www.w3.org/TR/html5/syntax.html#closing-elements-that-have-implied-end-tags ("
	              </div>
	            </div>
	          [ERROR ->]</mat-card>
	        </div>
	>>>>>>> upstream/develop
	"): ng:///RegisterComponent/template.html@219:10, Unexpected closing tag "div". It may happen when the tag has already been closed by another tag. For more info see https://www.w3.org/TR/html5/syntax.html#closing-elements-that-have-implied-end-tags ("
	            </div>
	          </mat-card>
	        [ERROR ->]</div>
	>>>>>>> upstream/develop
	"): ng:///RegisterComponent/template.html@220:8
	    at parseJitTemplate (node_modules/@angular/compiler/fesm2022/compiler.mjs:32326:15)
	    at CompilerFacadeImpl.compileComponent (node_modules/@angular/compiler/fesm2022/compiler.mjs:32000:52)
	    at RegisterComponent.╔╡cmp (node_modules/@angular/core/fesm2022/debug_node.mjs:30245:47)
	    at getComponentDef (node_modules/@angular/core/fesm2022/testing.mjs:1605:18)
	    at isStandaloneComponent (node_modules/@angular/core/fesm2022/testing.mjs:1601:17)
	    at queueTypesFromModulesArrayRecur (node_modules/@angular/core/fesm2022/testing.mjs:1325:26)
	    at TestBedCompiler.queueTypesFromModulesArray (node_modules/@angular/core/fesm2022/testing.mjs:1348:9)
	    at TestBedCompiler.configureTestingModule (node_modules/@angular/core/fesm2022/testing.mjs:856:18)
	    at TestBedImpl.configureTestingModule (node_modules/@angular/core/fesm2022/testing.mjs:1993:23)
	    at TestBedImpl.configureTestingModule (node_modules/@angular/core/fesm2022/testing.mjs:1805:37)
Chrome Headless 144.0.0.0 (Windows 10): Executed 27 of 767[31m (4 FAILED)[39m (0 secs / 3.916 secs)
Chrome Headless 144.0.0.0 (Windows 10) RegisterComponent should hold nothing when no secret questions exists FAILED
	Failed: Errors during JIT compilation of template for RegisterComponent: Unexpected closing tag "mat-form-field". It may happen when the tag has already been closed by another tag. For more info see https://www.w3.org/TR/html5/syntax.html#closing-elements-that-have-implied-end-tags ("
	                </mat-error>
	              }
	            [ERROR ->]</mat-form-field>
	>>>>>>> upstream/develop
	
	"): ng:///RegisterComponent/template.html@134:12, Unexpected closing tag "div". It may happen when the tag has already been closed by another tag. For more info see https://www.w3.org/TR/html5/syntax.html#closing-elements-that-have-implied-end-tags ("y-link" routerLink="/login" translate>ALREADY_A_CUSTOMER</a>
	                </div>
	              [ERROR ->]</div>
	            </div>
	          </mat-card>
	"): ng:///RegisterComponent/template.html@217:14, Unexpected closing tag "div". It may happen when the tag has already been closed by another tag. For more info see https://www.w3.org/TR/html5/syntax.html#closing-elements-that-have-implied-end-tags ("
	                </div>
	              </div>
	            [ERROR ->]</div>
	          </mat-card>
	        </div>
	"): ng:///RegisterComponent/template.html@218:12, Unexpected closing tag "mat-card". It may happen when the tag has already been closed by another tag. For more info see https://www.w3.org/TR/html5/syntax.html#closing-elements-that-have-implied-end-tags ("
	              </div>
	            </div>
	          [ERROR ->]</mat-card>
	        </div>
	>>>>>>> upstream/develop
	"): ng:///RegisterComponent/template.html@219:10, Unexpected closing tag "div". It may happen when the tag has already been closed by another tag. For more info see https://www.w3.org/TR/html5/syntax.html#closing-elements-that-have-implied-end-tags ("
	            </div>
	          </mat-card>
	        [ERROR ->]</div>
	>>>>>>> upstream/develop
	"): ng:///RegisterComponent/template.html@220:8
	    at parseJitTemplate (node_modules/@angular/compiler/fesm2022/compiler.mjs:32326:15)
	    at CompilerFacadeImpl.compileComponent (node_modules/@angular/compiler/fesm2022/compiler.mjs:32000:52)
	    at RegisterComponent.╔╡cmp (node_modules/@angular/core/fesm2022/debug_node.mjs:30245:47)
	    at getComponentDef (node_modules/@angular/core/fesm2022/testing.mjs:1605:18)
	    at isStandaloneComponent (node_modules/@angular/core/fesm2022/testing.mjs:1601:17)
	    at queueTypesFromModulesArrayRecur (node_modules/@angular/core/fesm2022/testing.mjs:1325:26)
	    at TestBedCompiler.queueTypesFromModulesArray (node_modules/@angular/core/fesm2022/testing.mjs:1348:9)
	    at TestBedCompiler.configureTestingModule (node_modules/@angular/core/fesm2022/testing.mjs:856:18)
	    at TestBedImpl.configureTestingModule (node_modules/@angular/core/fesm2022/testing.mjs:1993:23)
	    at TestBedImpl.configureTestingModule (node_modules/@angular/core/fesm2022/testing.mjs:1805:37)
[1A[2K[31mChrome Headless 144.0.0.0 (Windows 10) RegisterComponent password and repeat password should be the same FAILED[39m
	Failed: Errors during JIT compilation of template for RegisterComponent: Unexpected closing tag "mat-form-field". It may happen when the tag has already been closed by another tag. For more info see https://www.w3.org/TR/html5/syntax.html#closing-elements-that-have-implied-end-tags ("
	                </mat-error>
	              }
	            [ERROR ->]</mat-form-field>
	>>>>>>> upstream/develop
	
	"): ng:///RegisterComponent/template.html@134:12, Unexpected closing tag "div". It may happen when the tag has already been closed by another tag. For more info see https://www.w3.org/TR/html5/syntax.html#closing-elements-that-have-implied-end-tags ("y-link" routerLink="/login" translate>ALREADY_A_CUSTOMER</a>
	                </div>
	              [ERROR ->]</div>
	            </div>
	          </mat-card>
	"): ng:///RegisterComponent/template.html@217:14, Unexpected closing tag "div". It may happen when the tag has already been closed by another tag. For more info see https://www.w3.org/TR/html5/syntax.html#closing-elements-that-have-implied-end-tags ("
	                </div>
	              </div>
	            [ERROR ->]</div>
	          </mat-card>
	        </div>
	"): ng:///RegisterComponent/template.html@218:12, Unexpected closing tag "mat-card". It may happen when the tag has already been closed by another tag. For more info see https://www.w3.org/TR/html5/syntax.html#closing-elements-that-have-implied-end-tags ("
	              </div>
	            </div>
	          [ERROR ->]</mat-card>
	        </div>
	>>>>>>> upstream/develop
	"): ng:///RegisterComponent/template.html@219:10, Unexpected closing tag "div". It may happen when the tag has already been closed by another tag. For more info see https://www.w3.org/TR/html5/syntax.html#closing-elements-that-have-implied-end-tags ("
	            </div>
	          </mat-card>
	        [ERROR ->]</div>
	>>>>>>> upstream/develop
	"): ng:///RegisterComponent/template.html@220:8
	    at parseJitTemplate (node_modules/@angular/compiler/fesm2022/compiler.mjs:32326:15)
	    at CompilerFacadeImpl.compileComponent (node_modules/@angular/compiler/fesm2022/compiler.mjs:32000:52)
	    at RegisterComponent.╔╡cmp (node_modules/@angular/core/fesm2022/debug_node.mjs:30245:47)
	    at getComponentDef (node_modules/@angular/core/fesm2022/testing.mjs:1605:18)
	    at isStandaloneComponent (node_modules/@angular/core/fesm2022/testing.mjs:1601:17)
	    at queueTypesFromModulesArrayRecur (node_modules/@angular/core/fesm2022/testing.mjs:1325:26)
	    at TestBedCompiler.queueTypesFromModulesArray (node_modules/@angular/core/fesm2022/testing.mjs:1348:9)
	    at TestBedCompiler.configureTestingModule (node_modules/@angular/core/fesm2022/testing.mjs:856:18)
	    at TestBedImpl.configureTestingModule (node_modules/@angular/core/fesm2022/testing.mjs:1993:23)
	    at TestBedImpl.configureTestingModule (node_modules/@angular/core/fesm2022/testing.mjs:1805:37)
Chrome Headless 144.0.0.0 (Windows 10): Executed 28 of 767[31m (5 FAILED)[39m (0 secs / 3.921 secs)
Chrome Headless 144.0.0.0 (Windows 10) RegisterComponent password and repeat password should be the same FAILED
	Failed: Errors during JIT compilation of template for RegisterComponent: Unexpected closing tag "mat-form-field". It may happen when the tag has already been closed by another tag. For more info see https://www.w3.org/TR/html5/syntax.html#closing-elements-that-have-implied-end-tags ("
	                </mat-error>
	              }
	            [ERROR ->]</mat-form-field>
	>>>>>>> upstream/develop
	
	"): ng:///RegisterComponent/template.html@134:12, Unexpected closing tag "div". It may happen when the tag has already been closed by another tag. For more info see https://www.w3.org/TR/html5/syntax.html#closing-elements-that-have-implied-end-tags ("y-link" routerLink="/login" translate>ALREADY_A_CUSTOMER</a>
	                </div>
	              [ERROR ->]</div>
	            </div>
	          </mat-card>
	"): ng:///RegisterComponent/template.html@217:14, Unexpected closing tag "div". It may happen when the tag has already been closed by another tag. For more info see https://www.w3.org/TR/html5/syntax.html#closing-elements-that-have-implied-end-tags ("
	                </div>
	              </div>
	            [ERROR ->]</div>
	          </mat-card>
	        </div>
	"): ng:///RegisterComponent/template.html@218:12, Unexpected closing tag "mat-card". It may happen when the tag has already been closed by another tag. For more info see https://www.w3.org/TR/html5/syntax.html#closing-elements-that-have-implied-end-tags ("
	              </div>
	            </div>
	          [ERROR ->]</mat-card>
	        </div>
	>>>>>>> upstream/develop
	"): ng:///RegisterComponent/template.html@219:10, Unexpected closing tag "div". It may happen when the tag has already been closed by another tag. For more info see https://www.w3.org/TR/html5/syntax.html#closing-elements-that-have-implied-end-tags ("
	            </div>
	          </mat-card>
	        [ERROR ->]</div>
	>>>>>>> upstream/develop
	"): ng:///RegisterComponent/template.html@220:8
	    at parseJitTemplate (node_modules/@angular/compiler/fesm2022/compiler.mjs:32326:15)
	    at CompilerFacadeImpl.compileComponent (node_modules/@angular/compiler/fesm2022/compiler.mjs:32000:52)
	    at RegisterComponent.╔╡cmp (node_modules/@angular/core/fesm2022/debug_node.mjs:30245:47)
	    at getComponentDef (node_modules/@angular/core/fesm2022/testing.mjs:1605:18)
	    at isStandaloneComponent (node_modules/@angular/core/fesm2022/testing.mjs:1601:17)
	    at queueTypesFromModulesArrayRecur (node_modules/@angular/core/fesm2022/testing.mjs:1325:26)
	    at TestBedCompiler.queueTypesFromModulesArray (node_modules/@angular/core/fesm2022/testing.mjs:1348:9)
	    at TestBedCompiler.configureTestingModule (node_modules/@angular/core/fesm2022/testing.mjs:856:18)
	    at TestBedImpl.configureTestingModule (node_modules/@angular/core/fesm2022/testing.mjs:1993:23)
	    at TestBedImpl.configureTestingModule (node_modules/@angular/core/fesm2022/testing.mjs:1805:37)
[1A[2K[31mChrome Headless 144.0.0.0 (Windows 10) RegisterComponent password should not be more than 20 characters FAILED[39m
	Failed: Errors during JIT compilation of template for RegisterComponent: Unexpected closing tag "mat-form-field". It may happen when the tag has already been closed by another tag. For more info see https://www.w3.org/TR/html5/syntax.html#closing-elements-that-have-implied-end-tags ("
	                </mat-error>
	              }
	            [ERROR ->]</mat-form-field>
	>>>>>>> upstream/develop
	
	"): ng:///RegisterComponent/template.html@134:12, Unexpected closing tag "div". It may happen when the tag has already been closed by another tag. For more info see https://www.w3.org/TR/html5/syntax.html#closing-elements-that-have-implied-end-tags ("y-link" routerLink="/login" translate>ALREADY_A_CUSTOMER</a>
	                </div>
	              [ERROR ->]</div>
	            </div>
	          </mat-card>
	"): ng:///RegisterComponent/template.html@217:14, Unexpected closing tag "div". It may happen when the tag has already been closed by another tag. For more info see https://www.w3.org/TR/html5/syntax.html#closing-elements-that-have-implied-end-tags ("
	                </div>
	              </div>
	            [ERROR ->]</div>
	          </mat-card>
	        </div>
	"): ng:///RegisterComponent/template.html@218:12, Unexpected closing tag "mat-card". It may happen when the tag has already been closed by another tag. For more info see https://www.w3.org/TR/html5/syntax.html#closing-elements-that-have-implied-end-tags ("
	              </div>
	            </div>
	          [ERROR ->]</mat-card>
	        </div>
	>>>>>>> upstream/develop
	"): ng:///RegisterComponent/template.html@219:10, Unexpected closing tag "div". It may happen when the tag has already been closed by another tag. For more info see https://www.w3.org/TR/html5/syntax.html#closing-elements-that-have-implied-end-tags ("
	            </div>
	          </mat-card>
	        [ERROR ->]</div>
	>>>>>>> upstream/develop
	"): ng:///RegisterComponent/template.html@220:8
	    at parseJitTemplate (node_modules/@angular/compiler/fesm2022/compiler.mjs:32326:15)
	    at CompilerFacadeImpl.compileComponent (node_modules/@angular/compiler/fesm2022/compiler.mjs:32000:52)
	    at RegisterComponent.╔╡cmp (node_modules/@angular/core/fesm2022/debug_node.mjs:30245:47)
	    at getComponentDef (node_modules/@angular/core/fesm2022/testing.mjs:1605:18)
	    at isStandaloneComponent (node_modules/@angular/core/fesm2022/testing.mjs:1601:17)
	    at queueTypesFromModulesArrayRecur (node_modules/@angular/core/fesm2022/testing.mjs:1325:26)
	    at TestBedCompiler.queueTypesFromModulesArray (node_modules/@angular/core/fesm2022/testing.mjs:1348:9)
	    at TestBedCompiler.configureTestingModule (node_modules/@angular/core/fesm2022/testing.mjs:856:18)
	    at TestBedImpl.configureTestingModule (node_modules/@angular/core/fesm2022/testing.mjs:1993:23)
	    at TestBedImpl.configureTestingModule (node_modules/@angular/core/fesm2022/testing.mjs:1805:37)
Chrome Headless 144.0.0.0 (Windows 10): Executed 29 of 767[31m (6 FAILED)[39m (0 secs / 3.929 secs)
Chrome Headless 144.0.0.0 (Windows 10) RegisterComponent password should not be more than 20 characters FAILED
	Failed: Errors during JIT compilation of template for RegisterComponent: Unexpected closing tag "mat-form-field". It may happen when the tag has already been closed by another tag. For more info see https://www.w3.org/TR/html5/syntax.html#closing-elements-that-have-implied-end-tags ("
	                </mat-error>
	              }
	            [ERROR ->]</mat-form-field>
	>>>>>>> upstream/develop
	
	"): ng:///RegisterComponent/template.html@134:12, Unexpected closing tag "div". It may happen when the tag has already been closed by another tag. For more info see https://www.w3.org/TR/html5/syntax.html#closing-elements-that-have-implied-end-tags ("y-link" routerLink="/login" translate>ALREADY_A_CUSTOMER</a>
	                </div>
	              [ERROR ->]</div>
	            </div>
	          </mat-card>
	"): ng:///RegisterComponent/template.html@217:14, Unexpected closing tag "div". It may happen when the tag has already been closed by another tag. For more info see https://www.w3.org/TR/html5/syntax.html#closing-elements-that-have-implied-end-tags ("
	                </div>
	              </div>
	            [ERROR ->]</div>
	          </mat-card>
	        </div>
	"): ng:///RegisterComponent/template.html@218:12, Unexpected closing tag "mat-card". It may happen when the tag has already been closed by another tag. For more info see https://www.w3.org/TR/html5/syntax.html#closing-elements-that-have-implied-end-tags ("
	              </div>
	            </div>
	          [ERROR ->]</mat-card>
	        </div>
	>>>>>>> upstream/develop
	"): ng:///RegisterComponent/template.html@219:10, Unexpected closing tag "div". It may happen when the tag has already been closed by another tag. For more info see https://www.w3.org/TR/html5/syntax.html#closing-elements-that-have-implied-end-tags ("
	            </div>
	          </mat-card>
	        [ERROR ->]</div>
	>>>>>>> upstream/develop
	"): ng:///RegisterComponent/template.html@220:8
	    at parseJitTemplate (node_modules/@angular/compiler/fesm2022/compiler.mjs:32326:15)
	    at CompilerFacadeImpl.compileComponent (node_modules/@angular/compiler/fesm2022/compiler.mjs:32000:52)
	    at RegisterComponent.╔╡cmp (node_modules/@angular/core/fesm2022/debug_node.mjs:30245:47)
	    at getComponentDef (node_modules/@angular/core/fesm2022/testing.mjs:1605:18)
	    at isStandaloneComponent (node_modules/@angular/core/fesm2022/testing.mjs:1601:17)
	    at queueTypesFromModulesArrayRecur (node_modules/@angular/core/fesm2022/testing.mjs:1325:26)
	    at TestBedCompiler.queueTypesFromModulesArray (node_modules/@angular/core/fesm2022/testing.mjs:1348:9)
	    at TestBedCompiler.configureTestingModule (node_modules/@angular/core/fesm2022/testing.mjs:856:18)
	    at TestBedImpl.configureTestingModule (node_modules/@angular/core/fesm2022/testing.mjs:1993:23)
	    at TestBedImpl.configureTestingModule (node_modules/@angular/core/fesm2022/testing.mjs:1805:37)
[1A[2K[31mChrome Headless 144.0.0.0 (Windows 10) RegisterComponent should log error on saving user FAILED[39m
	Failed: Errors during JIT compilation of template for RegisterComponent: Unexpected closing tag "mat-form-field". It may happen when the tag has already been closed by another tag. For more info see https://www.w3.org/TR/html5/syntax.html#closing-elements-that-have-implied-end-tags ("
	                </mat-error>
	              }
	            [ERROR ->]</mat-form-field>
	>>>>>>> upstream/develop
	
	"): ng:///RegisterComponent/template.html@134:12, Unexpected closing tag "div". It may happen when the tag has already been closed by another tag. For more info see https://www.w3.org/TR/html5/syntax.html#closing-elements-that-have-implied-end-tags ("y-link" routerLink="/login" translate>ALREADY_A_CUSTOMER</a>
	                </div>
	              [ERROR ->]</div>
	            </div>
	          </mat-card>
	"): ng:///RegisterComponent/template.html@217:14, Unexpected closing tag "div". It may happen when the tag has already been closed by another tag. For more info see https://www.w3.org/TR/html5/syntax.html#closing-elements-that-have-implied-end-tags ("
	                </div>
	              </div>
	            [ERROR ->]</div>
	          </mat-card>
	        </div>
	"): ng:///RegisterComponent/template.html@218:12, Unexpected closing tag "mat-card". It may happen when the tag has already been closed by another tag. For more info see https://www.w3.org/TR/html5/syntax.html#closing-elements-that-have-implied-end-tags ("
	              </div>
	            </div>
	          [ERROR ->]</mat-card>
	        </div>
	>>>>>>> upstream/develop
	"): ng:///RegisterComponent/template.html@219:10, Unexpected closing tag "div". It may happen when the tag has already been closed by another tag. For more info see https://www.w3.org/TR/html5/syntax.html#closing-elements-that-have-implied-end-tags ("
	            </div>
	          </mat-card>
	        [ERROR ->]</div>
	>>>>>>> upstream/develop
	"): ng:///RegisterComponent/template.html@220:8
	    at parseJitTemplate (node_modules/@angular/compiler/fesm2022/compiler.mjs:32326:15)
	    at CompilerFacadeImpl.compileComponent (node_modules/@angular/compiler/fesm2022/compiler.mjs:32000:52)
	    at RegisterComponent.╔╡cmp (node_modules/@angular/core/fesm2022/debug_node.mjs:30245:47)
	    at getComponentDef (node_modules/@angular/core/fesm2022/testing.mjs:1605:18)
	    at isStandaloneComponent (node_modules/@angular/core/fesm2022/testing.mjs:1601:17)
	    at queueTypesFromModulesArrayRecur (node_modules/@angular/core/fesm2022/testing.mjs:1325:26)
	    at TestBedCompiler.queueTypesFromModulesArray (node_modules/@angular/core/fesm2022/testing.mjs:1348:9)
	    at TestBedCompiler.configureTestingModule (node_modules/@angular/core/fesm2022/testing.mjs:856:18)
	    at TestBedImpl.configureTestingModule (node_modules/@angular/core/fesm2022/testing.mjs:1993:23)
	    at TestBedImpl.configureTestingModule (node_modules/@angular/core/fesm2022/testing.mjs:1805:37)
Chrome Headless 144.0.0.0 (Windows 10): Executed 30 of 767[31m (7 FAILED)[39m (0 secs / 3.933 secs)
Chrome Headless 144.0.0.0 (Windows 10) RegisterComponent should log error on saving user FAILED
	Failed: Errors during JIT compilation of template for RegisterComponent: Unexpected closing tag "mat-form-field". It may happen when the tag has already been closed by another tag. For more info see https://www.w3.org/TR/html5/syntax.html#closing-elements-that-have-implied-end-tags ("
	                </mat-error>
	              }
	            [ERROR ->]</mat-form-field>
	>>>>>>> upstream/develop
	
	"): ng:///RegisterComponent/template.html@134:12, Unexpected closing tag "div". It may happen when the tag has already been closed by another tag. For more info see https://www.w3.org/TR/html5/syntax.html#closing-elements-that-have-implied-end-tags ("y-link" routerLink="/login" translate>ALREADY_A_CUSTOMER</a>
	                </div>
	              [ERROR ->]</div>
	            </div>
	          </mat-card>
	"): ng:///RegisterComponent/template.html@217:14, Unexpected closing tag "div". It may happen when the tag has already been closed by another tag. For more info see https://www.w3.org/TR/html5/syntax.html#closing-elements-that-have-implied-end-tags ("
	                </div>
	              </div>
	            [ERROR ->]</div>
	          </mat-card>
	        </div>
	"): ng:///RegisterComponent/template.html@218:12, Unexpected closing tag "mat-card". It may happen when the tag has already been closed by another tag. For more info see https://www.w3.org/TR/html5/syntax.html#closing-elements-that-have-implied-end-tags ("
	              </div>
	            </div>
	          [ERROR ->]</mat-card>
	        </div>
	>>>>>>> upstream/develop
	"): ng:///RegisterComponent/template.html@219:10, Unexpected closing tag "div". It may happen when the tag has already been closed by another tag. For more info see https://www.w3.org/TR/html5/syntax.html#closing-elements-that-have-implied-end-tags ("
	            </div>
	          </mat-card>
	        [ERROR ->]</div>
	>>>>>>> upstream/develop
	"): ng:///RegisterComponent/template.html@220:8
	    at parseJitTemplate (node_modules/@angular/compiler/fesm2022/compiler.mjs:32326:15)
	    at CompilerFacadeImpl.compileComponent (node_modules/@angular/compiler/fesm2022/compiler.mjs:32000:52)
	    at RegisterComponent.╔╡cmp (node_modules/@angular/core/fesm2022/debug_node.mjs:30245:47)
	    at getComponentDef (node_modules/@angular/core/fesm2022/testing.mjs:1605:18)
	    at isStandaloneComponent (node_modules/@angular/core/fesm2022/testing.mjs:1601:17)
	    at queueTypesFromModulesArrayRecur (node_modules/@angular/core/fesm2022/testing.mjs:1325:26)
	    at TestBedCompiler.queueTypesFromModulesArray (node_modules/@angular/core/fesm2022/testing.mjs:1348:9)
	    at TestBedCompiler.configureTestingModule (node_modules/@angular/core/fesm2022/testing.mjs:856:18)
	    at TestBedImpl.configureTestingModule (node_modules/@angular/core/fesm2022/testing.mjs:1993:23)
	    at TestBedImpl.configureTestingModule (node_modules/@angular/core/fesm2022/testing.mjs:1805:37)
[1A[2K[31mChrome Headless 144.0.0.0 (Windows 10) RegisterComponent should be compulsory to repeat the password FAILED[39m
	Failed: Errors during JIT compilation of template for RegisterComponent: Unexpected closing tag "mat-form-field". It may happen when the tag has already been closed by another tag. For more info see https://www.w3.org/TR/html5/syntax.html#closing-elements-that-have-implied-end-tags ("
	                </mat-error>
	              }
	            [ERROR ->]</mat-form-field>
	>>>>>>> upstream/develop
	
	"): ng:///RegisterComponent/template.html@134:12, Unexpected closing tag "div". It may happen when the tag has already been closed by another tag. For more info see https://www.w3.org/TR/html5/syntax.html#closing-elements-that-have-implied-end-tags ("y-link" routerLink="/login" translate>ALREADY_A_CUSTOMER</a>
	                </div>
	              [ERROR ->]</div>
	            </div>
	          </mat-card>
	"): ng:///RegisterComponent/template.html@217:14, Unexpected closing tag "div". It may happen when the tag has already been closed by another tag. For more info see https://www.w3.org/TR/html5/syntax.html#closing-elements-that-have-implied-end-tags ("
	                </div>
	              </div>
	            [ERROR ->]</div>
	          </mat-card>
	        </div>
	"): ng:///RegisterComponent/template.html@218:12, Unexpected closing tag "mat-card". It may happen when the tag has already been closed by another tag. For more info see https://www.w3.org/TR/html5/syntax.html#closing-elements-that-have-implied-end-tags ("
	              </div>
	            </div>
	          [ERROR ->]</mat-card>
	        </div>
	>>>>>>> upstream/develop
	"): ng:///RegisterComponent/template.html@219:10, Unexpected closing tag "div". It may happen when the tag has already been closed by another tag. For more info see https://www.w3.org/TR/html5/syntax.html#closing-elements-that-have-implied-end-tags ("
	            </div>
	          </mat-card>
	        [ERROR ->]</div>
	>>>>>>> upstream/develop
	"): ng:///RegisterComponent/template.html@220:8
	    at parseJitTemplate (node_modules/@angular/compiler/fesm2022/compiler.mjs:32326:15)
	    at CompilerFacadeImpl.compileComponent (node_modules/@angular/compiler/fesm2022/compiler.mjs:32000:52)
	    at RegisterComponent.╔╡cmp (node_modules/@angular/core/fesm2022/debug_node.mjs:30245:47)
	    at getComponentDef (node_modules/@angular/core/fesm2022/testing.mjs:1605:18)
	    at isStandaloneComponent (node_modules/@angular/core/fesm2022/testing.mjs:1601:17)
	    at queueTypesFromModulesArrayRecur (node_modules/@angular/core/fesm2022/testing.mjs:1325:26)
	    at TestBedCompiler.queueTypesFromModulesArray (node_modules/@angular/core/fesm2022/testing.mjs:1348:9)
	    at TestBedCompiler.configureTestingModule (node_modules/@angular/core/fesm2022/testing.mjs:856:18)
	    at TestBedImpl.configureTestingModule (node_modules/@angular/core/fesm2022/testing.mjs:1993:23)
	    at TestBedImpl.configureTestingModule (node_modules/@angular/core/fesm2022/testing.mjs:1805:37)
Chrome Headless 144.0.0.0 (Windows 10): Executed 31 of 767[31m (8 FAILED)[39m (0 secs / 3.936 secs)
Chrome Headless 144.0.0.0 (Windows 10) RegisterComponent should be compulsory to repeat the password FAILED
	Failed: Errors during JIT compilation of template for RegisterComponent: Unexpected closing tag "mat-form-field". It may happen when the tag has already been closed by another tag. For more info see https://www.w3.org/TR/html5/syntax.html#closing-elements-that-have-implied-end-tags ("
	                </mat-error>
	              }
	            [ERROR ->]</mat-form-field>
	>>>>>>> upstream/develop
	
	"): ng:///RegisterComponent/template.html@134:12, Unexpected closing tag "div". It may happen when the tag has already been closed by another tag. For more info see https://www.w3.org/TR/html5/syntax.html#closing-elements-that-have-implied-end-tags ("y-link" routerLink="/login" translate>ALREADY_A_CUSTOMER</a>
	                </div>
	              [ERROR ->]</div>
	            </div>
	          </mat-card>
	"): ng:///RegisterComponent/template.html@217:14, Unexpected closing tag "div". It may happen when the tag has already been closed by another tag. For more info see https://www.w3.org/TR/html5/syntax.html#closing-elements-that-have-implied-end-tags ("
	                </div>
	              </div>
	            [ERROR ->]</div>
	          </mat-card>
	        </div>
	"): ng:///RegisterComponent/template.html@218:12, Unexpected closing tag "mat-card". It may happen when the tag has already been closed by another tag. For more info see https://www.w3.org/TR/html5/syntax.html#closing-elements-that-have-implied-end-tags ("
	              </div>
	            </div>
	          [ERROR ->]</mat-card>
	        </div>
	>>>>>>> upstream/develop
	"): ng:///RegisterComponent/template.html@219:10, Unexpected closing tag "div". It may happen when the tag has already been closed by another tag. For more info see https://www.w3.org/TR/html5/syntax.html#closing-elements-that-have-implied-end-tags ("
	            </div>
	          </mat-card>
	        [ERROR ->]</div>
	>>>>>>> upstream/develop
	"): ng:///RegisterComponent/template.html@220:8
	    at parseJitTemplate (node_modules/@angular/compiler/fesm2022/compiler.mjs:32326:15)
	    at CompilerFacadeImpl.compileComponent (node_modules/@angular/compiler/fesm2022/compiler.mjs:32000:52)
	    at RegisterComponent.╔╡cmp (node_modules/@angular/core/fesm2022/debug_node.mjs:30245:47)
	    at getComponentDef (node_modules/@angular/core/fesm2022/testing.mjs:1605:18)
	    at isStandaloneComponent (node_modules/@angular/core/fesm2022/testing.mjs:1601:17)
	    at queueTypesFromModulesArrayRecur (node_modules/@angular/core/fesm2022/testing.mjs:1325:26)
	    at TestBedCompiler.queueTypesFromModulesArray (node_modules/@angular/core/fesm2022/testing.mjs:1348:9)
	    at TestBedCompiler.configureTestingModule (node_modules/@angular/core/fesm2022/testing.mjs:856:18)
	    at TestBedImpl.configureTestingModule (node_modules/@angular/core/fesm2022/testing.mjs:1993:23)
	    at TestBedImpl.configureTestingModule (node_modules/@angular/core/fesm2022/testing.mjs:1805:37)
[1A[2K[31mChrome Headless 144.0.0.0 (Windows 10) RegisterComponent should be compulsory to provide password FAILED[39m
	Failed: Errors during JIT compilation of template for RegisterComponent: Unexpected closing tag "mat-form-field". It may happen when the tag has already been closed by another tag. For more info see https://www.w3.org/TR/html5/syntax.html#closing-elements-that-have-implied-end-tags ("
	                </mat-error>
	              }
	            [ERROR ->]</mat-form-field>
	>>>>>>> upstream/develop
	
	"): ng:///RegisterComponent/template.html@134:12, Unexpected closing tag "div". It may happen when the tag has already been closed by another tag. For more info see https://www.w3.org/TR/html5/syntax.html#closing-elements-that-have-implied-end-tags ("y-link" routerLink="/login" translate>ALREADY_A_CUSTOMER</a>
	                </div>
	              [ERROR ->]</div>
	            </div>
	          </mat-card>
	"): ng:///RegisterComponent/template.html@217:14, Unexpected closing tag "div". It may happen when the tag has already been closed by another tag. For more info see https://www.w3.org/TR/html5/syntax.html#closing-elements-that-have-implied-end-tags ("
	                </div>
	              </div>
	            [ERROR ->]</div>
	          </mat-card>
	        </div>
	"): ng:///RegisterComponent/template.html@218:12, Unexpected closing tag "mat-card". It may happen when the tag has already been closed by another tag. For more info see https://www.w3.org/TR/html5/syntax.html#closing-elements-that-have-implied-end-tags ("
	              </div>
	            </div>
	          [ERROR ->]</mat-card>
	        </div>
	>>>>>>> upstream/develop
	"): ng:///RegisterComponent/template.html@219:10, Unexpected closing tag "div". It may happen when the tag has already been closed by another tag. For more info see https://www.w3.org/TR/html5/syntax.html#closing-elements-that-have-implied-end-tags ("
	            </div>
	          </mat-card>
	        [ERROR ->]</div>
	>>>>>>> upstream/develop
	"): ng:///RegisterComponent/template.html@220:8
	    at parseJitTemplate (node_modules/@angular/compiler/fesm2022/compiler.mjs:32326:15)
	    at CompilerFacadeImpl.compileComponent (node_modules/@angular/compiler/fesm2022/compiler.mjs:32000:52)
	    at RegisterComponent.╔╡cmp (node_modules/@angular/core/fesm2022/debug_node.mjs:30245:47)
	    at getComponentDef (node_modules/@angular/core/fesm2022/testing.mjs:1605:18)
	    at isStandaloneComponent (node_modules/@angular/core/fesm2022/testing.mjs:1601:17)
	    at queueTypesFromModulesArrayRecur (node_modules/@angular/core/fesm2022/testing.mjs:1325:26)
	    at TestBedCompiler.queueTypesFromModulesArray (node_modules/@angular/core/fesm2022/testing.mjs:1348:9)
	    at TestBedCompiler.configureTestingModule (node_modules/@angular/core/fesm2022/testing.mjs:856:18)
	    at TestBedImpl.configureTestingModule (node_modules/@angular/core/fesm2022/testing.mjs:1993:23)
	    at TestBedImpl.configureTestingModule (node_modules/@angular/core/fesm2022/testing.mjs:1805:37)
Chrome Headless 144.0.0.0 (Windows 10): Executed 32 of 767[31m (9 FAILED)[39m (0 secs / 3.939 secs)
Chrome Headless 144.0.0.0 (Windows 10) RegisterComponent should be compulsory to provide password FAILED
	Failed: Errors during JIT compilation of template for RegisterComponent: Unexpected closing tag "mat-form-field". It may happen when the tag has already been closed by another tag. For more info see https://www.w3.org/TR/html5/syntax.html#closing-elements-that-have-implied-end-tags ("
	                </mat-error>
	              }
	            [ERROR ->]</mat-form-field>
	>>>>>>> upstream/develop
	
	"): ng:///RegisterComponent/template.html@134:12, Unexpected closing tag "div". It may happen when the tag has already been closed by another tag. For more info see https://www.w3.org/TR/html5/syntax.html#closing-elements-that-have-implied-end-tags ("y-link" routerLink="/login" translate>ALREADY_A_CUSTOMER</a>
	                </div>
	              [ERROR ->]</div>
	            </div>
	          </mat-card>
	"): ng:///RegisterComponent/template.html@217:14, Unexpected closing tag "div". It may happen when the tag has already been closed by another tag. For more info see https://www.w3.org/TR/html5/syntax.html#closing-elements-that-have-implied-end-tags ("
	                </div>
	              </div>
	            [ERROR ->]</div>
	          </mat-card>
	        </div>
	"): ng:///RegisterComponent/template.html@218:12, Unexpected closing tag "mat-card". It may happen when the tag has already been closed by another tag. For more info see https://www.w3.org/TR/html5/syntax.html#closing-elements-that-have-implied-end-tags ("
	              </div>
	            </div>
	          [ERROR ->]</mat-card>
	        </div>
	>>>>>>> upstream/develop
	"): ng:///RegisterComponent/template.html@219:10, Unexpected closing tag "div". It may happen when the tag has already been closed by another tag. For more info see https://www.w3.org/TR/html5/syntax.html#closing-elements-that-have-implied-end-tags ("
	            </div>
	          </mat-card>
	        [ERROR ->]</div>
	>>>>>>> upstream/develop
	"): ng:///RegisterComponent/template.html@220:8
	    at parseJitTemplate (node_modules/@angular/compiler/fesm2022/compiler.mjs:32326:15)
	    at CompilerFacadeImpl.compileComponent (node_modules/@angular/compiler/fesm2022/compiler.mjs:32000:52)
	    at RegisterComponent.╔╡cmp (node_modules/@angular/core/fesm2022/debug_node.mjs:30245:47)
	    at getComponentDef (node_modules/@angular/core/fesm2022/testing.mjs:1605:18)
	    at isStandaloneComponent (node_modules/@angular/core/fesm2022/testing.mjs:1601:17)
	    at queueTypesFromModulesArrayRecur (node_modules/@angular/core/fesm2022/testing.mjs:1325:26)
	    at TestBedCompiler.queueTypesFromModulesArray (node_modules/@angular/core/fesm2022/testing.mjs:1348:9)
	    at TestBedCompiler.configureTestingModule (node_modules/@angular/core/fesm2022/testing.mjs:856:18)
	    at TestBedImpl.configureTestingModule (node_modules/@angular/core/fesm2022/testing.mjs:1993:23)
	    at TestBedImpl.configureTestingModule (node_modules/@angular/core/fesm2022/testing.mjs:1805:37)
[1A[2K[31mChrome Headless 144.0.0.0 (Windows 10) RegisterComponent password should have at least five characters FAILED[39m
	Failed: Errors during JIT compilation of template for RegisterComponent: Unexpected closing tag "mat-form-field". It may happen when the tag has already been closed by another tag. For more info see https://www.w3.org/TR/html5/syntax.html#closing-elements-that-have-implied-end-tags ("
	                </mat-error>
	              }
	            [ERROR ->]</mat-form-field>
	>>>>>>> upstream/develop
	
	"): ng:///RegisterComponent/template.html@134:12, Unexpected closing tag "div". It may happen when the tag has already been closed by another tag. For more info see https://www.w3.org/TR/html5/syntax.html#closing-elements-that-have-implied-end-tags ("y-link" routerLink="/login" translate>ALREADY_A_CUSTOMER</a>
	                </div>
	              [ERROR ->]</div>
	            </div>
	          </mat-card>
	"): ng:///RegisterComponent/template.html@217:14, Unexpected closing tag "div". It may happen when the tag has already been closed by another tag. For more info see https://www.w3.org/TR/html5/syntax.html#closing-elements-that-have-implied-end-tags ("
	                </div>
	              </div>
	            [ERROR ->]</div>
	          </mat-card>
	        </div>
	"): ng:///RegisterComponent/template.html@218:12, Unexpected closing tag "mat-card". It may happen when the tag has already been closed by another tag. For more info see https://www.w3.org/TR/html5/syntax.html#closing-elements-that-have-implied-end-tags ("
	              </div>
	            </div>
	          [ERROR ->]</mat-card>
	        </div>
	>>>>>>> upstream/develop
	"): ng:///RegisterComponent/template.html@219:10, Unexpected closing tag "div". It may happen when the tag has already been closed by another tag. For more info see https://www.w3.org/TR/html5/syntax.html#closing-elements-that-have-implied-end-tags ("
	            </div>
	          </mat-card>
	        [ERROR ->]</div>
	>>>>>>> upstream/develop
	"): ng:///RegisterComponent/template.html@220:8
	    at parseJitTemplate (node_modules/@angular/compiler/fesm2022/compiler.mjs:32326:15)
	    at CompilerFacadeImpl.compileComponent (node_modules/@angular/compiler/fesm2022/compiler.mjs:32000:52)
	    at RegisterComponent.╔╡cmp (node_modules/@angular/core/fesm2022/debug_node.mjs:30245:47)
	    at getComponentDef (node_modules/@angular/core/fesm2022/testing.mjs:1605:18)
	    at isStandaloneComponent (node_modules/@angular/core/fesm2022/testing.mjs:1601:17)
	    at queueTypesFromModulesArrayRecur (node_modules/@angular/core/fesm2022/testing.mjs:1325:26)
	    at TestBedCompiler.queueTypesFromModulesArray (node_modules/@angular/core/fesm2022/testing.mjs:1348:9)
	    at TestBedCompiler.configureTestingModule (node_modules/@angular/core/fesm2022/testing.mjs:856:18)
	    at TestBedImpl.configureTestingModule (node_modules/@angular/core/fesm2022/testing.mjs:1993:23)
	    at TestBedImpl.configureTestingModule (node_modules/@angular/core/fesm2022/testing.mjs:1805:37)
Chrome Headless 144.0.0.0 (Windows 10): Executed 33 of 767[31m (10 FAILED)[39m (0 secs / 3.944 secs)
Chrome Headless 144.0.0.0 (Windows 10) RegisterComponent password should have at least five characters FAILED
	Failed: Errors during JIT compilation of template for RegisterComponent: Unexpected closing tag "mat-form-field". It may happen when the tag has already been closed by another tag. For more info see https://www.w3.org/TR/html5/syntax.html#closing-elements-that-have-implied-end-tags ("
	                </mat-error>
	              }
	            [ERROR ->]</mat-form-field>
	>>>>>>> upstream/develop
	
	"): ng:///RegisterComponent/template.html@134:12, Unexpected closing tag "div". It may happen when the tag has already been closed by another tag. For more info see https://www.w3.org/TR/html5/syntax.html#closing-elements-that-have-implied-end-tags ("y-link" routerLink="/login" translate>ALREADY_A_CUSTOMER</a>
	                </div>
	              [ERROR ->]</div>
	            </div>
	          </mat-card>
	"): ng:///RegisterComponent/template.html@217:14, Unexpected closing tag "div". It may happen when the tag has already been closed by another tag. For more info see https://www.w3.org/TR/html5/syntax.html#closing-elements-that-have-implied-end-tags ("
	                </div>
	              </div>
	            [ERROR ->]</div>
	          </mat-card>
	        </div>
	"): ng:///RegisterComponent/template.html@218:12, Unexpected closing tag "mat-card". It may happen when the tag has already been closed by another tag. For more info see https://www.w3.org/TR/html5/syntax.html#closing-elements-that-have-implied-end-tags ("
	              </div>
	            </div>
	          [ERROR ->]</mat-card>
	        </div>
	>>>>>>> upstream/develop
	"): ng:///RegisterComponent/template.html@219:10, Unexpected closing tag "div". It may happen when the tag has already been closed by another tag. For more info see https://www.w3.org/TR/html5/syntax.html#closing-elements-that-have-implied-end-tags ("
	            </div>
	          </mat-card>
	        [ERROR ->]</div>
	>>>>>>> upstream/develop
	"): ng:///RegisterComponent/template.html@220:8
	    at parseJitTemplate (node_modules/@angular/compiler/fesm2022/compiler.mjs:32326:15)
	    at CompilerFacadeImpl.compileComponent (node_modules/@angular/compiler/fesm2022/compiler.mjs:32000:52)
	    at RegisterComponent.╔╡cmp (node_modules/@angular/core/fesm2022/debug_node.mjs:30245:47)
	    at getComponentDef (node_modules/@angular/core/fesm2022/testing.mjs:1605:18)
	    at isStandaloneComponent (node_modules/@angular/core/fesm2022/testing.mjs:1601:17)
	    at queueTypesFromModulesArrayRecur (node_modules/@angular/core/fesm2022/testing.mjs:1325:26)
	    at TestBedCompiler.queueTypesFromModulesArray (node_modules/@angular/core/fesm2022/testing.mjs:1348:9)
	    at TestBedCompiler.configureTestingModule (node_modules/@angular/core/fesm2022/testing.mjs:856:18)
	    at TestBedImpl.configureTestingModule (node_modules/@angular/core/fesm2022/testing.mjs:1993:23)
	    at TestBedImpl.configureTestingModule (node_modules/@angular/core/fesm2022/testing.mjs:1805:37)
[1A[2K[31mChrome Headless 144.0.0.0 (Windows 10) RegisterComponent should be compulsory to provid email FAILED[39m
	Failed: Errors during JIT compilation of template for RegisterComponent: Unexpected closing tag "mat-form-field". It may happen when the tag has already been closed by another tag. For more info see https://www.w3.org/TR/html5/syntax.html#closing-elements-that-have-implied-end-tags ("
	                </mat-error>
	              }
	            [ERROR ->]</mat-form-field>
	>>>>>>> upstream/develop
	
	"): ng:///RegisterComponent/template.html@134:12, Unexpected closing tag "div". It may happen when the tag has already been closed by another tag. For more info see https://www.w3.org/TR/html5/syntax.html#closing-elements-that-have-implied-end-tags ("y-link" routerLink="/login" translate>ALREADY_A_CUSTOMER</a>
	                </div>
	              [ERROR ->]</div>
	            </div>
	          </mat-card>
	"): ng:///RegisterComponent/template.html@217:14, Unexpected closing tag "div". It may happen when the tag has already been closed by another tag. For more info see https://www.w3.org/TR/html5/syntax.html#closing-elements-that-have-implied-end-tags ("
	                </div>
	              </div>
	            [ERROR ->]</div>
	          </mat-card>
	        </div>
	"): ng:///RegisterComponent/template.html@218:12, Unexpected closing tag "mat-card". It may happen when the tag has already been closed by another tag. For more info see https://www.w3.org/TR/html5/syntax.html#closing-elements-that-have-implied-end-tags ("
	              </div>
	            </div>
	          [ERROR ->]</mat-card>
	        </div>
	>>>>>>> upstream/develop
	"): ng:///RegisterComponent/template.html@219:10, Unexpected closing tag "div". It may happen when the tag has already been closed by another tag. For more info see https://www.w3.org/TR/html5/syntax.html#closing-elements-that-have-implied-end-tags ("
	            </div>
	          </mat-card>
	        [ERROR ->]</div>
	>>>>>>> upstream/develop
	"): ng:///RegisterComponent/template.html@220:8
	    at parseJitTemplate (node_modules/@angular/compiler/fesm2022/compiler.mjs:32326:15)
	    at CompilerFacadeImpl.compileComponent (node_modules/@angular/compiler/fesm2022/compiler.mjs:32000:52)
	    at RegisterComponent.╔╡cmp (node_modules/@angular/core/fesm2022/debug_node.mjs:30245:47)
	    at getComponentDef (node_modules/@angular/core/fesm2022/testing.mjs:1605:18)
	    at isStandaloneComponent (node_modules/@angular/core/fesm2022/testing.mjs:1601:17)
	    at queueTypesFromModulesArrayRecur (node_modules/@angular/core/fesm2022/testing.mjs:1325:26)
	    at TestBedCompiler.queueTypesFromModulesArray (node_modules/@angular/core/fesm2022/testing.mjs:1348:9)
	    at TestBedCompiler.configureTestingModule (node_modules/@angular/core/fesm2022/testing.mjs:856:18)
	    at TestBedImpl.configureTestingModule (node_modules/@angular/core/fesm2022/testing.mjs:1993:23)
	    at TestBedImpl.configureTestingModule (node_modules/@angular/core/fesm2022/testing.mjs:1805:37)
Chrome Headless 144.0.0.0 (Windows 10): Executed 34 of 767[31m (11 FAILED)[39m (0 secs / 3.947 secs)
Chrome Headless 144.0.0.0 (Windows 10) RegisterComponent should be compulsory to provid email FAILED
	Failed: Errors during JIT compilation of template for RegisterComponent: Unexpected closing tag "mat-form-field". It may happen when the tag has already been closed by another tag. For more info see https://www.w3.org/TR/html5/syntax.html#closing-elements-that-have-implied-end-tags ("
	                </mat-error>
	              }
	            [ERROR ->]</mat-form-field>
	>>>>>>> upstream/develop
	
	"): ng:///RegisterComponent/template.html@134:12, Unexpected closing tag "div". It may happen when the tag has already been closed by another tag. For more info see https://www.w3.org/TR/html5/syntax.html#closing-elements-that-have-implied-end-tags ("y-link" routerLink="/login" translate>ALREADY_A_CUSTOMER</a>
	                </div>
	              [ERROR ->]</div>
	            </div>
	          </mat-card>
	"): ng:///RegisterComponent/template.html@217:14, Unexpected closing tag "div". It may happen when the tag has already been closed by another tag. For more info see https://www.w3.org/TR/html5/syntax.html#closing-elements-that-have-implied-end-tags ("
	                </div>
	              </div>
	            [ERROR ->]</div>
	          </mat-card>
	        </div>
	"): ng:///RegisterComponent/template.html@218:12, Unexpected closing tag "mat-card". It may happen when the tag has already been closed by another tag. For more info see https://www.w3.org/TR/html5/syntax.html#closing-elements-that-have-implied-end-tags ("
	              </div>
	            </div>
	          [ERROR ->]</mat-card>
	        </div>
	>>>>>>> upstream/develop
	"): ng:///RegisterComponent/template.html@219:10, Unexpected closing tag "div". It may happen when the tag has already been closed by another tag. For more info see https://www.w3.org/TR/html5/syntax.html#closing-elements-that-have-implied-end-tags ("
	            </div>
	          </mat-card>
	        [ERROR ->]</div>
	>>>>>>> upstream/develop
	"): ng:///RegisterComponent/template.html@220:8
	    at parseJitTemplate (node_modules/@angular/compiler/fesm2022/compiler.mjs:32326:15)
	    at CompilerFacadeImpl.compileComponent (node_modules/@angular/compiler/fesm2022/compiler.mjs:32000:52)
	    at RegisterComponent.╔╡cmp (node_modules/@angular/core/fesm2022/debug_node.mjs:30245:47)
	    at getComponentDef (node_modules/@angular/core/fesm2022/testing.mjs:1605:18)
	    at isStandaloneComponent (node_modules/@angular/core/fesm2022/testing.mjs:1601:17)
	    at queueTypesFromModulesArrayRecur (node_modules/@angular/core/fesm2022/testing.mjs:1325:26)
	    at TestBedCompiler.queueTypesFromModulesArray (node_modules/@angular/core/fesm2022/testing.mjs:1348:9)
	    at TestBedCompiler.configureTestingModule (node_modules/@angular/core/fesm2022/testing.mjs:856:18)
	    at TestBedImpl.configureTestingModule (node_modules/@angular/core/fesm2022/testing.mjs:1993:23)
	    at TestBedImpl.configureTestingModule (node_modules/@angular/core/fesm2022/testing.mjs:1805:37)
[1A[2K[31mChrome Headless 144.0.0.0 (Windows 10) RegisterComponent email field should be of proper format FAILED[39m
	Failed: Errors during JIT compilation of template for RegisterComponent: Unexpected closing tag "mat-form-field". It may happen when the tag has already been closed by another tag. For more info see https://www.w3.org/TR/html5/syntax.html#closing-elements-that-have-implied-end-tags ("
	                </mat-error>
	              }
	            [ERROR ->]</mat-form-field>
	>>>>>>> upstream/develop
	
	"): ng:///RegisterComponent/template.html@134:12, Unexpected closing tag "div". It may happen when the tag has already been closed by another tag. For more info see https://www.w3.org/TR/html5/syntax.html#closing-elements-that-have-implied-end-tags ("y-link" routerLink="/login" translate>ALREADY_A_CUSTOMER</a>
	                </div>
	              [ERROR ->]</div>
	            </div>
	          </mat-card>
	"): ng:///RegisterComponent/template.html@217:14, Unexpected closing tag "div". It may happen when the tag has already been closed by another tag. For more info see https://www.w3.org/TR/html5/syntax.html#closing-elements-that-have-implied-end-tags ("
	                </div>
	              </div>
	            [ERROR ->]</div>
	          </mat-card>
	        </div>
	"): ng:///RegisterComponent/template.html@218:12, Unexpected closing tag "mat-card". It may happen when the tag has already been closed by another tag. For more info see https://www.w3.org/TR/html5/syntax.html#closing-elements-that-have-implied-end-tags ("
	              </div>
	            </div>
	          [ERROR ->]</mat-card>
	        </div>
	>>>>>>> upstream/develop
	"): ng:///RegisterComponent/template.html@219:10, Unexpected closing tag "div". It may happen when the tag has already been closed by another tag. For more info see https://www.w3.org/TR/html5/syntax.html#closing-elements-that-have-implied-end-tags ("
	            </div>
	          </mat-card>
	        [ERROR ->]</div>
	>>>>>>> upstream/develop
	"): ng:///RegisterComponent/template.html@220:8
	    at parseJitTemplate (node_modules/@angular/compiler/fesm2022/compiler.mjs:32326:15)
	    at CompilerFacadeImpl.compileComponent (node_modules/@angular/compiler/fesm2022/compiler.mjs:32000:52)
	    at RegisterComponent.╔╡cmp (node_modules/@angular/core/fesm2022/debug_node.mjs:30245:47)
	    at getComponentDef (node_modules/@angular/core/fesm2022/testing.mjs:1605:18)
	    at isStandaloneComponent (node_modules/@angular/core/fesm2022/testing.mjs:1601:17)
	    at queueTypesFromModulesArrayRecur (node_modules/@angular/core/fesm2022/testing.mjs:1325:26)
	    at TestBedCompiler.queueTypesFromModulesArray (node_modules/@angular/core/fesm2022/testing.mjs:1348:9)
	    at TestBedCompiler.configureTestingModule (node_modules/@angular/core/fesm2022/testing.mjs:856:18)
	    at TestBedImpl.configureTestingModule (node_modules/@angular/core/fesm2022/testing.mjs:1993:23)
	    at TestBedImpl.configureTestingModule (node_modules/@angular/core/fesm2022/testing.mjs:1805:37)
Chrome Headless 144.0.0.0 (Windows 10): Executed 35 of 767[31m (12 FAILED)[39m (0 secs / 3.95 secs)
Chrome Headless 144.0.0.0 (Windows 10) RegisterComponent email field should be of proper format FAILED
	Failed: Errors during JIT compilation of template for RegisterComponent: Unexpected closing tag "mat-form-field". It may happen when the tag has already been closed by another tag. For more info see https://www.w3.org/TR/html5/syntax.html#closing-elements-that-have-implied-end-tags ("
	                </mat-error>
	              }
	            [ERROR ->]</mat-form-field>
	>>>>>>> upstream/develop
	
	"): ng:///RegisterComponent/template.html@134:12, Unexpected closing tag "div". It may happen when the tag has already been closed by another tag. For more info see https://www.w3.org/TR/html5/syntax.html#closing-elements-that-have-implied-end-tags ("y-link" routerLink="/login" translate>ALREADY_A_CUSTOMER</a>
	                </div>
	              [ERROR ->]</div>
	            </div>
	          </mat-card>
	"): ng:///RegisterComponent/template.html@217:14, Unexpected closing tag "div". It may happen when the tag has already been closed by another tag. For more info see https://www.w3.org/TR/html5/syntax.html#closing-elements-that-have-implied-end-tags ("
	                </div>
	              </div>
	            [ERROR ->]</div>
	          </mat-card>
	        </div>
	"): ng:///RegisterComponent/template.html@218:12, Unexpected closing tag "mat-card". It may happen when the tag has already been closed by another tag. For more info see https://www.w3.org/TR/html5/syntax.html#closing-elements-that-have-implied-end-tags ("
	              </div>
	            </div>
	          [ERROR ->]</mat-card>
	        </div>
	>>>>>>> upstream/develop
	"): ng:///RegisterComponent/template.html@219:10, Unexpected closing tag "div". It may happen when the tag has already been closed by another tag. For more info see https://www.w3.org/TR/html5/syntax.html#closing-elements-that-have-implied-end-tags ("
	            </div>
	          </mat-card>
	        [ERROR ->]</div>
	>>>>>>> upstream/develop
	"): ng:///RegisterComponent/template.html@220:8
	    at parseJitTemplate (node_modules/@angular/compiler/fesm2022/compiler.mjs:32326:15)
	    at CompilerFacadeImpl.compileComponent (node_modules/@angular/compiler/fesm2022/compiler.mjs:32000:52)
	    at RegisterComponent.╔╡cmp (node_modules/@angular/core/fesm2022/debug_node.mjs:30245:47)
	    at getComponentDef (node_modules/@angular/core/fesm2022/testing.mjs:1605:18)
	    at isStandaloneComponent (node_modules/@angular/core/fesm2022/testing.mjs:1601:17)
	    at queueTypesFromModulesArrayRecur (node_modules/@angular/core/fesm2022/testing.mjs:1325:26)
	    at TestBedCompiler.queueTypesFromModulesArray (node_modules/@angular/core/fesm2022/testing.mjs:1348:9)
	    at TestBedCompiler.configureTestingModule (node_modules/@angular/core/fesm2022/testing.mjs:856:18)
	    at TestBedImpl.configureTestingModule (node_modules/@angular/core/fesm2022/testing.mjs:1993:23)
	    at TestBedImpl.configureTestingModule (node_modules/@angular/core/fesm2022/testing.mjs:1805:37)
[1A[2K[31mChrome Headless 144.0.0.0 (Windows 10) RegisterComponent should log error from backend API on failing to get security questions FAILED[39m
	Failed: Errors during JIT compilation of template for RegisterComponent: Unexpected closing tag "mat-form-field". It may happen when the tag has already been closed by another tag. For more info see https://www.w3.org/TR/html5/syntax.html#closing-elements-that-have-implied-end-tags ("
	                </mat-error>
	              }
	            [ERROR ->]</mat-form-field>
	>>>>>>> upstream/develop
	
	"): ng:///RegisterComponent/template.html@134:12, Unexpected closing tag "div". It may happen when the tag has already been closed by another tag. For more info see https://www.w3.org/TR/html5/syntax.html#closing-elements-that-have-implied-end-tags ("y-link" routerLink="/login" translate>ALREADY_A_CUSTOMER</a>
	                </div>
	              [ERROR ->]</div>
	            </div>
	          </mat-card>
	"): ng:///RegisterComponent/template.html@217:14, Unexpected closing tag "div". It may happen when the tag has already been closed by another tag. For more info see https://www.w3.org/TR/html5/syntax.html#closing-elements-that-have-implied-end-tags ("
	                </div>
	              </div>
	            [ERROR ->]</div>
	          </mat-card>
	        </div>
	"): ng:///RegisterComponent/template.html@218:12, Unexpected closing tag "mat-card". It may happen when the tag has already been closed by another tag. For more info see https://www.w3.org/TR/html5/syntax.html#closing-elements-that-have-implied-end-tags ("
	              </div>
	            </div>
	          [ERROR ->]</mat-card>
	        </div>
	>>>>>>> upstream/develop
	"): ng:///RegisterComponent/template.html@219:10, Unexpected closing tag "div". It may happen when the tag has already been closed by another tag. For more info see https://www.w3.org/TR/html5/syntax.html#closing-elements-that-have-implied-end-tags ("
	            </div>
	          </mat-card>
	        [ERROR ->]</div>
	>>>>>>> upstream/develop
	"): ng:///RegisterComponent/template.html@220:8
	    at parseJitTemplate (node_modules/@angular/compiler/fesm2022/compiler.mjs:32326:15)
	    at CompilerFacadeImpl.compileComponent (node_modules/@angular/compiler/fesm2022/compiler.mjs:32000:52)
	    at RegisterComponent.╔╡cmp (node_modules/@angular/core/fesm2022/debug_node.mjs:30245:47)
	    at getComponentDef (node_modules/@angular/core/fesm2022/testing.mjs:1605:18)
	    at isStandaloneComponent (node_modules/@angular/core/fesm2022/testing.mjs:1601:17)
	    at queueTypesFromModulesArrayRecur (node_modules/@angular/core/fesm2022/testing.mjs:1325:26)
	    at TestBedCompiler.queueTypesFromModulesArray (node_modules/@angular/core/fesm2022/testing.mjs:1348:9)
	    at TestBedCompiler.configureTestingModule (node_modules/@angular/core/fesm2022/testing.mjs:856:18)
	    at TestBedImpl.configureTestingModule (node_modules/@angular/core/fesm2022/testing.mjs:1993:23)
	    at TestBedImpl.configureTestingModule (node_modules/@angular/core/fesm2022/testing.mjs:1805:37)
Chrome Headless 144.0.0.0 (Windows 10): Executed 36 of 767[31m (13 FAILED)[39m (0 secs / 3.953 secs)
Chrome Headless 144.0.0.0 (Windows 10) RegisterComponent should log error from backend API on failing to get security questions FAILED
	Failed: Errors during JIT compilation of template for RegisterComponent: Unexpected closing tag "mat-form-field". It may happen when the tag has already been closed by another tag. For more info see https://www.w3.org/TR/html5/syntax.html#closing-elements-that-have-implied-end-tags ("
	                </mat-error>
	              }
	            [ERROR ->]</mat-form-field>
	>>>>>>> upstream/develop
	
	"): ng:///RegisterComponent/template.html@134:12, Unexpected closing tag "div". It may happen when the tag has already been closed by another tag. For more info see https://www.w3.org/TR/html5/syntax.html#closing-elements-that-have-implied-end-tags ("y-link" routerLink="/login" translate>ALREADY_A_CUSTOMER</a>
	                </div>
	              [ERROR ->]</div>
	            </div>
	          </mat-card>
	"): ng:///RegisterComponent/template.html@217:14, Unexpected closing tag "div". It may happen when the tag has already been closed by another tag. For more info see https://www.w3.org/TR/html5/syntax.html#closing-elements-that-have-implied-end-tags ("
	                </div>
	              </div>
	            [ERROR ->]</div>
	          </mat-card>
	        </div>
	"): ng:///RegisterComponent/template.html@218:12, Unexpected closing tag "mat-card". It may happen when the tag has already been closed by another tag. For more info see https://www.w3.org/TR/html5/syntax.html#closing-elements-that-have-implied-end-tags ("
	              </div>
	            </div>
	          [ERROR ->]</mat-card>
	        </div>
	>>>>>>> upstream/develop
	"): ng:///RegisterComponent/template.html@219:10, Unexpected closing tag "div". It may happen when the tag has already been closed by another tag. For more info see https://www.w3.org/TR/html5/syntax.html#closing-elements-that-have-implied-end-tags ("
	            </div>
	          </mat-card>
	        [ERROR ->]</div>
	>>>>>>> upstream/develop
	"): ng:///RegisterComponent/template.html@220:8
	    at parseJitTemplate (node_modules/@angular/compiler/fesm2022/compiler.mjs:32326:15)
	    at CompilerFacadeImpl.compileComponent (node_modules/@angular/compiler/fesm2022/compiler.mjs:32000:52)
	    at RegisterComponent.╔╡cmp (node_modules/@angular/core/fesm2022/debug_node.mjs:30245:47)
	    at getComponentDef (node_modules/@angular/core/fesm2022/testing.mjs:1605:18)
	    at isStandaloneComponent (node_modules/@angular/core/fesm2022/testing.mjs:1601:17)
	    at queueTypesFromModulesArrayRecur (node_modules/@angular/core/fesm2022/testing.mjs:1325:26)
	    at TestBedCompiler.queueTypesFromModulesArray (node_modules/@angular/core/fesm2022/testing.mjs:1348:9)
	    at TestBedCompiler.configureTestingModule (node_modules/@angular/core/fesm2022/testing.mjs:856:18)
	    at TestBedImpl.configureTestingModule (node_modules/@angular/core/fesm2022/testing.mjs:1993:23)
	    at TestBedImpl.configureTestingModule (node_modules/@angular/core/fesm2022/testing.mjs:1805:37)
[1A[2KChrome Headless 144.0.0.0 (Windows 10): Executed 37 of 767[31m (13 FAILED)[39m (0 secs / 3.955 secs)
[1A[2KChrome Headless 144.0.0.0 (Windows 10): Executed 38 of 767[31m (13 FAILED)[39m (0 secs / 3.958 secs)
[1A[2KChrome Headless 144.0.0.0 (Windows 10): Executed 39 of 767[31m (13 FAILED)[39m (0 secs / 3.96 secs)
[1A[2K[31mChrome Headless 144.0.0.0 (Windows 10) SavedPaymentMethodsComponent should create FAILED[39m
	Failed: Errors during JIT compilation of template for PaymentMethodComponent: Unexpected closing tag "select". It may happen when the tag has already been closed by another tag. For more info see https://www.w3.org/TR/html5/syntax.html#closing-elements-that-have-implied-end-tags ("
	>>>>>>> upstream/develop
	            }
	          [ERROR ->]</select>
	          @if (monthControl.invalid && monthControl.errors.required) {
	          <mat-err"): ng:///PaymentMethodComponent/template.html@85:10, Unexpected closing tag "select". It may happen when the tag has already been closed by another tag. For more info see https://www.w3.org/TR/html5/syntax.html#closing-elements-that-have-implied-end-tags ("
	>>>>>>> upstream/develop
	            }
	          [ERROR ->]</select>
	          @if (yearControl.invalid && yearControl.errors.required) {
	          <mat-error"): ng:///PaymentMethodComponent/template.html@103:10, Opening tag "button" not terminated. ("
	<<<<<<< HEAD
	      </section>
	      [ERROR ->]<button type="submit" id="submitButton" style="margin-top:5px; float:right;" mat-raised-button color="): ng:///PaymentMethodComponent/template.html@112:6, Unexpected closing tag "div". It may happen when the tag has already been closed by another tag. For more info see https://www.w3.org/TR/html5/syntax.html#closing-elements-that-have-implied-end-tags ("ubmitButton" style="margin-top:5px; float:right;" mat-raised-button color="primary"
	=======
	      [ERROR ->]</div>
	      <button type="submit" id="submitButton" class="submit-button" mat-raised-button color=""): ng:///PaymentMethodComponent/template.html@114:6
	    at parseJitTemplate (node_modules/@angular/compiler/fesm2022/compiler.mjs:32326:15)
	    at CompilerFacadeImpl.compileComponent (node_modules/@angular/compiler/fesm2022/compiler.mjs:32000:52)
	    at PaymentMethodComponent.╔╡cmp (node_modules/@angular/core/fesm2022/debug_node.mjs:30245:47)
	    at getComponentDef (node_modules/@angular/core/fesm2022/testing.mjs:1605:18)
	    at isStandaloneComponent (node_modules/@angular/core/fesm2022/testing.mjs:1601:17)
	    at forEach (node_modules/@angular/core/fesm2022/testing.mjs:1338:29)
	    at Array.forEach (<anonymous>)
	    at queueTypesFromModulesArrayRecur (node_modules/@angular/core/fesm2022/testing.mjs:1333:34)
	    at TestBedCompiler.queueTypesFromModulesArray (node_modules/@angular/core/fesm2022/testing.mjs:1348:9)
	    at TestBedCompiler.configureTestingModule (node_modules/@angular/core/fesm2022/testing.mjs:856:18)
Chrome Headless 144.0.0.0 (Windows 10): Executed 40 of 767[31m (14 FAILED)[39m (0 secs / 3.966 secs)
Chrome Headless 144.0.0.0 (Windows 10) SavedPaymentMethodsComponent should create FAILED
	Failed: Errors during JIT compilation of template for PaymentMethodComponent: Unexpected closing tag "select". It may happen when the tag has already been closed by another tag. For more info see https://www.w3.org/TR/html5/syntax.html#closing-elements-that-have-implied-end-tags ("
	>>>>>>> upstream/develop
	            }
	          [ERROR ->]</select>
	          @if (monthControl.invalid && monthControl.errors.required) {
	          <mat-err"): ng:///PaymentMethodComponent/template.html@85:10, Unexpected closing tag "select". It may happen when the tag has already been closed by another tag. For more info see https://www.w3.org/TR/html5/syntax.html#closing-elements-that-have-implied-end-tags ("
	>>>>>>> upstream/develop
	            }
	          [ERROR ->]</select>
	          @if (yearControl.invalid && yearControl.errors.required) {
	          <mat-error"): ng:///PaymentMethodComponent/template.html@103:10, Opening tag "button" not terminated. ("
	<<<<<<< HEAD
	      </section>
	      [ERROR ->]<button type="submit" id="submitButton" style="margin-top:5px; float:right;" mat-raised-button color="): ng:///PaymentMethodComponent/template.html@112:6, Unexpected closing tag "div". It may happen when the tag has already been closed by another tag. For more info see https://www.w3.org/TR/html5/syntax.html#closing-elements-that-have-implied-end-tags ("ubmitButton" style="margin-top:5px; float:right;" mat-raised-button color="primary"
	=======
	      [ERROR ->]</div>
	      <button type="submit" id="submitButton" class="submit-button" mat-raised-button color=""): ng:///PaymentMethodComponent/template.html@114:6
	    at parseJitTemplate (node_modules/@angular/compiler/fesm2022/compiler.mjs:32326:15)
	    at CompilerFacadeImpl.compileComponent (node_modules/@angular/compiler/fesm2022/compiler.mjs:32000:52)
	    at PaymentMethodComponent.╔╡cmp (node_modules/@angular/core/fesm2022/debug_node.mjs:30245:47)
	    at getComponentDef (node_modules/@angular/core/fesm2022/testing.mjs:1605:18)
	    at isStandaloneComponent (node_modules/@angular/core/fesm2022/testing.mjs:1601:17)
	    at forEach (node_modules/@angular/core/fesm2022/testing.mjs:1338:29)
	    at Array.forEach (<anonymous>)
	    at queueTypesFromModulesArrayRecur (node_modules/@angular/core/fesm2022/testing.mjs:1333:34)
	    at TestBedCompiler.queueTypesFromModulesArray (node_modules/@angular/core/fesm2022/testing.mjs:1348:9)
	    at TestBedCompiler.configureTestingModule (node_modules/@angular/core/fesm2022/testing.mjs:856:18)
[1A[2K[31mChrome Headless 144.0.0.0 (Windows 10) PaymentComponent should not hold blueSky or reddit URL if not defined in configuration FAILED[39m
	Failed: Errors during JIT compilation of template for PaymentComponent: Unexpected closing tag "div". It may happen when the tag has already been closed by another tag. For more info see https://www.w3.org/TR/html5/syntax.html#closing-elements-that-have-implied-end-tags ("
	          </button>
	        </div>
	      [ERROR ->]</div>
	    </div>
	    }
	"): ng:///PaymentComponent/template.html@182:6, Unexpected closing tag "div". It may happen when the tag has already been closed by another tag. For more info see https://www.w3.org/TR/html5/syntax.html#closing-elements-that-have-implied-end-tags ("
	        </div>
	      </div>
	    [ERROR ->]</div>
	    }
	    <mat-divider></mat-divider>
	"): ng:///PaymentComponent/template.html@183:4, Unexpected closing block. The block may have been closed earlier. If you meant to write the } character, you should use the "&#125;" HTML entity instead. ("
	      </div>
	    </div>
	    [ERROR ->]}
	    <mat-divider></mat-divider>
	    @if (mode !== 'wallet') {
	"): ng:///PaymentComponent/template.html@184:4, Unexpected closing tag "div". It may happen when the tag has already been closed by another tag. For more info see https://www.w3.org/TR/html5/syntax.html#closing-elements-that-have-implied-end-tags ("
	      </button>
	    </section>
	  [ERROR ->]</div>
	>>>>>>> upstream/develop
	
	"): ng:///PaymentComponent/template.html@329:2
	    at parseJitTemplate (node_modules/@angular/compiler/fesm2022/compiler.mjs:32326:15)
	    at CompilerFacadeImpl.compileComponent (node_modules/@angular/compiler/fesm2022/compiler.mjs:32000:52)
	    at PaymentComponent.╔╡cmp (node_modules/@angular/core/fesm2022/debug_node.mjs:30245:47)
	    at getComponentDef (node_modules/@angular/core/fesm2022/testing.mjs:1605:18)
	    at isStandaloneComponent (node_modules/@angular/core/fesm2022/testing.mjs:1601:17)
	    at queueTypesFromModulesArrayRecur (node_modules/@angular/core/fesm2022/testing.mjs:1325:26)
	    at TestBedCompiler.queueTypesFromModulesArray (node_modules/@angular/core/fesm2022/testing.mjs:1348:9)
	    at TestBedCompiler.configureTestingModule (node_modules/@angular/core/fesm2022/testing.mjs:856:18)
	    at TestBedImpl.configureTestingModule (node_modules/@angular/core/fesm2022/testing.mjs:1993:23)
	    at TestBedImpl.configureTestingModule (node_modules/@angular/core/fesm2022/testing.mjs:1805:37)
Chrome Headless 144.0.0.0 (Windows 10): Executed 41 of 767[31m (15 FAILED)[39m (0 secs / 3.972 secs)
Chrome Headless 144.0.0.0 (Windows 10) PaymentComponent should not hold blueSky or reddit URL if not defined in configuration FAILED
	Failed: Errors during JIT compilation of template for PaymentComponent: Unexpected closing tag "div". It may happen when the tag has already been closed by another tag. For more info see https://www.w3.org/TR/html5/syntax.html#closing-elements-that-have-implied-end-tags ("
	          </button>
	        </div>
	      [ERROR ->]</div>
	    </div>
	    }
	"): ng:///PaymentComponent/template.html@182:6, Unexpected closing tag "div". It may happen when the tag has already been closed by another tag. For more info see https://www.w3.org/TR/html5/syntax.html#closing-elements-that-have-implied-end-tags ("
	        </div>
	      </div>
	    [ERROR ->]</div>
	    }
	    <mat-divider></mat-divider>
	"): ng:///PaymentComponent/template.html@183:4, Unexpected closing block. The block may have been closed earlier. If you meant to write the } character, you should use the "&#125;" HTML entity instead. ("
	      </div>
	    </div>
	    [ERROR ->]}
	    <mat-divider></mat-divider>
	    @if (mode !== 'wallet') {
	"): ng:///PaymentComponent/template.html@184:4, Unexpected closing tag "div". It may happen when the tag has already been closed by another tag. For more info see https://www.w3.org/TR/html5/syntax.html#closing-elements-that-have-implied-end-tags ("
	      </button>
	    </section>
	  [ERROR ->]</div>
	>>>>>>> upstream/develop
	
	"): ng:///PaymentComponent/template.html@329:2
	    at parseJitTemplate (node_modules/@angular/compiler/fesm2022/compiler.mjs:32326:15)
	    at CompilerFacadeImpl.compileComponent (node_modules/@angular/compiler/fesm2022/compiler.mjs:32000:52)
	    at PaymentComponent.╔╡cmp (node_modules/@angular/core/fesm2022/debug_node.mjs:30245:47)
	    at getComponentDef (node_modules/@angular/core/fesm2022/testing.mjs:1605:18)
	    at isStandaloneComponent (node_modules/@angular/core/fesm2022/testing.mjs:1601:17)
	    at queueTypesFromModulesArrayRecur (node_modules/@angular/core/fesm2022/testing.mjs:1325:26)
	    at TestBedCompiler.queueTypesFromModulesArray (node_modules/@angular/core/fesm2022/testing.mjs:1348:9)
	    at TestBedCompiler.configureTestingModule (node_modules/@angular/core/fesm2022/testing.mjs:856:18)
	    at TestBedImpl.configureTestingModule (node_modules/@angular/core/fesm2022/testing.mjs:1993:23)
	    at TestBedImpl.configureTestingModule (node_modules/@angular/core/fesm2022/testing.mjs:1805:37)
[1A[2K[31mChrome Headless 144.0.0.0 (Windows 10) PaymentComponent should open QrCodeComponent for Ether FAILED[39m
	Failed: Errors during JIT compilation of template for PaymentComponent: Unexpected closing tag "div". It may happen when the tag has already been closed by another tag. For more info see https://www.w3.org/TR/html5/syntax.html#closing-elements-that-have-implied-end-tags ("
	          </button>
	        </div>
	      [ERROR ->]</div>
	    </div>
	    }
	"): ng:///PaymentComponent/template.html@182:6, Unexpected closing tag "div". It may happen when the tag has already been closed by another tag. For more info see https://www.w3.org/TR/html5/syntax.html#closing-elements-that-have-implied-end-tags ("
	        </div>
	      </div>
	    [ERROR ->]</div>
	    }
	    <mat-divider></mat-divider>
	"): ng:///PaymentComponent/template.html@183:4, Unexpected closing block. The block may have been closed earlier. If you meant to write the } character, you should use the "&#125;" HTML entity instead. ("
	      </div>
	    </div>
	    [ERROR ->]}
	    <mat-divider></mat-divider>
	    @if (mode !== 'wallet') {
	"): ng:///PaymentComponent/template.html@184:4, Unexpected closing tag "div". It may happen when the tag has already been closed by another tag. For more info see https://www.w3.org/TR/html5/syntax.html#closing-elements-that-have-implied-end-tags ("
	      </button>
	    </section>
	  [ERROR ->]</div>
	>>>>>>> upstream/develop
	
	"): ng:///PaymentComponent/template.html@329:2
	    at parseJitTemplate (node_modules/@angular/compiler/fesm2022/compiler.mjs:32326:15)
	    at CompilerFacadeImpl.compileComponent (node_modules/@angular/compiler/fesm2022/compiler.mjs:32000:52)
	    at PaymentComponent.╔╡cmp (node_modules/@angular/core/fesm2022/debug_node.mjs:30245:47)
	    at getComponentDef (node_modules/@angular/core/fesm2022/testing.mjs:1605:18)
	    at isStandaloneComponent (node_modules/@angular/core/fesm2022/testing.mjs:1601:17)
	    at queueTypesFromModulesArrayRecur (node_modules/@angular/core/fesm2022/testing.mjs:1325:26)
	    at TestBedCompiler.queueTypesFromModulesArray (node_modules/@angular/core/fesm2022/testing.mjs:1348:9)
	    at TestBedCompiler.configureTestingModule (node_modules/@angular/core/fesm2022/testing.mjs:856:18)
	    at TestBedImpl.configureTestingModule (node_modules/@angular/core/fesm2022/testing.mjs:1993:23)
	    at TestBedImpl.configureTestingModule (node_modules/@angular/core/fesm2022/testing.mjs:1805:37)
Chrome Headless 144.0.0.0 (Windows 10): Executed 42 of 767[31m (16 FAILED)[39m (0 secs / 3.979 secs)
Chrome Headless 144.0.0.0 (Windows 10) PaymentComponent should open QrCodeComponent for Ether FAILED
	Failed: Errors during JIT compilation of template for PaymentComponent: Unexpected closing tag "div". It may happen when the tag has already been closed by another tag. For more info see https://www.w3.org/TR/html5/syntax.html#closing-elements-that-have-implied-end-tags ("
	          </button>
	        </div>
	      [ERROR ->]</div>
	    </div>
	    }
	"): ng:///PaymentComponent/template.html@182:6, Unexpected closing tag "div". It may happen when the tag has already been closed by another tag. For more info see https://www.w3.org/TR/html5/syntax.html#closing-elements-that-have-implied-end-tags ("
	        </div>
	      </div>
	    [ERROR ->]</div>
	    }
	    <mat-divider></mat-divider>
	"): ng:///PaymentComponent/template.html@183:4, Unexpected closing block. The block may have been closed earlier. If you meant to write the } character, you should use the "&#125;" HTML entity instead. ("
	      </div>
	    </div>
	    [ERROR ->]}
	    <mat-divider></mat-divider>
	    @if (mode !== 'wallet') {
	"): ng:///PaymentComponent/template.html@184:4, Unexpected closing tag "div". It may happen when the tag has already been closed by another tag. For more info see https://www.w3.org/TR/html5/syntax.html#closing-elements-that-have-implied-end-tags ("
	      </button>
	    </section>
	  [ERROR ->]</div>
	>>>>>>> upstream/develop
	
	"): ng:///PaymentComponent/template.html@329:2
	    at parseJitTemplate (node_modules/@angular/compiler/fesm2022/compiler.mjs:32326:15)
	    at CompilerFacadeImpl.compileComponent (node_modules/@angular/compiler/fesm2022/compiler.mjs:32000:52)
	    at PaymentComponent.╔╡cmp (node_modules/@angular/core/fesm2022/debug_node.mjs:30245:47)
	    at getComponentDef (node_modules/@angular/core/fesm2022/testing.mjs:1605:18)
	    at isStandaloneComponent (node_modules/@angular/core/fesm2022/testing.mjs:1601:17)
	    at queueTypesFromModulesArrayRecur (node_modules/@angular/core/fesm2022/testing.mjs:1325:26)
	    at TestBedCompiler.queueTypesFromModulesArray (node_modules/@angular/core/fesm2022/testing.mjs:1348:9)
	    at TestBedCompiler.configureTestingModule (node_modules/@angular/core/fesm2022/testing.mjs:856:18)
	    at TestBedImpl.configureTestingModule (node_modules/@angular/core/fesm2022/testing.mjs:1993:23)
	    at TestBedImpl.configureTestingModule (node_modules/@angular/core/fesm2022/testing.mjs:1805:37)
[1A[2K[31mChrome Headless 144.0.0.0 (Windows 10) PaymentComponent should use custom reddit URL if configured FAILED[39m
	Failed: Errors during JIT compilation of template for PaymentComponent: Unexpected closing tag "div". It may happen when the tag has already been closed by another tag. For more info see https://www.w3.org/TR/html5/syntax.html#closing-elements-that-have-implied-end-tags ("
	          </button>
	        </div>
	      [ERROR ->]</div>
	    </div>
	    }
	"): ng:///PaymentComponent/template.html@182:6, Unexpected closing tag "div". It may happen when the tag has already been closed by another tag. For more info see https://www.w3.org/TR/html5/syntax.html#closing-elements-that-have-implied-end-tags ("
	        </div>
	      </div>
	    [ERROR ->]</div>
	    }
	    <mat-divider></mat-divider>
	"): ng:///PaymentComponent/template.html@183:4, Unexpected closing block. The block may have been closed earlier. If you meant to write the } character, you should use the "&#125;" HTML entity instead. ("
	      </div>
	    </div>
	    [ERROR ->]}
	    <mat-divider></mat-divider>
	    @if (mode !== 'wallet') {
	"): ng:///PaymentComponent/template.html@184:4, Unexpected closing tag "div". It may happen when the tag has already been closed by another tag. For more info see https://www.w3.org/TR/html5/syntax.html#closing-elements-that-have-implied-end-tags ("
	      </button>
	    </section>
	  [ERROR ->]</div>
	>>>>>>> upstream/develop
	
	"): ng:///PaymentComponent/template.html@329:2
	    at parseJitTemplate (node_modules/@angular/compiler/fesm2022/compiler.mjs:32326:15)
	    at CompilerFacadeImpl.compileComponent (node_modules/@angular/compiler/fesm2022/compiler.mjs:32000:52)
	    at PaymentComponent.╔╡cmp (node_modules/@angular/core/fesm2022/debug_node.mjs:30245:47)
	    at getComponentDef (node_modules/@angular/core/fesm2022/testing.mjs:1605:18)
	    at isStandaloneComponent (node_modules/@angular/core/fesm2022/testing.mjs:1601:17)
	    at queueTypesFromModulesArrayRecur (node_modules/@angular/core/fesm2022/testing.mjs:1325:26)
	    at TestBedCompiler.queueTypesFromModulesArray (node_modules/@angular/core/fesm2022/testing.mjs:1348:9)
	    at TestBedCompiler.configureTestingModule (node_modules/@angular/core/fesm2022/testing.mjs:856:18)
	    at TestBedImpl.configureTestingModule (node_modules/@angular/core/fesm2022/testing.mjs:1993:23)
	    at TestBedImpl.configureTestingModule (node_modules/@angular/core/fesm2022/testing.mjs:1805:37)
Chrome Headless 144.0.0.0 (Windows 10): Executed 43 of 767[31m (17 FAILED)[39m (0 secs / 3.983 secs)
Chrome Headless 144.0.0.0 (Windows 10) PaymentComponent should use custom reddit URL if configured FAILED
	Failed: Errors during JIT compilation of template for PaymentComponent: Unexpected closing tag "div". It may happen when the tag has already been closed by another tag. For more info see https://www.w3.org/TR/html5/syntax.html#closing-elements-that-have-implied-end-tags ("
	          </button>
	        </div>
	      [ERROR ->]</div>
	    </div>
	    }
	"): ng:///PaymentComponent/template.html@182:6, Unexpected closing tag "div". It may happen when the tag has already been closed by another tag. For more info see https://www.w3.org/TR/html5/syntax.html#closing-elements-that-have-implied-end-tags ("
	        </div>
	      </div>
	    [ERROR ->]</div>
	    }
	    <mat-divider></mat-divider>
	"): ng:///PaymentComponent/template.html@183:4, Unexpected closing block. The block may have been closed earlier. If you meant to write the } character, you should use the "&#125;" HTML entity instead. ("
	      </div>
	    </div>
	    [ERROR ->]}
	    <mat-divider></mat-divider>
	    @if (mode !== 'wallet') {
	"): ng:///PaymentComponent/template.html@184:4, Unexpected closing tag "div". It may happen when the tag has already been closed by another tag. For more info see https://www.w3.org/TR/html5/syntax.html#closing-elements-that-have-implied-end-tags ("
	      </button>
	    </section>
	  [ERROR ->]</div>
	>>>>>>> upstream/develop
	
	"): ng:///PaymentComponent/template.html@329:2
	    at parseJitTemplate (node_modules/@angular/compiler/fesm2022/compiler.mjs:32326:15)
	    at CompilerFacadeImpl.compileComponent (node_modules/@angular/compiler/fesm2022/compiler.mjs:32000:52)
	    at PaymentComponent.╔╡cmp (node_modules/@angular/core/fesm2022/debug_node.mjs:30245:47)
	    at getComponentDef (node_modules/@angular/core/fesm2022/testing.mjs:1605:18)
	    at isStandaloneComponent (node_modules/@angular/core/fesm2022/testing.mjs:1601:17)
	    at queueTypesFromModulesArrayRecur (node_modules/@angular/core/fesm2022/testing.mjs:1325:26)
	    at TestBedCompiler.queueTypesFromModulesArray (node_modules/@angular/core/fesm2022/testing.mjs:1348:9)
	    at TestBedCompiler.configureTestingModule (node_modules/@angular/core/fesm2022/testing.mjs:856:18)
	    at TestBedImpl.configureTestingModule (node_modules/@angular/core/fesm2022/testing.mjs:1993:23)
	    at TestBedImpl.configureTestingModule (node_modules/@angular/core/fesm2022/testing.mjs:1805:37)
[1A[2K[31mChrome Headless 144.0.0.0 (Windows 10) PaymentComponent should create FAILED[39m
	Failed: Errors during JIT compilation of template for PaymentComponent: Unexpected closing tag "div". It may happen when the tag has already been closed by another tag. For more info see https://www.w3.org/TR/html5/syntax.html#closing-elements-that-have-implied-end-tags ("
	          </button>
	        </div>
	      [ERROR ->]</div>
	    </div>
	    }
	"): ng:///PaymentComponent/template.html@182:6, Unexpected closing tag "div". It may happen when the tag has already been closed by another tag. For more info see https://www.w3.org/TR/html5/syntax.html#closing-elements-that-have-implied-end-tags ("
	        </div>
	      </div>
	    [ERROR ->]</div>
	    }
	    <mat-divider></mat-divider>
	"): ng:///PaymentComponent/template.html@183:4, Unexpected closing block. The block may have been closed earlier. If you meant to write the } character, you should use the "&#125;" HTML entity instead. ("
	      </div>
	    </div>
	    [ERROR ->]}
	    <mat-divider></mat-divider>
	    @if (mode !== 'wallet') {
	"): ng:///PaymentComponent/template.html@184:4, Unexpected closing tag "div". It may happen when the tag has already been closed by another tag. For more info see https://www.w3.org/TR/html5/syntax.html#closing-elements-that-have-implied-end-tags ("
	      </button>
	    </section>
	  [ERROR ->]</div>
	>>>>>>> upstream/develop
	
	"): ng:///PaymentComponent/template.html@329:2
	    at parseJitTemplate (node_modules/@angular/compiler/fesm2022/compiler.mjs:32326:15)
	    at CompilerFacadeImpl.compileComponent (node_modules/@angular/compiler/fesm2022/compiler.mjs:32000:52)
	    at PaymentComponent.╔╡cmp (node_modules/@angular/core/fesm2022/debug_node.mjs:30245:47)
	    at getComponentDef (node_modules/@angular/core/fesm2022/testing.mjs:1605:18)
	    at isStandaloneComponent (node_modules/@angular/core/fesm2022/testing.mjs:1601:17)
	    at queueTypesFromModulesArrayRecur (node_modules/@angular/core/fesm2022/testing.mjs:1325:26)
	    at TestBedCompiler.queueTypesFromModulesArray (node_modules/@angular/core/fesm2022/testing.mjs:1348:9)
	    at TestBedCompiler.configureTestingModule (node_modules/@angular/core/fesm2022/testing.mjs:856:18)
	    at TestBedImpl.configureTestingModule (node_modules/@angular/core/fesm2022/testing.mjs:1993:23)
	    at TestBedImpl.configureTestingModule (node_modules/@angular/core/fesm2022/testing.mjs:1805:37)
Chrome Headless 144.0.0.0 (Windows 10): Executed 44 of 767[31m (18 FAILED)[39m (0 secs / 3.989 secs)
Chrome Headless 144.0.0.0 (Windows 10) PaymentComponent should create FAILED
	Failed: Errors during JIT compilation of template for PaymentComponent: Unexpected closing tag "div". It may happen when the tag has already been closed by another tag. For more info see https://www.w3.org/TR/html5/syntax.html#closing-elements-that-have-implied-end-tags ("
	          </button>
	        </div>
	      [ERROR ->]</div>
	    </div>
	    }
	"): ng:///PaymentComponent/template.html@182:6, Unexpected closing tag "div". It may happen when the tag has already been closed by another tag. For more info see https://www.w3.org/TR/html5/syntax.html#closing-elements-that-have-implied-end-tags ("
	        </div>
	      </div>
	    [ERROR ->]</div>
	    }
	    <mat-divider></mat-divider>
	"): ng:///PaymentComponent/template.html@183:4, Unexpected closing block. The block may have been closed earlier. If you meant to write the } character, you should use the "&#125;" HTML entity instead. ("
	      </div>
	    </div>
	    [ERROR ->]}
	    <mat-divider></mat-divider>
	    @if (mode !== 'wallet') {
	"): ng:///PaymentComponent/template.html@184:4, Unexpected closing tag "div". It may happen when the tag has already been closed by another tag. For more info see https://www.w3.org/TR/html5/syntax.html#closing-elements-that-have-implied-end-tags ("
	      </button>
	    </section>
	  [ERROR ->]</div>
	>>>>>>> upstream/develop
	
	"): ng:///PaymentComponent/template.html@329:2
	    at parseJitTemplate (node_modules/@angular/compiler/fesm2022/compiler.mjs:32326:15)
	    at CompilerFacadeImpl.compileComponent (node_modules/@angular/compiler/fesm2022/compiler.mjs:32000:52)
	    at PaymentComponent.╔╡cmp (node_modules/@angular/core/fesm2022/debug_node.mjs:30245:47)
	    at getComponentDef (node_modules/@angular/core/fesm2022/testing.mjs:1605:18)
	    at isStandaloneComponent (node_modules/@angular/core/fesm2022/testing.mjs:1601:17)
	    at queueTypesFromModulesArrayRecur (node_modules/@angular/core/fesm2022/testing.mjs:1325:26)
	    at TestBedCompiler.queueTypesFromModulesArray (node_modules/@angular/core/fesm2022/testing.mjs:1348:9)
	    at TestBedCompiler.configureTestingModule (node_modules/@angular/core/fesm2022/testing.mjs:856:18)
	    at TestBedImpl.configureTestingModule (node_modules/@angular/core/fesm2022/testing.mjs:1993:23)
	    at TestBedImpl.configureTestingModule (node_modules/@angular/core/fesm2022/testing.mjs:1805:37)
[1A[2K[31mChrome Headless 144.0.0.0 (Windows 10) PaymentComponent should open QrCodeComponent for Bitcoin FAILED[39m
	Failed: Errors during JIT compilation of template for PaymentComponent: Unexpected closing tag "div". It may happen when the tag has already been closed by another tag. For more info see https://www.w3.org/TR/html5/syntax.html#closing-elements-that-have-implied-end-tags ("
	          </button>
	        </div>
	      [ERROR ->]</div>
	    </div>
	    }
	"): ng:///PaymentComponent/template.html@182:6, Unexpected closing tag "div". It may happen when the tag has already been closed by another tag. For more info see https://www.w3.org/TR/html5/syntax.html#closing-elements-that-have-implied-end-tags ("
	        </div>
	      </div>
	    [ERROR ->]</div>
	    }
	    <mat-divider></mat-divider>
	"): ng:///PaymentComponent/template.html@183:4, Unexpected closing block. The block may have been closed earlier. If you meant to write the } character, you should use the "&#125;" HTML entity instead. ("
	      </div>
	    </div>
	    [ERROR ->]}
	    <mat-divider></mat-divider>
	    @if (mode !== 'wallet') {
	"): ng:///PaymentComponent/template.html@184:4, Unexpected closing tag "div". It may happen when the tag has already been closed by another tag. For more info see https://www.w3.org/TR/html5/syntax.html#closing-elements-that-have-implied-end-tags ("
	      </button>
	    </section>
	  [ERROR ->]</div>
	>>>>>>> upstream/develop
	
	"): ng:///PaymentComponent/template.html@329:2
	    at parseJitTemplate (node_modules/@angular/compiler/fesm2022/compiler.mjs:32326:15)
	    at CompilerFacadeImpl.compileComponent (node_modules/@angular/compiler/fesm2022/compiler.mjs:32000:52)
	    at PaymentComponent.╔╡cmp (node_modules/@angular/core/fesm2022/debug_node.mjs:30245:47)
	    at getComponentDef (node_modules/@angular/core/fesm2022/testing.mjs:1605:18)
	    at isStandaloneComponent (node_modules/@angular/core/fesm2022/testing.mjs:1601:17)
	    at queueTypesFromModulesArrayRecur (node_modules/@angular/core/fesm2022/testing.mjs:1325:26)
	    at TestBedCompiler.queueTypesFromModulesArray (node_modules/@angular/core/fesm2022/testing.mjs:1348:9)
	    at TestBedCompiler.configureTestingModule (node_modules/@angular/core/fesm2022/testing.mjs:856:18)
	    at TestBedImpl.configureTestingModule (node_modules/@angular/core/fesm2022/testing.mjs:1993:23)
	    at TestBedImpl.configureTestingModule (node_modules/@angular/core/fesm2022/testing.mjs:1805:37)
Chrome Headless 144.0.0.0 (Windows 10): Executed 45 of 767[31m (19 FAILED)[39m (0 secs / 3.994 secs)
Chrome Headless 144.0.0.0 (Windows 10) PaymentComponent should open QrCodeComponent for Bitcoin FAILED
	Failed: Errors during JIT compilation of template for PaymentComponent: Unexpected closing tag "div". It may happen when the tag has already been closed by another tag. For more info see https://www.w3.org/TR/html5/syntax.html#closing-elements-that-have-implied-end-tags ("
	          </button>
	        </div>
	      [ERROR ->]</div>
	    </div>
	    }
	"): ng:///PaymentComponent/template.html@182:6, Unexpected closing tag "div". It may happen when the tag has already been closed by another tag. For more info see https://www.w3.org/TR/html5/syntax.html#closing-elements-that-have-implied-end-tags ("
	        </div>
	      </div>
	    [ERROR ->]</div>
	    }
	    <mat-divider></mat-divider>
	"): ng:///PaymentComponent/template.html@183:4, Unexpected closing block. The block may have been closed earlier. If you meant to write the } character, you should use the "&#125;" HTML entity instead. ("
	      </div>
	    </div>
	    [ERROR ->]}
	    <mat-divider></mat-divider>
	    @if (mode !== 'wallet') {
	"): ng:///PaymentComponent/template.html@184:4, Unexpected closing tag "div". It may happen when the tag has already been closed by another tag. For more info see https://www.w3.org/TR/html5/syntax.html#closing-elements-that-have-implied-end-tags ("
	      </button>
	    </section>
	  [ERROR ->]</div>
	>>>>>>> upstream/develop
	
	"): ng:///PaymentComponent/template.html@329:2
	    at parseJitTemplate (node_modules/@angular/compiler/fesm2022/compiler.mjs:32326:15)
	    at CompilerFacadeImpl.compileComponent (node_modules/@angular/compiler/fesm2022/compiler.mjs:32000:52)
	    at PaymentComponent.╔╡cmp (node_modules/@angular/core/fesm2022/debug_node.mjs:30245:47)
	    at getComponentDef (node_modules/@angular/core/fesm2022/testing.mjs:1605:18)
	    at isStandaloneComponent (node_modules/@angular/core/fesm2022/testing.mjs:1601:17)
	    at queueTypesFromModulesArrayRecur (node_modules/@angular/core/fesm2022/testing.mjs:1325:26)
	    at TestBedCompiler.queueTypesFromModulesArray (node_modules/@angular/core/fesm2022/testing.mjs:1348:9)
	    at TestBedCompiler.configureTestingModule (node_modules/@angular/core/fesm2022/testing.mjs:856:18)
	    at TestBedImpl.configureTestingModule (node_modules/@angular/core/fesm2022/testing.mjs:1993:23)
	    at TestBedImpl.configureTestingModule (node_modules/@angular/core/fesm2022/testing.mjs:1805:37)
[1A[2K[31mChrome Headless 144.0.0.0 (Windows 10) PaymentComponent should store payment id on calling getMessage FAILED[39m
	Failed: Errors during JIT compilation of template for PaymentComponent: Unexpected closing tag "div". It may happen when the tag has already been closed by another tag. For more info see https://www.w3.org/TR/html5/syntax.html#closing-elements-that-have-implied-end-tags ("
	          </button>
	        </div>
	      [ERROR ->]</div>
	    </div>
	    }
	"): ng:///PaymentComponent/template.html@182:6, Unexpected closing tag "div". It may happen when the tag has already been closed by another tag. For more info see https://www.w3.org/TR/html5/syntax.html#closing-elements-that-have-implied-end-tags ("
	        </div>
	      </div>
	    [ERROR ->]</div>
	    }
	    <mat-divider></mat-divider>
	"): ng:///PaymentComponent/template.html@183:4, Unexpected closing block. The block may have been closed earlier. If you meant to write the } character, you should use the "&#125;" HTML entity instead. ("
	      </div>
	    </div>
	    [ERROR ->]}
	    <mat-divider></mat-divider>
	    @if (mode !== 'wallet') {
	"): ng:///PaymentComponent/template.html@184:4, Unexpected closing tag "div". It may happen when the tag has already been closed by another tag. For more info see https://www.w3.org/TR/html5/syntax.html#closing-elements-that-have-implied-end-tags ("
	      </button>
	    </section>
	  [ERROR ->]</div>
	>>>>>>> upstream/develop
	
	"): ng:///PaymentComponent/template.html@329:2
	    at parseJitTemplate (node_modules/@angular/compiler/fesm2022/compiler.mjs:32326:15)
	    at CompilerFacadeImpl.compileComponent (node_modules/@angular/compiler/fesm2022/compiler.mjs:32000:52)
	    at PaymentComponent.╔╡cmp (node_modules/@angular/core/fesm2022/debug_node.mjs:30245:47)
	    at getComponentDef (node_modules/@angular/core/fesm2022/testing.mjs:1605:18)
	    at isStandaloneComponent (node_modules/@angular/core/fesm2022/testing.mjs:1601:17)
	    at queueTypesFromModulesArrayRecur (node_modules/@angular/core/fesm2022/testing.mjs:1325:26)
	    at TestBedCompiler.queueTypesFromModulesArray (node_modules/@angular/core/fesm2022/testing.mjs:1348:9)
	    at TestBedCompiler.configureTestingModule (node_modules/@angular/core/fesm2022/testing.mjs:856:18)
	    at TestBedImpl.configureTestingModule (node_modules/@angular/core/fesm2022/testing.mjs:1993:23)
	    at TestBedImpl.configureTestingModule (node_modules/@angular/core/fesm2022/testing.mjs:1805:37)
Chrome Headless 144.0.0.0 (Windows 10): Executed 46 of 767[31m (20 FAILED)[39m (0 secs / 3.998 secs)
Chrome Headless 144.0.0.0 (Windows 10) PaymentComponent should store payment id on calling getMessage FAILED
	Failed: Errors during JIT compilation of template for PaymentComponent: Unexpected closing tag "div". It may happen when the tag has already been closed by another tag. For more info see https://www.w3.org/TR/html5/syntax.html#closing-elements-that-have-implied-end-tags ("
	          </button>
	        </div>
	      [ERROR ->]</div>
	    </div>
	    }
	"): ng:///PaymentComponent/template.html@182:6, Unexpected closing tag "div". It may happen when the tag has already been closed by another tag. For more info see https://www.w3.org/TR/html5/syntax.html#closing-elements-that-have-implied-end-tags ("
	        </div>
	      </div>
	    [ERROR ->]</div>
	    }
	    <mat-divider></mat-divider>
	"): ng:///PaymentComponent/template.html@183:4, Unexpected closing block. The block may have been closed earlier. If you meant to write the } character, you should use the "&#125;" HTML entity instead. ("
	      </div>
	    </div>
	    [ERROR ->]}
	    <mat-divider></mat-divider>
	    @if (mode !== 'wallet') {
	"): ng:///PaymentComponent/template.html@184:4, Unexpected closing tag "div". It may happen when the tag has already been closed by another tag. For more info see https://www.w3.org/TR/html5/syntax.html#closing-elements-that-have-implied-end-tags ("
	      </button>
	    </section>
	  [ERROR ->]</div>
	>>>>>>> upstream/develop
	
	"): ng:///PaymentComponent/template.html@329:2
	    at parseJitTemplate (node_modules/@angular/compiler/fesm2022/compiler.mjs:32326:15)
	    at CompilerFacadeImpl.compileComponent (node_modules/@angular/compiler/fesm2022/compiler.mjs:32000:52)
	    at PaymentComponent.╔╡cmp (node_modules/@angular/core/fesm2022/debug_node.mjs:30245:47)
	    at getComponentDef (node_modules/@angular/core/fesm2022/testing.mjs:1605:18)
	    at isStandaloneComponent (node_modules/@angular/core/fesm2022/testing.mjs:1601:17)
	    at queueTypesFromModulesArrayRecur (node_modules/@angular/core/fesm2022/testing.mjs:1325:26)
	    at TestBedCompiler.queueTypesFromModulesArray (node_modules/@angular/core/fesm2022/testing.mjs:1348:9)
	    at TestBedCompiler.configureTestingModule (node_modules/@angular/core/fesm2022/testing.mjs:856:18)
	    at TestBedImpl.configureTestingModule (node_modules/@angular/core/fesm2022/testing.mjs:1993:23)
	    at TestBedImpl.configureTestingModule (node_modules/@angular/core/fesm2022/testing.mjs:1805:37)
[1A[2K[31mChrome Headless 144.0.0.0 (Windows 10) PaymentComponent should log error from upgrade to deluxe API call directly to browser console FAILED[39m
	Failed: Errors during JIT compilation of template for PaymentComponent: Unexpected closing tag "div". It may happen when the tag has already been closed by another tag. For more info see https://www.w3.org/TR/html5/syntax.html#closing-elements-that-have-implied-end-tags ("
	          </button>
	        </div>
	      [ERROR ->]</div>
	    </div>
	    }
	"): ng:///PaymentComponent/template.html@182:6, Unexpected closing tag "div". It may happen when the tag has already been closed by another tag. For more info see https://www.w3.org/TR/html5/syntax.html#closing-elements-that-have-implied-end-tags ("
	        </div>
	      </div>
	    [ERROR ->]</div>
	    }
	    <mat-divider></mat-divider>
	"): ng:///PaymentComponent/template.html@183:4, Unexpected closing block. The block may have been closed earlier. If you meant to write the } character, you should use the "&#125;" HTML entity instead. ("
	      </div>
	    </div>
	    [ERROR ->]}
	    <mat-divider></mat-divider>
	    @if (mode !== 'wallet') {
	"): ng:///PaymentComponent/template.html@184:4, Unexpected closing tag "div". It may happen when the tag has already been closed by another tag. For more info see https://www.w3.org/TR/html5/syntax.html#closing-elements-that-have-implied-end-tags ("
	      </button>
	    </section>
	  [ERROR ->]</div>
	>>>>>>> upstream/develop
	
	"): ng:///PaymentComponent/template.html@329:2
	    at parseJitTemplate (node_modules/@angular/compiler/fesm2022/compiler.mjs:32326:15)
	    at CompilerFacadeImpl.compileComponent (node_modules/@angular/compiler/fesm2022/compiler.mjs:32000:52)
	    at PaymentComponent.╔╡cmp (node_modules/@angular/core/fesm2022/debug_node.mjs:30245:47)
	    at getComponentDef (node_modules/@angular/core/fesm2022/testing.mjs:1605:18)
	    at isStandaloneComponent (node_modules/@angular/core/fesm2022/testing.mjs:1601:17)
	    at queueTypesFromModulesArrayRecur (node_modules/@angular/core/fesm2022/testing.mjs:1325:26)
	    at TestBedCompiler.queueTypesFromModulesArray (node_modules/@angular/core/fesm2022/testing.mjs:1348:9)
	    at TestBedCompiler.configureTestingModule (node_modules/@angular/core/fesm2022/testing.mjs:856:18)
	    at TestBedImpl.configureTestingModule (node_modules/@angular/core/fesm2022/testing.mjs:1993:23)
	    at TestBedImpl.configureTestingModule (node_modules/@angular/core/fesm2022/testing.mjs:1805:37)
Chrome Headless 144.0.0.0 (Windows 10): Executed 47 of 767[31m (21 FAILED)[39m (0 secs / 4.003 secs)
Chrome Headless 144.0.0.0 (Windows 10) PaymentComponent should log error from upgrade to deluxe API call directly to browser console FAILED
	Failed: Errors during JIT compilation of template for PaymentComponent: Unexpected closing tag "div". It may happen when the tag has already been closed by another tag. For more info see https://www.w3.org/TR/html5/syntax.html#closing-elements-that-have-implied-end-tags ("
	          </button>
	        </div>
	      [ERROR ->]</div>
	    </div>
	    }
	"): ng:///PaymentComponent/template.html@182:6, Unexpected closing tag "div". It may happen when the tag has already been closed by another tag. For more info see https://www.w3.org/TR/html5/syntax.html#closing-elements-that-have-implied-end-tags ("
	        </div>
	      </div>
	    [ERROR ->]</div>
	    }
	    <mat-divider></mat-divider>
	"): ng:///PaymentComponent/template.html@183:4, Unexpected closing block. The block may have been closed earlier. If you meant to write the } character, you should use the "&#125;" HTML entity instead. ("
	      </div>
	    </div>
	    [ERROR ->]}
	    <mat-divider></mat-divider>
	    @if (mode !== 'wallet') {
	"): ng:///PaymentComponent/template.html@184:4, Unexpected closing tag "div". It may happen when the tag has already been closed by another tag. For more info see https://www.w3.org/TR/html5/syntax.html#closing-elements-that-have-implied-end-tags ("
	      </button>
	    </section>
	  [ERROR ->]</div>
	>>>>>>> upstream/develop
	
	"): ng:///PaymentComponent/template.html@329:2
	    at parseJitTemplate (node_modules/@angular/compiler/fesm2022/compiler.mjs:32326:15)
	    at CompilerFacadeImpl.compileComponent (node_modules/@angular/compiler/fesm2022/compiler.mjs:32000:52)
	    at PaymentComponent.╔╡cmp (node_modules/@angular/core/fesm2022/debug_node.mjs:30245:47)
	    at getComponentDef (node_modules/@angular/core/fesm2022/testing.mjs:1605:18)
	    at isStandaloneComponent (node_modules/@angular/core/fesm2022/testing.mjs:1601:17)
	    at queueTypesFromModulesArrayRecur (node_modules/@angular/core/fesm2022/testing.mjs:1325:26)
	    at TestBedCompiler.queueTypesFromModulesArray (node_modules/@angular/core/fesm2022/testing.mjs:1348:9)
	    at TestBedCompiler.configureTestingModule (node_modules/@angular/core/fesm2022/testing.mjs:856:18)
	    at TestBedImpl.configureTestingModule (node_modules/@angular/core/fesm2022/testing.mjs:1993:23)
	    at TestBedImpl.configureTestingModule (node_modules/@angular/core/fesm2022/testing.mjs:1805:37)
[1A[2K[31mChrome Headless 144.0.0.0 (Windows 10) PaymentComponent should remove walletTotal from session storage on calling choosePayment in wallet mode FAILED[39m
	Failed: Errors during JIT compilation of template for PaymentComponent: Unexpected closing tag "div". It may happen when the tag has already been closed by another tag. For more info see https://www.w3.org/TR/html5/syntax.html#closing-elements-that-have-implied-end-tags ("
	          </button>
	        </div>
	      [ERROR ->]</div>
	    </div>
	    }
	"): ng:///PaymentComponent/template.html@182:6, Unexpected closing tag "div". It may happen when the tag has already been closed by another tag. For more info see https://www.w3.org/TR/html5/syntax.html#closing-elements-that-have-implied-end-tags ("
	        </div>
	      </div>
	    [ERROR ->]</div>
	    }
	    <mat-divider></mat-divider>
	"): ng:///PaymentComponent/template.html@183:4, Unexpected closing block. The block may have been closed earlier. If you meant to write the } character, you should use the "&#125;" HTML entity instead. ("
	      </div>
	    </div>
	    [ERROR ->]}
	    <mat-divider></mat-divider>
	    @if (mode !== 'wallet') {
	"): ng:///PaymentComponent/template.html@184:4, Unexpected closing tag "div". It may happen when the tag has already been closed by another tag. For more info see https://www.w3.org/TR/html5/syntax.html#closing-elements-that-have-implied-end-tags ("
	      </button>
	    </section>
	  [ERROR ->]</div>
	>>>>>>> upstream/develop
	
	"): ng:///PaymentComponent/template.html@329:2
	    at parseJitTemplate (node_modules/@angular/compiler/fesm2022/compiler.mjs:32326:15)
	    at CompilerFacadeImpl.compileComponent (node_modules/@angular/compiler/fesm2022/compiler.mjs:32000:52)
	    at PaymentComponent.╔╡cmp (node_modules/@angular/core/fesm2022/debug_node.mjs:30245:47)
	    at getComponentDef (node_modules/@angular/core/fesm2022/testing.mjs:1605:18)
	    at isStandaloneComponent (node_modules/@angular/core/fesm2022/testing.mjs:1601:17)
	    at queueTypesFromModulesArrayRecur (node_modules/@angular/core/fesm2022/testing.mjs:1325:26)
	    at TestBedCompiler.queueTypesFromModulesArray (node_modules/@angular/core/fesm2022/testing.mjs:1348:9)
	    at TestBedCompiler.configureTestingModule (node_modules/@angular/core/fesm2022/testing.mjs:856:18)
	    at TestBedImpl.configureTestingModule (node_modules/@angular/core/fesm2022/testing.mjs:1993:23)
	    at TestBedImpl.configureTestingModule (node_modules/@angular/core/fesm2022/testing.mjs:1805:37)
Chrome Headless 144.0.0.0 (Windows 10): Executed 48 of 767[31m (22 FAILED)[39m (0 secs / 4.008 secs)
Chrome Headless 144.0.0.0 (Windows 10) PaymentComponent should remove walletTotal from session storage on calling choosePayment in wallet mode FAILED
	Failed: Errors during JIT compilation of template for PaymentComponent: Unexpected closing tag "div". It may happen when the tag has already been closed by another tag. For more info see https://www.w3.org/TR/html5/syntax.html#closing-elements-that-have-implied-end-tags ("
	          </button>
	        </div>
	      [ERROR ->]</div>
	    </div>
	    }
	"): ng:///PaymentComponent/template.html@182:6, Unexpected closing tag "div". It may happen when the tag has already been closed by another tag. For more info see https://www.w3.org/TR/html5/syntax.html#closing-elements-that-have-implied-end-tags ("
	        </div>
	      </div>
	    [ERROR ->]</div>
	    }
	    <mat-divider></mat-divider>
	"): ng:///PaymentComponent/template.html@183:4, Unexpected closing block. The block may have been closed earlier. If you meant to write the } character, you should use the "&#125;" HTML entity instead. ("
	      </div>
	    </div>
	    [ERROR ->]}
	    <mat-divider></mat-divider>
	    @if (mode !== 'wallet') {
	"): ng:///PaymentComponent/template.html@184:4, Unexpected closing tag "div". It may happen when the tag has already been closed by another tag. For more info see https://www.w3.org/TR/html5/syntax.html#closing-elements-that-have-implied-end-tags ("
	      </button>
	    </section>
	  [ERROR ->]</div>
	>>>>>>> upstream/develop
	
	"): ng:///PaymentComponent/template.html@329:2
	    at parseJitTemplate (node_modules/@angular/compiler/fesm2022/compiler.mjs:32326:15)
	    at CompilerFacadeImpl.compileComponent (node_modules/@angular/compiler/fesm2022/compiler.mjs:32000:52)
	    at PaymentComponent.╔╡cmp (node_modules/@angular/core/fesm2022/debug_node.mjs:30245:47)
	    at getComponentDef (node_modules/@angular/core/fesm2022/testing.mjs:1605:18)
	    at isStandaloneComponent (node_modules/@angular/core/fesm2022/testing.mjs:1601:17)
	    at queueTypesFromModulesArrayRecur (node_modules/@angular/core/fesm2022/testing.mjs:1325:26)
	    at TestBedCompiler.queueTypesFromModulesArray (node_modules/@angular/core/fesm2022/testing.mjs:1348:9)
	    at TestBedCompiler.configureTestingModule (node_modules/@angular/core/fesm2022/testing.mjs:856:18)
	    at TestBedImpl.configureTestingModule (node_modules/@angular/core/fesm2022/testing.mjs:1993:23)
	    at TestBedImpl.configureTestingModule (node_modules/@angular/core/fesm2022/testing.mjs:1805:37)
[1A[2K[31mChrome Headless 144.0.0.0 (Windows 10) PaymentComponent should reject an invalid coupon code FAILED[39m
	Failed: Errors during JIT compilation of template for PaymentComponent: Unexpected closing tag "div". It may happen when the tag has already been closed by another tag. For more info see https://www.w3.org/TR/html5/syntax.html#closing-elements-that-have-implied-end-tags ("
	          </button>
	        </div>
	      [ERROR ->]</div>
	    </div>
	    }
	"): ng:///PaymentComponent/template.html@182:6, Unexpected closing tag "div". It may happen when the tag has already been closed by another tag. For more info see https://www.w3.org/TR/html5/syntax.html#closing-elements-that-have-implied-end-tags ("
	        </div>
	      </div>
	    [ERROR ->]</div>
	    }
	    <mat-divider></mat-divider>
	"): ng:///PaymentComponent/template.html@183:4, Unexpected closing block. The block may have been closed earlier. If you meant to write the } character, you should use the "&#125;" HTML entity instead. ("
	      </div>
	    </div>
	    [ERROR ->]}
	    <mat-divider></mat-divider>
	    @if (mode !== 'wallet') {
	"): ng:///PaymentComponent/template.html@184:4, Unexpected closing tag "div". It may happen when the tag has already been closed by another tag. For more info see https://www.w3.org/TR/html5/syntax.html#closing-elements-that-have-implied-end-tags ("
	      </button>
	    </section>
	  [ERROR ->]</div>
	>>>>>>> upstream/develop
	
	"): ng:///PaymentComponent/template.html@329:2
	    at parseJitTemplate (node_modules/@angular/compiler/fesm2022/compiler.mjs:32326:15)
	    at CompilerFacadeImpl.compileComponent (node_modules/@angular/compiler/fesm2022/compiler.mjs:32000:52)
	    at PaymentComponent.╔╡cmp (node_modules/@angular/core/fesm2022/debug_node.mjs:30245:47)
	    at getComponentDef (node_modules/@angular/core/fesm2022/testing.mjs:1605:18)
	    at isStandaloneComponent (node_modules/@angular/core/fesm2022/testing.mjs:1601:17)
	    at queueTypesFromModulesArrayRecur (node_modules/@angular/core/fesm2022/testing.mjs:1325:26)
	    at TestBedCompiler.queueTypesFromModulesArray (node_modules/@angular/core/fesm2022/testing.mjs:1348:9)
	    at TestBedCompiler.configureTestingModule (node_modules/@angular/core/fesm2022/testing.mjs:856:18)
	    at TestBedImpl.configureTestingModule (node_modules/@angular/core/fesm2022/testing.mjs:1993:23)
	    at TestBedImpl.configureTestingModule (node_modules/@angular/core/fesm2022/testing.mjs:1805:37)
Chrome Headless 144.0.0.0 (Windows 10): Executed 49 of 767[31m (23 FAILED)[39m (0 secs / 4.012 secs)
Chrome Headless 144.0.0.0 (Windows 10) PaymentComponent should reject an invalid coupon code FAILED
	Failed: Errors during JIT compilation of template for PaymentComponent: Unexpected closing tag "div". It may happen when the tag has already been closed by another tag. For more info see https://www.w3.org/TR/html5/syntax.html#closing-elements-that-have-implied-end-tags ("
	          </button>
	        </div>
	      [ERROR ->]</div>
	    </div>
	    }
	"): ng:///PaymentComponent/template.html@182:6, Unexpected closing tag "div". It may happen when the tag has already been closed by another tag. For more info see https://www.w3.org/TR/html5/syntax.html#closing-elements-that-have-implied-end-tags ("
	        </div>
	      </div>
	    [ERROR ->]</div>
	    }
	    <mat-divider></mat-divider>
	"): ng:///PaymentComponent/template.html@183:4, Unexpected closing block. The block may have been closed earlier. If you meant to write the } character, you should use the "&#125;" HTML entity instead. ("
	      </div>
	    </div>
	    [ERROR ->]}
	    <mat-divider></mat-divider>
	    @if (mode !== 'wallet') {
	"): ng:///PaymentComponent/template.html@184:4, Unexpected closing tag "div". It may happen when the tag has already been closed by another tag. For more info see https://www.w3.org/TR/html5/syntax.html#closing-elements-that-have-implied-end-tags ("
	      </button>
	    </section>
	  [ERROR ->]</div>
	>>>>>>> upstream/develop
	
	"): ng:///PaymentComponent/template.html@329:2
	    at parseJitTemplate (node_modules/@angular/compiler/fesm2022/compiler.mjs:32326:15)
	    at CompilerFacadeImpl.compileComponent (node_modules/@angular/compiler/fesm2022/compiler.mjs:32000:52)
	    at PaymentComponent.╔╡cmp (node_modules/@angular/core/fesm2022/debug_node.mjs:30245:47)
	    at getComponentDef (node_modules/@angular/core/fesm2022/testing.mjs:1605:18)
	    at isStandaloneComponent (node_modules/@angular/core/fesm2022/testing.mjs:1601:17)
	    at queueTypesFromModulesArrayRecur (node_modules/@angular/core/fesm2022/testing.mjs:1325:26)
	    at TestBedCompiler.queueTypesFromModulesArray (node_modules/@angular/core/fesm2022/testing.mjs:1348:9)
	    at TestBedCompiler.configureTestingModule (node_modules/@angular/core/fesm2022/testing.mjs:856:18)
	    at TestBedImpl.configureTestingModule (node_modules/@angular/core/fesm2022/testing.mjs:1993:23)
	    at TestBedImpl.configureTestingModule (node_modules/@angular/core/fesm2022/testing.mjs:1805:37)
[1A[2K[31mChrome Headless 144.0.0.0 (Windows 10) PaymentComponent should make paymentMode wallet on calling useWallet FAILED[39m
	Failed: Errors during JIT compilation of template for PaymentComponent: Unexpected closing tag "div". It may happen when the tag has already been closed by another tag. For more info see https://www.w3.org/TR/html5/syntax.html#closing-elements-that-have-implied-end-tags ("
	          </button>
	        </div>
	      [ERROR ->]</div>
	    </div>
	    }
	"): ng:///PaymentComponent/template.html@182:6, Unexpected closing tag "div". It may happen when the tag has already been closed by another tag. For more info see https://www.w3.org/TR/html5/syntax.html#closing-elements-that-have-implied-end-tags ("
	        </div>
	      </div>
	    [ERROR ->]</div>
	    }
	    <mat-divider></mat-divider>
	"): ng:///PaymentComponent/template.html@183:4, Unexpected closing block. The block may have been closed earlier. If you meant to write the } character, you should use the "&#125;" HTML entity instead. ("
	      </div>
	    </div>
	    [ERROR ->]}
	    <mat-divider></mat-divider>
	    @if (mode !== 'wallet') {
	"): ng:///PaymentComponent/template.html@184:4, Unexpected closing tag "div". It may happen when the tag has already been closed by another tag. For more info see https://www.w3.org/TR/html5/syntax.html#closing-elements-that-have-implied-end-tags ("
	      </button>
	    </section>
	  [ERROR ->]</div>
	>>>>>>> upstream/develop
	
	"): ng:///PaymentComponent/template.html@329:2
	    at parseJitTemplate (node_modules/@angular/compiler/fesm2022/compiler.mjs:32326:15)
	    at CompilerFacadeImpl.compileComponent (node_modules/@angular/compiler/fesm2022/compiler.mjs:32000:52)
	    at PaymentComponent.╔╡cmp (node_modules/@angular/core/fesm2022/debug_node.mjs:30245:47)
	    at getComponentDef (node_modules/@angular/core/fesm2022/testing.mjs:1605:18)
	    at isStandaloneComponent (node_modules/@angular/core/fesm2022/testing.mjs:1601:17)
	    at queueTypesFromModulesArrayRecur (node_modules/@angular/core/fesm2022/testing.mjs:1325:26)
	    at TestBedCompiler.queueTypesFromModulesArray (node_modules/@angular/core/fesm2022/testing.mjs:1348:9)
	    at TestBedCompiler.configureTestingModule (node_modules/@angular/core/fesm2022/testing.mjs:856:18)
	    at TestBedImpl.configureTestingModule (node_modules/@angular/core/fesm2022/testing.mjs:1993:23)
	    at TestBedImpl.configureTestingModule (node_modules/@angular/core/fesm2022/testing.mjs:1805:37)
Chrome Headless 144.0.0.0 (Windows 10): Executed 50 of 767[31m (24 FAILED)[39m (0 secs / 4.016 secs)
Chrome Headless 144.0.0.0 (Windows 10) PaymentComponent should make paymentMode wallet on calling useWallet FAILED
	Failed: Errors during JIT compilation of template for PaymentComponent: Unexpected closing tag "div". It may happen when the tag has already been closed by another tag. For more info see https://www.w3.org/TR/html5/syntax.html#closing-elements-that-have-implied-end-tags ("
	          </button>
	        </div>
	      [ERROR ->]</div>
	    </div>
	    }
	"): ng:///PaymentComponent/template.html@182:6, Unexpected closing tag "div". It may happen when the tag has already been closed by another tag. For more info see https://www.w3.org/TR/html5/syntax.html#closing-elements-that-have-implied-end-tags ("
	        </div>
	      </div>
	    [ERROR ->]</div>
	    }
	    <mat-divider></mat-divider>
	"): ng:///PaymentComponent/template.html@183:4, Unexpected closing block. The block may have been closed earlier. If you meant to write the } character, you should use the "&#125;" HTML entity instead. ("
	      </div>
	    </div>
	    [ERROR ->]}
	    <mat-divider></mat-divider>
	    @if (mode !== 'wallet') {
	"): ng:///PaymentComponent/template.html@184:4, Unexpected closing tag "div". It may happen when the tag has already been closed by another tag. For more info see https://www.w3.org/TR/html5/syntax.html#closing-elements-that-have-implied-end-tags ("
	      </button>
	    </section>
	  [ERROR ->]</div>
	>>>>>>> upstream/develop
	
	"): ng:///PaymentComponent/template.html@329:2
	    at parseJitTemplate (node_modules/@angular/compiler/fesm2022/compiler.mjs:32326:15)
	    at CompilerFacadeImpl.compileComponent (node_modules/@angular/compiler/fesm2022/compiler.mjs:32000:52)
	    at PaymentComponent.╔╡cmp (node_modules/@angular/core/fesm2022/debug_node.mjs:30245:47)
	    at getComponentDef (node_modules/@angular/core/fesm2022/testing.mjs:1605:18)
	    at isStandaloneComponent (node_modules/@angular/core/fesm2022/testing.mjs:1601:17)
	    at queueTypesFromModulesArrayRecur (node_modules/@angular/core/fesm2022/testing.mjs:1325:26)
	    at TestBedCompiler.queueTypesFromModulesArray (node_modules/@angular/core/fesm2022/testing.mjs:1348:9)
	    at TestBedCompiler.configureTestingModule (node_modules/@angular/core/fesm2022/testing.mjs:856:18)
	    at TestBedImpl.configureTestingModule (node_modules/@angular/core/fesm2022/testing.mjs:1993:23)
	    at TestBedImpl.configureTestingModule (node_modules/@angular/core/fesm2022/testing.mjs:1805:37)
[1A[2K[31mChrome Headless 144.0.0.0 (Windows 10) PaymentComponent should add token to local storage and cookie on calling choosePayment in deluxe mode FAILED[39m
	Failed: Errors during JIT compilation of template for PaymentComponent: Unexpected closing tag "div". It may happen when the tag has already been closed by another tag. For more info see https://www.w3.org/TR/html5/syntax.html#closing-elements-that-have-implied-end-tags ("
	          </button>
	        </div>
	      [ERROR ->]</div>
	    </div>
	    }
	"): ng:///PaymentComponent/template.html@182:6, Unexpected closing tag "div". It may happen when the tag has already been closed by another tag. For more info see https://www.w3.org/TR/html5/syntax.html#closing-elements-that-have-implied-end-tags ("
	        </div>
	      </div>
	    [ERROR ->]</div>
	    }
	    <mat-divider></mat-divider>
	"): ng:///PaymentComponent/template.html@183:4, Unexpected closing block. The block may have been closed earlier. If you meant to write the } character, you should use the "&#125;" HTML entity instead. ("
	      </div>
	    </div>
	    [ERROR ->]}
	    <mat-divider></mat-divider>
	    @if (mode !== 'wallet') {
	"): ng:///PaymentComponent/template.html@184:4, Unexpected closing tag "div". It may happen when the tag has already been closed by another tag. For more info see https://www.w3.org/TR/html5/syntax.html#closing-elements-that-have-implied-end-tags ("
	      </button>
	    </section>
	  [ERROR ->]</div>
	>>>>>>> upstream/develop
	
	"): ng:///PaymentComponent/template.html@329:2
	    at parseJitTemplate (node_modules/@angular/compiler/fesm2022/compiler.mjs:32326:15)
	    at CompilerFacadeImpl.compileComponent (node_modules/@angular/compiler/fesm2022/compiler.mjs:32000:52)
	    at PaymentComponent.╔╡cmp (node_modules/@angular/core/fesm2022/debug_node.mjs:30245:47)
	    at getComponentDef (node_modules/@angular/core/fesm2022/testing.mjs:1605:18)
	    at isStandaloneComponent (node_modules/@angular/core/fesm2022/testing.mjs:1601:17)
	    at queueTypesFromModulesArrayRecur (node_modules/@angular/core/fesm2022/testing.mjs:1325:26)
	    at TestBedCompiler.queueTypesFromModulesArray (node_modules/@angular/core/fesm2022/testing.mjs:1348:9)
	    at TestBedCompiler.configureTestingModule (node_modules/@angular/core/fesm2022/testing.mjs:856:18)
	    at TestBedImpl.configureTestingModule (node_modules/@angular/core/fesm2022/testing.mjs:1993:23)
	    at TestBedImpl.configureTestingModule (node_modules/@angular/core/fesm2022/testing.mjs:1805:37)
Chrome Headless 144.0.0.0 (Windows 10): Executed 51 of 767[31m (25 FAILED)[39m (0 secs / 4.021 secs)
Chrome Headless 144.0.0.0 (Windows 10) PaymentComponent should add token to local storage and cookie on calling choosePayment in deluxe mode FAILED
	Failed: Errors during JIT compilation of template for PaymentComponent: Unexpected closing tag "div". It may happen when the tag has already been closed by another tag. For more info see https://www.w3.org/TR/html5/syntax.html#closing-elements-that-have-implied-end-tags ("
	          </button>
	        </div>
	      [ERROR ->]</div>
	    </div>
	    }
	"): ng:///PaymentComponent/template.html@182:6, Unexpected closing tag "div". It may happen when the tag has already been closed by another tag. For more info see https://www.w3.org/TR/html5/syntax.html#closing-elements-that-have-implied-end-tags ("
	        </div>
	      </div>
	    [ERROR ->]</div>
	    }
	    <mat-divider></mat-divider>
	"): ng:///PaymentComponent/template.html@183:4, Unexpected closing block. The block may have been closed earlier. If you meant to write the } character, you should use the "&#125;" HTML entity instead. ("
	      </div>
	    </div>
	    [ERROR ->]}
	    <mat-divider></mat-divider>
	    @if (mode !== 'wallet') {
	"): ng:///PaymentComponent/template.html@184:4, Unexpected closing tag "div". It may happen when the tag has already been closed by another tag. For more info see https://www.w3.org/TR/html5/syntax.html#closing-elements-that-have-implied-end-tags ("
	      </button>
	    </section>
	  [ERROR ->]</div>
	>>>>>>> upstream/develop
	
	"): ng:///PaymentComponent/template.html@329:2
	    at parseJitTemplate (node_modules/@angular/compiler/fesm2022/compiler.mjs:32326:15)
	    at CompilerFacadeImpl.compileComponent (node_modules/@angular/compiler/fesm2022/compiler.mjs:32000:52)
	    at PaymentComponent.╔╡cmp (node_modules/@angular/core/fesm2022/debug_node.mjs:30245:47)
	    at getComponentDef (node_modules/@angular/core/fesm2022/testing.mjs:1605:18)
	    at isStandaloneComponent (node_modules/@angular/core/fesm2022/testing.mjs:1601:17)
	    at queueTypesFromModulesArrayRecur (node_modules/@angular/core/fesm2022/testing.mjs:1325:26)
	    at TestBedCompiler.queueTypesFromModulesArray (node_modules/@angular/core/fesm2022/testing.mjs:1348:9)
	    at TestBedCompiler.configureTestingModule (node_modules/@angular/core/fesm2022/testing.mjs:856:18)
	    at TestBedImpl.configureTestingModule (node_modules/@angular/core/fesm2022/testing.mjs:1993:23)
	    at TestBedImpl.configureTestingModule (node_modules/@angular/core/fesm2022/testing.mjs:1805:37)
[1A[2K[31mChrome Headless 144.0.0.0 (Windows 10) PaymentComponent should translate DISCOUNT_APPLIED message FAILED[39m
	Failed: Errors during JIT compilation of template for PaymentComponent: Unexpected closing tag "div". It may happen when the tag has already been closed by another tag. For more info see https://www.w3.org/TR/html5/syntax.html#closing-elements-that-have-implied-end-tags ("
	          </button>
	        </div>
	      [ERROR ->]</div>
	    </div>
	    }
	"): ng:///PaymentComponent/template.html@182:6, Unexpected closing tag "div". It may happen when the tag has already been closed by another tag. For more info see https://www.w3.org/TR/html5/syntax.html#closing-elements-that-have-implied-end-tags ("
	        </div>
	      </div>
	    [ERROR ->]</div>
	    }
	    <mat-divider></mat-divider>
	"): ng:///PaymentComponent/template.html@183:4, Unexpected closing block. The block may have been closed earlier. If you meant to write the } character, you should use the "&#125;" HTML entity instead. ("
	      </div>
	    </div>
	    [ERROR ->]}
	    <mat-divider></mat-divider>
	    @if (mode !== 'wallet') {
	"): ng:///PaymentComponent/template.html@184:4, Unexpected closing tag "div". It may happen when the tag has already been closed by another tag. For more info see https://www.w3.org/TR/html5/syntax.html#closing-elements-that-have-implied-end-tags ("
	      </button>
	    </section>
	  [ERROR ->]</div>
	>>>>>>> upstream/develop
	
	"): ng:///PaymentComponent/template.html@329:2
	    at parseJitTemplate (node_modules/@angular/compiler/fesm2022/compiler.mjs:32326:15)
	    at CompilerFacadeImpl.compileComponent (node_modules/@angular/compiler/fesm2022/compiler.mjs:32000:52)
	    at PaymentComponent.╔╡cmp (node_modules/@angular/core/fesm2022/debug_node.mjs:30245:47)
	    at getComponentDef (node_modules/@angular/core/fesm2022/testing.mjs:1605:18)
	    at isStandaloneComponent (node_modules/@angular/core/fesm2022/testing.mjs:1601:17)
	    at queueTypesFromModulesArrayRecur (node_modules/@angular/core/fesm2022/testing.mjs:1325:26)
	    at TestBedCompiler.queueTypesFromModulesArray (node_modules/@angular/core/fesm2022/testing.mjs:1348:9)
	    at TestBedCompiler.configureTestingModule (node_modules/@angular/core/fesm2022/testing.mjs:856:18)
	    at TestBedImpl.configureTestingModule (node_modules/@angular/core/fesm2022/testing.mjs:1993:23)
	    at TestBedImpl.configureTestingModule (node_modules/@angular/core/fesm2022/testing.mjs:1805:37)
Chrome Headless 144.0.0.0 (Windows 10): Executed 52 of 767[31m (26 FAILED)[39m (0 secs / 4.024 secs)
Chrome Headless 144.0.0.0 (Windows 10) PaymentComponent should translate DISCOUNT_APPLIED message FAILED
	Failed: Errors during JIT compilation of template for PaymentComponent: Unexpected closing tag "div". It may happen when the tag has already been closed by another tag. For more info see https://www.w3.org/TR/html5/syntax.html#closing-elements-that-have-implied-end-tags ("
	          </button>
	        </div>
	      [ERROR ->]</div>
	    </div>
	    }
	"): ng:///PaymentComponent/template.html@182:6, Unexpected closing tag "div". It may happen when the tag has already been closed by another tag. For more info see https://www.w3.org/TR/html5/syntax.html#closing-elements-that-have-implied-end-tags ("
	        </div>
	      </div>
	    [ERROR ->]</div>
	    }
	    <mat-divider></mat-divider>
	"): ng:///PaymentComponent/template.html@183:4, Unexpected closing block. The block may have been closed earlier. If you meant to write the } character, you should use the "&#125;" HTML entity instead. ("
	      </div>
	    </div>
	    [ERROR ->]}
	    <mat-divider></mat-divider>
	    @if (mode !== 'wallet') {
	"): ng:///PaymentComponent/template.html@184:4, Unexpected closing tag "div". It may happen when the tag has already been closed by another tag. For more info see https://www.w3.org/TR/html5/syntax.html#closing-elements-that-have-implied-end-tags ("
	      </button>
	    </section>
	  [ERROR ->]</div>
	>>>>>>> upstream/develop
	
	"): ng:///PaymentComponent/template.html@329:2
	    at parseJitTemplate (node_modules/@angular/compiler/fesm2022/compiler.mjs:32326:15)
	    at CompilerFacadeImpl.compileComponent (node_modules/@angular/compiler/fesm2022/compiler.mjs:32000:52)
	    at PaymentComponent.╔╡cmp (node_modules/@angular/core/fesm2022/debug_node.mjs:30245:47)
	    at getComponentDef (node_modules/@angular/core/fesm2022/testing.mjs:1605:18)
	    at isStandaloneComponent (node_modules/@angular/core/fesm2022/testing.mjs:1601:17)
	    at queueTypesFromModulesArrayRecur (node_modules/@angular/core/fesm2022/testing.mjs:1325:26)
	    at TestBedCompiler.queueTypesFromModulesArray (node_modules/@angular/core/fesm2022/testing.mjs:1348:9)
	    at TestBedCompiler.configureTestingModule (node_modules/@angular/core/fesm2022/testing.mjs:856:18)
	    at TestBedImpl.configureTestingModule (node_modules/@angular/core/fesm2022/testing.mjs:1993:23)
	    at TestBedImpl.configureTestingModule (node_modules/@angular/core/fesm2022/testing.mjs:1805:37)
[1A[2K[31mChrome Headless 144.0.0.0 (Windows 10) PaymentComponent should store wallet as paymentId in session storage on calling choosePayment while paymentMode is equal to wallet FAILED[39m
	Failed: Errors during JIT compilation of template for PaymentComponent: Unexpected closing tag "div". It may happen when the tag has already been closed by another tag. For more info see https://www.w3.org/TR/html5/syntax.html#closing-elements-that-have-implied-end-tags ("
	          </button>
	        </div>
	      [ERROR ->]</div>
	    </div>
	    }
	"): ng:///PaymentComponent/template.html@182:6, Unexpected closing tag "div". It may happen when the tag has already been closed by another tag. For more info see https://www.w3.org/TR/html5/syntax.html#closing-elements-that-have-implied-end-tags ("
	        </div>
	      </div>
	    [ERROR ->]</div>
	    }
	    <mat-divider></mat-divider>
	"): ng:///PaymentComponent/template.html@183:4, Unexpected closing block. The block may have been closed earlier. If you meant to write the } character, you should use the "&#125;" HTML entity instead. ("
	      </div>
	    </div>
	    [ERROR ->]}
	    <mat-divider></mat-divider>
	    @if (mode !== 'wallet') {
	"): ng:///PaymentComponent/template.html@184:4, Unexpected closing tag "div". It may happen when the tag has already been closed by another tag. For more info see https://www.w3.org/TR/html5/syntax.html#closing-elements-that-have-implied-end-tags ("
	      </button>
	    </section>
	  [ERROR ->]</div>
	>>>>>>> upstream/develop
	
	"): ng:///PaymentComponent/template.html@329:2
	    at parseJitTemplate (node_modules/@angular/compiler/fesm2022/compiler.mjs:32326:15)
	    at CompilerFacadeImpl.compileComponent (node_modules/@angular/compiler/fesm2022/compiler.mjs:32000:52)
	    at PaymentComponent.╔╡cmp (node_modules/@angular/core/fesm2022/debug_node.mjs:30245:47)
	    at getComponentDef (node_modules/@angular/core/fesm2022/testing.mjs:1605:18)
	    at isStandaloneComponent (node_modules/@angular/core/fesm2022/testing.mjs:1601:17)
	    at queueTypesFromModulesArrayRecur (node_modules/@angular/core/fesm2022/testing.mjs:1325:26)
	    at TestBedCompiler.queueTypesFromModulesArray (node_modules/@angular/core/fesm2022/testing.mjs:1348:9)
	    at TestBedCompiler.configureTestingModule (node_modules/@angular/core/fesm2022/testing.mjs:856:18)
	    at TestBedImpl.configureTestingModule (node_modules/@angular/core/fesm2022/testing.mjs:1993:23)
	    at TestBedImpl.configureTestingModule (node_modules/@angular/core/fesm2022/testing.mjs:1805:37)
Chrome Headless 144.0.0.0 (Windows 10): Executed 53 of 767[31m (27 FAILED)[39m (0 secs / 4.027 secs)
Chrome Headless 144.0.0.0 (Windows 10) PaymentComponent should store wallet as paymentId in session storage on calling choosePayment while paymentMode is equal to wallet FAILED
	Failed: Errors during JIT compilation of template for PaymentComponent: Unexpected closing tag "div". It may happen when the tag has already been closed by another tag. For more info see https://www.w3.org/TR/html5/syntax.html#closing-elements-that-have-implied-end-tags ("
	          </button>
	        </div>
	      [ERROR ->]</div>
	    </div>
	    }
	"): ng:///PaymentComponent/template.html@182:6, Unexpected closing tag "div". It may happen when the tag has already been closed by another tag. For more info see https://www.w3.org/TR/html5/syntax.html#closing-elements-that-have-implied-end-tags ("
	        </div>
	      </div>
	    [ERROR ->]</div>
	    }
	    <mat-divider></mat-divider>
	"): ng:///PaymentComponent/template.html@183:4, Unexpected closing block. The block may have been closed earlier. If you meant to write the } character, you should use the "&#125;" HTML entity instead. ("
	      </div>
	    </div>
	    [ERROR ->]}
	    <mat-divider></mat-divider>
	    @if (mode !== 'wallet') {
	"): ng:///PaymentComponent/template.html@184:4, Unexpected closing tag "div". It may happen when the tag has already been closed by another tag. For more info see https://www.w3.org/TR/html5/syntax.html#closing-elements-that-have-implied-end-tags ("
	      </button>
	    </section>
	  [ERROR ->]</div>
	>>>>>>> upstream/develop
	
	"): ng:///PaymentComponent/template.html@329:2
	    at parseJitTemplate (node_modules/@angular/compiler/fesm2022/compiler.mjs:32326:15)
	    at CompilerFacadeImpl.compileComponent (node_modules/@angular/compiler/fesm2022/compiler.mjs:32000:52)
	    at PaymentComponent.╔╡cmp (node_modules/@angular/core/fesm2022/debug_node.mjs:30245:47)
	    at getComponentDef (node_modules/@angular/core/fesm2022/testing.mjs:1605:18)
	    at isStandaloneComponent (node_modules/@angular/core/fesm2022/testing.mjs:1601:17)
	    at queueTypesFromModulesArrayRecur (node_modules/@angular/core/fesm2022/testing.mjs:1325:26)
	    at TestBedCompiler.queueTypesFromModulesArray (node_modules/@angular/core/fesm2022/testing.mjs:1348:9)
	    at TestBedCompiler.configureTestingModule (node_modules/@angular/core/fesm2022/testing.mjs:856:18)
	    at TestBedImpl.configureTestingModule (node_modules/@angular/core/fesm2022/testing.mjs:1993:23)
	    at TestBedImpl.configureTestingModule (node_modules/@angular/core/fesm2022/testing.mjs:1805:37)
[1A[2K[31mChrome Headless 144.0.0.0 (Windows 10) PaymentComponent should store discount percent in session storage FAILED[39m
	Failed: Errors during JIT compilation of template for PaymentComponent: Unexpected closing tag "div". It may happen when the tag has already been closed by another tag. For more info see https://www.w3.org/TR/html5/syntax.html#closing-elements-that-have-implied-end-tags ("
	          </button>
	        </div>
	      [ERROR ->]</div>
	    </div>
	    }
	"): ng:///PaymentComponent/template.html@182:6, Unexpected closing tag "div". It may happen when the tag has already been closed by another tag. For more info see https://www.w3.org/TR/html5/syntax.html#closing-elements-that-have-implied-end-tags ("
	        </div>
	      </div>
	    [ERROR ->]</div>
	    }
	    <mat-divider></mat-divider>
	"): ng:///PaymentComponent/template.html@183:4, Unexpected closing block. The block may have been closed earlier. If you meant to write the } character, you should use the "&#125;" HTML entity instead. ("
	      </div>
	    </div>
	    [ERROR ->]}
	    <mat-divider></mat-divider>
	    @if (mode !== 'wallet') {
	"): ng:///PaymentComponent/template.html@184:4, Unexpected closing tag "div". It may happen when the tag has already been closed by another tag. For more info see https://www.w3.org/TR/html5/syntax.html#closing-elements-that-have-implied-end-tags ("
	      </button>
	    </section>
	  [ERROR ->]</div>
	>>>>>>> upstream/develop
	
	"): ng:///PaymentComponent/template.html@329:2
	    at parseJitTemplate (node_modules/@angular/compiler/fesm2022/compiler.mjs:32326:15)
	    at CompilerFacadeImpl.compileComponent (node_modules/@angular/compiler/fesm2022/compiler.mjs:32000:52)
	    at PaymentComponent.╔╡cmp (node_modules/@angular/core/fesm2022/debug_node.mjs:30245:47)
	    at getComponentDef (node_modules/@angular/core/fesm2022/testing.mjs:1605:18)
	    at isStandaloneComponent (node_modules/@angular/core/fesm2022/testing.mjs:1601:17)
	    at queueTypesFromModulesArrayRecur (node_modules/@angular/core/fesm2022/testing.mjs:1325:26)
	    at TestBedCompiler.queueTypesFromModulesArray (node_modules/@angular/core/fesm2022/testing.mjs:1348:9)
	    at TestBedCompiler.configureTestingModule (node_modules/@angular/core/fesm2022/testing.mjs:856:18)
	    at TestBedImpl.configureTestingModule (node_modules/@angular/core/fesm2022/testing.mjs:1993:23)
	    at TestBedImpl.configureTestingModule (node_modules/@angular/core/fesm2022/testing.mjs:1805:37)
Chrome Headless 144.0.0.0 (Windows 10): Executed 54 of 767[31m (28 FAILED)[39m (0 secs / 4.03 secs)
Chrome Headless 144.0.0.0 (Windows 10) PaymentComponent should store discount percent in session storage FAILED
	Failed: Errors during JIT compilation of template for PaymentComponent: Unexpected closing tag "div". It may happen when the tag has already been closed by another tag. For more info see https://www.w3.org/TR/html5/syntax.html#closing-elements-that-have-implied-end-tags ("
	          </button>
	        </div>
	      [ERROR ->]</div>
	    </div>
	    }
	"): ng:///PaymentComponent/template.html@182:6, Unexpected closing tag "div". It may happen when the tag has already been closed by another tag. For more info see https://www.w3.org/TR/html5/syntax.html#closing-elements-that-have-implied-end-tags ("
	        </div>
	      </div>
	    [ERROR ->]</div>
	    }
	    <mat-divider></mat-divider>
	"): ng:///PaymentComponent/template.html@183:4, Unexpected closing block. The block may have been closed earlier. If you meant to write the } character, you should use the "&#125;" HTML entity instead. ("
	      </div>
	    </div>
	    [ERROR ->]}
	    <mat-divider></mat-divider>
	    @if (mode !== 'wallet') {
	"): ng:///PaymentComponent/template.html@184:4, Unexpected closing tag "div". It may happen when the tag has already been closed by another tag. For more info see https://www.w3.org/TR/html5/syntax.html#closing-elements-that-have-implied-end-tags ("
	      </button>
	    </section>
	  [ERROR ->]</div>
	>>>>>>> upstream/develop
	
	"): ng:///PaymentComponent/template.html@329:2
	    at parseJitTemplate (node_modules/@angular/compiler/fesm2022/compiler.mjs:32326:15)
	    at CompilerFacadeImpl.compileComponent (node_modules/@angular/compiler/fesm2022/compiler.mjs:32000:52)
	    at PaymentComponent.╔╡cmp (node_modules/@angular/core/fesm2022/debug_node.mjs:30245:47)
	    at getComponentDef (node_modules/@angular/core/fesm2022/testing.mjs:1605:18)
	    at isStandaloneComponent (node_modules/@angular/core/fesm2022/testing.mjs:1601:17)
	    at queueTypesFromModulesArrayRecur (node_modules/@angular/core/fesm2022/testing.mjs:1325:26)
	    at TestBedCompiler.queueTypesFromModulesArray (node_modules/@angular/core/fesm2022/testing.mjs:1348:9)
	    at TestBedCompiler.configureTestingModule (node_modules/@angular/core/fesm2022/testing.mjs:856:18)
	    at TestBedImpl.configureTestingModule (node_modules/@angular/core/fesm2022/testing.mjs:1993:23)
	    at TestBedImpl.configureTestingModule (node_modules/@angular/core/fesm2022/testing.mjs:1805:37)
[1A[2K[31mChrome Headless 144.0.0.0 (Windows 10) PaymentComponent should call initTotal on calling showConfirmation FAILED[39m
	Failed: Errors during JIT compilation of template for PaymentComponent: Unexpected closing tag "div". It may happen when the tag has already been closed by another tag. For more info see https://www.w3.org/TR/html5/syntax.html#closing-elements-that-have-implied-end-tags ("
	          </button>
	        </div>
	      [ERROR ->]</div>
	    </div>
	    }
	"): ng:///PaymentComponent/template.html@182:6, Unexpected closing tag "div". It may happen when the tag has already been closed by another tag. For more info see https://www.w3.org/TR/html5/syntax.html#closing-elements-that-have-implied-end-tags ("
	        </div>
	      </div>
	    [ERROR ->]</div>
	    }
	    <mat-divider></mat-divider>
	"): ng:///PaymentComponent/template.html@183:4, Unexpected closing block. The block may have been closed earlier. If you meant to write the } character, you should use the "&#125;" HTML entity instead. ("
	      </div>
	    </div>
	    [ERROR ->]}
	    <mat-divider></mat-divider>
	    @if (mode !== 'wallet') {
	"): ng:///PaymentComponent/template.html@184:4, Unexpected closing tag "div". It may happen when the tag has already been closed by another tag. For more info see https://www.w3.org/TR/html5/syntax.html#closing-elements-that-have-implied-end-tags ("
	      </button>
	    </section>
	  [ERROR ->]</div>
	>>>>>>> upstream/develop
	
	"): ng:///PaymentComponent/template.html@329:2
	    at parseJitTemplate (node_modules/@angular/compiler/fesm2022/compiler.mjs:32326:15)
	    at CompilerFacadeImpl.compileComponent (node_modules/@angular/compiler/fesm2022/compiler.mjs:32000:52)
	    at PaymentComponent.╔╡cmp (node_modules/@angular/core/fesm2022/debug_node.mjs:30245:47)
	    at getComponentDef (node_modules/@angular/core/fesm2022/testing.mjs:1605:18)
	    at isStandaloneComponent (node_modules/@angular/core/fesm2022/testing.mjs:1601:17)
	    at queueTypesFromModulesArrayRecur (node_modules/@angular/core/fesm2022/testing.mjs:1325:26)
	    at TestBedCompiler.queueTypesFromModulesArray (node_modules/@angular/core/fesm2022/testing.mjs:1348:9)
	    at TestBedCompiler.configureTestingModule (node_modules/@angular/core/fesm2022/testing.mjs:856:18)
	    at TestBedImpl.configureTestingModule (node_modules/@angular/core/fesm2022/testing.mjs:1993:23)
	    at TestBedImpl.configureTestingModule (node_modules/@angular/core/fesm2022/testing.mjs:1805:37)
Chrome Headless 144.0.0.0 (Windows 10): Executed 55 of 767[31m (29 FAILED)[39m (0 secs / 4.033 secs)
Chrome Headless 144.0.0.0 (Windows 10) PaymentComponent should call initTotal on calling showConfirmation FAILED
	Failed: Errors during JIT compilation of template for PaymentComponent: Unexpected closing tag "div". It may happen when the tag has already been closed by another tag. For more info see https://www.w3.org/TR/html5/syntax.html#closing-elements-that-have-implied-end-tags ("
	          </button>
	        </div>
	      [ERROR ->]</div>
	    </div>
	    }
	"): ng:///PaymentComponent/template.html@182:6, Unexpected closing tag "div". It may happen when the tag has already been closed by another tag. For more info see https://www.w3.org/TR/html5/syntax.html#closing-elements-that-have-implied-end-tags ("
	        </div>
	      </div>
	    [ERROR ->]</div>
	    }
	    <mat-divider></mat-divider>
	"): ng:///PaymentComponent/template.html@183:4, Unexpected closing block. The block may have been closed earlier. If you meant to write the } character, you should use the "&#125;" HTML entity instead. ("
	      </div>
	    </div>
	    [ERROR ->]}
	    <mat-divider></mat-divider>
	    @if (mode !== 'wallet') {
	"): ng:///PaymentComponent/template.html@184:4, Unexpected closing tag "div". It may happen when the tag has already been closed by another tag. For more info see https://www.w3.org/TR/html5/syntax.html#closing-elements-that-have-implied-end-tags ("
	      </button>
	    </section>
	  [ERROR ->]</div>
	>>>>>>> upstream/develop
	
	"): ng:///PaymentComponent/template.html@329:2
	    at parseJitTemplate (node_modules/@angular/compiler/fesm2022/compiler.mjs:32326:15)
	    at CompilerFacadeImpl.compileComponent (node_modules/@angular/compiler/fesm2022/compiler.mjs:32000:52)
	    at PaymentComponent.╔╡cmp (node_modules/@angular/core/fesm2022/debug_node.mjs:30245:47)
	    at getComponentDef (node_modules/@angular/core/fesm2022/testing.mjs:1605:18)
	    at isStandaloneComponent (node_modules/@angular/core/fesm2022/testing.mjs:1601:17)
	    at queueTypesFromModulesArrayRecur (node_modules/@angular/core/fesm2022/testing.mjs:1325:26)
	    at TestBedCompiler.queueTypesFromModulesArray (node_modules/@angular/core/fesm2022/testing.mjs:1348:9)
	    at TestBedCompiler.configureTestingModule (node_modules/@angular/core/fesm2022/testing.mjs:856:18)
	    at TestBedImpl.configureTestingModule (node_modules/@angular/core/fesm2022/testing.mjs:1993:23)
	    at TestBedImpl.configureTestingModule (node_modules/@angular/core/fesm2022/testing.mjs:1805:37)
[1A[2K[31mChrome Headless 144.0.0.0 (Windows 10) PaymentComponent should reinitizalise coupon code form by calling resetCouponForm FAILED[39m
	Failed: Errors during JIT compilation of template for PaymentComponent: Unexpected closing tag "div". It may happen when the tag has already been closed by another tag. For more info see https://www.w3.org/TR/html5/syntax.html#closing-elements-that-have-implied-end-tags ("
	          </button>
	        </div>
	      [ERROR ->]</div>
	    </div>
	    }
	"): ng:///PaymentComponent/template.html@182:6, Unexpected closing tag "div". It may happen when the tag has already been closed by another tag. For more info see https://www.w3.org/TR/html5/syntax.html#closing-elements-that-have-implied-end-tags ("
	        </div>
	      </div>
	    [ERROR ->]</div>
	    }
	    <mat-divider></mat-divider>
	"): ng:///PaymentComponent/template.html@183:4, Unexpected closing block. The block may have been closed earlier. If you meant to write the } character, you should use the "&#125;" HTML entity instead. ("
	      </div>
	    </div>
	    [ERROR ->]}
	    <mat-divider></mat-divider>
	    @if (mode !== 'wallet') {
	"): ng:///PaymentComponent/template.html@184:4, Unexpected closing tag "div". It may happen when the tag has already been closed by another tag. For more info see https://www.w3.org/TR/html5/syntax.html#closing-elements-that-have-implied-end-tags ("
	      </button>
	    </section>
	  [ERROR ->]</div>
	>>>>>>> upstream/develop
	
	"): ng:///PaymentComponent/template.html@329:2
	    at parseJitTemplate (node_modules/@angular/compiler/fesm2022/compiler.mjs:32326:15)
	    at CompilerFacadeImpl.compileComponent (node_modules/@angular/compiler/fesm2022/compiler.mjs:32000:52)
	    at PaymentComponent.╔╡cmp (node_modules/@angular/core/fesm2022/debug_node.mjs:30245:47)
	    at getComponentDef (node_modules/@angular/core/fesm2022/testing.mjs:1605:18)
	    at isStandaloneComponent (node_modules/@angular/core/fesm2022/testing.mjs:1601:17)
	    at queueTypesFromModulesArrayRecur (node_modules/@angular/core/fesm2022/testing.mjs:1325:26)
	    at TestBedCompiler.queueTypesFromModulesArray (node_modules/@angular/core/fesm2022/testing.mjs:1348:9)
	    at TestBedCompiler.configureTestingModule (node_modules/@angular/core/fesm2022/testing.mjs:856:18)
	    at TestBedImpl.configureTestingModule (node_modules/@angular/core/fesm2022/testing.mjs:1993:23)
	    at TestBedImpl.configureTestingModule (node_modules/@angular/core/fesm2022/testing.mjs:1805:37)
Chrome Headless 144.0.0.0 (Windows 10): Executed 56 of 767[31m (30 FAILED)[39m (0 secs / 4.041 secs)
Chrome Headless 144.0.0.0 (Windows 10) PaymentComponent should reinitizalise coupon code form by calling resetCouponForm FAILED
	Failed: Errors during JIT compilation of template for PaymentComponent: Unexpected closing tag "div". It may happen when the tag has already been closed by another tag. For more info see https://www.w3.org/TR/html5/syntax.html#closing-elements-that-have-implied-end-tags ("
	          </button>
	        </div>
	      [ERROR ->]</div>
	    </div>
	    }
	"): ng:///PaymentComponent/template.html@182:6, Unexpected closing tag "div". It may happen when the tag has already been closed by another tag. For more info see https://www.w3.org/TR/html5/syntax.html#closing-elements-that-have-implied-end-tags ("
	        </div>
	      </div>
	    [ERROR ->]</div>
	    }
	    <mat-divider></mat-divider>
	"): ng:///PaymentComponent/template.html@183:4, Unexpected closing block. The block may have been closed earlier. If you meant to write the } character, you should use the "&#125;" HTML entity instead. ("
	      </div>
	    </div>
	    [ERROR ->]}
	    <mat-divider></mat-divider>
	    @if (mode !== 'wallet') {
	"): ng:///PaymentComponent/template.html@184:4, Unexpected closing tag "div". It may happen when the tag has already been closed by another tag. For more info see https://www.w3.org/TR/html5/syntax.html#closing-elements-that-have-implied-end-tags ("
	      </button>
	    </section>
	  [ERROR ->]</div>
	>>>>>>> upstream/develop
	
	"): ng:///PaymentComponent/template.html@329:2
	    at parseJitTemplate (node_modules/@angular/compiler/fesm2022/compiler.mjs:32326:15)
	    at CompilerFacadeImpl.compileComponent (node_modules/@angular/compiler/fesm2022/compiler.mjs:32000:52)
	    at PaymentComponent.╔╡cmp (node_modules/@angular/core/fesm2022/debug_node.mjs:30245:47)
	    at getComponentDef (node_modules/@angular/core/fesm2022/testing.mjs:1605:18)
	    at isStandaloneComponent (node_modules/@angular/core/fesm2022/testing.mjs:1601:17)
	    at queueTypesFromModulesArrayRecur (node_modules/@angular/core/fesm2022/testing.mjs:1325:26)
	    at TestBedCompiler.queueTypesFromModulesArray (node_modules/@angular/core/fesm2022/testing.mjs:1348:9)
	    at TestBedCompiler.configureTestingModule (node_modules/@angular/core/fesm2022/testing.mjs:856:18)
	    at TestBedImpl.configureTestingModule (node_modules/@angular/core/fesm2022/testing.mjs:1993:23)
	    at TestBedImpl.configureTestingModule (node_modules/@angular/core/fesm2022/testing.mjs:1805:37)
[1A[2K[31mChrome Headless 144.0.0.0 (Windows 10) PaymentComponent should open QrCodeComponent for Dash FAILED[39m
	Failed: Errors during JIT compilation of template for PaymentComponent: Unexpected closing tag "div". It may happen when the tag has already been closed by another tag. For more info see https://www.w3.org/TR/html5/syntax.html#closing-elements-that-have-implied-end-tags ("
	          </button>
	        </div>
	      [ERROR ->]</div>
	    </div>
	    }
	"): ng:///PaymentComponent/template.html@182:6, Unexpected closing tag "div". It may happen when the tag has already been closed by another tag. For more info see https://www.w3.org/TR/html5/syntax.html#closing-elements-that-have-implied-end-tags ("
	        </div>
	      </div>
	    [ERROR ->]</div>
	    }
	    <mat-divider></mat-divider>
	"): ng:///PaymentComponent/template.html@183:4, Unexpected closing block. The block may have been closed earlier. If you meant to write the } character, you should use the "&#125;" HTML entity instead. ("
	      </div>
	    </div>
	    [ERROR ->]}
	    <mat-divider></mat-divider>
	    @if (mode !== 'wallet') {
	"): ng:///PaymentComponent/template.html@184:4, Unexpected closing tag "div". It may happen when the tag has already been closed by another tag. For more info see https://www.w3.org/TR/html5/syntax.html#closing-elements-that-have-implied-end-tags ("
	      </button>
	    </section>
	  [ERROR ->]</div>
	>>>>>>> upstream/develop
	
	"): ng:///PaymentComponent/template.html@329:2
	    at parseJitTemplate (node_modules/@angular/compiler/fesm2022/compiler.mjs:32326:15)
	    at CompilerFacadeImpl.compileComponent (node_modules/@angular/compiler/fesm2022/compiler.mjs:32000:52)
	    at PaymentComponent.╔╡cmp (node_modules/@angular/core/fesm2022/debug_node.mjs:30245:47)
	    at getComponentDef (node_modules/@angular/core/fesm2022/testing.mjs:1605:18)
	    at isStandaloneComponent (node_modules/@angular/core/fesm2022/testing.mjs:1601:17)
	    at queueTypesFromModulesArrayRecur (node_modules/@angular/core/fesm2022/testing.mjs:1325:26)
	    at TestBedCompiler.queueTypesFromModulesArray (node_modules/@angular/core/fesm2022/testing.mjs:1348:9)
	    at TestBedCompiler.configureTestingModule (node_modules/@angular/core/fesm2022/testing.mjs:856:18)
	    at TestBedImpl.configureTestingModule (node_modules/@angular/core/fesm2022/testing.mjs:1993:23)
	    at TestBedImpl.configureTestingModule (node_modules/@angular/core/fesm2022/testing.mjs:1805:37)
Chrome Headless 144.0.0.0 (Windows 10): Executed 57 of 767[31m (31 FAILED)[39m (0 secs / 4.044 secs)
Chrome Headless 144.0.0.0 (Windows 10) PaymentComponent should open QrCodeComponent for Dash FAILED
	Failed: Errors during JIT compilation of template for PaymentComponent: Unexpected closing tag "div". It may happen when the tag has already been closed by another tag. For more info see https://www.w3.org/TR/html5/syntax.html#closing-elements-that-have-implied-end-tags ("
	          </button>
	        </div>
	      [ERROR ->]</div>
	    </div>
	    }
	"): ng:///PaymentComponent/template.html@182:6, Unexpected closing tag "div". It may happen when the tag has already been closed by another tag. For more info see https://www.w3.org/TR/html5/syntax.html#closing-elements-that-have-implied-end-tags ("
	        </div>
	      </div>
	    [ERROR ->]</div>
	    }
	    <mat-divider></mat-divider>
	"): ng:///PaymentComponent/template.html@183:4, Unexpected closing block. The block may have been closed earlier. If you meant to write the } character, you should use the "&#125;" HTML entity instead. ("
	      </div>
	    </div>
	    [ERROR ->]}
	    <mat-divider></mat-divider>
	    @if (mode !== 'wallet') {
	"): ng:///PaymentComponent/template.html@184:4, Unexpected closing tag "div". It may happen when the tag has already been closed by another tag. For more info see https://www.w3.org/TR/html5/syntax.html#closing-elements-that-have-implied-end-tags ("
	      </button>
	    </section>
	  [ERROR ->]</div>
	>>>>>>> upstream/develop
	
	"): ng:///PaymentComponent/template.html@329:2
	    at parseJitTemplate (node_modules/@angular/compiler/fesm2022/compiler.mjs:32326:15)
	    at CompilerFacadeImpl.compileComponent (node_modules/@angular/compiler/fesm2022/compiler.mjs:32000:52)
	    at PaymentComponent.╔╡cmp (node_modules/@angular/core/fesm2022/debug_node.mjs:30245:47)
	    at getComponentDef (node_modules/@angular/core/fesm2022/testing.mjs:1605:18)
	    at isStandaloneComponent (node_modules/@angular/core/fesm2022/testing.mjs:1601:17)
	    at queueTypesFromModulesArrayRecur (node_modules/@angular/core/fesm2022/testing.mjs:1325:26)
	    at TestBedCompiler.queueTypesFromModulesArray (node_modules/@angular/core/fesm2022/testing.mjs:1348:9)
	    at TestBedCompiler.configureTestingModule (node_modules/@angular/core/fesm2022/testing.mjs:856:18)
	    at TestBedImpl.configureTestingModule (node_modules/@angular/core/fesm2022/testing.mjs:1993:23)
	    at TestBedImpl.configureTestingModule (node_modules/@angular/core/fesm2022/testing.mjs:1805:37)
[1A[2K[31mChrome Headless 144.0.0.0 (Windows 10) PaymentComponent should use custom blueSky URL if configured FAILED[39m
	Failed: Errors during JIT compilation of template for PaymentComponent: Unexpected closing tag "div". It may happen when the tag has already been closed by another tag. For more info see https://www.w3.org/TR/html5/syntax.html#closing-elements-that-have-implied-end-tags ("
	          </button>
	        </div>
	      [ERROR ->]</div>
	    </div>
	    }
	"): ng:///PaymentComponent/template.html@182:6, Unexpected closing tag "div". It may happen when the tag has already been closed by another tag. For more info see https://www.w3.org/TR/html5/syntax.html#closing-elements-that-have-implied-end-tags ("
	        </div>
	      </div>
	    [ERROR ->]</div>
	    }
	    <mat-divider></mat-divider>
	"): ng:///PaymentComponent/template.html@183:4, Unexpected closing block. The block may have been closed earlier. If you meant to write the } character, you should use the "&#125;" HTML entity instead. ("
	      </div>
	    </div>
	    [ERROR ->]}
	    <mat-divider></mat-divider>
	    @if (mode !== 'wallet') {
	"): ng:///PaymentComponent/template.html@184:4, Unexpected closing tag "div". It may happen when the tag has already been closed by another tag. For more info see https://www.w3.org/TR/html5/syntax.html#closing-elements-that-have-implied-end-tags ("
	      </button>
	    </section>
	  [ERROR ->]</div>
	>>>>>>> upstream/develop
	
	"): ng:///PaymentComponent/template.html@329:2
	    at parseJitTemplate (node_modules/@angular/compiler/fesm2022/compiler.mjs:32326:15)
	    at CompilerFacadeImpl.compileComponent (node_modules/@angular/compiler/fesm2022/compiler.mjs:32000:52)
	    at PaymentComponent.╔╡cmp (node_modules/@angular/core/fesm2022/debug_node.mjs:30245:47)
	    at getComponentDef (node_modules/@angular/core/fesm2022/testing.mjs:1605:18)
	    at isStandaloneComponent (node_modules/@angular/core/fesm2022/testing.mjs:1601:17)
	    at queueTypesFromModulesArrayRecur (node_modules/@angular/core/fesm2022/testing.mjs:1325:26)
	    at TestBedCompiler.queueTypesFromModulesArray (node_modules/@angular/core/fesm2022/testing.mjs:1348:9)
	    at TestBedCompiler.configureTestingModule (node_modules/@angular/core/fesm2022/testing.mjs:856:18)
	    at TestBedImpl.configureTestingModule (node_modules/@angular/core/fesm2022/testing.mjs:1993:23)
	    at TestBedImpl.configureTestingModule (node_modules/@angular/core/fesm2022/testing.mjs:1805:37)
Chrome Headless 144.0.0.0 (Windows 10): Executed 58 of 767[31m (32 FAILED)[39m (0 secs / 4.048 secs)
Chrome Headless 144.0.0.0 (Windows 10) PaymentComponent should use custom blueSky URL if configured FAILED
	Failed: Errors during JIT compilation of template for PaymentComponent: Unexpected closing tag "div". It may happen when the tag has already been closed by another tag. For more info see https://www.w3.org/TR/html5/syntax.html#closing-elements-that-have-implied-end-tags ("
	          </button>
	        </div>
	      [ERROR ->]</div>
	    </div>
	    }
	"): ng:///PaymentComponent/template.html@182:6, Unexpected closing tag "div". It may happen when the tag has already been closed by another tag. For more info see https://www.w3.org/TR/html5/syntax.html#closing-elements-that-have-implied-end-tags ("
	        </div>
	      </div>
	    [ERROR ->]</div>
	    }
	    <mat-divider></mat-divider>
	"): ng:///PaymentComponent/template.html@183:4, Unexpected closing block. The block may have been closed earlier. If you meant to write the } character, you should use the "&#125;" HTML entity instead. ("
	      </div>
	    </div>
	    [ERROR ->]}
	    <mat-divider></mat-divider>
	    @if (mode !== 'wallet') {
	"): ng:///PaymentComponent/template.html@184:4, Unexpected closing tag "div". It may happen when the tag has already been closed by another tag. For more info see https://www.w3.org/TR/html5/syntax.html#closing-elements-that-have-implied-end-tags ("
	      </button>
	    </section>
	  [ERROR ->]</div>
	>>>>>>> upstream/develop
	
	"): ng:///PaymentComponent/template.html@329:2
	    at parseJitTemplate (node_modules/@angular/compiler/fesm2022/compiler.mjs:32326:15)
	    at CompilerFacadeImpl.compileComponent (node_modules/@angular/compiler/fesm2022/compiler.mjs:32000:52)
	    at PaymentComponent.╔╡cmp (node_modules/@angular/core/fesm2022/debug_node.mjs:30245:47)
	    at getComponentDef (node_modules/@angular/core/fesm2022/testing.mjs:1605:18)
	    at isStandaloneComponent (node_modules/@angular/core/fesm2022/testing.mjs:1601:17)
	    at queueTypesFromModulesArrayRecur (node_modules/@angular/core/fesm2022/testing.mjs:1325:26)
	    at TestBedCompiler.queueTypesFromModulesArray (node_modules/@angular/core/fesm2022/testing.mjs:1348:9)
	    at TestBedCompiler.configureTestingModule (node_modules/@angular/core/fesm2022/testing.mjs:856:18)
	    at TestBedImpl.configureTestingModule (node_modules/@angular/core/fesm2022/testing.mjs:1993:23)
	    at TestBedImpl.configureTestingModule (node_modules/@angular/core/fesm2022/testing.mjs:1805:37)
[1A[2K[31mChrome Headless 144.0.0.0 (Windows 10) PaymentComponent should store paymentId in session storage on calling choosePayment in shop mode FAILED[39m
	Failed: Errors during JIT compilation of template for PaymentComponent: Unexpected closing tag "div". It may happen when the tag has already been closed by another tag. For more info see https://www.w3.org/TR/html5/syntax.html#closing-elements-that-have-implied-end-tags ("
	          </button>
	        </div>
	      [ERROR ->]</div>
	    </div>
	    }
	"): ng:///PaymentComponent/template.html@182:6, Unexpected closing tag "div". It may happen when the tag has already been closed by another tag. For more info see https://www.w3.org/TR/html5/syntax.html#closing-elements-that-have-implied-end-tags ("
	        </div>
	      </div>
	    [ERROR ->]</div>
	    }
	    <mat-divider></mat-divider>
	"): ng:///PaymentComponent/template.html@183:4, Unexpected closing block. The block may have been closed earlier. If you meant to write the } character, you should use the "&#125;" HTML entity instead. ("
	      </div>
	    </div>
	    [ERROR ->]}
	    <mat-divider></mat-divider>
	    @if (mode !== 'wallet') {
	"): ng:///PaymentComponent/template.html@184:4, Unexpected closing tag "div". It may happen when the tag has already been closed by another tag. For more info see https://www.w3.org/TR/html5/syntax.html#closing-elements-that-have-implied-end-tags ("
	      </button>
	    </section>
	  [ERROR ->]</div>
	>>>>>>> upstream/develop
	
	"): ng:///PaymentComponent/template.html@329:2
	    at parseJitTemplate (node_modules/@angular/compiler/fesm2022/compiler.mjs:32326:15)
	    at CompilerFacadeImpl.compileComponent (node_modules/@angular/compiler/fesm2022/compiler.mjs:32000:52)
	    at PaymentComponent.╔╡cmp (node_modules/@angular/core/fesm2022/debug_node.mjs:30245:47)
	    at getComponentDef (node_modules/@angular/core/fesm2022/testing.mjs:1605:18)
	    at isStandaloneComponent (node_modules/@angular/core/fesm2022/testing.mjs:1601:17)
	    at queueTypesFromModulesArrayRecur (node_modules/@angular/core/fesm2022/testing.mjs:1325:26)
	    at TestBedCompiler.queueTypesFromModulesArray (node_modules/@angular/core/fesm2022/testing.mjs:1348:9)
	    at TestBedCompiler.configureTestingModule (node_modules/@angular/core/fesm2022/testing.mjs:856:18)
	    at TestBedImpl.configureTestingModule (node_modules/@angular/core/fesm2022/testing.mjs:1993:23)
	    at TestBedImpl.configureTestingModule (node_modules/@angular/core/fesm2022/testing.mjs:1805:37)
Chrome Headless 144.0.0.0 (Windows 10): Executed 59 of 767[31m (33 FAILED)[39m (0 secs / 4.052 secs)
Chrome Headless 144.0.0.0 (Windows 10) PaymentComponent should store paymentId in session storage on calling choosePayment in shop mode FAILED
	Failed: Errors during JIT compilation of template for PaymentComponent: Unexpected closing tag "div". It may happen when the tag has already been closed by another tag. For more info see https://www.w3.org/TR/html5/syntax.html#closing-elements-that-have-implied-end-tags ("
	          </button>
	        </div>
	      [ERROR ->]</div>
	    </div>
	    }
	"): ng:///PaymentComponent/template.html@182:6, Unexpected closing tag "div". It may happen when the tag has already been closed by another tag. For more info see https://www.w3.org/TR/html5/syntax.html#closing-elements-that-have-implied-end-tags ("
	        </div>
	      </div>
	    [ERROR ->]</div>
	    }
	    <mat-divider></mat-divider>
	"): ng:///PaymentComponent/template.html@183:4, Unexpected closing block. The block may have been closed earlier. If you meant to write the } character, you should use the "&#125;" HTML entity instead. ("
	      </div>
	    </div>
	    [ERROR ->]}
	    <mat-divider></mat-divider>
	    @if (mode !== 'wallet') {
	"): ng:///PaymentComponent/template.html@184:4, Unexpected closing tag "div". It may happen when the tag has already been closed by another tag. For more info see https://www.w3.org/TR/html5/syntax.html#closing-elements-that-have-implied-end-tags ("
	      </button>
	    </section>
	  [ERROR ->]</div>
	>>>>>>> upstream/develop
	
	"): ng:///PaymentComponent/template.html@329:2
	    at parseJitTemplate (node_modules/@angular/compiler/fesm2022/compiler.mjs:32326:15)
	    at CompilerFacadeImpl.compileComponent (node_modules/@angular/compiler/fesm2022/compiler.mjs:32000:52)
	    at PaymentComponent.╔╡cmp (node_modules/@angular/core/fesm2022/debug_node.mjs:30245:47)
	    at getComponentDef (node_modules/@angular/core/fesm2022/testing.mjs:1605:18)
	    at isStandaloneComponent (node_modules/@angular/core/fesm2022/testing.mjs:1601:17)
	    at queueTypesFromModulesArrayRecur (node_modules/@angular/core/fesm2022/testing.mjs:1325:26)
	    at TestBedCompiler.queueTypesFromModulesArray (node_modules/@angular/core/fesm2022/testing.mjs:1348:9)
	    at TestBedCompiler.configureTestingModule (node_modules/@angular/core/fesm2022/testing.mjs:856:18)
	    at TestBedImpl.configureTestingModule (node_modules/@angular/core/fesm2022/testing.mjs:1993:23)
	    at TestBedImpl.configureTestingModule (node_modules/@angular/core/fesm2022/testing.mjs:1805:37)
[1A[2K[31mChrome Headless 144.0.0.0 (Windows 10) PaymentComponent should accept a valid coupon code FAILED[39m
	Failed: Errors during JIT compilation of template for PaymentComponent: Unexpected closing tag "div". It may happen when the tag has already been closed by another tag. For more info see https://www.w3.org/TR/html5/syntax.html#closing-elements-that-have-implied-end-tags ("
	          </button>
	        </div>
	      [ERROR ->]</div>
	    </div>
	    }
	"): ng:///PaymentComponent/template.html@182:6, Unexpected closing tag "div". It may happen when the tag has already been closed by another tag. For more info see https://www.w3.org/TR/html5/syntax.html#closing-elements-that-have-implied-end-tags ("
	        </div>
	      </div>
	    [ERROR ->]</div>
	    }
	    <mat-divider></mat-divider>
	"): ng:///PaymentComponent/template.html@183:4, Unexpected closing block. The block may have been closed earlier. If you meant to write the } character, you should use the "&#125;" HTML entity instead. ("
	      </div>
	    </div>
	    [ERROR ->]}
	    <mat-divider></mat-divider>
	    @if (mode !== 'wallet') {
	"): ng:///PaymentComponent/template.html@184:4, Unexpected closing tag "div". It may happen when the tag has already been closed by another tag. For more info see https://www.w3.org/TR/html5/syntax.html#closing-elements-that-have-implied-end-tags ("
	      </button>
	    </section>
	  [ERROR ->]</div>
	>>>>>>> upstream/develop
	
	"): ng:///PaymentComponent/template.html@329:2
	    at parseJitTemplate (node_modules/@angular/compiler/fesm2022/compiler.mjs:32326:15)
	    at CompilerFacadeImpl.compileComponent (node_modules/@angular/compiler/fesm2022/compiler.mjs:32000:52)
	    at PaymentComponent.╔╡cmp (node_modules/@angular/core/fesm2022/debug_node.mjs:30245:47)
	    at getComponentDef (node_modules/@angular/core/fesm2022/testing.mjs:1605:18)
	    at isStandaloneComponent (node_modules/@angular/core/fesm2022/testing.mjs:1601:17)
	    at queueTypesFromModulesArrayRecur (node_modules/@angular/core/fesm2022/testing.mjs:1325:26)
	    at TestBedCompiler.queueTypesFromModulesArray (node_modules/@angular/core/fesm2022/testing.mjs:1348:9)
	    at TestBedCompiler.configureTestingModule (node_modules/@angular/core/fesm2022/testing.mjs:856:18)
	    at TestBedImpl.configureTestingModule (node_modules/@angular/core/fesm2022/testing.mjs:1993:23)
	    at TestBedImpl.configureTestingModule (node_modules/@angular/core/fesm2022/testing.mjs:1805:37)
Chrome Headless 144.0.0.0 (Windows 10): Executed 60 of 767[31m (34 FAILED)[39m (0 secs / 4.055 secs)
Chrome Headless 144.0.0.0 (Windows 10) PaymentComponent should accept a valid coupon code FAILED
	Failed: Errors during JIT compilation of template for PaymentComponent: Unexpected closing tag "div". It may happen when the tag has already been closed by another tag. For more info see https://www.w3.org/TR/html5/syntax.html#closing-elements-that-have-implied-end-tags ("
	          </button>
	        </div>
	      [ERROR ->]</div>
	    </div>
	    }
	"): ng:///PaymentComponent/template.html@182:6, Unexpected closing tag "div". It may happen when the tag has already been closed by another tag. For more info see https://www.w3.org/TR/html5/syntax.html#closing-elements-that-have-implied-end-tags ("
	        </div>
	      </div>
	    [ERROR ->]</div>
	    }
	    <mat-divider></mat-divider>
	"): ng:///PaymentComponent/template.html@183:4, Unexpected closing block. The block may have been closed earlier. If you meant to write the } character, you should use the "&#125;" HTML entity instead. ("
	      </div>
	    </div>
	    [ERROR ->]}
	    <mat-divider></mat-divider>
	    @if (mode !== 'wallet') {
	"): ng:///PaymentComponent/template.html@184:4, Unexpected closing tag "div". It may happen when the tag has already been closed by another tag. For more info see https://www.w3.org/TR/html5/syntax.html#closing-elements-that-have-implied-end-tags ("
	      </button>
	    </section>
	  [ERROR ->]</div>
	>>>>>>> upstream/develop
	
	"): ng:///PaymentComponent/template.html@329:2
	    at parseJitTemplate (node_modules/@angular/compiler/fesm2022/compiler.mjs:32326:15)
	    at CompilerFacadeImpl.compileComponent (node_modules/@angular/compiler/fesm2022/compiler.mjs:32000:52)
	    at PaymentComponent.╔╡cmp (node_modules/@angular/core/fesm2022/debug_node.mjs:30245:47)
	    at getComponentDef (node_modules/@angular/core/fesm2022/testing.mjs:1605:18)
	    at isStandaloneComponent (node_modules/@angular/core/fesm2022/testing.mjs:1601:17)
	    at queueTypesFromModulesArrayRecur (node_modules/@angular/core/fesm2022/testing.mjs:1325:26)
	    at TestBedCompiler.queueTypesFromModulesArray (node_modules/@angular/core/fesm2022/testing.mjs:1348:9)
	    at TestBedCompiler.configureTestingModule (node_modules/@angular/core/fesm2022/testing.mjs:856:18)
	    at TestBedImpl.configureTestingModule (node_modules/@angular/core/fesm2022/testing.mjs:1993:23)
	    at TestBedImpl.configureTestingModule (node_modules/@angular/core/fesm2022/testing.mjs:1805:37)
[1A[2K[31mChrome Headless 144.0.0.0 (Windows 10) PaymentComponent should hold the default applicationName if not defined in configuration FAILED[39m
	Failed: Errors during JIT compilation of template for PaymentComponent: Unexpected closing tag "div". It may happen when the tag has already been closed by another tag. For more info see https://www.w3.org/TR/html5/syntax.html#closing-elements-that-have-implied-end-tags ("
	          </button>
	        </div>
	      [ERROR ->]</div>
	    </div>
	    }
	"): ng:///PaymentComponent/template.html@182:6, Unexpected closing tag "div". It may happen when the tag has already been closed by another tag. For more info see https://www.w3.org/TR/html5/syntax.html#closing-elements-that-have-implied-end-tags ("
	        </div>
	      </div>
	    [ERROR ->]</div>
	    }
	    <mat-divider></mat-divider>
	"): ng:///PaymentComponent/template.html@183:4, Unexpected closing block. The block may have been closed earlier. If you meant to write the } character, you should use the "&#125;" HTML entity instead. ("
	      </div>
	    </div>
	    [ERROR ->]}
	    <mat-divider></mat-divider>
	    @if (mode !== 'wallet') {
	"): ng:///PaymentComponent/template.html@184:4, Unexpected closing tag "div". It may happen when the tag has already been closed by another tag. For more info see https://www.w3.org/TR/html5/syntax.html#closing-elements-that-have-implied-end-tags ("
	      </button>
	    </section>
	  [ERROR ->]</div>
	>>>>>>> upstream/develop
	
	"): ng:///PaymentComponent/template.html@329:2
	    at parseJitTemplate (node_modules/@angular/compiler/fesm2022/compiler.mjs:32326:15)
	    at CompilerFacadeImpl.compileComponent (node_modules/@angular/compiler/fesm2022/compiler.mjs:32000:52)
	    at PaymentComponent.╔╡cmp (node_modules/@angular/core/fesm2022/debug_node.mjs:30245:47)
	    at getComponentDef (node_modules/@angular/core/fesm2022/testing.mjs:1605:18)
	    at isStandaloneComponent (node_modules/@angular/core/fesm2022/testing.mjs:1601:17)
	    at queueTypesFromModulesArrayRecur (node_modules/@angular/core/fesm2022/testing.mjs:1325:26)
	    at TestBedCompiler.queueTypesFromModulesArray (node_modules/@angular/core/fesm2022/testing.mjs:1348:9)
	    at TestBedCompiler.configureTestingModule (node_modules/@angular/core/fesm2022/testing.mjs:856:18)
	    at TestBedImpl.configureTestingModule (node_modules/@angular/core/fesm2022/testing.mjs:1993:23)
	    at TestBedImpl.configureTestingModule (node_modules/@angular/core/fesm2022/testing.mjs:1805:37)
Chrome Headless 144.0.0.0 (Windows 10): Executed 61 of 767[31m (35 FAILED)[39m (0 secs / 4.059 secs)
Chrome Headless 144.0.0.0 (Windows 10) PaymentComponent should hold the default applicationName if not defined in configuration FAILED
	Failed: Errors during JIT compilation of template for PaymentComponent: Unexpected closing tag "div". It may happen when the tag has already been closed by another tag. For more info see https://www.w3.org/TR/html5/syntax.html#closing-elements-that-have-implied-end-tags ("
	          </button>
	        </div>
	      [ERROR ->]</div>
	    </div>
	    }
	"): ng:///PaymentComponent/template.html@182:6, Unexpected closing tag "div". It may happen when the tag has already been closed by another tag. For more info see https://www.w3.org/TR/html5/syntax.html#closing-elements-that-have-implied-end-tags ("
	        </div>
	      </div>
	    [ERROR ->]</div>
	    }
	    <mat-divider></mat-divider>
	"): ng:///PaymentComponent/template.html@183:4, Unexpected closing block. The block may have been closed earlier. If you meant to write the } character, you should use the "&#125;" HTML entity instead. ("
	      </div>
	    </div>
	    [ERROR ->]}
	    <mat-divider></mat-divider>
	    @if (mode !== 'wallet') {
	"): ng:///PaymentComponent/template.html@184:4, Unexpected closing tag "div". It may happen when the tag has already been closed by another tag. For more info see https://www.w3.org/TR/html5/syntax.html#closing-elements-that-have-implied-end-tags ("
	      </button>
	    </section>
	  [ERROR ->]</div>
	>>>>>>> upstream/develop
	
	"): ng:///PaymentComponent/template.html@329:2
	    at parseJitTemplate (node_modules/@angular/compiler/fesm2022/compiler.mjs:32326:15)
	    at CompilerFacadeImpl.compileComponent (node_modules/@angular/compiler/fesm2022/compiler.mjs:32000:52)
	    at PaymentComponent.╔╡cmp (node_modules/@angular/core/fesm2022/debug_node.mjs:30245:47)
	    at getComponentDef (node_modules/@angular/core/fesm2022/testing.mjs:1605:18)
	    at isStandaloneComponent (node_modules/@angular/core/fesm2022/testing.mjs:1601:17)
	    at queueTypesFromModulesArrayRecur (node_modules/@angular/core/fesm2022/testing.mjs:1325:26)
	    at TestBedCompiler.queueTypesFromModulesArray (node_modules/@angular/core/fesm2022/testing.mjs:1348:9)
	    at TestBedCompiler.configureTestingModule (node_modules/@angular/core/fesm2022/testing.mjs:856:18)
	    at TestBedImpl.configureTestingModule (node_modules/@angular/core/fesm2022/testing.mjs:1993:23)
	    at TestBedImpl.configureTestingModule (node_modules/@angular/core/fesm2022/testing.mjs:1805:37)
[1A[2K[31mChrome Headless 144.0.0.0 (Windows 10) PaymentComponent should call initTotal on calling ngOnInit FAILED[39m
	Failed: Errors during JIT compilation of template for PaymentComponent: Unexpected closing tag "div". It may happen when the tag has already been closed by another tag. For more info see https://www.w3.org/TR/html5/syntax.html#closing-elements-that-have-implied-end-tags ("
	          </button>
	        </div>
	      [ERROR ->]</div>
	    </div>
	    }
	"): ng:///PaymentComponent/template.html@182:6, Unexpected closing tag "div". It may happen when the tag has already been closed by another tag. For more info see https://www.w3.org/TR/html5/syntax.html#closing-elements-that-have-implied-end-tags ("
	        </div>
	      </div>
	    [ERROR ->]</div>
	    }
	    <mat-divider></mat-divider>
	"): ng:///PaymentComponent/template.html@183:4, Unexpected closing block. The block may have been closed earlier. If you meant to write the } character, you should use the "&#125;" HTML entity instead. ("
	      </div>
	    </div>
	    [ERROR ->]}
	    <mat-divider></mat-divider>
	    @if (mode !== 'wallet') {
	"): ng:///PaymentComponent/template.html@184:4, Unexpected closing tag "div". It may happen when the tag has already been closed by another tag. For more info see https://www.w3.org/TR/html5/syntax.html#closing-elements-that-have-implied-end-tags ("
	      </button>
	    </section>
	  [ERROR ->]</div>
	>>>>>>> upstream/develop
	
	"): ng:///PaymentComponent/template.html@329:2
	    at parseJitTemplate (node_modules/@angular/compiler/fesm2022/compiler.mjs:32326:15)
	    at CompilerFacadeImpl.compileComponent (node_modules/@angular/compiler/fesm2022/compiler.mjs:32000:52)
	    at PaymentComponent.╔╡cmp (node_modules/@angular/core/fesm2022/debug_node.mjs:30245:47)
	    at getComponentDef (node_modules/@angular/core/fesm2022/testing.mjs:1605:18)
	    at isStandaloneComponent (node_modules/@angular/core/fesm2022/testing.mjs:1601:17)
	    at queueTypesFromModulesArrayRecur (node_modules/@angular/core/fesm2022/testing.mjs:1325:26)
	    at TestBedCompiler.queueTypesFromModulesArray (node_modules/@angular/core/fesm2022/testing.mjs:1348:9)
	    at TestBedCompiler.configureTestingModule (node_modules/@angular/core/fesm2022/testing.mjs:856:18)
	    at TestBedImpl.configureTestingModule (node_modules/@angular/core/fesm2022/testing.mjs:1993:23)
	    at TestBedImpl.configureTestingModule (node_modules/@angular/core/fesm2022/testing.mjs:1805:37)
Chrome Headless 144.0.0.0 (Windows 10): Executed 62 of 767[31m (36 FAILED)[39m (0 secs / 4.063 secs)
Chrome Headless 144.0.0.0 (Windows 10) PaymentComponent should call initTotal on calling ngOnInit FAILED
	Failed: Errors during JIT compilation of template for PaymentComponent: Unexpected closing tag "div". It may happen when the tag has already been closed by another tag. For more info see https://www.w3.org/TR/html5/syntax.html#closing-elements-that-have-implied-end-tags ("
	          </button>
	        </div>
	      [ERROR ->]</div>
	    </div>
	    }
	"): ng:///PaymentComponent/template.html@182:6, Unexpected closing tag "div". It may happen when the tag has already been closed by another tag. For more info see https://www.w3.org/TR/html5/syntax.html#closing-elements-that-have-implied-end-tags ("
	        </div>
	      </div>
	    [ERROR ->]</div>
	    }
	    <mat-divider></mat-divider>
	"): ng:///PaymentComponent/template.html@183:4, Unexpected closing block. The block may have been closed earlier. If you meant to write the } character, you should use the "&#125;" HTML entity instead. ("
	      </div>
	    </div>
	    [ERROR ->]}
	    <mat-divider></mat-divider>
	    @if (mode !== 'wallet') {
	"): ng:///PaymentComponent/template.html@184:4, Unexpected closing tag "div". It may happen when the tag has already been closed by another tag. For more info see https://www.w3.org/TR/html5/syntax.html#closing-elements-that-have-implied-end-tags ("
	      </button>
	    </section>
	  [ERROR ->]</div>
	>>>>>>> upstream/develop
	
	"): ng:///PaymentComponent/template.html@329:2
	    at parseJitTemplate (node_modules/@angular/compiler/fesm2022/compiler.mjs:32326:15)
	    at CompilerFacadeImpl.compileComponent (node_modules/@angular/compiler/fesm2022/compiler.mjs:32000:52)
	    at PaymentComponent.╔╡cmp (node_modules/@angular/core/fesm2022/debug_node.mjs:30245:47)
	    at getComponentDef (node_modules/@angular/core/fesm2022/testing.mjs:1605:18)
	    at isStandaloneComponent (node_modules/@angular/core/fesm2022/testing.mjs:1601:17)
	    at queueTypesFromModulesArrayRecur (node_modules/@angular/core/fesm2022/testing.mjs:1325:26)
	    at TestBedCompiler.queueTypesFromModulesArray (node_modules/@angular/core/fesm2022/testing.mjs:1348:9)
	    at TestBedCompiler.configureTestingModule (node_modules/@angular/core/fesm2022/testing.mjs:856:18)
	    at TestBedImpl.configureTestingModule (node_modules/@angular/core/fesm2022/testing.mjs:1993:23)
	    at TestBedImpl.configureTestingModule (node_modules/@angular/core/fesm2022/testing.mjs:1805:37)
[1A[2K[31mChrome Headless 144.0.0.0 (Windows 10) PaymentComponent should log error while getting application configuration from backend API directly to browser console FAILED[39m
	Failed: Errors during JIT compilation of template for PaymentComponent: Unexpected closing tag "div". It may happen when the tag has already been closed by another tag. For more info see https://www.w3.org/TR/html5/syntax.html#closing-elements-that-have-implied-end-tags ("
	          </button>
	        </div>
	      [ERROR ->]</div>
	    </div>
	    }
	"): ng:///PaymentComponent/template.html@182:6, Unexpected closing tag "div". It may happen when the tag has already been closed by another tag. For more info see https://www.w3.org/TR/html5/syntax.html#closing-elements-that-have-implied-end-tags ("
	        </div>
	      </div>
	    [ERROR ->]</div>
	    }
	    <mat-divider></mat-divider>
	"): ng:///PaymentComponent/template.html@183:4, Unexpected closing block. The block may have been closed earlier. If you meant to write the } character, you should use the "&#125;" HTML entity instead. ("
	      </div>
	    </div>
	    [ERROR ->]}
	    <mat-divider></mat-divider>
	    @if (mode !== 'wallet') {
	"): ng:///PaymentComponent/template.html@184:4, Unexpected closing tag "div". It may happen when the tag has already been closed by another tag. For more info see https://www.w3.org/TR/html5/syntax.html#closing-elements-that-have-implied-end-tags ("
	      </button>
	    </section>
	  [ERROR ->]</div>
	>>>>>>> upstream/develop
	
	"): ng:///PaymentComponent/template.html@329:2
	    at parseJitTemplate (node_modules/@angular/compiler/fesm2022/compiler.mjs:32326:15)
	    at CompilerFacadeImpl.compileComponent (node_modules/@angular/compiler/fesm2022/compiler.mjs:32000:52)
	    at PaymentComponent.╔╡cmp (node_modules/@angular/core/fesm2022/debug_node.mjs:30245:47)
	    at getComponentDef (node_modules/@angular/core/fesm2022/testing.mjs:1605:18)
	    at isStandaloneComponent (node_modules/@angular/core/fesm2022/testing.mjs:1601:17)
	    at queueTypesFromModulesArrayRecur (node_modules/@angular/core/fesm2022/testing.mjs:1325:26)
	    at TestBedCompiler.queueTypesFromModulesArray (node_modules/@angular/core/fesm2022/testing.mjs:1348:9)
	    at TestBedCompiler.configureTestingModule (node_modules/@angular/core/fesm2022/testing.mjs:856:18)
	    at TestBedImpl.configureTestingModule (node_modules/@angular/core/fesm2022/testing.mjs:1993:23)
	    at TestBedImpl.configureTestingModule (node_modules/@angular/core/fesm2022/testing.mjs:1805:37)
Chrome Headless 144.0.0.0 (Windows 10): Executed 63 of 767[31m (37 FAILED)[39m (0 secs / 4.066 secs)
Chrome Headless 144.0.0.0 (Windows 10) PaymentComponent should log error while getting application configuration from backend API directly to browser console FAILED
	Failed: Errors during JIT compilation of template for PaymentComponent: Unexpected closing tag "div". It may happen when the tag has already been closed by another tag. For more info see https://www.w3.org/TR/html5/syntax.html#closing-elements-that-have-implied-end-tags ("
	          </button>
	        </div>
	      [ERROR ->]</div>
	    </div>
	    }
	"): ng:///PaymentComponent/template.html@182:6, Unexpected closing tag "div". It may happen when the tag has already been closed by another tag. For more info see https://www.w3.org/TR/html5/syntax.html#closing-elements-that-have-implied-end-tags ("
	        </div>
	      </div>
	    [ERROR ->]</div>
	    }
	    <mat-divider></mat-divider>
	"): ng:///PaymentComponent/template.html@183:4, Unexpected closing block. The block may have been closed earlier. If you meant to write the } character, you should use the "&#125;" HTML entity instead. ("
	      </div>
	    </div>
	    [ERROR ->]}
	    <mat-divider></mat-divider>
	    @if (mode !== 'wallet') {
	"): ng:///PaymentComponent/template.html@184:4, Unexpected closing tag "div". It may happen when the tag has already been closed by another tag. For more info see https://www.w3.org/TR/html5/syntax.html#closing-elements-that-have-implied-end-tags ("
	      </button>
	    </section>
	  [ERROR ->]</div>
	>>>>>>> upstream/develop
	
	"): ng:///PaymentComponent/template.html@329:2
	    at parseJitTemplate (node_modules/@angular/compiler/fesm2022/compiler.mjs:32326:15)
	    at CompilerFacadeImpl.compileComponent (node_modules/@angular/compiler/fesm2022/compiler.mjs:32000:52)
	    at PaymentComponent.╔╡cmp (node_modules/@angular/core/fesm2022/debug_node.mjs:30245:47)
	    at getComponentDef (node_modules/@angular/core/fesm2022/testing.mjs:1605:18)
	    at isStandaloneComponent (node_modules/@angular/core/fesm2022/testing.mjs:1601:17)
	    at queueTypesFromModulesArrayRecur (node_modules/@angular/core/fesm2022/testing.mjs:1325:26)
	    at TestBedCompiler.queueTypesFromModulesArray (node_modules/@angular/core/fesm2022/testing.mjs:1348:9)
	    at TestBedCompiler.configureTestingModule (node_modules/@angular/core/fesm2022/testing.mjs:856:18)
	    at TestBedImpl.configureTestingModule (node_modules/@angular/core/fesm2022/testing.mjs:1993:23)
	    at TestBedImpl.configureTestingModule (node_modules/@angular/core/fesm2022/testing.mjs:1805:37)
[1A[2K[31mChrome Headless 144.0.0.0 (Windows 10) ChallengeSolvedNotificationComponent should create FAILED[39m
	Failed: Errors during JIT compilation of template for ChallengeSolvedNotificationComponent: Unexpected closing tag "span". It may happen when the tag has already been closed by another tag. For more info see https://www.w3.org/TR/html5/syntax.html#closing-elements-that-have-implied-end-tags ("
	          <span>{{notification.country.name}}</span>
	          }
	        [ERROR ->]</span>
	        }
	      </section>
	"): ng:///ChallengeSolvedNotificationComponent/template.html@79:8
	    at parseJitTemplate (node_modules/@angular/compiler/fesm2022/compiler.mjs:32326:15)
	    at CompilerFacadeImpl.compileComponent (node_modules/@angular/compiler/fesm2022/compiler.mjs:32000:52)
	    at ChallengeSolvedNotificationComponent.╔╡cmp (node_modules/@angular/core/fesm2022/debug_node.mjs:30245:47)
	    at getComponentDef (node_modules/@angular/core/fesm2022/testing.mjs:1605:18)
	    at isStandaloneComponent (node_modules/@angular/core/fesm2022/testing.mjs:1601:17)
	    at queueTypesFromModulesArrayRecur (node_modules/@angular/core/fesm2022/testing.mjs:1325:26)
	    at TestBedCompiler.queueTypesFromModulesArray (node_modules/@angular/core/fesm2022/testing.mjs:1348:9)
	    at TestBedCompiler.configureTestingModule (node_modules/@angular/core/fesm2022/testing.mjs:856:18)
	    at TestBedImpl.configureTestingModule (node_modules/@angular/core/fesm2022/testing.mjs:1993:23)
	    at TestBedImpl.configureTestingModule (node_modules/@angular/core/fesm2022/testing.mjs:1805:37)
Chrome Headless 144.0.0.0 (Windows 10): Executed 64 of 767[31m (38 FAILED)[39m (0 secs / 4.068 secs)
Chrome Headless 144.0.0.0 (Windows 10) ChallengeSolvedNotificationComponent should create FAILED
	Failed: Errors during JIT compilation of template for ChallengeSolvedNotificationComponent: Unexpected closing tag "span". It may happen when the tag has already been closed by another tag. For more info see https://www.w3.org/TR/html5/syntax.html#closing-elements-that-have-implied-end-tags ("
	          <span>{{notification.country.name}}</span>
	          }
	        [ERROR ->]</span>
	        }
	      </section>
	"): ng:///ChallengeSolvedNotificationComponent/template.html@79:8
	    at parseJitTemplate (node_modules/@angular/compiler/fesm2022/compiler.mjs:32326:15)
	    at CompilerFacadeImpl.compileComponent (node_modules/@angular/compiler/fesm2022/compiler.mjs:32000:52)
	    at ChallengeSolvedNotificationComponent.╔╡cmp (node_modules/@angular/core/fesm2022/debug_node.mjs:30245:47)
	    at getComponentDef (node_modules/@angular/core/fesm2022/testing.mjs:1605:18)
	    at isStandaloneComponent (node_modules/@angular/core/fesm2022/testing.mjs:1601:17)
	    at queueTypesFromModulesArrayRecur (node_modules/@angular/core/fesm2022/testing.mjs:1325:26)
	    at TestBedCompiler.queueTypesFromModulesArray (node_modules/@angular/core/fesm2022/testing.mjs:1348:9)
	    at TestBedCompiler.configureTestingModule (node_modules/@angular/core/fesm2022/testing.mjs:856:18)
	    at TestBedImpl.configureTestingModule (node_modules/@angular/core/fesm2022/testing.mjs:1993:23)
	    at TestBedImpl.configureTestingModule (node_modules/@angular/core/fesm2022/testing.mjs:1805:37)
[1A[2K[31mChrome Headless 144.0.0.0 (Windows 10) ChallengeSolvedNotificationComponent should add new notification FAILED[39m
	Failed: Errors during JIT compilation of template for ChallengeSolvedNotificationComponent: Unexpected closing tag "span". It may happen when the tag has already been closed by another tag. For more info see https://www.w3.org/TR/html5/syntax.html#closing-elements-that-have-implied-end-tags ("
	          <span>{{notification.country.name}}</span>
	          }
	        [ERROR ->]</span>
	        }
	      </section>
	"): ng:///ChallengeSolvedNotificationComponent/template.html@79:8
	    at parseJitTemplate (node_modules/@angular/compiler/fesm2022/compiler.mjs:32326:15)
	    at CompilerFacadeImpl.compileComponent (node_modules/@angular/compiler/fesm2022/compiler.mjs:32000:52)
	    at ChallengeSolvedNotificationComponent.╔╡cmp (node_modules/@angular/core/fesm2022/debug_node.mjs:30245:47)
	    at getComponentDef (node_modules/@angular/core/fesm2022/testing.mjs:1605:18)
	    at isStandaloneComponent (node_modules/@angular/core/fesm2022/testing.mjs:1601:17)
	    at queueTypesFromModulesArrayRecur (node_modules/@angular/core/fesm2022/testing.mjs:1325:26)
	    at TestBedCompiler.queueTypesFromModulesArray (node_modules/@angular/core/fesm2022/testing.mjs:1348:9)
	    at TestBedCompiler.configureTestingModule (node_modules/@angular/core/fesm2022/testing.mjs:856:18)
	    at TestBedImpl.configureTestingModule (node_modules/@angular/core/fesm2022/testing.mjs:1993:23)
	    at TestBedImpl.configureTestingModule (node_modules/@angular/core/fesm2022/testing.mjs:1805:37)
Chrome Headless 144.0.0.0 (Windows 10): Executed 65 of 767[31m (39 FAILED)[39m (0 secs / 4.069 secs)
Chrome Headless 144.0.0.0 (Windows 10) ChallengeSolvedNotificationComponent should add new notification FAILED
	Failed: Errors during JIT compilation of template for ChallengeSolvedNotificationComponent: Unexpected closing tag "span". It may happen when the tag has already been closed by another tag. For more info see https://www.w3.org/TR/html5/syntax.html#closing-elements-that-have-implied-end-tags ("
	          <span>{{notification.country.name}}</span>
	          }
	        [ERROR ->]</span>
	        }
	      </section>
	"): ng:///ChallengeSolvedNotificationComponent/template.html@79:8
	    at parseJitTemplate (node_modules/@angular/compiler/fesm2022/compiler.mjs:32326:15)
	    at CompilerFacadeImpl.compileComponent (node_modules/@angular/compiler/fesm2022/compiler.mjs:32000:52)
	    at ChallengeSolvedNotificationComponent.╔╡cmp (node_modules/@angular/core/fesm2022/debug_node.mjs:30245:47)
	    at getComponentDef (node_modules/@angular/core/fesm2022/testing.mjs:1605:18)
	    at isStandaloneComponent (node_modules/@angular/core/fesm2022/testing.mjs:1601:17)
	    at queueTypesFromModulesArrayRecur (node_modules/@angular/core/fesm2022/testing.mjs:1325:26)
	    at TestBedCompiler.queueTypesFromModulesArray (node_modules/@angular/core/fesm2022/testing.mjs:1348:9)
	    at TestBedCompiler.configureTestingModule (node_modules/@angular/core/fesm2022/testing.mjs:856:18)
	    at TestBedImpl.configureTestingModule (node_modules/@angular/core/fesm2022/testing.mjs:1993:23)
	    at TestBedImpl.configureTestingModule (node_modules/@angular/core/fesm2022/testing.mjs:1805:37)
[1A[2K[31mChrome Headless 144.0.0.0 (Windows 10) ChallengeSolvedNotificationComponent should log error from continue code API call directly to browser console FAILED[39m
	Failed: Errors during JIT compilation of template for ChallengeSolvedNotificationComponent: Unexpected closing tag "span". It may happen when the tag has already been closed by another tag. For more info see https://www.w3.org/TR/html5/syntax.html#closing-elements-that-have-implied-end-tags ("
	          <span>{{notification.country.name}}</span>
	          }
	        [ERROR ->]</span>
	        }
	      </section>
	"): ng:///ChallengeSolvedNotificationComponent/template.html@79:8
	    at parseJitTemplate (node_modules/@angular/compiler/fesm2022/compiler.mjs:32326:15)
	    at CompilerFacadeImpl.compileComponent (node_modules/@angular/compiler/fesm2022/compiler.mjs:32000:52)
	    at ChallengeSolvedNotificationComponent.╔╡cmp (node_modules/@angular/core/fesm2022/debug_node.mjs:30245:47)
	    at getComponentDef (node_modules/@angular/core/fesm2022/testing.mjs:1605:18)
	    at isStandaloneComponent (node_modules/@angular/core/fesm2022/testing.mjs:1601:17)
	    at queueTypesFromModulesArrayRecur (node_modules/@angular/core/fesm2022/testing.mjs:1325:26)
	    at TestBedCompiler.queueTypesFromModulesArray (node_modules/@angular/core/fesm2022/testing.mjs:1348:9)
	    at TestBedCompiler.configureTestingModule (node_modules/@angular/core/fesm2022/testing.mjs:856:18)
	    at TestBedImpl.configureTestingModule (node_modules/@angular/core/fesm2022/testing.mjs:1993:23)
	    at TestBedImpl.configureTestingModule (node_modules/@angular/core/fesm2022/testing.mjs:1805:37)
Chrome Headless 144.0.0.0 (Windows 10): Executed 66 of 767[31m (40 FAILED)[39m (0 secs / 4.07 secs)
Chrome Headless 144.0.0.0 (Windows 10) ChallengeSolvedNotificationComponent should log error from continue code API call directly to browser console FAILED
	Failed: Errors during JIT compilation of template for ChallengeSolvedNotificationComponent: Unexpected closing tag "span". It may happen when the tag has already been closed by another tag. For more info see https://www.w3.org/TR/html5/syntax.html#closing-elements-that-have-implied-end-tags ("
	          <span>{{notification.country.name}}</span>
	          }
	        [ERROR ->]</span>
	        }
	      </section>
	"): ng:///ChallengeSolvedNotificationComponent/template.html@79:8
	    at parseJitTemplate (node_modules/@angular/compiler/fesm2022/compiler.mjs:32326:15)
	    at CompilerFacadeImpl.compileComponent (node_modules/@angular/compiler/fesm2022/compiler.mjs:32000:52)
	    at ChallengeSolvedNotificationComponent.╔╡cmp (node_modules/@angular/core/fesm2022/debug_node.mjs:30245:47)
	    at getComponentDef (node_modules/@angular/core/fesm2022/testing.mjs:1605:18)
	    at isStandaloneComponent (node_modules/@angular/core/fesm2022/testing.mjs:1601:17)
	    at queueTypesFromModulesArrayRecur (node_modules/@angular/core/fesm2022/testing.mjs:1325:26)
	    at TestBedCompiler.queueTypesFromModulesArray (node_modules/@angular/core/fesm2022/testing.mjs:1348:9)
	    at TestBedCompiler.configureTestingModule (node_modules/@angular/core/fesm2022/testing.mjs:856:18)
	    at TestBedImpl.configureTestingModule (node_modules/@angular/core/fesm2022/testing.mjs:1993:23)
	    at TestBedImpl.configureTestingModule (node_modules/@angular/core/fesm2022/testing.mjs:1805:37)
[1A[2K[31mChrome Headless 144.0.0.0 (Windows 10) ChallengeSolvedNotificationComponent should hide CTF flag codes by default FAILED[39m
	Failed: Errors during JIT compilation of template for ChallengeSolvedNotificationComponent: Unexpected closing tag "span". It may happen when the tag has already been closed by another tag. For more info see https://www.w3.org/TR/html5/syntax.html#closing-elements-that-have-implied-end-tags ("
	          <span>{{notification.country.name}}</span>
	          }
	        [ERROR ->]</span>
	        }
	      </section>
	"): ng:///ChallengeSolvedNotificationComponent/template.html@79:8
	    at parseJitTemplate (node_modules/@angular/compiler/fesm2022/compiler.mjs:32326:15)
	    at CompilerFacadeImpl.compileComponent (node_modules/@angular/compiler/fesm2022/compiler.mjs:32000:52)
	    at ChallengeSolvedNotificationComponent.╔╡cmp (node_modules/@angular/core/fesm2022/debug_node.mjs:30245:47)
	    at getComponentDef (node_modules/@angular/core/fesm2022/testing.mjs:1605:18)
	    at isStandaloneComponent (node_modules/@angular/core/fesm2022/testing.mjs:1601:17)
	    at queueTypesFromModulesArrayRecur (node_modules/@angular/core/fesm2022/testing.mjs:1325:26)
	    at TestBedCompiler.queueTypesFromModulesArray (node_modules/@angular/core/fesm2022/testing.mjs:1348:9)
	    at TestBedCompiler.configureTestingModule (node_modules/@angular/core/fesm2022/testing.mjs:856:18)
	    at TestBedImpl.configureTestingModule (node_modules/@angular/core/fesm2022/testing.mjs:1993:23)
	    at TestBedImpl.configureTestingModule (node_modules/@angular/core/fesm2022/testing.mjs:1805:37)
Chrome Headless 144.0.0.0 (Windows 10): Executed 67 of 767[31m (41 FAILED)[39m (0 secs / 4.073 secs)
Chrome Headless 144.0.0.0 (Windows 10) ChallengeSolvedNotificationComponent should hide CTF flag codes by default FAILED
	Failed: Errors during JIT compilation of template for ChallengeSolvedNotificationComponent: Unexpected closing tag "span". It may happen when the tag has already been closed by another tag. For more info see https://www.w3.org/TR/html5/syntax.html#closing-elements-that-have-implied-end-tags ("
	          <span>{{notification.country.name}}</span>
	          }
	        [ERROR ->]</span>
	        }
	      </section>
	"): ng:///ChallengeSolvedNotificationComponent/template.html@79:8
	    at parseJitTemplate (node_modules/@angular/compiler/fesm2022/compiler.mjs:32326:15)
	    at CompilerFacadeImpl.compileComponent (node_modules/@angular/compiler/fesm2022/compiler.mjs:32000:52)
	    at ChallengeSolvedNotificationComponent.╔╡cmp (node_modules/@angular/core/fesm2022/debug_node.mjs:30245:47)
	    at getComponentDef (node_modules/@angular/core/fesm2022/testing.mjs:1605:18)
	    at isStandaloneComponent (node_modules/@angular/core/fesm2022/testing.mjs:1601:17)
	    at queueTypesFromModulesArrayRecur (node_modules/@angular/core/fesm2022/testing.mjs:1325:26)
	    at TestBedCompiler.queueTypesFromModulesArray (node_modules/@angular/core/fesm2022/testing.mjs:1348:9)
	    at TestBedCompiler.configureTestingModule (node_modules/@angular/core/fesm2022/testing.mjs:856:18)
	    at TestBedImpl.configureTestingModule (node_modules/@angular/core/fesm2022/testing.mjs:1993:23)
	    at TestBedImpl.configureTestingModule (node_modules/@angular/core/fesm2022/testing.mjs:1805:37)
[1A[2K[31mChrome Headless 144.0.0.0 (Windows 10) ChallengeSolvedNotificationComponent should store retrieved continue code as cookie for 1 year FAILED[39m
	Failed: Errors during JIT compilation of template for ChallengeSolvedNotificationComponent: Unexpected closing tag "span". It may happen when the tag has already been closed by another tag. For more info see https://www.w3.org/TR/html5/syntax.html#closing-elements-that-have-implied-end-tags ("
	          <span>{{notification.country.name}}</span>
	          }
	        [ERROR ->]</span>
	        }
	      </section>
	"): ng:///ChallengeSolvedNotificationComponent/template.html@79:8
	    at parseJitTemplate (node_modules/@angular/compiler/fesm2022/compiler.mjs:32326:15)
	    at CompilerFacadeImpl.compileComponent (node_modules/@angular/compiler/fesm2022/compiler.mjs:32000:52)
	    at ChallengeSolvedNotificationComponent.╔╡cmp (node_modules/@angular/core/fesm2022/debug_node.mjs:30245:47)
	    at getComponentDef (node_modules/@angular/core/fesm2022/testing.mjs:1605:18)
	    at isStandaloneComponent (node_modules/@angular/core/fesm2022/testing.mjs:1601:17)
	    at queueTypesFromModulesArrayRecur (node_modules/@angular/core/fesm2022/testing.mjs:1325:26)
	    at TestBedCompiler.queueTypesFromModulesArray (node_modules/@angular/core/fesm2022/testing.mjs:1348:9)
	    at TestBedCompiler.configureTestingModule (node_modules/@angular/core/fesm2022/testing.mjs:856:18)
	    at TestBedImpl.configureTestingModule (node_modules/@angular/core/fesm2022/testing.mjs:1993:23)
	    at TestBedImpl.configureTestingModule (node_modules/@angular/core/fesm2022/testing.mjs:1805:37)
Chrome Headless 144.0.0.0 (Windows 10): Executed 68 of 767[31m (42 FAILED)[39m (0 secs / 4.075 secs)
Chrome Headless 144.0.0.0 (Windows 10) ChallengeSolvedNotificationComponent should store retrieved continue code as cookie for 1 year FAILED
	Failed: Errors during JIT compilation of template for ChallengeSolvedNotificationComponent: Unexpected closing tag "span". It may happen when the tag has already been closed by another tag. For more info see https://www.w3.org/TR/html5/syntax.html#closing-elements-that-have-implied-end-tags ("
	          <span>{{notification.country.name}}</span>
	          }
	        [ERROR ->]</span>
	        }
	      </section>
	"): ng:///ChallengeSolvedNotificationComponent/template.html@79:8
	    at parseJitTemplate (node_modules/@angular/compiler/fesm2022/compiler.mjs:32326:15)
	    at CompilerFacadeImpl.compileComponent (node_modules/@angular/compiler/fesm2022/compiler.mjs:32000:52)
	    at ChallengeSolvedNotificationComponent.╔╡cmp (node_modules/@angular/core/fesm2022/debug_node.mjs:30245:47)
	    at getComponentDef (node_modules/@angular/core/fesm2022/testing.mjs:1605:18)
	    at isStandaloneComponent (node_modules/@angular/core/fesm2022/testing.mjs:1601:17)
	    at queueTypesFromModulesArrayRecur (node_modules/@angular/core/fesm2022/testing.mjs:1325:26)
	    at TestBedCompiler.queueTypesFromModulesArray (node_modules/@angular/core/fesm2022/testing.mjs:1348:9)
	    at TestBedCompiler.configureTestingModule (node_modules/@angular/core/fesm2022/testing.mjs:856:18)
	    at TestBedImpl.configureTestingModule (node_modules/@angular/core/fesm2022/testing.mjs:1993:23)
	    at TestBedImpl.configureTestingModule (node_modules/@angular/core/fesm2022/testing.mjs:1805:37)
[1A[2K[31mChrome Headless 144.0.0.0 (Windows 10) ChallengeSolvedNotificationComponent should throw error when not supplied with a valid continue code FAILED[39m
	Failed: Errors during JIT compilation of template for ChallengeSolvedNotificationComponent: Unexpected closing tag "span". It may happen when the tag has already been closed by another tag. For more info see https://www.w3.org/TR/html5/syntax.html#closing-elements-that-have-implied-end-tags ("
	          <span>{{notification.country.name}}</span>
	          }
	        [ERROR ->]</span>
	        }
	      </section>
	"): ng:///ChallengeSolvedNotificationComponent/template.html@79:8
	    at parseJitTemplate (node_modules/@angular/compiler/fesm2022/compiler.mjs:32326:15)
	    at CompilerFacadeImpl.compileComponent (node_modules/@angular/compiler/fesm2022/compiler.mjs:32000:52)
	    at ChallengeSolvedNotificationComponent.╔╡cmp (node_modules/@angular/core/fesm2022/debug_node.mjs:30245:47)
	    at getComponentDef (node_modules/@angular/core/fesm2022/testing.mjs:1605:18)
	    at isStandaloneComponent (node_modules/@angular/core/fesm2022/testing.mjs:1601:17)
	    at queueTypesFromModulesArrayRecur (node_modules/@angular/core/fesm2022/testing.mjs:1325:26)
	    at TestBedCompiler.queueTypesFromModulesArray (node_modules/@angular/core/fesm2022/testing.mjs:1348:9)
	    at TestBedCompiler.configureTestingModule (node_modules/@angular/core/fesm2022/testing.mjs:856:18)
	    at TestBedImpl.configureTestingModule (node_modules/@angular/core/fesm2022/testing.mjs:1993:23)
	    at TestBedImpl.configureTestingModule (node_modules/@angular/core/fesm2022/testing.mjs:1805:37)
Chrome Headless 144.0.0.0 (Windows 10): Executed 69 of 767[31m (43 FAILED)[39m (0 secs / 4.076 secs)
Chrome Headless 144.0.0.0 (Windows 10) ChallengeSolvedNotificationComponent should throw error when not supplied with a valid continue code FAILED
	Failed: Errors during JIT compilation of template for ChallengeSolvedNotificationComponent: Unexpected closing tag "span". It may happen when the tag has already been closed by another tag. For more info see https://www.w3.org/TR/html5/syntax.html#closing-elements-that-have-implied-end-tags ("
	          <span>{{notification.country.name}}</span>
	          }
	        [ERROR ->]</span>
	        }
	      </section>
	"): ng:///ChallengeSolvedNotificationComponent/template.html@79:8
	    at parseJitTemplate (node_modules/@angular/compiler/fesm2022/compiler.mjs:32326:15)
	    at CompilerFacadeImpl.compileComponent (node_modules/@angular/compiler/fesm2022/compiler.mjs:32000:52)
	    at ChallengeSolvedNotificationComponent.╔╡cmp (node_modules/@angular/core/fesm2022/debug_node.mjs:30245:47)
	    at getComponentDef (node_modules/@angular/core/fesm2022/testing.mjs:1605:18)
	    at isStandaloneComponent (node_modules/@angular/core/fesm2022/testing.mjs:1601:17)
	    at queueTypesFromModulesArrayRecur (node_modules/@angular/core/fesm2022/testing.mjs:1325:26)
	    at TestBedCompiler.queueTypesFromModulesArray (node_modules/@angular/core/fesm2022/testing.mjs:1348:9)
	    at TestBedCompiler.configureTestingModule (node_modules/@angular/core/fesm2022/testing.mjs:856:18)
	    at TestBedImpl.configureTestingModule (node_modules/@angular/core/fesm2022/testing.mjs:1993:23)
	    at TestBedImpl.configureTestingModule (node_modules/@angular/core/fesm2022/testing.mjs:1805:37)
[1A[2K[31mChrome Headless 144.0.0.0 (Windows 10) ChallengeSolvedNotificationComponent should load countries for FBCTF when configured to show country details FAILED[39m
	Failed: Errors during JIT compilation of template for ChallengeSolvedNotificationComponent: Unexpected closing tag "span". It may happen when the tag has already been closed by another tag. For more info see https://www.w3.org/TR/html5/syntax.html#closing-elements-that-have-implied-end-tags ("
	          <span>{{notification.country.name}}</span>
	          }
	        [ERROR ->]</span>
	        }
	      </section>
	"): ng:///ChallengeSolvedNotificationComponent/template.html@79:8
	    at parseJitTemplate (node_modules/@angular/compiler/fesm2022/compiler.mjs:32326:15)
	    at CompilerFacadeImpl.compileComponent (node_modules/@angular/compiler/fesm2022/compiler.mjs:32000:52)
	    at ChallengeSolvedNotificationComponent.╔╡cmp (node_modules/@angular/core/fesm2022/debug_node.mjs:30245:47)
	    at getComponentDef (node_modules/@angular/core/fesm2022/testing.mjs:1605:18)
	    at isStandaloneComponent (node_modules/@angular/core/fesm2022/testing.mjs:1601:17)
	    at queueTypesFromModulesArrayRecur (node_modules/@angular/core/fesm2022/testing.mjs:1325:26)
	    at TestBedCompiler.queueTypesFromModulesArray (node_modules/@angular/core/fesm2022/testing.mjs:1348:9)
	    at TestBedCompiler.configureTestingModule (node_modules/@angular/core/fesm2022/testing.mjs:856:18)
	    at TestBedImpl.configureTestingModule (node_modules/@angular/core/fesm2022/testing.mjs:1993:23)
	    at TestBedImpl.configureTestingModule (node_modules/@angular/core/fesm2022/testing.mjs:1805:37)
Chrome Headless 144.0.0.0 (Windows 10): Executed 70 of 767[31m (44 FAILED)[39m (0 secs / 4.077 secs)
Chrome Headless 144.0.0.0 (Windows 10) ChallengeSolvedNotificationComponent should load countries for FBCTF when configured to show country details FAILED
	Failed: Errors during JIT compilation of template for ChallengeSolvedNotificationComponent: Unexpected closing tag "span". It may happen when the tag has already been closed by another tag. For more info see https://www.w3.org/TR/html5/syntax.html#closing-elements-that-have-implied-end-tags ("
	          <span>{{notification.country.name}}</span>
	          }
	        [ERROR ->]</span>
	        }
	      </section>
	"): ng:///ChallengeSolvedNotificationComponent/template.html@79:8
	    at parseJitTemplate (node_modules/@angular/compiler/fesm2022/compiler.mjs:32326:15)
	    at CompilerFacadeImpl.compileComponent (node_modules/@angular/compiler/fesm2022/compiler.mjs:32000:52)
	    at ChallengeSolvedNotificationComponent.╔╡cmp (node_modules/@angular/core/fesm2022/debug_node.mjs:30245:47)
	    at getComponentDef (node_modules/@angular/core/fesm2022/testing.mjs:1605:18)
	    at isStandaloneComponent (node_modules/@angular/core/fesm2022/testing.mjs:1601:17)
	    at queueTypesFromModulesArrayRecur (node_modules/@angular/core/fesm2022/testing.mjs:1325:26)
	    at TestBedCompiler.queueTypesFromModulesArray (node_modules/@angular/core/fesm2022/testing.mjs:1348:9)
	    at TestBedCompiler.configureTestingModule (node_modules/@angular/core/fesm2022/testing.mjs:856:18)
	    at TestBedImpl.configureTestingModule (node_modules/@angular/core/fesm2022/testing.mjs:1993:23)
	    at TestBedImpl.configureTestingModule (node_modules/@angular/core/fesm2022/testing.mjs:1805:37)
[1A[2K[31mChrome Headless 144.0.0.0 (Windows 10) ChallengeSolvedNotificationComponent should not load countries for FBCTF when configured to hide country details FAILED[39m
	Failed: Errors during JIT compilation of template for ChallengeSolvedNotificationComponent: Unexpected closing tag "span". It may happen when the tag has already been closed by another tag. For more info see https://www.w3.org/TR/html5/syntax.html#closing-elements-that-have-implied-end-tags ("
	          <span>{{notification.country.name}}</span>
	          }
	        [ERROR ->]</span>
	        }
	      </section>
	"): ng:///ChallengeSolvedNotificationComponent/template.html@79:8
	    at parseJitTemplate (node_modules/@angular/compiler/fesm2022/compiler.mjs:32326:15)
	    at CompilerFacadeImpl.compileComponent (node_modules/@angular/compiler/fesm2022/compiler.mjs:32000:52)
	    at ChallengeSolvedNotificationComponent.╔╡cmp (node_modules/@angular/core/fesm2022/debug_node.mjs:30245:47)
	    at getComponentDef (node_modules/@angular/core/fesm2022/testing.mjs:1605:18)
	    at isStandaloneComponent (node_modules/@angular/core/fesm2022/testing.mjs:1601:17)
	    at queueTypesFromModulesArrayRecur (node_modules/@angular/core/fesm2022/testing.mjs:1325:26)
	    at TestBedCompiler.queueTypesFromModulesArray (node_modules/@angular/core/fesm2022/testing.mjs:1348:9)
	    at TestBedCompiler.configureTestingModule (node_modules/@angular/core/fesm2022/testing.mjs:856:18)
	    at TestBedImpl.configureTestingModule (node_modules/@angular/core/fesm2022/testing.mjs:1993:23)
	    at TestBedImpl.configureTestingModule (node_modules/@angular/core/fesm2022/testing.mjs:1805:37)
Chrome Headless 144.0.0.0 (Windows 10): Executed 71 of 767[31m (45 FAILED)[39m (0 secs / 4.078 secs)
Chrome Headless 144.0.0.0 (Windows 10) ChallengeSolvedNotificationComponent should not load countries for FBCTF when configured to hide country details FAILED
	Failed: Errors during JIT compilation of template for ChallengeSolvedNotificationComponent: Unexpected closing tag "span". It may happen when the tag has already been closed by another tag. For more info see https://www.w3.org/TR/html5/syntax.html#closing-elements-that-have-implied-end-tags ("
	          <span>{{notification.country.name}}</span>
	          }
	        [ERROR ->]</span>
	        }
	      </section>
	"): ng:///ChallengeSolvedNotificationComponent/template.html@79:8
	    at parseJitTemplate (node_modules/@angular/compiler/fesm2022/compiler.mjs:32326:15)
	    at CompilerFacadeImpl.compileComponent (node_modules/@angular/compiler/fesm2022/compiler.mjs:32000:52)
	    at ChallengeSolvedNotificationComponent.╔╡cmp (node_modules/@angular/core/fesm2022/debug_node.mjs:30245:47)
	    at getComponentDef (node_modules/@angular/core/fesm2022/testing.mjs:1605:18)
	    at isStandaloneComponent (node_modules/@angular/core/fesm2022/testing.mjs:1601:17)
	    at queueTypesFromModulesArrayRecur (node_modules/@angular/core/fesm2022/testing.mjs:1325:26)
	    at TestBedCompiler.queueTypesFromModulesArray (node_modules/@angular/core/fesm2022/testing.mjs:1348:9)
	    at TestBedCompiler.configureTestingModule (node_modules/@angular/core/fesm2022/testing.mjs:856:18)
	    at TestBedImpl.configureTestingModule (node_modules/@angular/core/fesm2022/testing.mjs:1993:23)
	    at TestBedImpl.configureTestingModule (node_modules/@angular/core/fesm2022/testing.mjs:1805:37)
[1A[2K[31mChrome Headless 144.0.0.0 (Windows 10) ChallengeSolvedNotificationComponent should delete all notifications if the shiftKey was pressed FAILED[39m
	Failed: Errors during JIT compilation of template for ChallengeSolvedNotificationComponent: Unexpected closing tag "span". It may happen when the tag has already been closed by another tag. For more info see https://www.w3.org/TR/html5/syntax.html#closing-elements-that-have-implied-end-tags ("
	          <span>{{notification.country.name}}</span>
	          }
	        [ERROR ->]</span>
	        }
	      </section>
	"): ng:///ChallengeSolvedNotificationComponent/template.html@79:8
	    at parseJitTemplate (node_modules/@angular/compiler/fesm2022/compiler.mjs:32326:15)
	    at CompilerFacadeImpl.compileComponent (node_modules/@angular/compiler/fesm2022/compiler.mjs:32000:52)
	    at ChallengeSolvedNotificationComponent.╔╡cmp (node_modules/@angular/core/fesm2022/debug_node.mjs:30245:47)
	    at getComponentDef (node_modules/@angular/core/fesm2022/testing.mjs:1605:18)
	    at isStandaloneComponent (node_modules/@angular/core/fesm2022/testing.mjs:1601:17)
	    at queueTypesFromModulesArrayRecur (node_modules/@angular/core/fesm2022/testing.mjs:1325:26)
	    at TestBedCompiler.queueTypesFromModulesArray (node_modules/@angular/core/fesm2022/testing.mjs:1348:9)
	    at TestBedCompiler.configureTestingModule (node_modules/@angular/core/fesm2022/testing.mjs:856:18)
	    at TestBedImpl.configureTestingModule (node_modules/@angular/core/fesm2022/testing.mjs:1993:23)
	    at TestBedImpl.configureTestingModule (node_modules/@angular/core/fesm2022/testing.mjs:1805:37)
Chrome Headless 144.0.0.0 (Windows 10): Executed 72 of 767[31m (46 FAILED)[39m (0 secs / 4.08 secs)
Chrome Headless 144.0.0.0 (Windows 10) ChallengeSolvedNotificationComponent should delete all notifications if the shiftKey was pressed FAILED
	Failed: Errors during JIT compilation of template for ChallengeSolvedNotificationComponent: Unexpected closing tag "span". It may happen when the tag has already been closed by another tag. For more info see https://www.w3.org/TR/html5/syntax.html#closing-elements-that-have-implied-end-tags ("
	          <span>{{notification.country.name}}</span>
	          }
	        [ERROR ->]</span>
	        }
	      </section>
	"): ng:///ChallengeSolvedNotificationComponent/template.html@79:8
	    at parseJitTemplate (node_modules/@angular/compiler/fesm2022/compiler.mjs:32326:15)
	    at CompilerFacadeImpl.compileComponent (node_modules/@angular/compiler/fesm2022/compiler.mjs:32000:52)
	    at ChallengeSolvedNotificationComponent.╔╡cmp (node_modules/@angular/core/fesm2022/debug_node.mjs:30245:47)
	    at getComponentDef (node_modules/@angular/core/fesm2022/testing.mjs:1605:18)
	    at isStandaloneComponent (node_modules/@angular/core/fesm2022/testing.mjs:1601:17)
	    at queueTypesFromModulesArrayRecur (node_modules/@angular/core/fesm2022/testing.mjs:1325:26)
	    at TestBedCompiler.queueTypesFromModulesArray (node_modules/@angular/core/fesm2022/testing.mjs:1348:9)
	    at TestBedCompiler.configureTestingModule (node_modules/@angular/core/fesm2022/testing.mjs:856:18)
	    at TestBedImpl.configureTestingModule (node_modules/@angular/core/fesm2022/testing.mjs:1993:23)
	    at TestBedImpl.configureTestingModule (node_modules/@angular/core/fesm2022/testing.mjs:1805:37)
[1A[2K[31mChrome Headless 144.0.0.0 (Windows 10) ChallengeSolvedNotificationComponent should show mapped country for FBCTF when configured accordingly FAILED[39m
	Failed: Errors during JIT compilation of template for ChallengeSolvedNotificationComponent: Unexpected closing tag "span". It may happen when the tag has already been closed by another tag. For more info see https://www.w3.org/TR/html5/syntax.html#closing-elements-that-have-implied-end-tags ("
	          <span>{{notification.country.name}}</span>
	          }
	        [ERROR ->]</span>
	        }
	      </section>
	"): ng:///ChallengeSolvedNotificationComponent/template.html@79:8
	    at parseJitTemplate (node_modules/@angular/compiler/fesm2022/compiler.mjs:32326:15)
	    at CompilerFacadeImpl.compileComponent (node_modules/@angular/compiler/fesm2022/compiler.mjs:32000:52)
	    at ChallengeSolvedNotificationComponent.╔╡cmp (node_modules/@angular/core/fesm2022/debug_node.mjs:30245:47)
	    at getComponentDef (node_modules/@angular/core/fesm2022/testing.mjs:1605:18)
	    at isStandaloneComponent (node_modules/@angular/core/fesm2022/testing.mjs:1601:17)
	    at queueTypesFromModulesArrayRecur (node_modules/@angular/core/fesm2022/testing.mjs:1325:26)
	    at TestBedCompiler.queueTypesFromModulesArray (node_modules/@angular/core/fesm2022/testing.mjs:1348:9)
	    at TestBedCompiler.configureTestingModule (node_modules/@angular/core/fesm2022/testing.mjs:856:18)
	    at TestBedImpl.configureTestingModule (node_modules/@angular/core/fesm2022/testing.mjs:1993:23)
	    at TestBedImpl.configureTestingModule (node_modules/@angular/core/fesm2022/testing.mjs:1805:37)
Chrome Headless 144.0.0.0 (Windows 10): Executed 73 of 767[31m (47 FAILED)[39m (0 secs / 4.082 secs)
Chrome Headless 144.0.0.0 (Windows 10) ChallengeSolvedNotificationComponent should show mapped country for FBCTF when configured accordingly FAILED
	Failed: Errors during JIT compilation of template for ChallengeSolvedNotificationComponent: Unexpected closing tag "span". It may happen when the tag has already been closed by another tag. For more info see https://www.w3.org/TR/html5/syntax.html#closing-elements-that-have-implied-end-tags ("
	          <span>{{notification.country.name}}</span>
	          }
	        [ERROR ->]</span>
	        }
	      </section>
	"): ng:///ChallengeSolvedNotificationComponent/template.html@79:8
	    at parseJitTemplate (node_modules/@angular/compiler/fesm2022/compiler.mjs:32326:15)
	    at CompilerFacadeImpl.compileComponent (node_modules/@angular/compiler/fesm2022/compiler.mjs:32000:52)
	    at ChallengeSolvedNotificationComponent.╔╡cmp (node_modules/@angular/core/fesm2022/debug_node.mjs:30245:47)
	    at getComponentDef (node_modules/@angular/core/fesm2022/testing.mjs:1605:18)
	    at isStandaloneComponent (node_modules/@angular/core/fesm2022/testing.mjs:1601:17)
	    at queueTypesFromModulesArrayRecur (node_modules/@angular/core/fesm2022/testing.mjs:1325:26)
	    at TestBedCompiler.queueTypesFromModulesArray (node_modules/@angular/core/fesm2022/testing.mjs:1348:9)
	    at TestBedCompiler.configureTestingModule (node_modules/@angular/core/fesm2022/testing.mjs:856:18)
	    at TestBedImpl.configureTestingModule (node_modules/@angular/core/fesm2022/testing.mjs:1993:23)
	    at TestBedImpl.configureTestingModule (node_modules/@angular/core/fesm2022/testing.mjs:1805:37)
[1A[2K[31mChrome Headless 144.0.0.0 (Windows 10) ChallengeSolvedNotificationComponent should delete notifictions FAILED[39m
	Failed: Errors during JIT compilation of template for ChallengeSolvedNotificationComponent: Unexpected closing tag "span". It may happen when the tag has already been closed by another tag. For more info see https://www.w3.org/TR/html5/syntax.html#closing-elements-that-have-implied-end-tags ("
	          <span>{{notification.country.name}}</span>
	          }
	        [ERROR ->]</span>
	        }
	      </section>
	"): ng:///ChallengeSolvedNotificationComponent/template.html@79:8
	    at parseJitTemplate (node_modules/@angular/compiler/fesm2022/compiler.mjs:32326:15)
	    at CompilerFacadeImpl.compileComponent (node_modules/@angular/compiler/fesm2022/compiler.mjs:32000:52)
	    at ChallengeSolvedNotificationComponent.╔╡cmp (node_modules/@angular/core/fesm2022/debug_node.mjs:30245:47)
	    at getComponentDef (node_modules/@angular/core/fesm2022/testing.mjs:1605:18)
	    at isStandaloneComponent (node_modules/@angular/core/fesm2022/testing.mjs:1601:17)
	    at queueTypesFromModulesArrayRecur (node_modules/@angular/core/fesm2022/testing.mjs:1325:26)
	    at TestBedCompiler.queueTypesFromModulesArray (node_modules/@angular/core/fesm2022/testing.mjs:1348:9)
	    at TestBedCompiler.configureTestingModule (node_modules/@angular/core/fesm2022/testing.mjs:856:18)
	    at TestBedImpl.configureTestingModule (node_modules/@angular/core/fesm2022/testing.mjs:1993:23)
	    at TestBedImpl.configureTestingModule (node_modules/@angular/core/fesm2022/testing.mjs:1805:37)
Chrome Headless 144.0.0.0 (Windows 10): Executed 74 of 767[31m (48 FAILED)[39m (0 secs / 4.086 secs)
Chrome Headless 144.0.0.0 (Windows 10) ChallengeSolvedNotificationComponent should delete notifictions FAILED
	Failed: Errors during JIT compilation of template for ChallengeSolvedNotificationComponent: Unexpected closing tag "span". It may happen when the tag has already been closed by another tag. For more info see https://www.w3.org/TR/html5/syntax.html#closing-elements-that-have-implied-end-tags ("
	          <span>{{notification.country.name}}</span>
	          }
	        [ERROR ->]</span>
	        }
	      </section>
	"): ng:///ChallengeSolvedNotificationComponent/template.html@79:8
	    at parseJitTemplate (node_modules/@angular/compiler/fesm2022/compiler.mjs:32326:15)
	    at CompilerFacadeImpl.compileComponent (node_modules/@angular/compiler/fesm2022/compiler.mjs:32000:52)
	    at ChallengeSolvedNotificationComponent.╔╡cmp (node_modules/@angular/core/fesm2022/debug_node.mjs:30245:47)
	    at getComponentDef (node_modules/@angular/core/fesm2022/testing.mjs:1605:18)
	    at isStandaloneComponent (node_modules/@angular/core/fesm2022/testing.mjs:1601:17)
	    at queueTypesFromModulesArrayRecur (node_modules/@angular/core/fesm2022/testing.mjs:1325:26)
	    at TestBedCompiler.queueTypesFromModulesArray (node_modules/@angular/core/fesm2022/testing.mjs:1348:9)
	    at TestBedCompiler.configureTestingModule (node_modules/@angular/core/fesm2022/testing.mjs:856:18)
	    at TestBedImpl.configureTestingModule (node_modules/@angular/core/fesm2022/testing.mjs:1993:23)
	    at TestBedImpl.configureTestingModule (node_modules/@angular/core/fesm2022/testing.mjs:1805:37)
[1A[2K[31mChrome Headless 144.0.0.0 (Windows 10) ChallengeSolvedNotificationComponent should show CTF flag codes if configured accordingly FAILED[39m
	Failed: Errors during JIT compilation of template for ChallengeSolvedNotificationComponent: Unexpected closing tag "span". It may happen when the tag has already been closed by another tag. For more info see https://www.w3.org/TR/html5/syntax.html#closing-elements-that-have-implied-end-tags ("
	          <span>{{notification.country.name}}</span>
	          }
	        [ERROR ->]</span>
	        }
	      </section>
	"): ng:///ChallengeSolvedNotificationComponent/template.html@79:8
	    at parseJitTemplate (node_modules/@angular/compiler/fesm2022/compiler.mjs:32326:15)
	    at CompilerFacadeImpl.compileComponent (node_modules/@angular/compiler/fesm2022/compiler.mjs:32000:52)
	    at ChallengeSolvedNotificationComponent.╔╡cmp (node_modules/@angular/core/fesm2022/debug_node.mjs:30245:47)
	    at getComponentDef (node_modules/@angular/core/fesm2022/testing.mjs:1605:18)
	    at isStandaloneComponent (node_modules/@angular/core/fesm2022/testing.mjs:1601:17)
	    at queueTypesFromModulesArrayRecur (node_modules/@angular/core/fesm2022/testing.mjs:1325:26)
	    at TestBedCompiler.queueTypesFromModulesArray (node_modules/@angular/core/fesm2022/testing.mjs:1348:9)
	    at TestBedCompiler.configureTestingModule (node_modules/@angular/core/fesm2022/testing.mjs:856:18)
	    at TestBedImpl.configureTestingModule (node_modules/@angular/core/fesm2022/testing.mjs:1993:23)
	    at TestBedImpl.configureTestingModule (node_modules/@angular/core/fesm2022/testing.mjs:1805:37)
Chrome Headless 144.0.0.0 (Windows 10): Executed 75 of 767[31m (49 FAILED)[39m (0 secs / 4.089 secs)
Chrome Headless 144.0.0.0 (Windows 10) ChallengeSolvedNotificationComponent should show CTF flag codes if configured accordingly FAILED
	Failed: Errors during JIT compilation of template for ChallengeSolvedNotificationComponent: Unexpected closing tag "span". It may happen when the tag has already been closed by another tag. For more info see https://www.w3.org/TR/html5/syntax.html#closing-elements-that-have-implied-end-tags ("
	          <span>{{notification.country.name}}</span>
	          }
	        [ERROR ->]</span>
	        }
	      </section>
	"): ng:///ChallengeSolvedNotificationComponent/template.html@79:8
	    at parseJitTemplate (node_modules/@angular/compiler/fesm2022/compiler.mjs:32326:15)
	    at CompilerFacadeImpl.compileComponent (node_modules/@angular/compiler/fesm2022/compiler.mjs:32000:52)
	    at ChallengeSolvedNotificationComponent.╔╡cmp (node_modules/@angular/core/fesm2022/debug_node.mjs:30245:47)
	    at getComponentDef (node_modules/@angular/core/fesm2022/testing.mjs:1605:18)
	    at isStandaloneComponent (node_modules/@angular/core/fesm2022/testing.mjs:1601:17)
	    at queueTypesFromModulesArrayRecur (node_modules/@angular/core/fesm2022/testing.mjs:1325:26)
	    at TestBedCompiler.queueTypesFromModulesArray (node_modules/@angular/core/fesm2022/testing.mjs:1348:9)
	    at TestBedCompiler.configureTestingModule (node_modules/@angular/core/fesm2022/testing.mjs:856:18)
	    at TestBedImpl.configureTestingModule (node_modules/@angular/core/fesm2022/testing.mjs:1993:23)
	    at TestBedImpl.configureTestingModule (node_modules/@angular/core/fesm2022/testing.mjs:1805:37)
[1A[2K[31mChrome Headless 144.0.0.0 (Windows 10) ChallengeSolvedNotificationComponent should not attempt to copy when navigator.clipboard is unavailable FAILED[39m
	Failed: Errors during JIT compilation of template for ChallengeSolvedNotificationComponent: Unexpected closing tag "span". It may happen when the tag has already been closed by another tag. For more info see https://www.w3.org/TR/html5/syntax.html#closing-elements-that-have-implied-end-tags ("
	          <span>{{notification.country.name}}</span>
	          }
	        [ERROR ->]</span>
	        }
	      </section>
	"): ng:///ChallengeSolvedNotificationComponent/template.html@79:8
	    at parseJitTemplate (node_modules/@angular/compiler/fesm2022/compiler.mjs:32326:15)
	    at CompilerFacadeImpl.compileComponent (node_modules/@angular/compiler/fesm2022/compiler.mjs:32000:52)
	    at ChallengeSolvedNotificationComponent.╔╡cmp (node_modules/@angular/core/fesm2022/debug_node.mjs:30245:47)
	    at getComponentDef (node_modules/@angular/core/fesm2022/testing.mjs:1605:18)
	    at isStandaloneComponent (node_modules/@angular/core/fesm2022/testing.mjs:1601:17)
	    at queueTypesFromModulesArrayRecur (node_modules/@angular/core/fesm2022/testing.mjs:1325:26)
	    at TestBedCompiler.queueTypesFromModulesArray (node_modules/@angular/core/fesm2022/testing.mjs:1348:9)
	    at TestBedCompiler.configureTestingModule (node_modules/@angular/core/fesm2022/testing.mjs:856:18)
	    at TestBedImpl.configureTestingModule (node_modules/@angular/core/fesm2022/testing.mjs:1993:23)
	    at TestBedImpl.configureTestingModule (node_modules/@angular/core/fesm2022/testing.mjs:1805:37)
Chrome Headless 144.0.0.0 (Windows 10): Executed 76 of 767[31m (50 FAILED)[39m (0 secs / 4.09 secs)
Chrome Headless 144.0.0.0 (Windows 10) ChallengeSolvedNotificationComponent should not attempt to copy when navigator.clipboard is unavailable FAILED
	Failed: Errors during JIT compilation of template for ChallengeSolvedNotificationComponent: Unexpected closing tag "span". It may happen when the tag has already been closed by another tag. For more info see https://www.w3.org/TR/html5/syntax.html#closing-elements-that-have-implied-end-tags ("
	          <span>{{notification.country.name}}</span>
	          }
	        [ERROR ->]</span>
	        }
	      </section>
	"): ng:///ChallengeSolvedNotificationComponent/template.html@79:8
	    at parseJitTemplate (node_modules/@angular/compiler/fesm2022/compiler.mjs:32326:15)
	    at CompilerFacadeImpl.compileComponent (node_modules/@angular/compiler/fesm2022/compiler.mjs:32000:52)
	    at ChallengeSolvedNotificationComponent.╔╡cmp (node_modules/@angular/core/fesm2022/debug_node.mjs:30245:47)
	    at getComponentDef (node_modules/@angular/core/fesm2022/testing.mjs:1605:18)
	    at isStandaloneComponent (node_modules/@angular/core/fesm2022/testing.mjs:1601:17)
	    at queueTypesFromModulesArrayRecur (node_modules/@angular/core/fesm2022/testing.mjs:1325:26)
	    at TestBedCompiler.queueTypesFromModulesArray (node_modules/@angular/core/fesm2022/testing.mjs:1348:9)
	    at TestBedCompiler.configureTestingModule (node_modules/@angular/core/fesm2022/testing.mjs:856:18)
	    at TestBedImpl.configureTestingModule (node_modules/@angular/core/fesm2022/testing.mjs:1993:23)
	    at TestBedImpl.configureTestingModule (node_modules/@angular/core/fesm2022/testing.mjs:1805:37)
[1A[2K[31mChrome Headless 144.0.0.0 (Windows 10) ChallengeSolvedNotificationComponent should copy text to clipboard when navigator.clipboard is available FAILED[39m
	Failed: Errors during JIT compilation of template for ChallengeSolvedNotificationComponent: Unexpected closing tag "span". It may happen when the tag has already been closed by another tag. For more info see https://www.w3.org/TR/html5/syntax.html#closing-elements-that-have-implied-end-tags ("
	          <span>{{notification.country.name}}</span>
	          }
	        [ERROR ->]</span>
	        }
	      </section>
	"): ng:///ChallengeSolvedNotificationComponent/template.html@79:8
	    at parseJitTemplate (node_modules/@angular/compiler/fesm2022/compiler.mjs:32326:15)
	    at CompilerFacadeImpl.compileComponent (node_modules/@angular/compiler/fesm2022/compiler.mjs:32000:52)
	    at ChallengeSolvedNotificationComponent.╔╡cmp (node_modules/@angular/core/fesm2022/debug_node.mjs:30245:47)
	    at getComponentDef (node_modules/@angular/core/fesm2022/testing.mjs:1605:18)
	    at isStandaloneComponent (node_modules/@angular/core/fesm2022/testing.mjs:1601:17)
	    at queueTypesFromModulesArrayRecur (node_modules/@angular/core/fesm2022/testing.mjs:1325:26)
	    at TestBedCompiler.queueTypesFromModulesArray (node_modules/@angular/core/fesm2022/testing.mjs:1348:9)
	    at TestBedCompiler.configureTestingModule (node_modules/@angular/core/fesm2022/testing.mjs:856:18)
	    at TestBedImpl.configureTestingModule (node_modules/@angular/core/fesm2022/testing.mjs:1993:23)
	    at TestBedImpl.configureTestingModule (node_modules/@angular/core/fesm2022/testing.mjs:1805:37)
Chrome Headless 144.0.0.0 (Windows 10): Executed 77 of 767[31m (51 FAILED)[39m (0 secs / 4.091 secs)
Chrome Headless 144.0.0.0 (Windows 10) ChallengeSolvedNotificationComponent should copy text to clipboard when navigator.clipboard is available FAILED
	Failed: Errors during JIT compilation of template for ChallengeSolvedNotificationComponent: Unexpected closing tag "span". It may happen when the tag has already been closed by another tag. For more info see https://www.w3.org/TR/html5/syntax.html#closing-elements-that-have-implied-end-tags ("
	          <span>{{notification.country.name}}</span>
	          }
	        [ERROR ->]</span>
	        }
	      </section>
	"): ng:///ChallengeSolvedNotificationComponent/template.html@79:8
	    at parseJitTemplate (node_modules/@angular/compiler/fesm2022/compiler.mjs:32326:15)
	    at CompilerFacadeImpl.compileComponent (node_modules/@angular/compiler/fesm2022/compiler.mjs:32000:52)
	    at ChallengeSolvedNotificationComponent.╔╡cmp (node_modules/@angular/core/fesm2022/debug_node.mjs:30245:47)
	    at getComponentDef (node_modules/@angular/core/fesm2022/testing.mjs:1605:18)
	    at isStandaloneComponent (node_modules/@angular/core/fesm2022/testing.mjs:1601:17)
	    at queueTypesFromModulesArrayRecur (node_modules/@angular/core/fesm2022/testing.mjs:1325:26)
	    at TestBedCompiler.queueTypesFromModulesArray (node_modules/@angular/core/fesm2022/testing.mjs:1348:9)
	    at TestBedCompiler.configureTestingModule (node_modules/@angular/core/fesm2022/testing.mjs:856:18)
	    at TestBedImpl.configureTestingModule (node_modules/@angular/core/fesm2022/testing.mjs:1993:23)
	    at TestBedImpl.configureTestingModule (node_modules/@angular/core/fesm2022/testing.mjs:1805:37)
[1A[2K[31mChrome Headless 144.0.0.0 (Windows 10) ChallengeSolvedNotificationComponent should hide FBCTF-specific country details by default FAILED[39m
	Failed: Errors during JIT compilation of template for ChallengeSolvedNotificationComponent: Unexpected closing tag "span". It may happen when the tag has already been closed by another tag. For more info see https://www.w3.org/TR/html5/syntax.html#closing-elements-that-have-implied-end-tags ("
	          <span>{{notification.country.name}}</span>
	          }
	        [ERROR ->]</span>
	        }
	      </section>
	"): ng:///ChallengeSolvedNotificationComponent/template.html@79:8
	    at parseJitTemplate (node_modules/@angular/compiler/fesm2022/compiler.mjs:32326:15)
	    at CompilerFacadeImpl.compileComponent (node_modules/@angular/compiler/fesm2022/compiler.mjs:32000:52)
	    at ChallengeSolvedNotificationComponent.╔╡cmp (node_modules/@angular/core/fesm2022/debug_node.mjs:30245:47)
	    at getComponentDef (node_modules/@angular/core/fesm2022/testing.mjs:1605:18)
	    at isStandaloneComponent (node_modules/@angular/core/fesm2022/testing.mjs:1601:17)
	    at queueTypesFromModulesArrayRecur (node_modules/@angular/core/fesm2022/testing.mjs:1325:26)
	    at TestBedCompiler.queueTypesFromModulesArray (node_modules/@angular/core/fesm2022/testing.mjs:1348:9)
	    at TestBedCompiler.configureTestingModule (node_modules/@angular/core/fesm2022/testing.mjs:856:18)
	    at TestBedImpl.configureTestingModule (node_modules/@angular/core/fesm2022/testing.mjs:1993:23)
	    at TestBedImpl.configureTestingModule (node_modules/@angular/core/fesm2022/testing.mjs:1805:37)
Chrome Headless 144.0.0.0 (Windows 10): Executed 78 of 767[31m (52 FAILED)[39m (0 secs / 4.092 secs)
Chrome Headless 144.0.0.0 (Windows 10) ChallengeSolvedNotificationComponent should hide FBCTF-specific country details by default FAILED
	Failed: Errors during JIT compilation of template for ChallengeSolvedNotificationComponent: Unexpected closing tag "span". It may happen when the tag has already been closed by another tag. For more info see https://www.w3.org/TR/html5/syntax.html#closing-elements-that-have-implied-end-tags ("
	          <span>{{notification.country.name}}</span>
	          }
	        [ERROR ->]</span>
	        }
	      </section>
	"): ng:///ChallengeSolvedNotificationComponent/template.html@79:8
	    at parseJitTemplate (node_modules/@angular/compiler/fesm2022/compiler.mjs:32326:15)
	    at CompilerFacadeImpl.compileComponent (node_modules/@angular/compiler/fesm2022/compiler.mjs:32000:52)
	    at ChallengeSolvedNotificationComponent.╔╡cmp (node_modules/@angular/core/fesm2022/debug_node.mjs:30245:47)
	    at getComponentDef (node_modules/@angular/core/fesm2022/testing.mjs:1605:18)
	    at isStandaloneComponent (node_modules/@angular/core/fesm2022/testing.mjs:1601:17)
	    at queueTypesFromModulesArrayRecur (node_modules/@angular/core/fesm2022/testing.mjs:1325:26)
	    at TestBedCompiler.queueTypesFromModulesArray (node_modules/@angular/core/fesm2022/testing.mjs:1348:9)
	    at TestBedCompiler.configureTestingModule (node_modules/@angular/core/fesm2022/testing.mjs:856:18)
	    at TestBedImpl.configureTestingModule (node_modules/@angular/core/fesm2022/testing.mjs:1993:23)
	    at TestBedImpl.configureTestingModule (node_modules/@angular/core/fesm2022/testing.mjs:1805:37)
[1A[2K[31mChrome Headless 144.0.0.0 (Windows 10) ChallengeSolvedNotificationComponent should hide CTF flag codes if configured accordingly FAILED[39m
	Failed: Errors during JIT compilation of template for ChallengeSolvedNotificationComponent: Unexpected closing tag "span". It may happen when the tag has already been closed by another tag. For more info see https://www.w3.org/TR/html5/syntax.html#closing-elements-that-have-implied-end-tags ("
	          <span>{{notification.country.name}}</span>
	          }
	        [ERROR ->]</span>
	        }
	      </section>
	"): ng:///ChallengeSolvedNotificationComponent/template.html@79:8
	    at parseJitTemplate (node_modules/@angular/compiler/fesm2022/compiler.mjs:32326:15)
	    at CompilerFacadeImpl.compileComponent (node_modules/@angular/compiler/fesm2022/compiler.mjs:32000:52)
	    at ChallengeSolvedNotificationComponent.╔╡cmp (node_modules/@angular/core/fesm2022/debug_node.mjs:30245:47)
	    at getComponentDef (node_modules/@angular/core/fesm2022/testing.mjs:1605:18)
	    at isStandaloneComponent (node_modules/@angular/core/fesm2022/testing.mjs:1601:17)
	    at queueTypesFromModulesArrayRecur (node_modules/@angular/core/fesm2022/testing.mjs:1325:26)
	    at TestBedCompiler.queueTypesFromModulesArray (node_modules/@angular/core/fesm2022/testing.mjs:1348:9)
	    at TestBedCompiler.configureTestingModule (node_modules/@angular/core/fesm2022/testing.mjs:856:18)
	    at TestBedImpl.configureTestingModule (node_modules/@angular/core/fesm2022/testing.mjs:1993:23)
	    at TestBedImpl.configureTestingModule (node_modules/@angular/core/fesm2022/testing.mjs:1805:37)
Chrome Headless 144.0.0.0 (Windows 10): Executed 79 of 767[31m (53 FAILED)[39m (0 secs / 4.094 secs)
Chrome Headless 144.0.0.0 (Windows 10) ChallengeSolvedNotificationComponent should hide CTF flag codes if configured accordingly FAILED
	Failed: Errors during JIT compilation of template for ChallengeSolvedNotificationComponent: Unexpected closing tag "span". It may happen when the tag has already been closed by another tag. For more info see https://www.w3.org/TR/html5/syntax.html#closing-elements-that-have-implied-end-tags ("
	          <span>{{notification.country.name}}</span>
	          }
	        [ERROR ->]</span>
	        }
	      </section>
	"): ng:///ChallengeSolvedNotificationComponent/template.html@79:8
	    at parseJitTemplate (node_modules/@angular/compiler/fesm2022/compiler.mjs:32326:15)
	    at CompilerFacadeImpl.compileComponent (node_modules/@angular/compiler/fesm2022/compiler.mjs:32000:52)
	    at ChallengeSolvedNotificationComponent.╔╡cmp (node_modules/@angular/core/fesm2022/debug_node.mjs:30245:47)
	    at getComponentDef (node_modules/@angular/core/fesm2022/testing.mjs:1605:18)
	    at isStandaloneComponent (node_modules/@angular/core/fesm2022/testing.mjs:1601:17)
	    at queueTypesFromModulesArrayRecur (node_modules/@angular/core/fesm2022/testing.mjs:1325:26)
	    at TestBedCompiler.queueTypesFromModulesArray (node_modules/@angular/core/fesm2022/testing.mjs:1348:9)
	    at TestBedCompiler.configureTestingModule (node_modules/@angular/core/fesm2022/testing.mjs:856:18)
	    at TestBedImpl.configureTestingModule (node_modules/@angular/core/fesm2022/testing.mjs:1993:23)
	    at TestBedImpl.configureTestingModule (node_modules/@angular/core/fesm2022/testing.mjs:1805:37)
[1A[2KChrome Headless 144.0.0.0 (Windows 10): Executed 80 of 767[31m (53 FAILED)[39m (0 secs / 4.112 secs)
[1A[2KChrome Headless 144.0.0.0 (Windows 10): Executed 81 of 767[31m (53 FAILED)[39m (0 secs / 4.139 secs)
[1A[2KChrome Headless 144.0.0.0 (Windows 10): Executed 82 of 767[31m (53 FAILED)[39m (0 secs / 4.146 secs)
[1A[2KChrome Headless 144.0.0.0 (Windows 10): Executed 83 of 767[31m (53 FAILED)[39m (0 secs / 4.151 secs)
[1A[2KChrome Headless 144.0.0.0 (Windows 10): Executed 84 of 767[31m (53 FAILED)[39m (0 secs / 4.156 secs)
[1A[2KChrome Headless 144.0.0.0 (Windows 10): Executed 85 of 767[31m (53 FAILED)[39m (0 secs / 4.162 secs)
[1A[2KChrome Headless 144.0.0.0 (Windows 10): Executed 86 of 767[31m (53 FAILED)[39m (0 secs / 4.168 secs)
[1A[2KChrome Headless 144.0.0.0 (Windows 10): Executed 87 of 767[31m (53 FAILED)[39m (0 secs / 4.175 secs)
[1A[2KWARN: [36m'Could not find Element with fixture "app-navbar"'[39m
Chrome Headless 144.0.0.0 (Windows 10): Executed 87 of 767[31m (53 FAILED)[39m (0 secs / 4.175 secs)
WARN: 'Could not find Element with fixture "app-navbar"'
[1A[2KWARN: [36m'Could not find Element with fixture "app-navbar"'[39m
Chrome Headless 144.0.0.0 (Windows 10): Executed 87 of 767[31m (53 FAILED)[39m (0 secs / 4.175 secs)
WARN: 'Could not find Element with fixture "app-navbar"'
[1A[2KWARN: [36m'Could not find Element with fixture "app-navbar"'[39m
Chrome Headless 144.0.0.0 (Windows 10): Executed 87 of 767[31m (53 FAILED)[39m (0 secs / 4.175 secs)
WARN: 'Could not find Element with fixture "app-navbar"'
[1A[2KWARN: [36m'Could not find Element with fixture "app-navbar"'[39m
Chrome Headless 144.0.0.0 (Windows 10): Executed 87 of 767[31m (53 FAILED)[39m (0 secs / 4.175 secs)
WARN: 'Could not find Element with fixture "app-navbar"'
[1A[2KWARN: [36m'Could not find Element with fixture "app-navbar"'[39m
Chrome Headless 144.0.0.0 (Windows 10): Executed 87 of 767[31m (53 FAILED)[39m (0 secs / 4.175 secs)
WARN: 'Could not find Element with fixture "app-navbar"'
[1A[2KWARN: [36m'Could not find Element with fixture "app-score-board"'[39m
Chrome Headless 144.0.0.0 (Windows 10): Executed 87 of 767[31m (53 FAILED)[39m (0 secs / 4.175 secs)
WARN: 'Could not find Element with fixture "app-score-board"'
[1A[2KChrome Headless 144.0.0.0 (Windows 10): Executed 88 of 767[31m (53 FAILED)[39m (0 secs / 4.227 secs)
[1A[2KChrome Headless 144.0.0.0 (Windows 10): Executed 89 of 767[31m (53 FAILED)[39m (0 secs / 4.243 secs)
[1A[2KChrome Headless 144.0.0.0 (Windows 10): Executed 90 of 767[31m (53 FAILED)[39m (0 secs / 4.262 secs)
[1A[2KChrome Headless 144.0.0.0 (Windows 10): Executed 91 of 767[31m (53 FAILED)[39m (0 secs / 4.277 secs)
[1A[2KChrome Headless 144.0.0.0 (Windows 10): Executed 92 of 767[31m (53 FAILED)[39m (0 secs / 4.291 secs)
[1A[2KChrome Headless 144.0.0.0 (Windows 10): Executed 93 of 767[31m (53 FAILED)[39m (0 secs / 4.306 secs)
[1A[2KChrome Headless 144.0.0.0 (Windows 10): Executed 94 of 767[31m (53 FAILED)[39m (0 secs / 4.324 secs)
[1A[2KChrome Headless 144.0.0.0 (Windows 10): Executed 95 of 767[31m (53 FAILED)[39m (0 secs / 4.34 secs)
[1A[2KChrome Headless 144.0.0.0 (Windows 10): Executed 96 of 767[31m (53 FAILED)[39m (0 secs / 4.358 secs)
[1A[2KChrome Headless 144.0.0.0 (Windows 10): Executed 97 of 767[31m (53 FAILED)[39m (0 secs / 4.373 secs)
[1A[2KChrome Headless 144.0.0.0 (Windows 10): Executed 98 of 767[31m (53 FAILED)[39m (0 secs / 4.389 secs)
[1A[2KChrome Headless 144.0.0.0 (Windows 10): Executed 99 of 767[31m (53 FAILED)[39m (0 secs / 4.404 secs)
[1A[2KChrome Headless 144.0.0.0 (Windows 10): Executed 100 of 767[31m (53 FAILED)[39m (0 secs / 4.418 secs)
[1A[2KChrome Headless 144.0.0.0 (Windows 10): Executed 101 of 767[31m (53 FAILED)[39m (0 secs / 4.433 secs)
[1A[2KChrome Headless 144.0.0.0 (Windows 10): Executed 102 of 767[31m (53 FAILED)[39m (0 secs / 4.446 secs)
[1A[2KChrome Headless 144.0.0.0 (Windows 10): Executed 103 of 767[31m (53 FAILED)[39m (0 secs / 4.45 secs)
[1A[2KChrome Headless 144.0.0.0 (Windows 10): Executed 104 of 767[31m (53 FAILED)[39m (0 secs / 4.453 secs)
[1A[2KChrome Headless 144.0.0.0 (Windows 10): Executed 105 of 767[31m (53 FAILED)[39m (0 secs / 4.458 secs)
[1A[2KChrome Headless 144.0.0.0 (Windows 10): Executed 106 of 767[31m (53 FAILED)[39m (0 secs / 4.463 secs)
[1A[2KChrome Headless 144.0.0.0 (Windows 10): Executed 107 of 767[31m (53 FAILED)[39m (0 secs / 4.466 secs)
[1A[2KChrome Headless 144.0.0.0 (Windows 10): Executed 108 of 767[31m (53 FAILED)[39m (0 secs / 4.473 secs)
[1A[2KChrome Headless 144.0.0.0 (Windows 10): Executed 109 of 767[31m (53 FAILED)[39m (skipped 2) (0 secs / 4.477 secs)
[1A[2KChrome Headless 144.0.0.0 (Windows 10): Executed 110 of 767[31m (53 FAILED)[39m (skipped 2) (0 secs / 4.479 secs)
[1A[2KChrome Headless 144.0.0.0 (Windows 10): Executed 111 of 767[31m (53 FAILED)[39m (skipped 2) (0 secs / 4.48 secs)
[1A[2KChrome Headless 144.0.0.0 (Windows 10): Executed 112 of 767[31m (53 FAILED)[39m (skipped 2) (0 secs / 4.483 secs)
[1A[2KChrome Headless 144.0.0.0 (Windows 10): Executed 113 of 767[31m (53 FAILED)[39m (skipped 2) (0 secs / 4.484 secs)
[1A[2KChrome Headless 144.0.0.0 (Windows 10): Executed 114 of 767[31m (53 FAILED)[39m (skipped 2) (0 secs / 4.496 secs)
[1A[2KChrome Headless 144.0.0.0 (Windows 10): Executed 115 of 767[31m (53 FAILED)[39m (skipped 2) (0 secs / 4.5 secs)
[1A[2KChrome Headless 144.0.0.0 (Windows 10): Executed 116 of 767[31m (53 FAILED)[39m (skipped 2) (0 secs / 4.506 secs)
[1A[2KChrome Headless 144.0.0.0 (Windows 10): Executed 117 of 767[31m (53 FAILED)[39m (skipped 2) (0 secs / 4.512 secs)
[1A[2KChrome Headless 144.0.0.0 (Windows 10): Executed 118 of 767[31m (53 FAILED)[39m (skipped 2) (0 secs / 4.517 secs)
[1A[2KChrome Headless 144.0.0.0 (Windows 10): Executed 119 of 767[31m (53 FAILED)[39m (skipped 2) (0 secs / 4.523 secs)
[1A[2KChrome Headless 144.0.0.0 (Windows 10): Executed 120 of 767[31m (53 FAILED)[39m (skipped 2) (0 secs / 4.528 secs)
[1A[2KChrome Headless 144.0.0.0 (Windows 10): Executed 121 of 767[31m (53 FAILED)[39m (skipped 2) (0 secs / 4.542 secs)
[1A[2KChrome Headless 144.0.0.0 (Windows 10): Executed 122 of 767[31m (53 FAILED)[39m (skipped 2) (0 secs / 4.545 secs)
[1A[2KChrome Headless 144.0.0.0 (Windows 10): Executed 123 of 767[31m (53 FAILED)[39m (skipped 2) (0 secs / 4.549 secs)
[1A[2KChrome Headless 144.0.0.0 (Windows 10): Executed 124 of 767[31m (53 FAILED)[39m (skipped 2) (0 secs / 4.574 secs)
[33m19 01 2026 21:08:44.367:WARN [web-server]: [39m404: /_karma_webpack_/assets/public/images/ChatbotAvatar.png
[1A[2KChrome Headless 144.0.0.0 (Windows 10): Executed 125 of 767[31m (53 FAILED)[39m (skipped 2) (0 secs / 4.587 secs)
[33m19 01 2026 21:08:44.380:WARN [web-server]: [39m404: /_karma_webpack_/assets/public/images/ChatbotAvatar.png
[1A[2KChrome Headless 144.0.0.0 (Windows 10): Executed 126 of 767[31m (53 FAILED)[39m (skipped 2) (0 secs / 4.596 secs)
[1A[2KChrome Headless 144.0.0.0 (Windows 10): Executed 127 of 767[31m (53 FAILED)[39m (skipped 2) (0 secs / 4.605 secs)
[33m19 01 2026 21:08:44.408:WARN [web-server]: [39m404: /_karma_webpack_/assets/public/images/ChatbotAvatar.png
[1A[2KChrome Headless 144.0.0.0 (Windows 10): Executed 128 of 767[31m (53 FAILED)[39m (skipped 2) (0 secs / 4.616 secs)
[1A[2KChrome Headless 144.0.0.0 (Windows 10): Executed 129 of 767[31m (53 FAILED)[39m (skipped 2) (0 secs / 4.618 secs)
[1A[2KChrome Headless 144.0.0.0 (Windows 10): Executed 130 of 767[31m (53 FAILED)[39m (skipped 2) (0 secs / 4.619 secs)
[1A[2KChrome Headless 144.0.0.0 (Windows 10): Executed 131 of 767[31m (53 FAILED)[39m (skipped 2) (0 secs / 4.62 secs)
[1A[2KChrome Headless 144.0.0.0 (Windows 10): Executed 132 of 767[31m (53 FAILED)[39m (skipped 2) (0 secs / 4.621 secs)
[1A[2KChrome Headless 144.0.0.0 (Windows 10): Executed 133 of 767[31m (53 FAILED)[39m (skipped 2) (0 secs / 4.623 secs)
[1A[2KChrome Headless 144.0.0.0 (Windows 10): Executed 134 of 767[31m (53 FAILED)[39m (skipped 2) (0 secs / 4.624 secs)
[1A[2KChrome Headless 144.0.0.0 (Windows 10): Executed 135 of 767[31m (53 FAILED)[39m (skipped 2) (0 secs / 4.625 secs)
[1A[2KChrome Headless 144.0.0.0 (Windows 10): Executed 136 of 767[31m (53 FAILED)[39m (skipped 2) (0 secs / 4.628 secs)
[1A[2KERROR: [36m'[HLJS] ', 'Highlight.js library was not imported!'[39m
Chrome Headless 144.0.0.0 (Windows 10): Executed 136 of 767[31m (53 FAILED)[39m (skipped 2) (0 secs / 4.628 secs)
ERROR: '[HLJS] ', 'Highlight.js library was not imported!'
[1A[2KChrome Headless 144.0.0.0 (Windows 10): Executed 137 of 767[31m (53 FAILED)[39m (skipped 2) (0 secs / 4.637 secs)
[1A[2KERROR: [36m'[HLJS] ', 'Highlight.js library was not imported!'[39m
Chrome Headless 144.0.0.0 (Windows 10): Executed 137 of 767[31m (53 FAILED)[39m (skipped 2) (0 secs / 4.637 secs)
ERROR: '[HLJS] ', 'Highlight.js library was not imported!'
[1A[2KChrome Headless 144.0.0.0 (Windows 10): Executed 138 of 767[31m (53 FAILED)[39m (skipped 2) (0 secs / 4.64 secs)
[1A[2KERROR: [36m'[HLJS] ', 'Highlight.js library was not imported!'[39m
Chrome Headless 144.0.0.0 (Windows 10): Executed 138 of 767[31m (53 FAILED)[39m (skipped 2) (0 secs / 4.64 secs)
ERROR: '[HLJS] ', 'Highlight.js library was not imported!'
[1A[2KChrome Headless 144.0.0.0 (Windows 10): Executed 139 of 767[31m (53 FAILED)[39m (skipped 2) (0 secs / 4.644 secs)
[1A[2KERROR: [36m'[HLJS] ', 'Highlight.js library was not imported!'[39m
Chrome Headless 144.0.0.0 (Windows 10): Executed 139 of 767[31m (53 FAILED)[39m (skipped 2) (0 secs / 4.644 secs)
ERROR: '[HLJS] ', 'Highlight.js library was not imported!'
[1A[2KChrome Headless 144.0.0.0 (Windows 10): Executed 140 of 767[31m (53 FAILED)[39m (skipped 2) (0 secs / 4.647 secs)
[1A[2KERROR: [36m'[HLJS] ', 'Highlight.js library was not imported!'[39m
Chrome Headless 144.0.0.0 (Windows 10): Executed 140 of 767[31m (53 FAILED)[39m (skipped 2) (0 secs / 4.647 secs)
ERROR: '[HLJS] ', 'Highlight.js library was not imported!'
[1A[2KChrome Headless 144.0.0.0 (Windows 10): Executed 141 of 767[31m (53 FAILED)[39m (skipped 2) (0 secs / 4.649 secs)
[1A[2KChrome Headless 144.0.0.0 (Windows 10): Executed 142 of 767[31m (53 FAILED)[39m (skipped 2) (0 secs / 4.66 secs)
[1A[2KChrome Headless 144.0.0.0 (Windows 10): Executed 143 of 767[31m (53 FAILED)[39m (skipped 2) (0 secs / 4.662 secs)
[1A[2KChrome Headless 144.0.0.0 (Windows 10): Executed 144 of 767[31m (53 FAILED)[39m (skipped 2) (0 secs / 4.663 secs)
[1A[2KChrome Headless 144.0.0.0 (Windows 10): Executed 145 of 767[31m (53 FAILED)[39m (skipped 2) (0 secs / 4.664 secs)
[1A[2K[31mChrome Headless 144.0.0.0 (Windows 10) ScoreBoardComponent should mark challenges as solved on "challenge solved" websocket FAILED[39m
	Error: Errors during JIT compilation of template for ScoreBoardComponent: Unexpected closing tag "main". It may happen when the tag has already been closed by another tag. For more info see https://www.w3.org/TR/html5/syntax.html#closing-elements-that-have-implied-end-tags ("
	  <img src="assets/public/images/padding/1px.png" />
	  }
	[ERROR ->]</main>"): ng:///ScoreBoardComponent/template.html@93:0
	    at parseJitTemplate (node_modules/@angular/compiler/fesm2022/compiler.mjs:32326:15)
	    at CompilerFacadeImpl.compileComponent (node_modules/@angular/compiler/fesm2022/compiler.mjs:32000:52)
	    at ScoreBoardComponent.╔╡cmp (node_modules/@angular/core/fesm2022/debug_node.mjs:30245:47)
	    at getComponentDef (node_modules/@angular/core/fesm2022/testing.mjs:1605:18)
	    at isStandaloneComponent (node_modules/@angular/core/fesm2022/testing.mjs:1601:17)
	    at queueTypesFromModulesArrayRecur (node_modules/@angular/core/fesm2022/testing.mjs:1325:26)
	    at TestBedCompiler.queueTypesFromModulesArray (node_modules/@angular/core/fesm2022/testing.mjs:1348:9)
	    at TestBedCompiler.configureTestingModule (node_modules/@angular/core/fesm2022/testing.mjs:856:18)
	    at TestBedImpl.configureTestingModule (node_modules/@angular/core/fesm2022/testing.mjs:1993:23)
	    at TestBedImpl.configureTestingModule (node_modules/@angular/core/fesm2022/testing.mjs:1805:37)
Chrome Headless 144.0.0.0 (Windows 10): Executed 146 of 767[31m (54 FAILED)[39m (skipped 2) (0 secs / 4.666 secs)
Chrome Headless 144.0.0.0 (Windows 10) ScoreBoardComponent should mark challenges as solved on "challenge solved" websocket FAILED
	Error: Errors during JIT compilation of template for ScoreBoardComponent: Unexpected closing tag "main". It may happen when the tag has already been closed by another tag. For more info see https://www.w3.org/TR/html5/syntax.html#closing-elements-that-have-implied-end-tags ("
	  <img src="assets/public/images/padding/1px.png" />
	  }
	[ERROR ->]</main>"): ng:///ScoreBoardComponent/template.html@93:0
	    at parseJitTemplate (node_modules/@angular/compiler/fesm2022/compiler.mjs:32326:15)
	    at CompilerFacadeImpl.compileComponent (node_modules/@angular/compiler/fesm2022/compiler.mjs:32000:52)
	    at ScoreBoardComponent.╔╡cmp (node_modules/@angular/core/fesm2022/debug_node.mjs:30245:47)
	    at getComponentDef (node_modules/@angular/core/fesm2022/testing.mjs:1605:18)
	    at isStandaloneComponent (node_modules/@angular/core/fesm2022/testing.mjs:1601:17)
	    at queueTypesFromModulesArrayRecur (node_modules/@angular/core/fesm2022/testing.mjs:1325:26)
	    at TestBedCompiler.queueTypesFromModulesArray (node_modules/@angular/core/fesm2022/testing.mjs:1348:9)
	    at TestBedCompiler.configureTestingModule (node_modules/@angular/core/fesm2022/testing.mjs:856:18)
	    at TestBedImpl.configureTestingModule (node_modules/@angular/core/fesm2022/testing.mjs:1993:23)
	    at TestBedImpl.configureTestingModule (node_modules/@angular/core/fesm2022/testing.mjs:1805:37)
[1A[2K[31mChrome Headless 144.0.0.0 (Windows 10) ScoreBoardComponent should mark find it code challenges as solved on "code challenge solved" websocket FAILED[39m
	Error: Errors during JIT compilation of template for ScoreBoardComponent: Unexpected closing tag "main". It may happen when the tag has already been closed by another tag. For more info see https://www.w3.org/TR/html5/syntax.html#closing-elements-that-have-implied-end-tags ("
	  <img src="assets/public/images/padding/1px.png" />
	  }
	[ERROR ->]</main>"): ng:///ScoreBoardComponent/template.html@93:0
	    at parseJitTemplate (node_modules/@angular/compiler/fesm2022/compiler.mjs:32326:15)
	    at CompilerFacadeImpl.compileComponent (node_modules/@angular/compiler/fesm2022/compiler.mjs:32000:52)
	    at ScoreBoardComponent.╔╡cmp (node_modules/@angular/core/fesm2022/debug_node.mjs:30245:47)
	    at getComponentDef (node_modules/@angular/core/fesm2022/testing.mjs:1605:18)
	    at isStandaloneComponent (node_modules/@angular/core/fesm2022/testing.mjs:1601:17)
	    at queueTypesFromModulesArrayRecur (node_modules/@angular/core/fesm2022/testing.mjs:1325:26)
	    at TestBedCompiler.queueTypesFromModulesArray (node_modules/@angular/core/fesm2022/testing.mjs:1348:9)
	    at TestBedCompiler.configureTestingModule (node_modules/@angular/core/fesm2022/testing.mjs:856:18)
	    at TestBedImpl.configureTestingModule (node_modules/@angular/core/fesm2022/testing.mjs:1993:23)
	    at TestBedImpl.configureTestingModule (node_modules/@angular/core/fesm2022/testing.mjs:1805:37)
Chrome Headless 144.0.0.0 (Windows 10): Executed 147 of 767[31m (55 FAILED)[39m (skipped 2) (0 secs / 4.668 secs)
Chrome Headless 144.0.0.0 (Windows 10) ScoreBoardComponent should mark find it code challenges as solved on "code challenge solved" websocket FAILED
	Error: Errors during JIT compilation of template for ScoreBoardComponent: Unexpected closing tag "main". It may happen when the tag has already been closed by another tag. For more info see https://www.w3.org/TR/html5/syntax.html#closing-elements-that-have-implied-end-tags ("
	  <img src="assets/public/images/padding/1px.png" />
	  }
	[ERROR ->]</main>"): ng:///ScoreBoardComponent/template.html@93:0
	    at parseJitTemplate (node_modules/@angular/compiler/fesm2022/compiler.mjs:32326:15)
	    at CompilerFacadeImpl.compileComponent (node_modules/@angular/compiler/fesm2022/compiler.mjs:32000:52)
	    at ScoreBoardComponent.╔╡cmp (node_modules/@angular/core/fesm2022/debug_node.mjs:30245:47)
	    at getComponentDef (node_modules/@angular/core/fesm2022/testing.mjs:1605:18)
	    at isStandaloneComponent (node_modules/@angular/core/fesm2022/testing.mjs:1601:17)
	    at queueTypesFromModulesArrayRecur (node_modules/@angular/core/fesm2022/testing.mjs:1325:26)
	    at TestBedCompiler.queueTypesFromModulesArray (node_modules/@angular/core/fesm2022/testing.mjs:1348:9)
	    at TestBedCompiler.configureTestingModule (node_modules/@angular/core/fesm2022/testing.mjs:856:18)
	    at TestBedImpl.configureTestingModule (node_modules/@angular/core/fesm2022/testing.mjs:1993:23)
	    at TestBedImpl.configureTestingModule (node_modules/@angular/core/fesm2022/testing.mjs:1805:37)
[1A[2K[31mChrome Headless 144.0.0.0 (Windows 10) ScoreBoardComponent should not filter any challenges on default settings FAILED[39m
	Error: Errors during JIT compilation of template for ScoreBoardComponent: Unexpected closing tag "main". It may happen when the tag has already been closed by another tag. For more info see https://www.w3.org/TR/html5/syntax.html#closing-elements-that-have-implied-end-tags ("
	  <img src="assets/public/images/padding/1px.png" />
	  }
	[ERROR ->]</main>"): ng:///ScoreBoardComponent/template.html@93:0
	    at parseJitTemplate (node_modules/@angular/compiler/fesm2022/compiler.mjs:32326:15)
	    at CompilerFacadeImpl.compileComponent (node_modules/@angular/compiler/fesm2022/compiler.mjs:32000:52)
	    at ScoreBoardComponent.╔╡cmp (node_modules/@angular/core/fesm2022/debug_node.mjs:30245:47)
	    at getComponentDef (node_modules/@angular/core/fesm2022/testing.mjs:1605:18)
	    at isStandaloneComponent (node_modules/@angular/core/fesm2022/testing.mjs:1601:17)
	    at queueTypesFromModulesArrayRecur (node_modules/@angular/core/fesm2022/testing.mjs:1325:26)
	    at TestBedCompiler.queueTypesFromModulesArray (node_modules/@angular/core/fesm2022/testing.mjs:1348:9)
	    at TestBedCompiler.configureTestingModule (node_modules/@angular/core/fesm2022/testing.mjs:856:18)
	    at TestBedImpl.configureTestingModule (node_modules/@angular/core/fesm2022/testing.mjs:1993:23)
	    at TestBedImpl.configureTestingModule (node_modules/@angular/core/fesm2022/testing.mjs:1805:37)
Chrome Headless 144.0.0.0 (Windows 10): Executed 148 of 767[31m (56 FAILED)[39m (skipped 2) (0 secs / 4.669 secs)
Chrome Headless 144.0.0.0 (Windows 10) ScoreBoardComponent should not filter any challenges on default settings FAILED
	Error: Errors during JIT compilation of template for ScoreBoardComponent: Unexpected closing tag "main". It may happen when the tag has already been closed by another tag. For more info see https://www.w3.org/TR/html5/syntax.html#closing-elements-that-have-implied-end-tags ("
	  <img src="assets/public/images/padding/1px.png" />
	  }
	[ERROR ->]</main>"): ng:///ScoreBoardComponent/template.html@93:0
	    at parseJitTemplate (node_modules/@angular/compiler/fesm2022/compiler.mjs:32326:15)
	    at CompilerFacadeImpl.compileComponent (node_modules/@angular/compiler/fesm2022/compiler.mjs:32000:52)
	    at ScoreBoardComponent.╔╡cmp (node_modules/@angular/core/fesm2022/debug_node.mjs:30245:47)
	    at getComponentDef (node_modules/@angular/core/fesm2022/testing.mjs:1605:18)
	    at isStandaloneComponent (node_modules/@angular/core/fesm2022/testing.mjs:1601:17)
	    at queueTypesFromModulesArrayRecur (node_modules/@angular/core/fesm2022/testing.mjs:1325:26)
	    at TestBedCompiler.queueTypesFromModulesArray (node_modules/@angular/core/fesm2022/testing.mjs:1348:9)
	    at TestBedCompiler.configureTestingModule (node_modules/@angular/core/fesm2022/testing.mjs:856:18)
	    at TestBedImpl.configureTestingModule (node_modules/@angular/core/fesm2022/testing.mjs:1993:23)
	    at TestBedImpl.configureTestingModule (node_modules/@angular/core/fesm2022/testing.mjs:1805:37)
[1A[2K[31mChrome Headless 144.0.0.0 (Windows 10) ScoreBoardComponent should mark fix it code challenges as solved on "code challenge solved" websocket FAILED[39m
	Error: Errors during JIT compilation of template for ScoreBoardComponent: Unexpected closing tag "main". It may happen when the tag has already been closed by another tag. For more info see https://www.w3.org/TR/html5/syntax.html#closing-elements-that-have-implied-end-tags ("
	  <img src="assets/public/images/padding/1px.png" />
	  }
	[ERROR ->]</main>"): ng:///ScoreBoardComponent/template.html@93:0
	    at parseJitTemplate (node_modules/@angular/compiler/fesm2022/compiler.mjs:32326:15)
	    at CompilerFacadeImpl.compileComponent (node_modules/@angular/compiler/fesm2022/compiler.mjs:32000:52)
	    at ScoreBoardComponent.╔╡cmp (node_modules/@angular/core/fesm2022/debug_node.mjs:30245:47)
	    at getComponentDef (node_modules/@angular/core/fesm2022/testing.mjs:1605:18)
	    at isStandaloneComponent (node_modules/@angular/core/fesm2022/testing.mjs:1601:17)
	    at queueTypesFromModulesArrayRecur (node_modules/@angular/core/fesm2022/testing.mjs:1325:26)
	    at TestBedCompiler.queueTypesFromModulesArray (node_modules/@angular/core/fesm2022/testing.mjs:1348:9)
	    at TestBedCompiler.configureTestingModule (node_modules/@angular/core/fesm2022/testing.mjs:856:18)
	    at TestBedImpl.configureTestingModule (node_modules/@angular/core/fesm2022/testing.mjs:1993:23)
	    at TestBedImpl.configureTestingModule (node_modules/@angular/core/fesm2022/testing.mjs:1805:37)
Chrome Headless 144.0.0.0 (Windows 10): Executed 149 of 767[31m (57 FAILED)[39m (skipped 2) (0 secs / 4.671 secs)
Chrome Headless 144.0.0.0 (Windows 10) ScoreBoardComponent should mark fix it code challenges as solved on "code challenge solved" websocket FAILED
	Error: Errors during JIT compilation of template for ScoreBoardComponent: Unexpected closing tag "main". It may happen when the tag has already been closed by another tag. For more info see https://www.w3.org/TR/html5/syntax.html#closing-elements-that-have-implied-end-tags ("
	  <img src="assets/public/images/padding/1px.png" />
	  }
	[ERROR ->]</main>"): ng:///ScoreBoardComponent/template.html@93:0
	    at parseJitTemplate (node_modules/@angular/compiler/fesm2022/compiler.mjs:32326:15)
	    at CompilerFacadeImpl.compileComponent (node_modules/@angular/compiler/fesm2022/compiler.mjs:32000:52)
	    at ScoreBoardComponent.╔╡cmp (node_modules/@angular/core/fesm2022/debug_node.mjs:30245:47)
	    at getComponentDef (node_modules/@angular/core/fesm2022/testing.mjs:1605:18)
	    at isStandaloneComponent (node_modules/@angular/core/fesm2022/testing.mjs:1601:17)
	    at queueTypesFromModulesArrayRecur (node_modules/@angular/core/fesm2022/testing.mjs:1325:26)
	    at TestBedCompiler.queueTypesFromModulesArray (node_modules/@angular/core/fesm2022/testing.mjs:1348:9)
	    at TestBedCompiler.configureTestingModule (node_modules/@angular/core/fesm2022/testing.mjs:856:18)
	    at TestBedImpl.configureTestingModule (node_modules/@angular/core/fesm2022/testing.mjs:1993:23)
	    at TestBedImpl.configureTestingModule (node_modules/@angular/core/fesm2022/testing.mjs:1805:37)
[1A[2K[31mChrome Headless 144.0.0.0 (Windows 10) ScoreBoardComponent should handle error when unlocking a hint FAILED[39m
	Error: Errors during JIT compilation of template for ScoreBoardComponent: Unexpected closing tag "main". It may happen when the tag has already been closed by another tag. For more info see https://www.w3.org/TR/html5/syntax.html#closing-elements-that-have-implied-end-tags ("
	  <img src="assets/public/images/padding/1px.png" />
	  }
	[ERROR ->]</main>"): ng:///ScoreBoardComponent/template.html@93:0
	    at parseJitTemplate (node_modules/@angular/compiler/fesm2022/compiler.mjs:32326:15)
	    at CompilerFacadeImpl.compileComponent (node_modules/@angular/compiler/fesm2022/compiler.mjs:32000:52)
	    at ScoreBoardComponent.╔╡cmp (node_modules/@angular/core/fesm2022/debug_node.mjs:30245:47)
	    at getComponentDef (node_modules/@angular/core/fesm2022/testing.mjs:1605:18)
	    at isStandaloneComponent (node_modules/@angular/core/fesm2022/testing.mjs:1601:17)
	    at queueTypesFromModulesArrayRecur (node_modules/@angular/core/fesm2022/testing.mjs:1325:26)
	    at TestBedCompiler.queueTypesFromModulesArray (node_modules/@angular/core/fesm2022/testing.mjs:1348:9)
	    at TestBedCompiler.configureTestingModule (node_modules/@angular/core/fesm2022/testing.mjs:856:18)
	    at TestBedImpl.configureTestingModule (node_modules/@angular/core/fesm2022/testing.mjs:1993:23)
	    at TestBedImpl.configureTestingModule (node_modules/@angular/core/fesm2022/testing.mjs:1805:37)
Chrome Headless 144.0.0.0 (Windows 10): Executed 150 of 767[31m (58 FAILED)[39m (skipped 2) (0 secs / 4.673 secs)
Chrome Headless 144.0.0.0 (Windows 10) ScoreBoardComponent should handle error when unlocking a hint FAILED
	Error: Errors during JIT compilation of template for ScoreBoardComponent: Unexpected closing tag "main". It may happen when the tag has already been closed by another tag. For more info see https://www.w3.org/TR/html5/syntax.html#closing-elements-that-have-implied-end-tags ("
	  <img src="assets/public/images/padding/1px.png" />
	  }
	[ERROR ->]</main>"): ng:///ScoreBoardComponent/template.html@93:0
	    at parseJitTemplate (node_modules/@angular/compiler/fesm2022/compiler.mjs:32326:15)
	    at CompilerFacadeImpl.compileComponent (node_modules/@angular/compiler/fesm2022/compiler.mjs:32000:52)
	    at ScoreBoardComponent.╔╡cmp (node_modules/@angular/core/fesm2022/debug_node.mjs:30245:47)
	    at getComponentDef (node_modules/@angular/core/fesm2022/testing.mjs:1605:18)
	    at isStandaloneComponent (node_modules/@angular/core/fesm2022/testing.mjs:1601:17)
	    at queueTypesFromModulesArrayRecur (node_modules/@angular/core/fesm2022/testing.mjs:1325:26)
	    at TestBedCompiler.queueTypesFromModulesArray (node_modules/@angular/core/fesm2022/testing.mjs:1348:9)
	    at TestBedCompiler.configureTestingModule (node_modules/@angular/core/fesm2022/testing.mjs:856:18)
	    at TestBedImpl.configureTestingModule (node_modules/@angular/core/fesm2022/testing.mjs:1993:23)
	    at TestBedImpl.configureTestingModule (node_modules/@angular/core/fesm2022/testing.mjs:1805:37)
[1A[2KChrome Headless 144.0.0.0 (Windows 10): Executed 151 of 767[31m (58 FAILED)[39m (skipped 2) (0 secs / 4.711 secs)
[1A[2KChrome Headless 144.0.0.0 (Windows 10): Executed 152 of 767[31m (58 FAILED)[39m (skipped 2) (0 secs / 4.719 secs)
[1A[2KChrome Headless 144.0.0.0 (Windows 10): Executed 153 of 767[31m (58 FAILED)[39m (skipped 2) (0 secs / 4.73 secs)
[1A[2KChrome Headless 144.0.0.0 (Windows 10): Executed 154 of 767[31m (58 FAILED)[39m (skipped 2) (0 secs / 4.74 secs)
[33m19 01 2026 21:08:44.608:WARN [web-server]: [39m404: /_karma_webpack_/assets/public/images/products/undefined
[1A[2KChrome Headless 144.0.0.0 (Windows 10): Executed 155 of 767[31m (58 FAILED)[39m (skipped 2) (0 secs / 4.749 secs)
[1A[2KChrome Headless 144.0.0.0 (Windows 10): Executed 156 of 767[31m (58 FAILED)[39m (skipped 2) (0 secs / 4.758 secs)
[1A[2KChrome Headless 144.0.0.0 (Windows 10): Executed 157 of 767[31m (58 FAILED)[39m (skipped 2) (0 secs / 4.776 secs)
[1A[2KChrome Headless 144.0.0.0 (Windows 10): Executed 158 of 767[31m (58 FAILED)[39m (skipped 2) (0 secs / 4.784 secs)
[1A[2KChrome Headless 144.0.0.0 (Windows 10): Executed 159 of 767[31m (58 FAILED)[39m (skipped 2) (0 secs / 4.792 secs)
[1A[2KChrome Headless 144.0.0.0 (Windows 10): Executed 160 of 767[31m (58 FAILED)[39m (skipped 2) (0 secs / 4.801 secs)
[1A[2KChrome Headless 144.0.0.0 (Windows 10): Executed 161 of 767[31m (58 FAILED)[39m (skipped 2) (0 secs / 4.81 secs)
[1A[2KChrome Headless 144.0.0.0 (Windows 10): Executed 162 of 767[31m (58 FAILED)[39m (skipped 2) (0 secs / 4.818 secs)
[1A[2KChrome Headless 144.0.0.0 (Windows 10): Executed 163 of 767[31m (58 FAILED)[39m (skipped 2) (0 secs / 4.829 secs)
[1A[2KChrome Headless 144.0.0.0 (Windows 10): Executed 164 of 767[31m (58 FAILED)[39m (skipped 2) (0 secs / 4.838 secs)
[1A[2KChrome Headless 144.0.0.0 (Windows 10): Executed 165 of 767[31m (58 FAILED)[39m (skipped 2) (0 secs / 4.845 secs)
[1A[2KChrome Headless 144.0.0.0 (Windows 10): Executed 166 of 767[31m (58 FAILED)[39m (skipped 2) (0 secs / 4.855 secs)
[1A[2KChrome Headless 144.0.0.0 (Windows 10): Executed 167 of 767[31m (58 FAILED)[39m (skipped 2) (0 secs / 4.862 secs)
[1A[2KChrome Headless 144.0.0.0 (Windows 10): Executed 168 of 767[31m (58 FAILED)[39m (skipped 2) (0 secs / 4.87 secs)
[1A[2KChrome Headless 144.0.0.0 (Windows 10): Executed 169 of 767[31m (58 FAILED)[39m (skipped 2) (0 secs / 4.878 secs)
[1A[2KChrome Headless 144.0.0.0 (Windows 10): Executed 170 of 767[31m (58 FAILED)[39m (skipped 2) (0 secs / 4.887 secs)
[1A[2KChrome Headless 144.0.0.0 (Windows 10): Executed 171 of 767[31m (58 FAILED)[39m (skipped 2) (0 secs / 4.895 secs)
[1A[2KChrome Headless 144.0.0.0 (Windows 10): Executed 172 of 767[31m (58 FAILED)[39m (skipped 2) (0 secs / 4.903 secs)
[1A[2KChrome Headless 144.0.0.0 (Windows 10): Executed 173 of 767[31m (58 FAILED)[39m (skipped 2) (0 secs / 4.91 secs)
[1A[2KChrome Headless 144.0.0.0 (Windows 10): Executed 174 of 767[31m (58 FAILED)[39m (skipped 2) (0 secs / 4.917 secs)
[1A[2KChrome Headless 144.0.0.0 (Windows 10): Executed 175 of 767[31m (58 FAILED)[39m (skipped 2) (0 secs / 4.925 secs)
[1A[2KChrome Headless 144.0.0.0 (Windows 10): Executed 176 of 767[31m (58 FAILED)[39m (skipped 2) (0 secs / 4.928 secs)
[1A[2KChrome Headless 144.0.0.0 (Windows 10): Executed 177 of 767[31m (58 FAILED)[39m (skipped 2) (0 secs / 4.93 secs)
[1A[2KChrome Headless 144.0.0.0 (Windows 10): Executed 178 of 767[31m (58 FAILED)[39m (skipped 2) (0 secs / 4.931 secs)
[1A[2KChrome Headless 144.0.0.0 (Windows 10): Executed 179 of 767[31m (58 FAILED)[39m (skipped 2) (0 secs / 4.932 secs)
[1A[2KChrome Headless 144.0.0.0 (Windows 10): Executed 180 of 767[31m (58 FAILED)[39m (skipped 2) (0 secs / 4.96 secs)
[1A[2KChrome Headless 144.0.0.0 (Windows 10): Executed 181 of 767[31m (58 FAILED)[39m (skipped 2) (0 secs / 4.975 secs)
[1A[2KChrome Headless 144.0.0.0 (Windows 10): Executed 182 of 767[31m (58 FAILED)[39m (skipped 2) (0 secs / 4.999 secs)
[1A[2KChrome Headless 144.0.0.0 (Windows 10): Executed 183 of 767[31m (58 FAILED)[39m (skipped 2) (0 secs / 5.015 secs)
[1A[2KChrome Headless 144.0.0.0 (Windows 10): Executed 184 of 767[31m (58 FAILED)[39m (skipped 2) (0 secs / 5.034 secs)
[1A[2KChrome Headless 144.0.0.0 (Windows 10): Executed 185 of 767[31m (58 FAILED)[39m (skipped 2) (0 secs / 5.05 secs)
[1A[2KChrome Headless 144.0.0.0 (Windows 10): Executed 186 of 767[31m (58 FAILED)[39m (skipped 2) (0 secs / 5.067 secs)
[1A[2KChrome Headless 144.0.0.0 (Windows 10): Executed 187 of 767[31m (58 FAILED)[39m (skipped 2) (0 secs / 5.108 secs)
[1A[2KChrome Headless 144.0.0.0 (Windows 10): Executed 188 of 767[31m (58 FAILED)[39m (skipped 2) (0 secs / 5.123 secs)
[1A[2KChrome Headless 144.0.0.0 (Windows 10): Executed 189 of 767[31m (58 FAILED)[39m (skipped 2) (0 secs / 5.139 secs)
[1A[2KChrome Headless 144.0.0.0 (Windows 10): Executed 190 of 767[31m (58 FAILED)[39m (skipped 2) (0 secs / 5.16 secs)
[1A[2KChrome Headless 144.0.0.0 (Windows 10): Executed 191 of 767[31m (58 FAILED)[39m (skipped 2) (0 secs / 5.176 secs)
[1A[2KChrome Headless 144.0.0.0 (Windows 10): Executed 192 of 767[31m (58 FAILED)[39m (skipped 2) (0 secs / 5.202 secs)
[1A[2KChrome Headless 144.0.0.0 (Windows 10): Executed 193 of 767[31m (58 FAILED)[39m (skipped 2) (0 secs / 5.217 secs)
[1A[2KChrome Headless 144.0.0.0 (Windows 10): Executed 194 of 767[31m (58 FAILED)[39m (skipped 2) (0 secs / 5.233 secs)
[1A[2KChrome Headless 144.0.0.0 (Windows 10): Executed 195 of 767[31m (58 FAILED)[39m (skipped 2) (0 secs / 5.255 secs)
[1A[2KChrome Headless 144.0.0.0 (Windows 10): Executed 196 of 767[31m (58 FAILED)[39m (skipped 2) (0 secs / 5.276 secs)
[1A[2KChrome Headless 144.0.0.0 (Windows 10): Executed 197 of 767[31m (58 FAILED)[39m (skipped 2) (0 secs / 5.299 secs)
[1A[2KChrome Headless 144.0.0.0 (Windows 10): Executed 198 of 767[31m (58 FAILED)[39m (skipped 2) (0 secs / 5.317 secs)
[1A[2KChrome Headless 144.0.0.0 (Windows 10): Executed 199 of 767[31m (58 FAILED)[39m (skipped 2) (0 secs / 5.332 secs)
[1A[2KChrome Headless 144.0.0.0 (Windows 10): Executed 200 of 767[31m (58 FAILED)[39m (skipped 2) (0 secs / 5.359 secs)
[1A[2K[31mChrome Headless 144.0.0.0 (Windows 10) ComplaintComponent should be compulsory to provide a message FAILED[39m
	Failed: Errors during JIT compilation of template for ComplaintComponent: Unexpected closing tag "section". It may happen when the tag has already been closed by another tag. For more info see https://www.w3.org/TR/html5/syntax.html#closing-elements-that-have-implied-end-tags ("
	>>>>>>> upstream/develop
	      }
	    [ERROR ->]</section>
	
	    <form class="form-container" id="complaint-form">
	"): ng:///ComplaintComponent/template.html@38:4
	    at parseJitTemplate (node_modules/@angular/compiler/fesm2022/compiler.mjs:32326:15)
	    at CompilerFacadeImpl.compileComponent (node_modules/@angular/compiler/fesm2022/compiler.mjs:32000:52)
	    at ComplaintComponent.╔╡cmp (node_modules/@angular/core/fesm2022/debug_node.mjs:30245:47)
	    at getComponentDef (node_modules/@angular/core/fesm2022/testing.mjs:1605:18)
	    at isStandaloneComponent (node_modules/@angular/core/fesm2022/testing.mjs:1601:17)
	    at queueTypesFromModulesArrayRecur (node_modules/@angular/core/fesm2022/testing.mjs:1325:26)
	    at TestBedCompiler.queueTypesFromModulesArray (node_modules/@angular/core/fesm2022/testing.mjs:1348:9)
	    at TestBedCompiler.configureTestingModule (node_modules/@angular/core/fesm2022/testing.mjs:856:18)
	    at TestBedImpl.configureTestingModule (node_modules/@angular/core/fesm2022/testing.mjs:1993:23)
	    at TestBedImpl.configureTestingModule (node_modules/@angular/core/fesm2022/testing.mjs:1805:37)
Chrome Headless 144.0.0.0 (Windows 10): Executed 201 of 767[31m (59 FAILED)[39m (skipped 2) (0 secs / 5.363 secs)
Chrome Headless 144.0.0.0 (Windows 10) ComplaintComponent should be compulsory to provide a message FAILED
	Failed: Errors during JIT compilation of template for ComplaintComponent: Unexpected closing tag "section". It may happen when the tag has already been closed by another tag. For more info see https://www.w3.org/TR/html5/syntax.html#closing-elements-that-have-implied-end-tags ("
	>>>>>>> upstream/develop
	      }
	    [ERROR ->]</section>
	
	    <form class="form-container" id="complaint-form">
	"): ng:///ComplaintComponent/template.html@38:4
	    at parseJitTemplate (node_modules/@angular/compiler/fesm2022/compiler.mjs:32326:15)
	    at CompilerFacadeImpl.compileComponent (node_modules/@angular/compiler/fesm2022/compiler.mjs:32000:52)
	    at ComplaintComponent.╔╡cmp (node_modules/@angular/core/fesm2022/debug_node.mjs:30245:47)
	    at getComponentDef (node_modules/@angular/core/fesm2022/testing.mjs:1605:18)
	    at isStandaloneComponent (node_modules/@angular/core/fesm2022/testing.mjs:1601:17)
	    at queueTypesFromModulesArrayRecur (node_modules/@angular/core/fesm2022/testing.mjs:1325:26)
	    at TestBedCompiler.queueTypesFromModulesArray (node_modules/@angular/core/fesm2022/testing.mjs:1348:9)
	    at TestBedCompiler.configureTestingModule (node_modules/@angular/core/fesm2022/testing.mjs:856:18)
	    at TestBedImpl.configureTestingModule (node_modules/@angular/core/fesm2022/testing.mjs:1993:23)
	    at TestBedImpl.configureTestingModule (node_modules/@angular/core/fesm2022/testing.mjs:1805:37)
[1A[2K[31mChrome Headless 144.0.0.0 (Windows 10) ComplaintComponent should have a message of maximum 160 characters FAILED[39m
	Failed: Errors during JIT compilation of template for ComplaintComponent: Unexpected closing tag "section". It may happen when the tag has already been closed by another tag. For more info see https://www.w3.org/TR/html5/syntax.html#closing-elements-that-have-implied-end-tags ("
	>>>>>>> upstream/develop
	      }
	    [ERROR ->]</section>
	
	    <form class="form-container" id="complaint-form">
	"): ng:///ComplaintComponent/template.html@38:4
	    at parseJitTemplate (node_modules/@angular/compiler/fesm2022/compiler.mjs:32326:15)
	    at CompilerFacadeImpl.compileComponent (node_modules/@angular/compiler/fesm2022/compiler.mjs:32000:52)
	    at ComplaintComponent.╔╡cmp (node_modules/@angular/core/fesm2022/debug_node.mjs:30245:47)
	    at getComponentDef (node_modules/@angular/core/fesm2022/testing.mjs:1605:18)
	    at isStandaloneComponent (node_modules/@angular/core/fesm2022/testing.mjs:1601:17)
	    at queueTypesFromModulesArrayRecur (node_modules/@angular/core/fesm2022/testing.mjs:1325:26)
	    at TestBedCompiler.queueTypesFromModulesArray (node_modules/@angular/core/fesm2022/testing.mjs:1348:9)
	    at TestBedCompiler.configureTestingModule (node_modules/@angular/core/fesm2022/testing.mjs:856:18)
	    at TestBedImpl.configureTestingModule (node_modules/@angular/core/fesm2022/testing.mjs:1993:23)
	    at TestBedImpl.configureTestingModule (node_modules/@angular/core/fesm2022/testing.mjs:1805:37)
Chrome Headless 144.0.0.0 (Windows 10): Executed 202 of 767[31m (60 FAILED)[39m (skipped 2) (0 secs / 5.365 secs)
Chrome Headless 144.0.0.0 (Windows 10) ComplaintComponent should have a message of maximum 160 characters FAILED
	Failed: Errors during JIT compilation of template for ComplaintComponent: Unexpected closing tag "section". It may happen when the tag has already been closed by another tag. For more info see https://www.w3.org/TR/html5/syntax.html#closing-elements-that-have-implied-end-tags ("
	>>>>>>> upstream/develop
	      }
	    [ERROR ->]</section>
	
	    <form class="form-container" id="complaint-form">
	"): ng:///ComplaintComponent/template.html@38:4
	    at parseJitTemplate (node_modules/@angular/compiler/fesm2022/compiler.mjs:32326:15)
	    at CompilerFacadeImpl.compileComponent (node_modules/@angular/compiler/fesm2022/compiler.mjs:32000:52)
	    at ComplaintComponent.╔╡cmp (node_modules/@angular/core/fesm2022/debug_node.mjs:30245:47)
	    at getComponentDef (node_modules/@angular/core/fesm2022/testing.mjs:1605:18)
	    at isStandaloneComponent (node_modules/@angular/core/fesm2022/testing.mjs:1601:17)
	    at queueTypesFromModulesArrayRecur (node_modules/@angular/core/fesm2022/testing.mjs:1325:26)
	    at TestBedCompiler.queueTypesFromModulesArray (node_modules/@angular/core/fesm2022/testing.mjs:1348:9)
	    at TestBedCompiler.configureTestingModule (node_modules/@angular/core/fesm2022/testing.mjs:856:18)
	    at TestBedImpl.configureTestingModule (node_modules/@angular/core/fesm2022/testing.mjs:1993:23)
	    at TestBedImpl.configureTestingModule (node_modules/@angular/core/fesm2022/testing.mjs:1805:37)
[1A[2K[31mChrome Headless 144.0.0.0 (Windows 10) ComplaintComponent should have customerControl as disabled FAILED[39m
	Failed: Errors during JIT compilation of template for ComplaintComponent: Unexpected closing tag "section". It may happen when the tag has already been closed by another tag. For more info see https://www.w3.org/TR/html5/syntax.html#closing-elements-that-have-implied-end-tags ("
	>>>>>>> upstream/develop
	      }
	    [ERROR ->]</section>
	
	    <form class="form-container" id="complaint-form">
	"): ng:///ComplaintComponent/template.html@38:4
	    at parseJitTemplate (node_modules/@angular/compiler/fesm2022/compiler.mjs:32326:15)
	    at CompilerFacadeImpl.compileComponent (node_modules/@angular/compiler/fesm2022/compiler.mjs:32000:52)
	    at ComplaintComponent.╔╡cmp (node_modules/@angular/core/fesm2022/debug_node.mjs:30245:47)
	    at getComponentDef (node_modules/@angular/core/fesm2022/testing.mjs:1605:18)
	    at isStandaloneComponent (node_modules/@angular/core/fesm2022/testing.mjs:1601:17)
	    at queueTypesFromModulesArrayRecur (node_modules/@angular/core/fesm2022/testing.mjs:1325:26)
	    at TestBedCompiler.queueTypesFromModulesArray (node_modules/@angular/core/fesm2022/testing.mjs:1348:9)
	    at TestBedCompiler.configureTestingModule (node_modules/@angular/core/fesm2022/testing.mjs:856:18)
	    at TestBedImpl.configureTestingModule (node_modules/@angular/core/fesm2022/testing.mjs:1993:23)
	    at TestBedImpl.configureTestingModule (node_modules/@angular/core/fesm2022/testing.mjs:1805:37)
Chrome Headless 144.0.0.0 (Windows 10): Executed 203 of 767[31m (61 FAILED)[39m (skipped 2) (0 secs / 5.367 secs)
Chrome Headless 144.0.0.0 (Windows 10) ComplaintComponent should have customerControl as disabled FAILED
	Failed: Errors during JIT compilation of template for ComplaintComponent: Unexpected closing tag "section". It may happen when the tag has already been closed by another tag. For more info see https://www.w3.org/TR/html5/syntax.html#closing-elements-that-have-implied-end-tags ("
	>>>>>>> upstream/develop
	      }
	    [ERROR ->]</section>
	
	    <form class="form-container" id="complaint-form">
	"): ng:///ComplaintComponent/template.html@38:4
	    at parseJitTemplate (node_modules/@angular/compiler/fesm2022/compiler.mjs:32326:15)
	    at CompilerFacadeImpl.compileComponent (node_modules/@angular/compiler/fesm2022/compiler.mjs:32000:52)
	    at ComplaintComponent.╔╡cmp (node_modules/@angular/core/fesm2022/debug_node.mjs:30245:47)
	    at getComponentDef (node_modules/@angular/core/fesm2022/testing.mjs:1605:18)
	    at isStandaloneComponent (node_modules/@angular/core/fesm2022/testing.mjs:1601:17)
	    at queueTypesFromModulesArrayRecur (node_modules/@angular/core/fesm2022/testing.mjs:1325:26)
	    at TestBedCompiler.queueTypesFromModulesArray (node_modules/@angular/core/fesm2022/testing.mjs:1348:9)
	    at TestBedCompiler.configureTestingModule (node_modules/@angular/core/fesm2022/testing.mjs:856:18)
	    at TestBedImpl.configureTestingModule (node_modules/@angular/core/fesm2022/testing.mjs:1993:23)
	    at TestBedImpl.configureTestingModule (node_modules/@angular/core/fesm2022/testing.mjs:1805:37)
[1A[2K[31mChrome Headless 144.0.0.0 (Windows 10) ComplaintComponent should create FAILED[39m
	Failed: Errors during JIT compilation of template for ComplaintComponent: Unexpected closing tag "section". It may happen when the tag has already been closed by another tag. For more info see https://www.w3.org/TR/html5/syntax.html#closing-elements-that-have-implied-end-tags ("
	>>>>>>> upstream/develop
	      }
	    [ERROR ->]</section>
	
	    <form class="form-container" id="complaint-form">
	"): ng:///ComplaintComponent/template.html@38:4
	    at parseJitTemplate (node_modules/@angular/compiler/fesm2022/compiler.mjs:32326:15)
	    at CompilerFacadeImpl.compileComponent (node_modules/@angular/compiler/fesm2022/compiler.mjs:32000:52)
	    at ComplaintComponent.╔╡cmp (node_modules/@angular/core/fesm2022/debug_node.mjs:30245:47)
	    at getComponentDef (node_modules/@angular/core/fesm2022/testing.mjs:1605:18)
	    at isStandaloneComponent (node_modules/@angular/core/fesm2022/testing.mjs:1601:17)
	    at queueTypesFromModulesArrayRecur (node_modules/@angular/core/fesm2022/testing.mjs:1325:26)
	    at TestBedCompiler.queueTypesFromModulesArray (node_modules/@angular/core/fesm2022/testing.mjs:1348:9)
	    at TestBedCompiler.configureTestingModule (node_modules/@angular/core/fesm2022/testing.mjs:856:18)
	    at TestBedImpl.configureTestingModule (node_modules/@angular/core/fesm2022/testing.mjs:1993:23)
	    at TestBedImpl.configureTestingModule (node_modules/@angular/core/fesm2022/testing.mjs:1805:37)
Chrome Headless 144.0.0.0 (Windows 10): Executed 204 of 767[31m (62 FAILED)[39m (skipped 2) (0 secs / 5.369 secs)
Chrome Headless 144.0.0.0 (Windows 10) ComplaintComponent should create FAILED
	Failed: Errors during JIT compilation of template for ComplaintComponent: Unexpected closing tag "section". It may happen when the tag has already been closed by another tag. For more info see https://www.w3.org/TR/html5/syntax.html#closing-elements-that-have-implied-end-tags ("
	>>>>>>> upstream/develop
	      }
	    [ERROR ->]</section>
	
	    <form class="form-container" id="complaint-form">
	"): ng:///ComplaintComponent/template.html@38:4
	    at parseJitTemplate (node_modules/@angular/compiler/fesm2022/compiler.mjs:32326:15)
	    at CompilerFacadeImpl.compileComponent (node_modules/@angular/compiler/fesm2022/compiler.mjs:32000:52)
	    at ComplaintComponent.╔╡cmp (node_modules/@angular/core/fesm2022/debug_node.mjs:30245:47)
	    at getComponentDef (node_modules/@angular/core/fesm2022/testing.mjs:1605:18)
	    at isStandaloneComponent (node_modules/@angular/core/fesm2022/testing.mjs:1601:17)
	    at queueTypesFromModulesArrayRecur (node_modules/@angular/core/fesm2022/testing.mjs:1325:26)
	    at TestBedCompiler.queueTypesFromModulesArray (node_modules/@angular/core/fesm2022/testing.mjs:1348:9)
	    at TestBedCompiler.configureTestingModule (node_modules/@angular/core/fesm2022/testing.mjs:856:18)
	    at TestBedImpl.configureTestingModule (node_modules/@angular/core/fesm2022/testing.mjs:1993:23)
	    at TestBedImpl.configureTestingModule (node_modules/@angular/core/fesm2022/testing.mjs:1805:37)
[1A[2K[31mChrome Headless 144.0.0.0 (Windows 10) ComplaintComponent should begin uploading file if it has been added on saving FAILED[39m
	Failed: Errors during JIT compilation of template for ComplaintComponent: Unexpected closing tag "section". It may happen when the tag has already been closed by another tag. For more info see https://www.w3.org/TR/html5/syntax.html#closing-elements-that-have-implied-end-tags ("
	>>>>>>> upstream/develop
	      }
	    [ERROR ->]</section>
	
	    <form class="form-container" id="complaint-form">
	"): ng:///ComplaintComponent/template.html@38:4
	    at parseJitTemplate (node_modules/@angular/compiler/fesm2022/compiler.mjs:32326:15)
	    at CompilerFacadeImpl.compileComponent (node_modules/@angular/compiler/fesm2022/compiler.mjs:32000:52)
	    at ComplaintComponent.╔╡cmp (node_modules/@angular/core/fesm2022/debug_node.mjs:30245:47)
	    at getComponentDef (node_modules/@angular/core/fesm2022/testing.mjs:1605:18)
	    at isStandaloneComponent (node_modules/@angular/core/fesm2022/testing.mjs:1601:17)
	    at queueTypesFromModulesArrayRecur (node_modules/@angular/core/fesm2022/testing.mjs:1325:26)
	    at TestBedCompiler.queueTypesFromModulesArray (node_modules/@angular/core/fesm2022/testing.mjs:1348:9)
	    at TestBedCompiler.configureTestingModule (node_modules/@angular/core/fesm2022/testing.mjs:856:18)
	    at TestBedImpl.configureTestingModule (node_modules/@angular/core/fesm2022/testing.mjs:1993:23)
	    at TestBedImpl.configureTestingModule (node_modules/@angular/core/fesm2022/testing.mjs:1805:37)
Chrome Headless 144.0.0.0 (Windows 10): Executed 205 of 767[31m (63 FAILED)[39m (skipped 2) (0 secs / 5.371 secs)
Chrome Headless 144.0.0.0 (Windows 10) ComplaintComponent should begin uploading file if it has been added on saving FAILED
	Failed: Errors during JIT compilation of template for ComplaintComponent: Unexpected closing tag "section". It may happen when the tag has already been closed by another tag. For more info see https://www.w3.org/TR/html5/syntax.html#closing-elements-that-have-implied-end-tags ("
	>>>>>>> upstream/develop
	      }
	    [ERROR ->]</section>
	
	    <form class="form-container" id="complaint-form">
	"): ng:///ComplaintComponent/template.html@38:4
	    at parseJitTemplate (node_modules/@angular/compiler/fesm2022/compiler.mjs:32326:15)
	    at CompilerFacadeImpl.compileComponent (node_modules/@angular/compiler/fesm2022/compiler.mjs:32000:52)
	    at ComplaintComponent.╔╡cmp (node_modules/@angular/core/fesm2022/debug_node.mjs:30245:47)
	    at getComponentDef (node_modules/@angular/core/fesm2022/testing.mjs:1605:18)
	    at isStandaloneComponent (node_modules/@angular/core/fesm2022/testing.mjs:1601:17)
	    at queueTypesFromModulesArrayRecur (node_modules/@angular/core/fesm2022/testing.mjs:1325:26)
	    at TestBedCompiler.queueTypesFromModulesArray (node_modules/@angular/core/fesm2022/testing.mjs:1348:9)
	    at TestBedCompiler.configureTestingModule (node_modules/@angular/core/fesm2022/testing.mjs:856:18)
	    at TestBedImpl.configureTestingModule (node_modules/@angular/core/fesm2022/testing.mjs:1993:23)
	    at TestBedImpl.configureTestingModule (node_modules/@angular/core/fesm2022/testing.mjs:1805:37)
[1A[2K[31mChrome Headless 144.0.0.0 (Windows 10) ComplaintComponent should display support message with #id and reset complaint form on saving complaint FAILED[39m
	Failed: Errors during JIT compilation of template for ComplaintComponent: Unexpected closing tag "section". It may happen when the tag has already been closed by another tag. For more info see https://www.w3.org/TR/html5/syntax.html#closing-elements-that-have-implied-end-tags ("
	>>>>>>> upstream/develop
	      }
	    [ERROR ->]</section>
	
	    <form class="form-container" id="complaint-form">
	"): ng:///ComplaintComponent/template.html@38:4
	    at parseJitTemplate (node_modules/@angular/compiler/fesm2022/compiler.mjs:32326:15)
	    at CompilerFacadeImpl.compileComponent (node_modules/@angular/compiler/fesm2022/compiler.mjs:32000:52)
	    at ComplaintComponent.╔╡cmp (node_modules/@angular/core/fesm2022/debug_node.mjs:30245:47)
	    at getComponentDef (node_modules/@angular/core/fesm2022/testing.mjs:1605:18)
	    at isStandaloneComponent (node_modules/@angular/core/fesm2022/testing.mjs:1601:17)
	    at queueTypesFromModulesArrayRecur (node_modules/@angular/core/fesm2022/testing.mjs:1325:26)
	    at TestBedCompiler.queueTypesFromModulesArray (node_modules/@angular/core/fesm2022/testing.mjs:1348:9)
	    at TestBedCompiler.configureTestingModule (node_modules/@angular/core/fesm2022/testing.mjs:856:18)
	    at TestBedImpl.configureTestingModule (node_modules/@angular/core/fesm2022/testing.mjs:1993:23)
	    at TestBedImpl.configureTestingModule (node_modules/@angular/core/fesm2022/testing.mjs:1805:37)
Chrome Headless 144.0.0.0 (Windows 10): Executed 206 of 767[31m (64 FAILED)[39m (skipped 2) (0 secs / 5.373 secs)
Chrome Headless 144.0.0.0 (Windows 10) ComplaintComponent should display support message with #id and reset complaint form on saving complaint FAILED
	Failed: Errors during JIT compilation of template for ComplaintComponent: Unexpected closing tag "section". It may happen when the tag has already been closed by another tag. For more info see https://www.w3.org/TR/html5/syntax.html#closing-elements-that-have-implied-end-tags ("
	>>>>>>> upstream/develop
	      }
	    [ERROR ->]</section>
	
	    <form class="form-container" id="complaint-form">
	"): ng:///ComplaintComponent/template.html@38:4
	    at parseJitTemplate (node_modules/@angular/compiler/fesm2022/compiler.mjs:32326:15)
	    at CompilerFacadeImpl.compileComponent (node_modules/@angular/compiler/fesm2022/compiler.mjs:32000:52)
	    at ComplaintComponent.╔╡cmp (node_modules/@angular/core/fesm2022/debug_node.mjs:30245:47)
	    at getComponentDef (node_modules/@angular/core/fesm2022/testing.mjs:1605:18)
	    at isStandaloneComponent (node_modules/@angular/core/fesm2022/testing.mjs:1601:17)
	    at queueTypesFromModulesArrayRecur (node_modules/@angular/core/fesm2022/testing.mjs:1325:26)
	    at TestBedCompiler.queueTypesFromModulesArray (node_modules/@angular/core/fesm2022/testing.mjs:1348:9)
	    at TestBedCompiler.configureTestingModule (node_modules/@angular/core/fesm2022/testing.mjs:856:18)
	    at TestBedImpl.configureTestingModule (node_modules/@angular/core/fesm2022/testing.mjs:1993:23)
	    at TestBedImpl.configureTestingModule (node_modules/@angular/core/fesm2022/testing.mjs:1805:37)
[1A[2K[31mChrome Headless 144.0.0.0 (Windows 10) ComplaintComponent should hold the user email of the currently logged in user FAILED[39m
	Failed: Errors during JIT compilation of template for ComplaintComponent: Unexpected closing tag "section". It may happen when the tag has already been closed by another tag. For more info see https://www.w3.org/TR/html5/syntax.html#closing-elements-that-have-implied-end-tags ("
	>>>>>>> upstream/develop
	      }
	    [ERROR ->]</section>
	
	    <form class="form-container" id="complaint-form">
	"): ng:///ComplaintComponent/template.html@38:4
	    at parseJitTemplate (node_modules/@angular/compiler/fesm2022/compiler.mjs:32326:15)
	    at CompilerFacadeImpl.compileComponent (node_modules/@angular/compiler/fesm2022/compiler.mjs:32000:52)
	    at ComplaintComponent.╔╡cmp (node_modules/@angular/core/fesm2022/debug_node.mjs:30245:47)
	    at getComponentDef (node_modules/@angular/core/fesm2022/testing.mjs:1605:18)
	    at isStandaloneComponent (node_modules/@angular/core/fesm2022/testing.mjs:1601:17)
	    at queueTypesFromModulesArrayRecur (node_modules/@angular/core/fesm2022/testing.mjs:1325:26)
	    at TestBedCompiler.queueTypesFromModulesArray (node_modules/@angular/core/fesm2022/testing.mjs:1348:9)
	    at TestBedCompiler.configureTestingModule (node_modules/@angular/core/fesm2022/testing.mjs:856:18)
	    at TestBedImpl.configureTestingModule (node_modules/@angular/core/fesm2022/testing.mjs:1993:23)
	    at TestBedImpl.configureTestingModule (node_modules/@angular/core/fesm2022/testing.mjs:1805:37)
Chrome Headless 144.0.0.0 (Windows 10): Executed 207 of 767[31m (65 FAILED)[39m (skipped 2) (0 secs / 5.375 secs)
Chrome Headless 144.0.0.0 (Windows 10) ComplaintComponent should hold the user email of the currently logged in user FAILED
	Failed: Errors during JIT compilation of template for ComplaintComponent: Unexpected closing tag "section". It may happen when the tag has already been closed by another tag. For more info see https://www.w3.org/TR/html5/syntax.html#closing-elements-that-have-implied-end-tags ("
	>>>>>>> upstream/develop
	      }
	    [ERROR ->]</section>
	
	    <form class="form-container" id="complaint-form">
	"): ng:///ComplaintComponent/template.html@38:4
	    at parseJitTemplate (node_modules/@angular/compiler/fesm2022/compiler.mjs:32326:15)
	    at CompilerFacadeImpl.compileComponent (node_modules/@angular/compiler/fesm2022/compiler.mjs:32000:52)
	    at ComplaintComponent.╔╡cmp (node_modules/@angular/core/fesm2022/debug_node.mjs:30245:47)
	    at getComponentDef (node_modules/@angular/core/fesm2022/testing.mjs:1605:18)
	    at isStandaloneComponent (node_modules/@angular/core/fesm2022/testing.mjs:1601:17)
	    at queueTypesFromModulesArrayRecur (node_modules/@angular/core/fesm2022/testing.mjs:1325:26)
	    at TestBedCompiler.queueTypesFromModulesArray (node_modules/@angular/core/fesm2022/testing.mjs:1348:9)
	    at TestBedCompiler.configureTestingModule (node_modules/@angular/core/fesm2022/testing.mjs:856:18)
	    at TestBedImpl.configureTestingModule (node_modules/@angular/core/fesm2022/testing.mjs:1993:23)
	    at TestBedImpl.configureTestingModule (node_modules/@angular/core/fesm2022/testing.mjs:1805:37)
[1A[2K[31mChrome Headless 144.0.0.0 (Windows 10) ComplaintComponent should hold no email if current user is not logged in FAILED[39m
	Failed: Errors during JIT compilation of template for ComplaintComponent: Unexpected closing tag "section". It may happen when the tag has already been closed by another tag. For more info see https://www.w3.org/TR/html5/syntax.html#closing-elements-that-have-implied-end-tags ("
	>>>>>>> upstream/develop
	      }
	    [ERROR ->]</section>
	
	    <form class="form-container" id="complaint-form">
	"): ng:///ComplaintComponent/template.html@38:4
	    at parseJitTemplate (node_modules/@angular/compiler/fesm2022/compiler.mjs:32326:15)
	    at CompilerFacadeImpl.compileComponent (node_modules/@angular/compiler/fesm2022/compiler.mjs:32000:52)
	    at ComplaintComponent.╔╡cmp (node_modules/@angular/core/fesm2022/debug_node.mjs:30245:47)
	    at getComponentDef (node_modules/@angular/core/fesm2022/testing.mjs:1605:18)
	    at isStandaloneComponent (node_modules/@angular/core/fesm2022/testing.mjs:1601:17)
	    at queueTypesFromModulesArrayRecur (node_modules/@angular/core/fesm2022/testing.mjs:1325:26)
	    at TestBedCompiler.queueTypesFromModulesArray (node_modules/@angular/core/fesm2022/testing.mjs:1348:9)
	    at TestBedCompiler.configureTestingModule (node_modules/@angular/core/fesm2022/testing.mjs:856:18)
	    at TestBedImpl.configureTestingModule (node_modules/@angular/core/fesm2022/testing.mjs:1993:23)
	    at TestBedImpl.configureTestingModule (node_modules/@angular/core/fesm2022/testing.mjs:1805:37)
Chrome Headless 144.0.0.0 (Windows 10): Executed 208 of 767[31m (66 FAILED)[39m (skipped 2) (0 secs / 5.378 secs)
Chrome Headless 144.0.0.0 (Windows 10) ComplaintComponent should hold no email if current user is not logged in FAILED
	Failed: Errors during JIT compilation of template for ComplaintComponent: Unexpected closing tag "section". It may happen when the tag has already been closed by another tag. For more info see https://www.w3.org/TR/html5/syntax.html#closing-elements-that-have-implied-end-tags ("
	>>>>>>> upstream/develop
	      }
	    [ERROR ->]</section>
	
	    <form class="form-container" id="complaint-form">
	"): ng:///ComplaintComponent/template.html@38:4
	    at parseJitTemplate (node_modules/@angular/compiler/fesm2022/compiler.mjs:32326:15)
	    at CompilerFacadeImpl.compileComponent (node_modules/@angular/compiler/fesm2022/compiler.mjs:32000:52)
	    at ComplaintComponent.╔╡cmp (node_modules/@angular/core/fesm2022/debug_node.mjs:30245:47)
	    at getComponentDef (node_modules/@angular/core/fesm2022/testing.mjs:1605:18)
	    at isStandaloneComponent (node_modules/@angular/core/fesm2022/testing.mjs:1601:17)
	    at queueTypesFromModulesArrayRecur (node_modules/@angular/core/fesm2022/testing.mjs:1325:26)
	    at TestBedCompiler.queueTypesFromModulesArray (node_modules/@angular/core/fesm2022/testing.mjs:1348:9)
	    at TestBedCompiler.configureTestingModule (node_modules/@angular/core/fesm2022/testing.mjs:856:18)
	    at TestBedImpl.configureTestingModule (node_modules/@angular/core/fesm2022/testing.mjs:1993:23)
	    at TestBedImpl.configureTestingModule (node_modules/@angular/core/fesm2022/testing.mjs:1805:37)
[1A[2K[31mChrome Headless 144.0.0.0 (Windows 10) ComplaintComponent should miss complaint object if retrieving currently logged in user fails FAILED[39m
	Failed: Errors during JIT compilation of template for ComplaintComponent: Unexpected closing tag "section". It may happen when the tag has already been closed by another tag. For more info see https://www.w3.org/TR/html5/syntax.html#closing-elements-that-have-implied-end-tags ("
	>>>>>>> upstream/develop
	      }
	    [ERROR ->]</section>
	
	    <form class="form-container" id="complaint-form">
	"): ng:///ComplaintComponent/template.html@38:4
	    at parseJitTemplate (node_modules/@angular/compiler/fesm2022/compiler.mjs:32326:15)
	    at CompilerFacadeImpl.compileComponent (node_modules/@angular/compiler/fesm2022/compiler.mjs:32000:52)
	    at ComplaintComponent.╔╡cmp (node_modules/@angular/core/fesm2022/debug_node.mjs:30245:47)
	    at getComponentDef (node_modules/@angular/core/fesm2022/testing.mjs:1605:18)
	    at isStandaloneComponent (node_modules/@angular/core/fesm2022/testing.mjs:1601:17)
	    at queueTypesFromModulesArrayRecur (node_modules/@angular/core/fesm2022/testing.mjs:1325:26)
	    at TestBedCompiler.queueTypesFromModulesArray (node_modules/@angular/core/fesm2022/testing.mjs:1348:9)
	    at TestBedCompiler.configureTestingModule (node_modules/@angular/core/fesm2022/testing.mjs:856:18)
	    at TestBedImpl.configureTestingModule (node_modules/@angular/core/fesm2022/testing.mjs:1993:23)
	    at TestBedImpl.configureTestingModule (node_modules/@angular/core/fesm2022/testing.mjs:1805:37)
Chrome Headless 144.0.0.0 (Windows 10): Executed 209 of 767[31m (67 FAILED)[39m (skipped 2) (0 secs / 5.38 secs)
Chrome Headless 144.0.0.0 (Windows 10) ComplaintComponent should miss complaint object if retrieving currently logged in user fails FAILED
	Failed: Errors during JIT compilation of template for ComplaintComponent: Unexpected closing tag "section". It may happen when the tag has already been closed by another tag. For more info see https://www.w3.org/TR/html5/syntax.html#closing-elements-that-have-implied-end-tags ("
	>>>>>>> upstream/develop
	      }
	    [ERROR ->]</section>
	
	    <form class="form-container" id="complaint-form">
	"): ng:///ComplaintComponent/template.html@38:4
	    at parseJitTemplate (node_modules/@angular/compiler/fesm2022/compiler.mjs:32326:15)
	    at CompilerFacadeImpl.compileComponent (node_modules/@angular/compiler/fesm2022/compiler.mjs:32000:52)
	    at ComplaintComponent.╔╡cmp (node_modules/@angular/core/fesm2022/debug_node.mjs:30245:47)
	    at getComponentDef (node_modules/@angular/core/fesm2022/testing.mjs:1605:18)
	    at isStandaloneComponent (node_modules/@angular/core/fesm2022/testing.mjs:1601:17)
	    at queueTypesFromModulesArrayRecur (node_modules/@angular/core/fesm2022/testing.mjs:1325:26)
	    at TestBedCompiler.queueTypesFromModulesArray (node_modules/@angular/core/fesm2022/testing.mjs:1348:9)
	    at TestBedCompiler.configureTestingModule (node_modules/@angular/core/fesm2022/testing.mjs:856:18)
	    at TestBedImpl.configureTestingModule (node_modules/@angular/core/fesm2022/testing.mjs:1993:23)
	    at TestBedImpl.configureTestingModule (node_modules/@angular/core/fesm2022/testing.mjs:1805:37)
[1A[2K[31mChrome Headless 144.0.0.0 (Windows 10) ComplaintComponent should reset form by calling resetForm FAILED[39m
	Failed: Errors during JIT compilation of template for ComplaintComponent: Unexpected closing tag "section". It may happen when the tag has already been closed by another tag. For more info see https://www.w3.org/TR/html5/syntax.html#closing-elements-that-have-implied-end-tags ("
	>>>>>>> upstream/develop
	      }
	    [ERROR ->]</section>
	
	    <form class="form-container" id="complaint-form">
	"): ng:///ComplaintComponent/template.html@38:4
	    at parseJitTemplate (node_modules/@angular/compiler/fesm2022/compiler.mjs:32326:15)
	    at CompilerFacadeImpl.compileComponent (node_modules/@angular/compiler/fesm2022/compiler.mjs:32000:52)
	    at ComplaintComponent.╔╡cmp (node_modules/@angular/core/fesm2022/debug_node.mjs:30245:47)
	    at getComponentDef (node_modules/@angular/core/fesm2022/testing.mjs:1605:18)
	    at isStandaloneComponent (node_modules/@angular/core/fesm2022/testing.mjs:1601:17)
	    at queueTypesFromModulesArrayRecur (node_modules/@angular/core/fesm2022/testing.mjs:1325:26)
	    at TestBedCompiler.queueTypesFromModulesArray (node_modules/@angular/core/fesm2022/testing.mjs:1348:9)
	    at TestBedCompiler.configureTestingModule (node_modules/@angular/core/fesm2022/testing.mjs:856:18)
	    at TestBedImpl.configureTestingModule (node_modules/@angular/core/fesm2022/testing.mjs:1993:23)
	    at TestBedImpl.configureTestingModule (node_modules/@angular/core/fesm2022/testing.mjs:1805:37)
Chrome Headless 144.0.0.0 (Windows 10): Executed 210 of 767[31m (68 FAILED)[39m (skipped 2) (0 secs / 5.382 secs)
Chrome Headless 144.0.0.0 (Windows 10) ComplaintComponent should reset form by calling resetForm FAILED
	Failed: Errors during JIT compilation of template for ComplaintComponent: Unexpected closing tag "section". It may happen when the tag has already been closed by another tag. For more info see https://www.w3.org/TR/html5/syntax.html#closing-elements-that-have-implied-end-tags ("
	>>>>>>> upstream/develop
	      }
	    [ERROR ->]</section>
	
	    <form class="form-container" id="complaint-form">
	"): ng:///ComplaintComponent/template.html@38:4
	    at parseJitTemplate (node_modules/@angular/compiler/fesm2022/compiler.mjs:32326:15)
	    at CompilerFacadeImpl.compileComponent (node_modules/@angular/compiler/fesm2022/compiler.mjs:32000:52)
	    at ComplaintComponent.╔╡cmp (node_modules/@angular/core/fesm2022/debug_node.mjs:30245:47)
	    at getComponentDef (node_modules/@angular/core/fesm2022/testing.mjs:1605:18)
	    at isStandaloneComponent (node_modules/@angular/core/fesm2022/testing.mjs:1601:17)
	    at queueTypesFromModulesArrayRecur (node_modules/@angular/core/fesm2022/testing.mjs:1325:26)
	    at TestBedCompiler.queueTypesFromModulesArray (node_modules/@angular/core/fesm2022/testing.mjs:1348:9)
	    at TestBedCompiler.configureTestingModule (node_modules/@angular/core/fesm2022/testing.mjs:856:18)
	    at TestBedImpl.configureTestingModule (node_modules/@angular/core/fesm2022/testing.mjs:1993:23)
	    at TestBedImpl.configureTestingModule (node_modules/@angular/core/fesm2022/testing.mjs:1805:37)
[1A[2K[31mChrome Headless 144.0.0.0 (Windows 10) AdministrationComponent should have three columns in the user table FAILED[39m
	Failed: Errors during JIT compilation of template for AdministrationComponent: Unexpected closing tag "section". It may happen when the tag has already been closed by another tag. For more info see https://www.w3.org/TR/html5/syntax.html#closing-elements-that-have-implied-end-tags ("
	            color="accent">
	          </mat-paginator>
	        [ERROR ->]</section>
	        <section class="customer-table">
	          <header class="heading">
	"): ng:///AdministrationComponent/template.html@66:8
	    at parseJitTemplate (node_modules/@angular/compiler/fesm2022/compiler.mjs:32326:15)
	    at CompilerFacadeImpl.compileComponent (node_modules/@angular/compiler/fesm2022/compiler.mjs:32000:52)
	    at AdministrationComponent.╔╡cmp (node_modules/@angular/core/fesm2022/debug_node.mjs:30245:47)
	    at getComponentDef (node_modules/@angular/core/fesm2022/testing.mjs:1605:18)
	    at isStandaloneComponent (node_modules/@angular/core/fesm2022/testing.mjs:1601:17)
	    at queueTypesFromModulesArrayRecur (node_modules/@angular/core/fesm2022/testing.mjs:1325:26)
	    at TestBedCompiler.queueTypesFromModulesArray (node_modules/@angular/core/fesm2022/testing.mjs:1348:9)
	    at TestBedCompiler.configureTestingModule (node_modules/@angular/core/fesm2022/testing.mjs:856:18)
	    at TestBedImpl.configureTestingModule (node_modules/@angular/core/fesm2022/testing.mjs:1993:23)
	    at TestBedImpl.configureTestingModule (node_modules/@angular/core/fesm2022/testing.mjs:1805:37)
Chrome Headless 144.0.0.0 (Windows 10): Executed 211 of 767[31m (69 FAILED)[39m (skipped 2) (0 secs / 5.396 secs)
Chrome Headless 144.0.0.0 (Windows 10) AdministrationComponent should have three columns in the user table FAILED
	Failed: Errors during JIT compilation of template for AdministrationComponent: Unexpected closing tag "section". It may happen when the tag has already been closed by another tag. For more info see https://www.w3.org/TR/html5/syntax.html#closing-elements-that-have-implied-end-tags ("
	            color="accent">
	          </mat-paginator>
	        [ERROR ->]</section>
	        <section class="customer-table">
	          <header class="heading">
	"): ng:///AdministrationComponent/template.html@66:8
	    at parseJitTemplate (node_modules/@angular/compiler/fesm2022/compiler.mjs:32326:15)
	    at CompilerFacadeImpl.compileComponent (node_modules/@angular/compiler/fesm2022/compiler.mjs:32000:52)
	    at AdministrationComponent.╔╡cmp (node_modules/@angular/core/fesm2022/debug_node.mjs:30245:47)
	    at getComponentDef (node_modules/@angular/core/fesm2022/testing.mjs:1605:18)
	    at isStandaloneComponent (node_modules/@angular/core/fesm2022/testing.mjs:1601:17)
	    at queueTypesFromModulesArrayRecur (node_modules/@angular/core/fesm2022/testing.mjs:1325:26)
	    at TestBedCompiler.queueTypesFromModulesArray (node_modules/@angular/core/fesm2022/testing.mjs:1348:9)
	    at TestBedCompiler.configureTestingModule (node_modules/@angular/core/fesm2022/testing.mjs:856:18)
	    at TestBedImpl.configureTestingModule (node_modules/@angular/core/fesm2022/testing.mjs:1993:23)
	    at TestBedImpl.configureTestingModule (node_modules/@angular/core/fesm2022/testing.mjs:1805:37)
[1A[2K[31mChrome Headless 144.0.0.0 (Windows 10) AdministrationComponent should have four columns in the feedback table FAILED[39m
	Failed: Errors during JIT compilation of template for AdministrationComponent: Unexpected closing tag "section". It may happen when the tag has already been closed by another tag. For more info see https://www.w3.org/TR/html5/syntax.html#closing-elements-that-have-implied-end-tags ("
	            color="accent">
	          </mat-paginator>
	        [ERROR ->]</section>
	        <section class="customer-table">
	          <header class="heading">
	"): ng:///AdministrationComponent/template.html@66:8
	    at parseJitTemplate (node_modules/@angular/compiler/fesm2022/compiler.mjs:32326:15)
	    at CompilerFacadeImpl.compileComponent (node_modules/@angular/compiler/fesm2022/compiler.mjs:32000:52)
	    at AdministrationComponent.╔╡cmp (node_modules/@angular/core/fesm2022/debug_node.mjs:30245:47)
	    at getComponentDef (node_modules/@angular/core/fesm2022/testing.mjs:1605:18)
	    at isStandaloneComponent (node_modules/@angular/core/fesm2022/testing.mjs:1601:17)
	    at queueTypesFromModulesArrayRecur (node_modules/@angular/core/fesm2022/testing.mjs:1325:26)
	    at TestBedCompiler.queueTypesFromModulesArray (node_modules/@angular/core/fesm2022/testing.mjs:1348:9)
	    at TestBedCompiler.configureTestingModule (node_modules/@angular/core/fesm2022/testing.mjs:856:18)
	    at TestBedImpl.configureTestingModule (node_modules/@angular/core/fesm2022/testing.mjs:1993:23)
	    at TestBedImpl.configureTestingModule (node_modules/@angular/core/fesm2022/testing.mjs:1805:37)
Chrome Headless 144.0.0.0 (Windows 10): Executed 212 of 767[31m (70 FAILED)[39m (skipped 2) (0 secs / 5.399 secs)
Chrome Headless 144.0.0.0 (Windows 10) AdministrationComponent should have four columns in the feedback table FAILED
	Failed: Errors during JIT compilation of template for AdministrationComponent: Unexpected closing tag "section". It may happen when the tag has already been closed by another tag. For more info see https://www.w3.org/TR/html5/syntax.html#closing-elements-that-have-implied-end-tags ("
	            color="accent">
	          </mat-paginator>
	        [ERROR ->]</section>
	        <section class="customer-table">
	          <header class="heading">
	"): ng:///AdministrationComponent/template.html@66:8
	    at parseJitTemplate (node_modules/@angular/compiler/fesm2022/compiler.mjs:32326:15)
	    at CompilerFacadeImpl.compileComponent (node_modules/@angular/compiler/fesm2022/compiler.mjs:32000:52)
	    at AdministrationComponent.╔╡cmp (node_modules/@angular/core/fesm2022/debug_node.mjs:30245:47)
	    at getComponentDef (node_modules/@angular/core/fesm2022/testing.mjs:1605:18)
	    at isStandaloneComponent (node_modules/@angular/core/fesm2022/testing.mjs:1601:17)
	    at queueTypesFromModulesArrayRecur (node_modules/@angular/core/fesm2022/testing.mjs:1325:26)
	    at TestBedCompiler.queueTypesFromModulesArray (node_modules/@angular/core/fesm2022/testing.mjs:1348:9)
	    at TestBedCompiler.configureTestingModule (node_modules/@angular/core/fesm2022/testing.mjs:856:18)
	    at TestBedImpl.configureTestingModule (node_modules/@angular/core/fesm2022/testing.mjs:1993:23)
	    at TestBedImpl.configureTestingModule (node_modules/@angular/core/fesm2022/testing.mjs:1805:37)
[1A[2K[31mChrome Headless 144.0.0.0 (Windows 10) AdministrationComponent should open the FeedbackDetailsComponent to show details FAILED[39m
	Failed: Errors during JIT compilation of template for AdministrationComponent: Unexpected closing tag "section". It may happen when the tag has already been closed by another tag. For more info see https://www.w3.org/TR/html5/syntax.html#closing-elements-that-have-implied-end-tags ("
	            color="accent">
	          </mat-paginator>
	        [ERROR ->]</section>
	        <section class="customer-table">
	          <header class="heading">
	"): ng:///AdministrationComponent/template.html@66:8
	    at parseJitTemplate (node_modules/@angular/compiler/fesm2022/compiler.mjs:32326:15)
	    at CompilerFacadeImpl.compileComponent (node_modules/@angular/compiler/fesm2022/compiler.mjs:32000:52)
	    at AdministrationComponent.╔╡cmp (node_modules/@angular/core/fesm2022/debug_node.mjs:30245:47)
	    at getComponentDef (node_modules/@angular/core/fesm2022/testing.mjs:1605:18)
	    at isStandaloneComponent (node_modules/@angular/core/fesm2022/testing.mjs:1601:17)
	    at queueTypesFromModulesArrayRecur (node_modules/@angular/core/fesm2022/testing.mjs:1325:26)
	    at TestBedCompiler.queueTypesFromModulesArray (node_modules/@angular/core/fesm2022/testing.mjs:1348:9)
	    at TestBedCompiler.configureTestingModule (node_modules/@angular/core/fesm2022/testing.mjs:856:18)
	    at TestBedImpl.configureTestingModule (node_modules/@angular/core/fesm2022/testing.mjs:1993:23)
	    at TestBedImpl.configureTestingModule (node_modules/@angular/core/fesm2022/testing.mjs:1805:37)
Chrome Headless 144.0.0.0 (Windows 10): Executed 213 of 767[31m (71 FAILED)[39m (skipped 2) (0 secs / 5.402 secs)
Chrome Headless 144.0.0.0 (Windows 10) AdministrationComponent should open the FeedbackDetailsComponent to show details FAILED
	Failed: Errors during JIT compilation of template for AdministrationComponent: Unexpected closing tag "section". It may happen when the tag has already been closed by another tag. For more info see https://www.w3.org/TR/html5/syntax.html#closing-elements-that-have-implied-end-tags ("
	            color="accent">
	          </mat-paginator>
	        [ERROR ->]</section>
	        <section class="customer-table">
	          <header class="heading">
	"): ng:///AdministrationComponent/template.html@66:8
	    at parseJitTemplate (node_modules/@angular/compiler/fesm2022/compiler.mjs:32326:15)
	    at CompilerFacadeImpl.compileComponent (node_modules/@angular/compiler/fesm2022/compiler.mjs:32000:52)
	    at AdministrationComponent.╔╡cmp (node_modules/@angular/core/fesm2022/debug_node.mjs:30245:47)
	    at getComponentDef (node_modules/@angular/core/fesm2022/testing.mjs:1605:18)
	    at isStandaloneComponent (node_modules/@angular/core/fesm2022/testing.mjs:1601:17)
	    at queueTypesFromModulesArrayRecur (node_modules/@angular/core/fesm2022/testing.mjs:1325:26)
	    at TestBedCompiler.queueTypesFromModulesArray (node_modules/@angular/core/fesm2022/testing.mjs:1348:9)
	    at TestBedCompiler.configureTestingModule (node_modules/@angular/core/fesm2022/testing.mjs:856:18)
	    at TestBedImpl.configureTestingModule (node_modules/@angular/core/fesm2022/testing.mjs:1993:23)
	    at TestBedImpl.configureTestingModule (node_modules/@angular/core/fesm2022/testing.mjs:1805:37)
[1A[2K[31mChrome Headless 144.0.0.0 (Windows 10) AdministrationComponent should create FAILED[39m
	Failed: Errors during JIT compilation of template for AdministrationComponent: Unexpected closing tag "section". It may happen when the tag has already been closed by another tag. For more info see https://www.w3.org/TR/html5/syntax.html#closing-elements-that-have-implied-end-tags ("
	            color="accent">
	          </mat-paginator>
	        [ERROR ->]</section>
	        <section class="customer-table">
	          <header class="heading">
	"): ng:///AdministrationComponent/template.html@66:8
	    at parseJitTemplate (node_modules/@angular/compiler/fesm2022/compiler.mjs:32326:15)
	    at CompilerFacadeImpl.compileComponent (node_modules/@angular/compiler/fesm2022/compiler.mjs:32000:52)
	    at AdministrationComponent.╔╡cmp (node_modules/@angular/core/fesm2022/debug_node.mjs:30245:47)
	    at getComponentDef (node_modules/@angular/core/fesm2022/testing.mjs:1605:18)
	    at isStandaloneComponent (node_modules/@angular/core/fesm2022/testing.mjs:1601:17)
	    at queueTypesFromModulesArrayRecur (node_modules/@angular/core/fesm2022/testing.mjs:1325:26)
	    at TestBedCompiler.queueTypesFromModulesArray (node_modules/@angular/core/fesm2022/testing.mjs:1348:9)
	    at TestBedCompiler.configureTestingModule (node_modules/@angular/core/fesm2022/testing.mjs:856:18)
	    at TestBedImpl.configureTestingModule (node_modules/@angular/core/fesm2022/testing.mjs:1993:23)
	    at TestBedImpl.configureTestingModule (node_modules/@angular/core/fesm2022/testing.mjs:1805:37)
Chrome Headless 144.0.0.0 (Windows 10): Executed 214 of 767[31m (72 FAILED)[39m (skipped 2) (0 secs / 5.404 secs)
Chrome Headless 144.0.0.0 (Windows 10) AdministrationComponent should create FAILED
	Failed: Errors during JIT compilation of template for AdministrationComponent: Unexpected closing tag "section". It may happen when the tag has already been closed by another tag. For more info see https://www.w3.org/TR/html5/syntax.html#closing-elements-that-have-implied-end-tags ("
	            color="accent">
	          </mat-paginator>
	        [ERROR ->]</section>
	        <section class="customer-table">
	          <header class="heading">
	"): ng:///AdministrationComponent/template.html@66:8
	    at parseJitTemplate (node_modules/@angular/compiler/fesm2022/compiler.mjs:32326:15)
	    at CompilerFacadeImpl.compileComponent (node_modules/@angular/compiler/fesm2022/compiler.mjs:32000:52)
	    at AdministrationComponent.╔╡cmp (node_modules/@angular/core/fesm2022/debug_node.mjs:30245:47)
	    at getComponentDef (node_modules/@angular/core/fesm2022/testing.mjs:1605:18)
	    at isStandaloneComponent (node_modules/@angular/core/fesm2022/testing.mjs:1601:17)
	    at queueTypesFromModulesArrayRecur (node_modules/@angular/core/fesm2022/testing.mjs:1325:26)
	    at TestBedCompiler.queueTypesFromModulesArray (node_modules/@angular/core/fesm2022/testing.mjs:1348:9)
	    at TestBedCompiler.configureTestingModule (node_modules/@angular/core/fesm2022/testing.mjs:856:18)
	    at TestBedImpl.configureTestingModule (node_modules/@angular/core/fesm2022/testing.mjs:1993:23)
	    at TestBedImpl.configureTestingModule (node_modules/@angular/core/fesm2022/testing.mjs:1805:37)
[1A[2K[31mChrome Headless 144.0.0.0 (Windows 10) AdministrationComponent should find all users via the UserService FAILED[39m
	Failed: Errors during JIT compilation of template for AdministrationComponent: Unexpected closing tag "section". It may happen when the tag has already been closed by another tag. For more info see https://www.w3.org/TR/html5/syntax.html#closing-elements-that-have-implied-end-tags ("
	            color="accent">
	          </mat-paginator>
	        [ERROR ->]</section>
	        <section class="customer-table">
	          <header class="heading">
	"): ng:///AdministrationComponent/template.html@66:8
	    at parseJitTemplate (node_modules/@angular/compiler/fesm2022/compiler.mjs:32326:15)
	    at CompilerFacadeImpl.compileComponent (node_modules/@angular/compiler/fesm2022/compiler.mjs:32000:52)
	    at AdministrationComponent.╔╡cmp (node_modules/@angular/core/fesm2022/debug_node.mjs:30245:47)
	    at getComponentDef (node_modules/@angular/core/fesm2022/testing.mjs:1605:18)
	    at isStandaloneComponent (node_modules/@angular/core/fesm2022/testing.mjs:1601:17)
	    at queueTypesFromModulesArrayRecur (node_modules/@angular/core/fesm2022/testing.mjs:1325:26)
	    at TestBedCompiler.queueTypesFromModulesArray (node_modules/@angular/core/fesm2022/testing.mjs:1348:9)
	    at TestBedCompiler.configureTestingModule (node_modules/@angular/core/fesm2022/testing.mjs:856:18)
	    at TestBedImpl.configureTestingModule (node_modules/@angular/core/fesm2022/testing.mjs:1993:23)
	    at TestBedImpl.configureTestingModule (node_modules/@angular/core/fesm2022/testing.mjs:1805:37)
Chrome Headless 144.0.0.0 (Windows 10): Executed 215 of 767[31m (73 FAILED)[39m (skipped 2) (0 secs / 5.406 secs)
Chrome Headless 144.0.0.0 (Windows 10) AdministrationComponent should find all users via the UserService FAILED
	Failed: Errors during JIT compilation of template for AdministrationComponent: Unexpected closing tag "section". It may happen when the tag has already been closed by another tag. For more info see https://www.w3.org/TR/html5/syntax.html#closing-elements-that-have-implied-end-tags ("
	            color="accent">
	          </mat-paginator>
	        [ERROR ->]</section>
	        <section class="customer-table">
	          <header class="heading">
	"): ng:///AdministrationComponent/template.html@66:8
	    at parseJitTemplate (node_modules/@angular/compiler/fesm2022/compiler.mjs:32326:15)
	    at CompilerFacadeImpl.compileComponent (node_modules/@angular/compiler/fesm2022/compiler.mjs:32000:52)
	    at AdministrationComponent.╔╡cmp (node_modules/@angular/core/fesm2022/debug_node.mjs:30245:47)
	    at getComponentDef (node_modules/@angular/core/fesm2022/testing.mjs:1605:18)
	    at isStandaloneComponent (node_modules/@angular/core/fesm2022/testing.mjs:1601:17)
	    at queueTypesFromModulesArrayRecur (node_modules/@angular/core/fesm2022/testing.mjs:1325:26)
	    at TestBedCompiler.queueTypesFromModulesArray (node_modules/@angular/core/fesm2022/testing.mjs:1348:9)
	    at TestBedCompiler.configureTestingModule (node_modules/@angular/core/fesm2022/testing.mjs:856:18)
	    at TestBedImpl.configureTestingModule (node_modules/@angular/core/fesm2022/testing.mjs:1993:23)
	    at TestBedImpl.configureTestingModule (node_modules/@angular/core/fesm2022/testing.mjs:1805:37)
[1A[2K[31mChrome Headless 144.0.0.0 (Windows 10) AdministrationComponent should give an error if UserService fails to find all users FAILED[39m
	Failed: Errors during JIT compilation of template for AdministrationComponent: Unexpected closing tag "section". It may happen when the tag has already been closed by another tag. For more info see https://www.w3.org/TR/html5/syntax.html#closing-elements-that-have-implied-end-tags ("
	            color="accent">
	          </mat-paginator>
	        [ERROR ->]</section>
	        <section class="customer-table">
	          <header class="heading">
	"): ng:///AdministrationComponent/template.html@66:8
	    at parseJitTemplate (node_modules/@angular/compiler/fesm2022/compiler.mjs:32326:15)
	    at CompilerFacadeImpl.compileComponent (node_modules/@angular/compiler/fesm2022/compiler.mjs:32000:52)
	    at AdministrationComponent.╔╡cmp (node_modules/@angular/core/fesm2022/debug_node.mjs:30245:47)
	    at getComponentDef (node_modules/@angular/core/fesm2022/testing.mjs:1605:18)
	    at isStandaloneComponent (node_modules/@angular/core/fesm2022/testing.mjs:1601:17)
	    at queueTypesFromModulesArrayRecur (node_modules/@angular/core/fesm2022/testing.mjs:1325:26)
	    at TestBedCompiler.queueTypesFromModulesArray (node_modules/@angular/core/fesm2022/testing.mjs:1348:9)
	    at TestBedCompiler.configureTestingModule (node_modules/@angular/core/fesm2022/testing.mjs:856:18)
	    at TestBedImpl.configureTestingModule (node_modules/@angular/core/fesm2022/testing.mjs:1993:23)
	    at TestBedImpl.configureTestingModule (node_modules/@angular/core/fesm2022/testing.mjs:1805:37)
Chrome Headless 144.0.0.0 (Windows 10): Executed 216 of 767[31m (74 FAILED)[39m (skipped 2) (0 secs / 5.409 secs)
Chrome Headless 144.0.0.0 (Windows 10) AdministrationComponent should give an error if UserService fails to find all users FAILED
	Failed: Errors during JIT compilation of template for AdministrationComponent: Unexpected closing tag "section". It may happen when the tag has already been closed by another tag. For more info see https://www.w3.org/TR/html5/syntax.html#closing-elements-that-have-implied-end-tags ("
	            color="accent">
	          </mat-paginator>
	        [ERROR ->]</section>
	        <section class="customer-table">
	          <header class="heading">
	"): ng:///AdministrationComponent/template.html@66:8
	    at parseJitTemplate (node_modules/@angular/compiler/fesm2022/compiler.mjs:32326:15)
	    at CompilerFacadeImpl.compileComponent (node_modules/@angular/compiler/fesm2022/compiler.mjs:32000:52)
	    at AdministrationComponent.╔╡cmp (node_modules/@angular/core/fesm2022/debug_node.mjs:30245:47)
	    at getComponentDef (node_modules/@angular/core/fesm2022/testing.mjs:1605:18)
	    at isStandaloneComponent (node_modules/@angular/core/fesm2022/testing.mjs:1601:17)
	    at queueTypesFromModulesArrayRecur (node_modules/@angular/core/fesm2022/testing.mjs:1325:26)
	    at TestBedCompiler.queueTypesFromModulesArray (node_modules/@angular/core/fesm2022/testing.mjs:1348:9)
	    at TestBedCompiler.configureTestingModule (node_modules/@angular/core/fesm2022/testing.mjs:856:18)
	    at TestBedImpl.configureTestingModule (node_modules/@angular/core/fesm2022/testing.mjs:1993:23)
	    at TestBedImpl.configureTestingModule (node_modules/@angular/core/fesm2022/testing.mjs:1805:37)
[1A[2K[31mChrome Headless 144.0.0.0 (Windows 10) AdministrationComponent should find all feedbacks via FeedbackService FAILED[39m
	Failed: Errors during JIT compilation of template for AdministrationComponent: Unexpected closing tag "section". It may happen when the tag has already been closed by another tag. For more info see https://www.w3.org/TR/html5/syntax.html#closing-elements-that-have-implied-end-tags ("
	            color="accent">
	          </mat-paginator>
	        [ERROR ->]</section>
	        <section class="customer-table">
	          <header class="heading">
	"): ng:///AdministrationComponent/template.html@66:8
	    at parseJitTemplate (node_modules/@angular/compiler/fesm2022/compiler.mjs:32326:15)
	    at CompilerFacadeImpl.compileComponent (node_modules/@angular/compiler/fesm2022/compiler.mjs:32000:52)
	    at AdministrationComponent.╔╡cmp (node_modules/@angular/core/fesm2022/debug_node.mjs:30245:47)
	    at getComponentDef (node_modules/@angular/core/fesm2022/testing.mjs:1605:18)
	    at isStandaloneComponent (node_modules/@angular/core/fesm2022/testing.mjs:1601:17)
	    at queueTypesFromModulesArrayRecur (node_modules/@angular/core/fesm2022/testing.mjs:1325:26)
	    at TestBedCompiler.queueTypesFromModulesArray (node_modules/@angular/core/fesm2022/testing.mjs:1348:9)
	    at TestBedCompiler.configureTestingModule (node_modules/@angular/core/fesm2022/testing.mjs:856:18)
	    at TestBedImpl.configureTestingModule (node_modules/@angular/core/fesm2022/testing.mjs:1993:23)
	    at TestBedImpl.configureTestingModule (node_modules/@angular/core/fesm2022/testing.mjs:1805:37)
Chrome Headless 144.0.0.0 (Windows 10): Executed 217 of 767[31m (75 FAILED)[39m (skipped 2) (0 secs / 5.414 secs)
Chrome Headless 144.0.0.0 (Windows 10) AdministrationComponent should find all feedbacks via FeedbackService FAILED
	Failed: Errors during JIT compilation of template for AdministrationComponent: Unexpected closing tag "section". It may happen when the tag has already been closed by another tag. For more info see https://www.w3.org/TR/html5/syntax.html#closing-elements-that-have-implied-end-tags ("
	            color="accent">
	          </mat-paginator>
	        [ERROR ->]</section>
	        <section class="customer-table">
	          <header class="heading">
	"): ng:///AdministrationComponent/template.html@66:8
	    at parseJitTemplate (node_modules/@angular/compiler/fesm2022/compiler.mjs:32326:15)
	    at CompilerFacadeImpl.compileComponent (node_modules/@angular/compiler/fesm2022/compiler.mjs:32000:52)
	    at AdministrationComponent.╔╡cmp (node_modules/@angular/core/fesm2022/debug_node.mjs:30245:47)
	    at getComponentDef (node_modules/@angular/core/fesm2022/testing.mjs:1605:18)
	    at isStandaloneComponent (node_modules/@angular/core/fesm2022/testing.mjs:1601:17)
	    at queueTypesFromModulesArrayRecur (node_modules/@angular/core/fesm2022/testing.mjs:1325:26)
	    at TestBedCompiler.queueTypesFromModulesArray (node_modules/@angular/core/fesm2022/testing.mjs:1348:9)
	    at TestBedCompiler.configureTestingModule (node_modules/@angular/core/fesm2022/testing.mjs:856:18)
	    at TestBedImpl.configureTestingModule (node_modules/@angular/core/fesm2022/testing.mjs:1993:23)
	    at TestBedImpl.configureTestingModule (node_modules/@angular/core/fesm2022/testing.mjs:1805:37)
[1A[2K[31mChrome Headless 144.0.0.0 (Windows 10) AdministrationComponent should give an error if FeedbackService fails to find all feedbacks FAILED[39m
	Failed: Errors during JIT compilation of template for AdministrationComponent: Unexpected closing tag "section". It may happen when the tag has already been closed by another tag. For more info see https://www.w3.org/TR/html5/syntax.html#closing-elements-that-have-implied-end-tags ("
	            color="accent">
	          </mat-paginator>
	        [ERROR ->]</section>
	        <section class="customer-table">
	          <header class="heading">
	"): ng:///AdministrationComponent/template.html@66:8
	    at parseJitTemplate (node_modules/@angular/compiler/fesm2022/compiler.mjs:32326:15)
	    at CompilerFacadeImpl.compileComponent (node_modules/@angular/compiler/fesm2022/compiler.mjs:32000:52)
	    at AdministrationComponent.╔╡cmp (node_modules/@angular/core/fesm2022/debug_node.mjs:30245:47)
	    at getComponentDef (node_modules/@angular/core/fesm2022/testing.mjs:1605:18)
	    at isStandaloneComponent (node_modules/@angular/core/fesm2022/testing.mjs:1601:17)
	    at queueTypesFromModulesArrayRecur (node_modules/@angular/core/fesm2022/testing.mjs:1325:26)
	    at TestBedCompiler.queueTypesFromModulesArray (node_modules/@angular/core/fesm2022/testing.mjs:1348:9)
	    at TestBedCompiler.configureTestingModule (node_modules/@angular/core/fesm2022/testing.mjs:856:18)
	    at TestBedImpl.configureTestingModule (node_modules/@angular/core/fesm2022/testing.mjs:1993:23)
	    at TestBedImpl.configureTestingModule (node_modules/@angular/core/fesm2022/testing.mjs:1805:37)
Chrome Headless 144.0.0.0 (Windows 10): Executed 218 of 767[31m (76 FAILED)[39m (skipped 2) (0 secs / 5.416 secs)
Chrome Headless 144.0.0.0 (Windows 10) AdministrationComponent should give an error if FeedbackService fails to find all feedbacks FAILED
	Failed: Errors during JIT compilation of template for AdministrationComponent: Unexpected closing tag "section". It may happen when the tag has already been closed by another tag. For more info see https://www.w3.org/TR/html5/syntax.html#closing-elements-that-have-implied-end-tags ("
	            color="accent">
	          </mat-paginator>
	        [ERROR ->]</section>
	        <section class="customer-table">
	          <header class="heading">
	"): ng:///AdministrationComponent/template.html@66:8
	    at parseJitTemplate (node_modules/@angular/compiler/fesm2022/compiler.mjs:32326:15)
	    at CompilerFacadeImpl.compileComponent (node_modules/@angular/compiler/fesm2022/compiler.mjs:32000:52)
	    at AdministrationComponent.╔╡cmp (node_modules/@angular/core/fesm2022/debug_node.mjs:30245:47)
	    at getComponentDef (node_modules/@angular/core/fesm2022/testing.mjs:1605:18)
	    at isStandaloneComponent (node_modules/@angular/core/fesm2022/testing.mjs:1601:17)
	    at queueTypesFromModulesArrayRecur (node_modules/@angular/core/fesm2022/testing.mjs:1325:26)
	    at TestBedCompiler.queueTypesFromModulesArray (node_modules/@angular/core/fesm2022/testing.mjs:1348:9)
	    at TestBedCompiler.configureTestingModule (node_modules/@angular/core/fesm2022/testing.mjs:856:18)
	    at TestBedImpl.configureTestingModule (node_modules/@angular/core/fesm2022/testing.mjs:1993:23)
	    at TestBedImpl.configureTestingModule (node_modules/@angular/core/fesm2022/testing.mjs:1805:37)
[1A[2K[31mChrome Headless 144.0.0.0 (Windows 10) AdministrationComponent should refresh all feedbacks after deletion FAILED[39m
	Failed: Errors during JIT compilation of template for AdministrationComponent: Unexpected closing tag "section". It may happen when the tag has already been closed by another tag. For more info see https://www.w3.org/TR/html5/syntax.html#closing-elements-that-have-implied-end-tags ("
	            color="accent">
	          </mat-paginator>
	        [ERROR ->]</section>
	        <section class="customer-table">
	          <header class="heading">
	"): ng:///AdministrationComponent/template.html@66:8
	    at parseJitTemplate (node_modules/@angular/compiler/fesm2022/compiler.mjs:32326:15)
	    at CompilerFacadeImpl.compileComponent (node_modules/@angular/compiler/fesm2022/compiler.mjs:32000:52)
	    at AdministrationComponent.╔╡cmp (node_modules/@angular/core/fesm2022/debug_node.mjs:30245:47)
	    at getComponentDef (node_modules/@angular/core/fesm2022/testing.mjs:1605:18)
	    at isStandaloneComponent (node_modules/@angular/core/fesm2022/testing.mjs:1601:17)
	    at queueTypesFromModulesArrayRecur (node_modules/@angular/core/fesm2022/testing.mjs:1325:26)
	    at TestBedCompiler.queueTypesFromModulesArray (node_modules/@angular/core/fesm2022/testing.mjs:1348:9)
	    at TestBedCompiler.configureTestingModule (node_modules/@angular/core/fesm2022/testing.mjs:856:18)
	    at TestBedImpl.configureTestingModule (node_modules/@angular/core/fesm2022/testing.mjs:1993:23)
	    at TestBedImpl.configureTestingModule (node_modules/@angular/core/fesm2022/testing.mjs:1805:37)
Chrome Headless 144.0.0.0 (Windows 10): Executed 219 of 767[31m (77 FAILED)[39m (skipped 2) (0 secs / 5.418 secs)
Chrome Headless 144.0.0.0 (Windows 10) AdministrationComponent should refresh all feedbacks after deletion FAILED
	Failed: Errors during JIT compilation of template for AdministrationComponent: Unexpected closing tag "section". It may happen when the tag has already been closed by another tag. For more info see https://www.w3.org/TR/html5/syntax.html#closing-elements-that-have-implied-end-tags ("
	            color="accent">
	          </mat-paginator>
	        [ERROR ->]</section>
	        <section class="customer-table">
	          <header class="heading">
	"): ng:///AdministrationComponent/template.html@66:8
	    at parseJitTemplate (node_modules/@angular/compiler/fesm2022/compiler.mjs:32326:15)
	    at CompilerFacadeImpl.compileComponent (node_modules/@angular/compiler/fesm2022/compiler.mjs:32000:52)
	    at AdministrationComponent.╔╡cmp (node_modules/@angular/core/fesm2022/debug_node.mjs:30245:47)
	    at getComponentDef (node_modules/@angular/core/fesm2022/testing.mjs:1605:18)
	    at isStandaloneComponent (node_modules/@angular/core/fesm2022/testing.mjs:1601:17)
	    at queueTypesFromModulesArrayRecur (node_modules/@angular/core/fesm2022/testing.mjs:1325:26)
	    at TestBedCompiler.queueTypesFromModulesArray (node_modules/@angular/core/fesm2022/testing.mjs:1348:9)
	    at TestBedCompiler.configureTestingModule (node_modules/@angular/core/fesm2022/testing.mjs:856:18)
	    at TestBedImpl.configureTestingModule (node_modules/@angular/core/fesm2022/testing.mjs:1993:23)
	    at TestBedImpl.configureTestingModule (node_modules/@angular/core/fesm2022/testing.mjs:1805:37)
[1A[2K[31mChrome Headless 144.0.0.0 (Windows 10) AdministrationComponent should give an error if FeedbackService fails to delete feedback FAILED[39m
	Failed: Errors during JIT compilation of template for AdministrationComponent: Unexpected closing tag "section". It may happen when the tag has already been closed by another tag. For more info see https://www.w3.org/TR/html5/syntax.html#closing-elements-that-have-implied-end-tags ("
	            color="accent">
	          </mat-paginator>
	        [ERROR ->]</section>
	        <section class="customer-table">
	          <header class="heading">
	"): ng:///AdministrationComponent/template.html@66:8
	    at parseJitTemplate (node_modules/@angular/compiler/fesm2022/compiler.mjs:32326:15)
	    at CompilerFacadeImpl.compileComponent (node_modules/@angular/compiler/fesm2022/compiler.mjs:32000:52)
	    at AdministrationComponent.╔╡cmp (node_modules/@angular/core/fesm2022/debug_node.mjs:30245:47)
	    at getComponentDef (node_modules/@angular/core/fesm2022/testing.mjs:1605:18)
	    at isStandaloneComponent (node_modules/@angular/core/fesm2022/testing.mjs:1601:17)
	    at queueTypesFromModulesArrayRecur (node_modules/@angular/core/fesm2022/testing.mjs:1325:26)
	    at TestBedCompiler.queueTypesFromModulesArray (node_modules/@angular/core/fesm2022/testing.mjs:1348:9)
	    at TestBedCompiler.configureTestingModule (node_modules/@angular/core/fesm2022/testing.mjs:856:18)
	    at TestBedImpl.configureTestingModule (node_modules/@angular/core/fesm2022/testing.mjs:1993:23)
	    at TestBedImpl.configureTestingModule (node_modules/@angular/core/fesm2022/testing.mjs:1805:37)
Chrome Headless 144.0.0.0 (Windows 10): Executed 220 of 767[31m (78 FAILED)[39m (skipped 2) (0 secs / 5.42 secs)
Chrome Headless 144.0.0.0 (Windows 10) AdministrationComponent should give an error if FeedbackService fails to delete feedback FAILED
	Failed: Errors during JIT compilation of template for AdministrationComponent: Unexpected closing tag "section". It may happen when the tag has already been closed by another tag. For more info see https://www.w3.org/TR/html5/syntax.html#closing-elements-that-have-implied-end-tags ("
	            color="accent">
	          </mat-paginator>
	        [ERROR ->]</section>
	        <section class="customer-table">
	          <header class="heading">
	"): ng:///AdministrationComponent/template.html@66:8
	    at parseJitTemplate (node_modules/@angular/compiler/fesm2022/compiler.mjs:32326:15)
	    at CompilerFacadeImpl.compileComponent (node_modules/@angular/compiler/fesm2022/compiler.mjs:32000:52)
	    at AdministrationComponent.╔╡cmp (node_modules/@angular/core/fesm2022/debug_node.mjs:30245:47)
	    at getComponentDef (node_modules/@angular/core/fesm2022/testing.mjs:1605:18)
	    at isStandaloneComponent (node_modules/@angular/core/fesm2022/testing.mjs:1601:17)
	    at queueTypesFromModulesArrayRecur (node_modules/@angular/core/fesm2022/testing.mjs:1325:26)
	    at TestBedCompiler.queueTypesFromModulesArray (node_modules/@angular/core/fesm2022/testing.mjs:1348:9)
	    at TestBedCompiler.configureTestingModule (node_modules/@angular/core/fesm2022/testing.mjs:856:18)
	    at TestBedImpl.configureTestingModule (node_modules/@angular/core/fesm2022/testing.mjs:1993:23)
	    at TestBedImpl.configureTestingModule (node_modules/@angular/core/fesm2022/testing.mjs:1805:37)
[1A[2K[31mChrome Headless 144.0.0.0 (Windows 10) AdministrationComponent should open the UserDetailsComponent to show details FAILED[39m
	Failed: Errors during JIT compilation of template for AdministrationComponent: Unexpected closing tag "section". It may happen when the tag has already been closed by another tag. For more info see https://www.w3.org/TR/html5/syntax.html#closing-elements-that-have-implied-end-tags ("
	            color="accent">
	          </mat-paginator>
	        [ERROR ->]</section>
	        <section class="customer-table">
	          <header class="heading">
	"): ng:///AdministrationComponent/template.html@66:8
	    at parseJitTemplate (node_modules/@angular/compiler/fesm2022/compiler.mjs:32326:15)
	    at CompilerFacadeImpl.compileComponent (node_modules/@angular/compiler/fesm2022/compiler.mjs:32000:52)
	    at AdministrationComponent.╔╡cmp (node_modules/@angular/core/fesm2022/debug_node.mjs:30245:47)
	    at getComponentDef (node_modules/@angular/core/fesm2022/testing.mjs:1605:18)
	    at isStandaloneComponent (node_modules/@angular/core/fesm2022/testing.mjs:1601:17)
	    at queueTypesFromModulesArrayRecur (node_modules/@angular/core/fesm2022/testing.mjs:1325:26)
	    at TestBedCompiler.queueTypesFromModulesArray (node_modules/@angular/core/fesm2022/testing.mjs:1348:9)
	    at TestBedCompiler.configureTestingModule (node_modules/@angular/core/fesm2022/testing.mjs:856:18)
	    at TestBedImpl.configureTestingModule (node_modules/@angular/core/fesm2022/testing.mjs:1993:23)
	    at TestBedImpl.configureTestingModule (node_modules/@angular/core/fesm2022/testing.mjs:1805:37)
Chrome Headless 144.0.0.0 (Windows 10): Executed 221 of 767[31m (79 FAILED)[39m (skipped 2) (0 secs / 5.423 secs)
Chrome Headless 144.0.0.0 (Windows 10) AdministrationComponent should open the UserDetailsComponent to show details FAILED
	Failed: Errors during JIT compilation of template for AdministrationComponent: Unexpected closing tag "section". It may happen when the tag has already been closed by another tag. For more info see https://www.w3.org/TR/html5/syntax.html#closing-elements-that-have-implied-end-tags ("
	            color="accent">
	          </mat-paginator>
	        [ERROR ->]</section>
	        <section class="customer-table">
	          <header class="heading">
	"): ng:///AdministrationComponent/template.html@66:8
	    at parseJitTemplate (node_modules/@angular/compiler/fesm2022/compiler.mjs:32326:15)
	    at CompilerFacadeImpl.compileComponent (node_modules/@angular/compiler/fesm2022/compiler.mjs:32000:52)
	    at AdministrationComponent.╔╡cmp (node_modules/@angular/core/fesm2022/debug_node.mjs:30245:47)
	    at getComponentDef (node_modules/@angular/core/fesm2022/testing.mjs:1605:18)
	    at isStandaloneComponent (node_modules/@angular/core/fesm2022/testing.mjs:1601:17)
	    at queueTypesFromModulesArrayRecur (node_modules/@angular/core/fesm2022/testing.mjs:1325:26)
	    at TestBedCompiler.queueTypesFromModulesArray (node_modules/@angular/core/fesm2022/testing.mjs:1348:9)
	    at TestBedCompiler.configureTestingModule (node_modules/@angular/core/fesm2022/testing.mjs:856:18)
	    at TestBedImpl.configureTestingModule (node_modules/@angular/core/fesm2022/testing.mjs:1993:23)
	    at TestBedImpl.configureTestingModule (node_modules/@angular/core/fesm2022/testing.mjs:1805:37)
[1A[2K[31mChrome Headless 144.0.0.0 (Windows 10) TrackResultComponent should set "transit" status for undelivered orders with ETA under 3 days FAILED[39m
	Failed: Errors during JIT compilation of template for TrackResultComponent: Unexpected closing tag "section". It may happen when the tag has already been closed by another tag. For more info see https://www.w3.org/TR/html5/syntax.html#closing-elements-that-have-implied-end-tags ("
	            </span>
	            }
	          [ERROR ->]</section>
	        </section>
	      </section>
	"): ng:///TrackResultComponent/template.html@61:10
	    at parseJitTemplate (node_modules/@angular/compiler/fesm2022/compiler.mjs:32326:15)
	    at CompilerFacadeImpl.compileComponent (node_modules/@angular/compiler/fesm2022/compiler.mjs:32000:52)
	    at TrackResultComponent.╔╡cmp (node_modules/@angular/core/fesm2022/debug_node.mjs:30245:47)
	    at getComponentDef (node_modules/@angular/core/fesm2022/testing.mjs:1605:18)
	    at isStandaloneComponent (node_modules/@angular/core/fesm2022/testing.mjs:1601:17)
	    at queueTypesFromModulesArrayRecur (node_modules/@angular/core/fesm2022/testing.mjs:1325:26)
	    at TestBedCompiler.queueTypesFromModulesArray (node_modules/@angular/core/fesm2022/testing.mjs:1348:9)
	    at TestBedCompiler.configureTestingModule (node_modules/@angular/core/fesm2022/testing.mjs:856:18)
	    at TestBedImpl.configureTestingModule (node_modules/@angular/core/fesm2022/testing.mjs:1993:23)
	    at TestBedImpl.configureTestingModule (node_modules/@angular/core/fesm2022/testing.mjs:1805:37)
Chrome Headless 144.0.0.0 (Windows 10): Executed 222 of 767[31m (80 FAILED)[39m (skipped 2) (0 secs / 5.426 secs)
Chrome Headless 144.0.0.0 (Windows 10) TrackResultComponent should set "transit" status for undelivered orders with ETA under 3 days FAILED
	Failed: Errors during JIT compilation of template for TrackResultComponent: Unexpected closing tag "section". It may happen when the tag has already been closed by another tag. For more info see https://www.w3.org/TR/html5/syntax.html#closing-elements-that-have-implied-end-tags ("
	            </span>
	            }
	          [ERROR ->]</section>
	        </section>
	      </section>
	"): ng:///TrackResultComponent/template.html@61:10
	    at parseJitTemplate (node_modules/@angular/compiler/fesm2022/compiler.mjs:32326:15)
	    at CompilerFacadeImpl.compileComponent (node_modules/@angular/compiler/fesm2022/compiler.mjs:32000:52)
	    at TrackResultComponent.╔╡cmp (node_modules/@angular/core/fesm2022/debug_node.mjs:30245:47)
	    at getComponentDef (node_modules/@angular/core/fesm2022/testing.mjs:1605:18)
	    at isStandaloneComponent (node_modules/@angular/core/fesm2022/testing.mjs:1601:17)
	    at queueTypesFromModulesArrayRecur (node_modules/@angular/core/fesm2022/testing.mjs:1325:26)
	    at TestBedCompiler.queueTypesFromModulesArray (node_modules/@angular/core/fesm2022/testing.mjs:1348:9)
	    at TestBedCompiler.configureTestingModule (node_modules/@angular/core/fesm2022/testing.mjs:856:18)
	    at TestBedImpl.configureTestingModule (node_modules/@angular/core/fesm2022/testing.mjs:1993:23)
	    at TestBedImpl.configureTestingModule (node_modules/@angular/core/fesm2022/testing.mjs:1805:37)
[1A[2K[31mChrome Headless 144.0.0.0 (Windows 10) TrackResultComponent should set "packing" status for undelivered orders with ETA over 2 days FAILED[39m
	Failed: Errors during JIT compilation of template for TrackResultComponent: Unexpected closing tag "section". It may happen when the tag has already been closed by another tag. For more info see https://www.w3.org/TR/html5/syntax.html#closing-elements-that-have-implied-end-tags ("
	            </span>
	            }
	          [ERROR ->]</section>
	        </section>
	      </section>
	"): ng:///TrackResultComponent/template.html@61:10
	    at parseJitTemplate (node_modules/@angular/compiler/fesm2022/compiler.mjs:32326:15)
	    at CompilerFacadeImpl.compileComponent (node_modules/@angular/compiler/fesm2022/compiler.mjs:32000:52)
	    at TrackResultComponent.╔╡cmp (node_modules/@angular/core/fesm2022/debug_node.mjs:30245:47)
	    at getComponentDef (node_modules/@angular/core/fesm2022/testing.mjs:1605:18)
	    at isStandaloneComponent (node_modules/@angular/core/fesm2022/testing.mjs:1601:17)
	    at queueTypesFromModulesArrayRecur (node_modules/@angular/core/fesm2022/testing.mjs:1325:26)
	    at TestBedCompiler.queueTypesFromModulesArray (node_modules/@angular/core/fesm2022/testing.mjs:1348:9)
	    at TestBedCompiler.configureTestingModule (node_modules/@angular/core/fesm2022/testing.mjs:856:18)
	    at TestBedImpl.configureTestingModule (node_modules/@angular/core/fesm2022/testing.mjs:1993:23)
	    at TestBedImpl.configureTestingModule (node_modules/@angular/core/fesm2022/testing.mjs:1805:37)
Chrome Headless 144.0.0.0 (Windows 10): Executed 223 of 767[31m (81 FAILED)[39m (skipped 2) (0 secs / 5.428 secs)
Chrome Headless 144.0.0.0 (Windows 10) TrackResultComponent should set "packing" status for undelivered orders with ETA over 2 days FAILED
	Failed: Errors during JIT compilation of template for TrackResultComponent: Unexpected closing tag "section". It may happen when the tag has already been closed by another tag. For more info see https://www.w3.org/TR/html5/syntax.html#closing-elements-that-have-implied-end-tags ("
	            </span>
	            }
	          [ERROR ->]</section>
	        </section>
	      </section>
	"): ng:///TrackResultComponent/template.html@61:10
	    at parseJitTemplate (node_modules/@angular/compiler/fesm2022/compiler.mjs:32326:15)
	    at CompilerFacadeImpl.compileComponent (node_modules/@angular/compiler/fesm2022/compiler.mjs:32000:52)
	    at TrackResultComponent.╔╡cmp (node_modules/@angular/core/fesm2022/debug_node.mjs:30245:47)
	    at getComponentDef (node_modules/@angular/core/fesm2022/testing.mjs:1605:18)
	    at isStandaloneComponent (node_modules/@angular/core/fesm2022/testing.mjs:1601:17)
	    at queueTypesFromModulesArrayRecur (node_modules/@angular/core/fesm2022/testing.mjs:1325:26)
	    at TestBedCompiler.queueTypesFromModulesArray (node_modules/@angular/core/fesm2022/testing.mjs:1348:9)
	    at TestBedCompiler.configureTestingModule (node_modules/@angular/core/fesm2022/testing.mjs:856:18)
	    at TestBedImpl.configureTestingModule (node_modules/@angular/core/fesm2022/testing.mjs:1993:23)
	    at TestBedImpl.configureTestingModule (node_modules/@angular/core/fesm2022/testing.mjs:1805:37)
[1A[2K[31mChrome Headless 144.0.0.0 (Windows 10) TrackResultComponent should create FAILED[39m
	Failed: Errors during JIT compilation of template for TrackResultComponent: Unexpected closing tag "section". It may happen when the tag has already been closed by another tag. For more info see https://www.w3.org/TR/html5/syntax.html#closing-elements-that-have-implied-end-tags ("
	            </span>
	            }
	          [ERROR ->]</section>
	        </section>
	      </section>
	"): ng:///TrackResultComponent/template.html@61:10
	    at parseJitTemplate (node_modules/@angular/compiler/fesm2022/compiler.mjs:32326:15)
	    at CompilerFacadeImpl.compileComponent (node_modules/@angular/compiler/fesm2022/compiler.mjs:32000:52)
	    at TrackResultComponent.╔╡cmp (node_modules/@angular/core/fesm2022/debug_node.mjs:30245:47)
	    at getComponentDef (node_modules/@angular/core/fesm2022/testing.mjs:1605:18)
	    at isStandaloneComponent (node_modules/@angular/core/fesm2022/testing.mjs:1601:17)
	    at queueTypesFromModulesArrayRecur (node_modules/@angular/core/fesm2022/testing.mjs:1325:26)
	    at TestBedCompiler.queueTypesFromModulesArray (node_modules/@angular/core/fesm2022/testing.mjs:1348:9)
	    at TestBedCompiler.configureTestingModule (node_modules/@angular/core/fesm2022/testing.mjs:856:18)
	    at TestBedImpl.configureTestingModule (node_modules/@angular/core/fesm2022/testing.mjs:1993:23)
	    at TestBedImpl.configureTestingModule (node_modules/@angular/core/fesm2022/testing.mjs:1805:37)
Chrome Headless 144.0.0.0 (Windows 10): Executed 224 of 767[31m (82 FAILED)[39m (skipped 2) (0 secs / 5.431 secs)
Chrome Headless 144.0.0.0 (Windows 10) TrackResultComponent should create FAILED
	Failed: Errors during JIT compilation of template for TrackResultComponent: Unexpected closing tag "section". It may happen when the tag has already been closed by another tag. For more info see https://www.w3.org/TR/html5/syntax.html#closing-elements-that-have-implied-end-tags ("
	            </span>
	            }
	          [ERROR ->]</section>
	        </section>
	      </section>
	"): ng:///TrackResultComponent/template.html@61:10
	    at parseJitTemplate (node_modules/@angular/compiler/fesm2022/compiler.mjs:32326:15)
	    at CompilerFacadeImpl.compileComponent (node_modules/@angular/compiler/fesm2022/compiler.mjs:32000:52)
	    at TrackResultComponent.╔╡cmp (node_modules/@angular/core/fesm2022/debug_node.mjs:30245:47)
	    at getComponentDef (node_modules/@angular/core/fesm2022/testing.mjs:1605:18)
	    at isStandaloneComponent (node_modules/@angular/core/fesm2022/testing.mjs:1601:17)
	    at queueTypesFromModulesArrayRecur (node_modules/@angular/core/fesm2022/testing.mjs:1325:26)
	    at TestBedCompiler.queueTypesFromModulesArray (node_modules/@angular/core/fesm2022/testing.mjs:1348:9)
	    at TestBedCompiler.configureTestingModule (node_modules/@angular/core/fesm2022/testing.mjs:856:18)
	    at TestBedImpl.configureTestingModule (node_modules/@angular/core/fesm2022/testing.mjs:1993:23)
	    at TestBedImpl.configureTestingModule (node_modules/@angular/core/fesm2022/testing.mjs:1805:37)
[1A[2K[31mChrome Headless 144.0.0.0 (Windows 10) TrackResultComponent should consider order number as trusted HTML FAILED[39m
	Failed: Errors during JIT compilation of template for TrackResultComponent: Unexpected closing tag "section". It may happen when the tag has already been closed by another tag. For more info see https://www.w3.org/TR/html5/syntax.html#closing-elements-that-have-implied-end-tags ("
	            </span>
	            }
	          [ERROR ->]</section>
	        </section>
	      </section>
	"): ng:///TrackResultComponent/template.html@61:10
	    at parseJitTemplate (node_modules/@angular/compiler/fesm2022/compiler.mjs:32326:15)
	    at CompilerFacadeImpl.compileComponent (node_modules/@angular/compiler/fesm2022/compiler.mjs:32000:52)
	    at TrackResultComponent.╔╡cmp (node_modules/@angular/core/fesm2022/debug_node.mjs:30245:47)
	    at getComponentDef (node_modules/@angular/core/fesm2022/testing.mjs:1605:18)
	    at isStandaloneComponent (node_modules/@angular/core/fesm2022/testing.mjs:1601:17)
	    at queueTypesFromModulesArrayRecur (node_modules/@angular/core/fesm2022/testing.mjs:1325:26)
	    at TestBedCompiler.queueTypesFromModulesArray (node_modules/@angular/core/fesm2022/testing.mjs:1348:9)
	    at TestBedCompiler.configureTestingModule (node_modules/@angular/core/fesm2022/testing.mjs:856:18)
	    at TestBedImpl.configureTestingModule (node_modules/@angular/core/fesm2022/testing.mjs:1993:23)
	    at TestBedImpl.configureTestingModule (node_modules/@angular/core/fesm2022/testing.mjs:1805:37)
Chrome Headless 144.0.0.0 (Windows 10): Executed 225 of 767[31m (83 FAILED)[39m (skipped 2) (0 secs / 5.433 secs)
Chrome Headless 144.0.0.0 (Windows 10) TrackResultComponent should consider order number as trusted HTML FAILED
	Failed: Errors during JIT compilation of template for TrackResultComponent: Unexpected closing tag "section". It may happen when the tag has already been closed by another tag. For more info see https://www.w3.org/TR/html5/syntax.html#closing-elements-that-have-implied-end-tags ("
	            </span>
	            }
	          [ERROR ->]</section>
	        </section>
	      </section>
	"): ng:///TrackResultComponent/template.html@61:10
	    at parseJitTemplate (node_modules/@angular/compiler/fesm2022/compiler.mjs:32326:15)
	    at CompilerFacadeImpl.compileComponent (node_modules/@angular/compiler/fesm2022/compiler.mjs:32000:52)
	    at TrackResultComponent.╔╡cmp (node_modules/@angular/core/fesm2022/debug_node.mjs:30245:47)
	    at getComponentDef (node_modules/@angular/core/fesm2022/testing.mjs:1605:18)
	    at isStandaloneComponent (node_modules/@angular/core/fesm2022/testing.mjs:1601:17)
	    at queueTypesFromModulesArrayRecur (node_modules/@angular/core/fesm2022/testing.mjs:1325:26)
	    at TestBedCompiler.queueTypesFromModulesArray (node_modules/@angular/core/fesm2022/testing.mjs:1348:9)
	    at TestBedCompiler.configureTestingModule (node_modules/@angular/core/fesm2022/testing.mjs:856:18)
	    at TestBedImpl.configureTestingModule (node_modules/@angular/core/fesm2022/testing.mjs:1993:23)
	    at TestBedImpl.configureTestingModule (node_modules/@angular/core/fesm2022/testing.mjs:1805:37)
[1A[2K[31mChrome Headless 144.0.0.0 (Windows 10) TrackResultComponent should set "delivered" status for delivered orders FAILED[39m
	Failed: Errors during JIT compilation of template for TrackResultComponent: Unexpected closing tag "section". It may happen when the tag has already been closed by another tag. For more info see https://www.w3.org/TR/html5/syntax.html#closing-elements-that-have-implied-end-tags ("
	            </span>
	            }
	          [ERROR ->]</section>
	        </section>
	      </section>
	"): ng:///TrackResultComponent/template.html@61:10
	    at parseJitTemplate (node_modules/@angular/compiler/fesm2022/compiler.mjs:32326:15)
	    at CompilerFacadeImpl.compileComponent (node_modules/@angular/compiler/fesm2022/compiler.mjs:32000:52)
	    at TrackResultComponent.╔╡cmp (node_modules/@angular/core/fesm2022/debug_node.mjs:30245:47)
	    at getComponentDef (node_modules/@angular/core/fesm2022/testing.mjs:1605:18)
	    at isStandaloneComponent (node_modules/@angular/core/fesm2022/testing.mjs:1601:17)
	    at queueTypesFromModulesArrayRecur (node_modules/@angular/core/fesm2022/testing.mjs:1325:26)
	    at TestBedCompiler.queueTypesFromModulesArray (node_modules/@angular/core/fesm2022/testing.mjs:1348:9)
	    at TestBedCompiler.configureTestingModule (node_modules/@angular/core/fesm2022/testing.mjs:856:18)
	    at TestBedImpl.configureTestingModule (node_modules/@angular/core/fesm2022/testing.mjs:1993:23)
	    at TestBedImpl.configureTestingModule (node_modules/@angular/core/fesm2022/testing.mjs:1805:37)
Chrome Headless 144.0.0.0 (Windows 10): Executed 226 of 767[31m (84 FAILED)[39m (skipped 2) (0 secs / 5.435 secs)
Chrome Headless 144.0.0.0 (Windows 10) TrackResultComponent should set "delivered" status for delivered orders FAILED
	Failed: Errors during JIT compilation of template for TrackResultComponent: Unexpected closing tag "section". It may happen when the tag has already been closed by another tag. For more info see https://www.w3.org/TR/html5/syntax.html#closing-elements-that-have-implied-end-tags ("
	            </span>
	            }
	          [ERROR ->]</section>
	        </section>
	      </section>
	"): ng:///TrackResultComponent/template.html@61:10
	    at parseJitTemplate (node_modules/@angular/compiler/fesm2022/compiler.mjs:32326:15)
	    at CompilerFacadeImpl.compileComponent (node_modules/@angular/compiler/fesm2022/compiler.mjs:32000:52)
	    at TrackResultComponent.╔╡cmp (node_modules/@angular/core/fesm2022/debug_node.mjs:30245:47)
	    at getComponentDef (node_modules/@angular/core/fesm2022/testing.mjs:1605:18)
	    at isStandaloneComponent (node_modules/@angular/core/fesm2022/testing.mjs:1601:17)
	    at queueTypesFromModulesArrayRecur (node_modules/@angular/core/fesm2022/testing.mjs:1325:26)
	    at TestBedCompiler.queueTypesFromModulesArray (node_modules/@angular/core/fesm2022/testing.mjs:1348:9)
	    at TestBedCompiler.configureTestingModule (node_modules/@angular/core/fesm2022/testing.mjs:856:18)
	    at TestBedImpl.configureTestingModule (node_modules/@angular/core/fesm2022/testing.mjs:1993:23)
	    at TestBedImpl.configureTestingModule (node_modules/@angular/core/fesm2022/testing.mjs:1805:37)
[1A[2KChrome Headless 144.0.0.0 (Windows 10): Executed 227 of 767[31m (84 FAILED)[39m (skipped 2) (0 secs / 5.437 secs)
[1A[2KChrome Headless 144.0.0.0 (Windows 10): Executed 228 of 767[31m (84 FAILED)[39m (skipped 2) (0 secs / 5.439 secs)
[1A[2KChrome Headless 144.0.0.0 (Windows 10): Executed 229 of 767[31m (84 FAILED)[39m (skipped 2) (0 secs / 5.441 secs)
[1A[2KChrome Headless 144.0.0.0 (Windows 10): Executed 230 of 767[31m (84 FAILED)[39m (skipped 2) (0 secs / 5.443 secs)
[1A[2KChrome Headless 144.0.0.0 (Windows 10): Executed 231 of 767[31m (84 FAILED)[39m (skipped 2) (0 secs / 5.444 secs)
[1A[2KChrome Headless 144.0.0.0 (Windows 10): Executed 232 of 767[31m (84 FAILED)[39m (skipped 2) (0 secs / 5.445 secs)
[1A[2KChrome Headless 144.0.0.0 (Windows 10): Executed 233 of 767[31m (84 FAILED)[39m (skipped 2) (0 secs / 5.446 secs)
[1A[2KChrome Headless 144.0.0.0 (Windows 10): Executed 234 of 767[31m (84 FAILED)[39m (skipped 2) (0 secs / 5.447 secs)
[1A[2KChrome Headless 144.0.0.0 (Windows 10): Executed 235 of 767[31m (84 FAILED)[39m (skipped 2) (0 secs / 5.448 secs)
[1A[2KChrome Headless 144.0.0.0 (Windows 10): Executed 236 of 767[31m (84 FAILED)[39m (skipped 2) (0 secs / 5.45 secs)
[1A[2KChrome Headless 144.0.0.0 (Windows 10): Executed 237 of 767[31m (84 FAILED)[39m (skipped 2) (0 secs / 5.454 secs)
[1A[2KChrome Headless 144.0.0.0 (Windows 10): Executed 238 of 767[31m (84 FAILED)[39m (skipped 2) (0 secs / 5.456 secs)
[1A[2KChrome Headless 144.0.0.0 (Windows 10): Executed 239 of 767[31m (84 FAILED)[39m (skipped 2) (0 secs / 5.458 secs)
[1A[2KChrome Headless 144.0.0.0 (Windows 10): Executed 240 of 767[31m (84 FAILED)[39m (skipped 2) (0 secs / 5.46 secs)
[1A[2KChrome Headless 144.0.0.0 (Windows 10): Executed 241 of 767[31m (84 FAILED)[39m (skipped 2) (0 secs / 5.461 secs)
[1A[2KChrome Headless 144.0.0.0 (Windows 10): Executed 242 of 767[31m (84 FAILED)[39m (skipped 2) (0 secs / 5.462 secs)
[1A[2KChrome Headless 144.0.0.0 (Windows 10): Executed 243 of 767[31m (84 FAILED)[39m (skipped 2) (0 secs / 5.464 secs)
[1A[2K[31mChrome Headless 144.0.0.0 (Windows 10) ProductReviewEditComponent should be initialized with data from the passed review FAILED[39m
	Failed: Errors during JIT compilation of template for ProductReviewEditComponent: Unexpected closing tag "mat-dialog-actions". It may happen when the tag has already been closed by another tag. For more info see https://www.w3.org/TR/html5/syntax.html#closing-elements-that-have-implied-end-tags ("
	    <span>{{'BTN_SUBMIT' | translate}}</span>
	  </button>
	[ERROR ->]</mat-dialog-actions>"): ng:///ProductReviewEditComponent/template.html@39:0
	    at parseJitTemplate (node_modules/@angular/compiler/fesm2022/compiler.mjs:32326:15)
	    at CompilerFacadeImpl.compileComponent (node_modules/@angular/compiler/fesm2022/compiler.mjs:32000:52)
	    at ProductReviewEditComponent.╔╡cmp (node_modules/@angular/core/fesm2022/debug_node.mjs:30245:47)
	    at getComponentDef (node_modules/@angular/core/fesm2022/testing.mjs:1605:18)
	    at isStandaloneComponent (node_modules/@angular/core/fesm2022/testing.mjs:1601:17)
	    at queueTypesFromModulesArrayRecur (node_modules/@angular/core/fesm2022/testing.mjs:1325:26)
	    at TestBedCompiler.queueTypesFromModulesArray (node_modules/@angular/core/fesm2022/testing.mjs:1348:9)
	    at TestBedCompiler.configureTestingModule (node_modules/@angular/core/fesm2022/testing.mjs:856:18)
	    at TestBedImpl.configureTestingModule (node_modules/@angular/core/fesm2022/testing.mjs:1993:23)
	    at TestBedImpl.configureTestingModule (node_modules/@angular/core/fesm2022/testing.mjs:1805:37)
Chrome Headless 144.0.0.0 (Windows 10): Executed 244 of 767[31m (85 FAILED)[39m (skipped 2) (0 secs / 5.469 secs)
Chrome Headless 144.0.0.0 (Windows 10) ProductReviewEditComponent should be initialized with data from the passed review FAILED
	Failed: Errors during JIT compilation of template for ProductReviewEditComponent: Unexpected closing tag "mat-dialog-actions". It may happen when the tag has already been closed by another tag. For more info see https://www.w3.org/TR/html5/syntax.html#closing-elements-that-have-implied-end-tags ("
	    <span>{{'BTN_SUBMIT' | translate}}</span>
	  </button>
	[ERROR ->]</mat-dialog-actions>"): ng:///ProductReviewEditComponent/template.html@39:0
	    at parseJitTemplate (node_modules/@angular/compiler/fesm2022/compiler.mjs:32326:15)
	    at CompilerFacadeImpl.compileComponent (node_modules/@angular/compiler/fesm2022/compiler.mjs:32000:52)
	    at ProductReviewEditComponent.╔╡cmp (node_modules/@angular/core/fesm2022/debug_node.mjs:30245:47)
	    at getComponentDef (node_modules/@angular/core/fesm2022/testing.mjs:1605:18)
	    at isStandaloneComponent (node_modules/@angular/core/fesm2022/testing.mjs:1601:17)
	    at queueTypesFromModulesArrayRecur (node_modules/@angular/core/fesm2022/testing.mjs:1325:26)
	    at TestBedCompiler.queueTypesFromModulesArray (node_modules/@angular/core/fesm2022/testing.mjs:1348:9)
	    at TestBedCompiler.configureTestingModule (node_modules/@angular/core/fesm2022/testing.mjs:856:18)
	    at TestBedImpl.configureTestingModule (node_modules/@angular/core/fesm2022/testing.mjs:1993:23)
	    at TestBedImpl.configureTestingModule (node_modules/@angular/core/fesm2022/testing.mjs:1805:37)
[1A[2K[31mChrome Headless 144.0.0.0 (Windows 10) ProductReviewEditComponent should create FAILED[39m
	Failed: Errors during JIT compilation of template for ProductReviewEditComponent: Unexpected closing tag "mat-dialog-actions". It may happen when the tag has already been closed by another tag. For more info see https://www.w3.org/TR/html5/syntax.html#closing-elements-that-have-implied-end-tags ("
	    <span>{{'BTN_SUBMIT' | translate}}</span>
	  </button>
	[ERROR ->]</mat-dialog-actions>"): ng:///ProductReviewEditComponent/template.html@39:0
	    at parseJitTemplate (node_modules/@angular/compiler/fesm2022/compiler.mjs:32326:15)
	    at CompilerFacadeImpl.compileComponent (node_modules/@angular/compiler/fesm2022/compiler.mjs:32000:52)
	    at ProductReviewEditComponent.╔╡cmp (node_modules/@angular/core/fesm2022/debug_node.mjs:30245:47)
	    at getComponentDef (node_modules/@angular/core/fesm2022/testing.mjs:1605:18)
	    at isStandaloneComponent (node_modules/@angular/core/fesm2022/testing.mjs:1601:17)
	    at queueTypesFromModulesArrayRecur (node_modules/@angular/core/fesm2022/testing.mjs:1325:26)
	    at TestBedCompiler.queueTypesFromModulesArray (node_modules/@angular/core/fesm2022/testing.mjs:1348:9)
	    at TestBedCompiler.configureTestingModule (node_modules/@angular/core/fesm2022/testing.mjs:856:18)
	    at TestBedImpl.configureTestingModule (node_modules/@angular/core/fesm2022/testing.mjs:1993:23)
	    at TestBedImpl.configureTestingModule (node_modules/@angular/core/fesm2022/testing.mjs:1805:37)
Chrome Headless 144.0.0.0 (Windows 10): Executed 245 of 767[31m (86 FAILED)[39m (skipped 2) (0 secs / 5.471 secs)
Chrome Headless 144.0.0.0 (Windows 10) ProductReviewEditComponent should create FAILED
	Failed: Errors during JIT compilation of template for ProductReviewEditComponent: Unexpected closing tag "mat-dialog-actions". It may happen when the tag has already been closed by another tag. For more info see https://www.w3.org/TR/html5/syntax.html#closing-elements-that-have-implied-end-tags ("
	    <span>{{'BTN_SUBMIT' | translate}}</span>
	  </button>
	[ERROR ->]</mat-dialog-actions>"): ng:///ProductReviewEditComponent/template.html@39:0
	    at parseJitTemplate (node_modules/@angular/compiler/fesm2022/compiler.mjs:32326:15)
	    at CompilerFacadeImpl.compileComponent (node_modules/@angular/compiler/fesm2022/compiler.mjs:32000:52)
	    at ProductReviewEditComponent.╔╡cmp (node_modules/@angular/core/fesm2022/debug_node.mjs:30245:47)
	    at getComponentDef (node_modules/@angular/core/fesm2022/testing.mjs:1605:18)
	    at isStandaloneComponent (node_modules/@angular/core/fesm2022/testing.mjs:1601:17)
	    at queueTypesFromModulesArrayRecur (node_modules/@angular/core/fesm2022/testing.mjs:1325:26)
	    at TestBedCompiler.queueTypesFromModulesArray (node_modules/@angular/core/fesm2022/testing.mjs:1348:9)
	    at TestBedCompiler.configureTestingModule (node_modules/@angular/core/fesm2022/testing.mjs:856:18)
	    at TestBedImpl.configureTestingModule (node_modules/@angular/core/fesm2022/testing.mjs:1993:23)
	    at TestBedImpl.configureTestingModule (node_modules/@angular/core/fesm2022/testing.mjs:1805:37)
[1A[2K[31mChrome Headless 144.0.0.0 (Windows 10) ProductReviewEditComponent should log errors directly to browser console FAILED[39m
	Failed: Errors during JIT compilation of template for ProductReviewEditComponent: Unexpected closing tag "mat-dialog-actions". It may happen when the tag has already been closed by another tag. For more info see https://www.w3.org/TR/html5/syntax.html#closing-elements-that-have-implied-end-tags ("
	    <span>{{'BTN_SUBMIT' | translate}}</span>
	  </button>
	[ERROR ->]</mat-dialog-actions>"): ng:///ProductReviewEditComponent/template.html@39:0
	    at parseJitTemplate (node_modules/@angular/compiler/fesm2022/compiler.mjs:32326:15)
	    at CompilerFacadeImpl.compileComponent (node_modules/@angular/compiler/fesm2022/compiler.mjs:32000:52)
	    at ProductReviewEditComponent.╔╡cmp (node_modules/@angular/core/fesm2022/debug_node.mjs:30245:47)
	    at getComponentDef (node_modules/@angular/core/fesm2022/testing.mjs:1605:18)
	    at isStandaloneComponent (node_modules/@angular/core/fesm2022/testing.mjs:1601:17)
	    at queueTypesFromModulesArrayRecur (node_modules/@angular/core/fesm2022/testing.mjs:1325:26)
	    at TestBedCompiler.queueTypesFromModulesArray (node_modules/@angular/core/fesm2022/testing.mjs:1348:9)
	    at TestBedCompiler.configureTestingModule (node_modules/@angular/core/fesm2022/testing.mjs:856:18)
	    at TestBedImpl.configureTestingModule (node_modules/@angular/core/fesm2022/testing.mjs:1993:23)
	    at TestBedImpl.configureTestingModule (node_modules/@angular/core/fesm2022/testing.mjs:1805:37)
Chrome Headless 144.0.0.0 (Windows 10): Executed 246 of 767[31m (87 FAILED)[39m (skipped 2) (0 secs / 5.473 secs)
Chrome Headless 144.0.0.0 (Windows 10) ProductReviewEditComponent should log errors directly to browser console FAILED
	Failed: Errors during JIT compilation of template for ProductReviewEditComponent: Unexpected closing tag "mat-dialog-actions". It may happen when the tag has already been closed by another tag. For more info see https://www.w3.org/TR/html5/syntax.html#closing-elements-that-have-implied-end-tags ("
	    <span>{{'BTN_SUBMIT' | translate}}</span>
	  </button>
	[ERROR ->]</mat-dialog-actions>"): ng:///ProductReviewEditComponent/template.html@39:0
	    at parseJitTemplate (node_modules/@angular/compiler/fesm2022/compiler.mjs:32326:15)
	    at CompilerFacadeImpl.compileComponent (node_modules/@angular/compiler/fesm2022/compiler.mjs:32000:52)
	    at ProductReviewEditComponent.╔╡cmp (node_modules/@angular/core/fesm2022/debug_node.mjs:30245:47)
	    at getComponentDef (node_modules/@angular/core/fesm2022/testing.mjs:1605:18)
	    at isStandaloneComponent (node_modules/@angular/core/fesm2022/testing.mjs:1601:17)
	    at queueTypesFromModulesArrayRecur (node_modules/@angular/core/fesm2022/testing.mjs:1325:26)
	    at TestBedCompiler.queueTypesFromModulesArray (node_modules/@angular/core/fesm2022/testing.mjs:1348:9)
	    at TestBedCompiler.configureTestingModule (node_modules/@angular/core/fesm2022/testing.mjs:856:18)
	    at TestBedImpl.configureTestingModule (node_modules/@angular/core/fesm2022/testing.mjs:1993:23)
	    at TestBedImpl.configureTestingModule (node_modules/@angular/core/fesm2022/testing.mjs:1805:37)
[1A[2K[31mChrome Headless 144.0.0.0 (Windows 10) ProductReviewEditComponent should close the dialog on submitting the edited review FAILED[39m
	Failed: Errors during JIT compilation of template for ProductReviewEditComponent: Unexpected closing tag "mat-dialog-actions". It may happen when the tag has already been closed by another tag. For more info see https://www.w3.org/TR/html5/syntax.html#closing-elements-that-have-implied-end-tags ("
	    <span>{{'BTN_SUBMIT' | translate}}</span>
	  </button>
	[ERROR ->]</mat-dialog-actions>"): ng:///ProductReviewEditComponent/template.html@39:0
	    at parseJitTemplate (node_modules/@angular/compiler/fesm2022/compiler.mjs:32326:15)
	    at CompilerFacadeImpl.compileComponent (node_modules/@angular/compiler/fesm2022/compiler.mjs:32000:52)
	    at ProductReviewEditComponent.╔╡cmp (node_modules/@angular/core/fesm2022/debug_node.mjs:30245:47)
	    at getComponentDef (node_modules/@angular/core/fesm2022/testing.mjs:1605:18)
	    at isStandaloneComponent (node_modules/@angular/core/fesm2022/testing.mjs:1601:17)
	    at queueTypesFromModulesArrayRecur (node_modules/@angular/core/fesm2022/testing.mjs:1325:26)
	    at TestBedCompiler.queueTypesFromModulesArray (node_modules/@angular/core/fesm2022/testing.mjs:1348:9)
	    at TestBedCompiler.configureTestingModule (node_modules/@angular/core/fesm2022/testing.mjs:856:18)
	    at TestBedImpl.configureTestingModule (node_modules/@angular/core/fesm2022/testing.mjs:1993:23)
	    at TestBedImpl.configureTestingModule (node_modules/@angular/core/fesm2022/testing.mjs:1805:37)
Chrome Headless 144.0.0.0 (Windows 10): Executed 247 of 767[31m (88 FAILED)[39m (skipped 2) (0 secs / 5.475 secs)
Chrome Headless 144.0.0.0 (Windows 10) ProductReviewEditComponent should close the dialog on submitting the edited review FAILED
	Failed: Errors during JIT compilation of template for ProductReviewEditComponent: Unexpected closing tag "mat-dialog-actions". It may happen when the tag has already been closed by another tag. For more info see https://www.w3.org/TR/html5/syntax.html#closing-elements-that-have-implied-end-tags ("
	    <span>{{'BTN_SUBMIT' | translate}}</span>
	  </button>
	[ERROR ->]</mat-dialog-actions>"): ng:///ProductReviewEditComponent/template.html@39:0
	    at parseJitTemplate (node_modules/@angular/compiler/fesm2022/compiler.mjs:32326:15)
	    at CompilerFacadeImpl.compileComponent (node_modules/@angular/compiler/fesm2022/compiler.mjs:32000:52)
	    at ProductReviewEditComponent.╔╡cmp (node_modules/@angular/core/fesm2022/debug_node.mjs:30245:47)
	    at getComponentDef (node_modules/@angular/core/fesm2022/testing.mjs:1605:18)
	    at isStandaloneComponent (node_modules/@angular/core/fesm2022/testing.mjs:1601:17)
	    at queueTypesFromModulesArrayRecur (node_modules/@angular/core/fesm2022/testing.mjs:1325:26)
	    at TestBedCompiler.queueTypesFromModulesArray (node_modules/@angular/core/fesm2022/testing.mjs:1348:9)
	    at TestBedCompiler.configureTestingModule (node_modules/@angular/core/fesm2022/testing.mjs:856:18)
	    at TestBedImpl.configureTestingModule (node_modules/@angular/core/fesm2022/testing.mjs:1993:23)
	    at TestBedImpl.configureTestingModule (node_modules/@angular/core/fesm2022/testing.mjs:1805:37)
[1A[2K[31mChrome Headless 144.0.0.0 (Windows 10) ProductReviewEditComponent should update review through backend API FAILED[39m
	Failed: Errors during JIT compilation of template for ProductReviewEditComponent: Unexpected closing tag "mat-dialog-actions". It may happen when the tag has already been closed by another tag. For more info see https://www.w3.org/TR/html5/syntax.html#closing-elements-that-have-implied-end-tags ("
	    <span>{{'BTN_SUBMIT' | translate}}</span>
	  </button>
	[ERROR ->]</mat-dialog-actions>"): ng:///ProductReviewEditComponent/template.html@39:0
	    at parseJitTemplate (node_modules/@angular/compiler/fesm2022/compiler.mjs:32326:15)
	    at CompilerFacadeImpl.compileComponent (node_modules/@angular/compiler/fesm2022/compiler.mjs:32000:52)
	    at ProductReviewEditComponent.╔╡cmp (node_modules/@angular/core/fesm2022/debug_node.mjs:30245:47)
	    at getComponentDef (node_modules/@angular/core/fesm2022/testing.mjs:1605:18)
	    at isStandaloneComponent (node_modules/@angular/core/fesm2022/testing.mjs:1601:17)
	    at queueTypesFromModulesArrayRecur (node_modules/@angular/core/fesm2022/testing.mjs:1325:26)
	    at TestBedCompiler.queueTypesFromModulesArray (node_modules/@angular/core/fesm2022/testing.mjs:1348:9)
	    at TestBedCompiler.configureTestingModule (node_modules/@angular/core/fesm2022/testing.mjs:856:18)
	    at TestBedImpl.configureTestingModule (node_modules/@angular/core/fesm2022/testing.mjs:1993:23)
	    at TestBedImpl.configureTestingModule (node_modules/@angular/core/fesm2022/testing.mjs:1805:37)
Chrome Headless 144.0.0.0 (Windows 10): Executed 248 of 767[31m (89 FAILED)[39m (skipped 2) (0 secs / 5.476 secs)
Chrome Headless 144.0.0.0 (Windows 10) ProductReviewEditComponent should update review through backend API FAILED
	Failed: Errors during JIT compilation of template for ProductReviewEditComponent: Unexpected closing tag "mat-dialog-actions". It may happen when the tag has already been closed by another tag. For more info see https://www.w3.org/TR/html5/syntax.html#closing-elements-that-have-implied-end-tags ("
	    <span>{{'BTN_SUBMIT' | translate}}</span>
	  </button>
	[ERROR ->]</mat-dialog-actions>"): ng:///ProductReviewEditComponent/template.html@39:0
	    at parseJitTemplate (node_modules/@angular/compiler/fesm2022/compiler.mjs:32326:15)
	    at CompilerFacadeImpl.compileComponent (node_modules/@angular/compiler/fesm2022/compiler.mjs:32000:52)
	    at ProductReviewEditComponent.╔╡cmp (node_modules/@angular/core/fesm2022/debug_node.mjs:30245:47)
	    at getComponentDef (node_modules/@angular/core/fesm2022/testing.mjs:1605:18)
	    at isStandaloneComponent (node_modules/@angular/core/fesm2022/testing.mjs:1601:17)
	    at queueTypesFromModulesArrayRecur (node_modules/@angular/core/fesm2022/testing.mjs:1325:26)
	    at TestBedCompiler.queueTypesFromModulesArray (node_modules/@angular/core/fesm2022/testing.mjs:1348:9)
	    at TestBedCompiler.configureTestingModule (node_modules/@angular/core/fesm2022/testing.mjs:856:18)
	    at TestBedImpl.configureTestingModule (node_modules/@angular/core/fesm2022/testing.mjs:1993:23)
	    at TestBedImpl.configureTestingModule (node_modules/@angular/core/fesm2022/testing.mjs:1805:37)
[1A[2KChrome Headless 144.0.0.0 (Windows 10): Executed 249 of 767[31m (89 FAILED)[39m (skipped 2) (0 secs / 5.478 secs)
[1A[2KChrome Headless 144.0.0.0 (Windows 10): Executed 250 of 767[31m (89 FAILED)[39m (skipped 2) (0 secs / 5.479 secs)
[1A[2KChrome Headless 144.0.0.0 (Windows 10): Executed 251 of 767[31m (89 FAILED)[39m (skipped 2) (0 secs / 5.48 secs)
[1A[2KChrome Headless 144.0.0.0 (Windows 10): Executed 252 of 767[31m (89 FAILED)[39m (skipped 2) (0 secs / 5.482 secs)
[1A[2KChrome Headless 144.0.0.0 (Windows 10): Executed 253 of 767[31m (89 FAILED)[39m (skipped 2) (0 secs / 5.485 secs)
[1A[2KChrome Headless 144.0.0.0 (Windows 10): Executed 254 of 767[31m (89 FAILED)[39m (skipped 2) (0 secs / 5.487 secs)
[1A[2KChrome Headless 144.0.0.0 (Windows 10): Executed 255 of 767[31m (89 FAILED)[39m (skipped 2) (0 secs / 5.488 secs)
[1A[2KChrome Headless 144.0.0.0 (Windows 10): Executed 256 of 767[31m (89 FAILED)[39m (skipped 2) (0 secs / 5.49 secs)
[1A[2KChrome Headless 144.0.0.0 (Windows 10): Executed 257 of 767[31m (89 FAILED)[39m (skipped 2) (0 secs / 5.491 secs)
[1A[2KChrome Headless 144.0.0.0 (Windows 10): Executed 258 of 767[31m (89 FAILED)[39m (skipped 2) (0 secs / 5.493 secs)
[1A[2KChrome Headless 144.0.0.0 (Windows 10): Executed 259 of 767[31m (89 FAILED)[39m (skipped 2) (0 secs / 5.495 secs)
[1A[2KChrome Headless 144.0.0.0 (Windows 10): Executed 260 of 767[31m (89 FAILED)[39m (skipped 2) (0 secs / 5.496 secs)
[1A[2K[31mChrome Headless 144.0.0.0 (Windows 10) OrderCompletionComponent should derive twitter handle from twitter URL if configured FAILED[39m
	Failed: Errors during JIT compilation of template for OrderCompletionComponent: Unexpected closing tag "div". It may happen when the tag has already been closed by another tag. For more info see https://www.w3.org/TR/html5/syntax.html#closing-elements-that-have-implied-end-tags ("y}}</div>
	          <div><span translate>PHONE_NUMBER</span> {{address?.mobileNum}}</div>
	        [ERROR ->]</div>
	      }
	    </div>
	"): ng:///OrderCompletionComponent/template.html@110:8, Unexpected closing block. The block may have been closed earlier. If you meant to write the } character, you should use the "&#125;" HTML entity instead. ("       <div><span translate>PHONE_NUMBER</span> {{address?.mobileNum}}</div>
	        </div>
	      [ERROR ->]}
	    </div>
	    <div class="heading-banner">
	"): ng:///OrderCompletionComponent/template.html@111:6, Unexpected closing tag "div". It may happen when the tag has already been closed by another tag. For more info see https://www.w3.org/TR/html5/syntax.html#closing-elements-that-have-implied-end-tags ("
	        </div>
	      }
	    [ERROR ->]</div>
	    <div class="heading-banner">
	      <span class="heading-text">{{"ORDER_SUMMARY" | transl"): ng:///OrderCompletionComponent/template.html@112:4
	    at parseJitTemplate (node_modules/@angular/compiler/fesm2022/compiler.mjs:32326:15)
	    at CompilerFacadeImpl.compileComponent (node_modules/@angular/compiler/fesm2022/compiler.mjs:32000:52)
	    at OrderCompletionComponent.╔╡cmp (node_modules/@angular/core/fesm2022/debug_node.mjs:30245:47)
	    at getComponentDef (node_modules/@angular/core/fesm2022/testing.mjs:1605:18)
	    at isStandaloneComponent (node_modules/@angular/core/fesm2022/testing.mjs:1601:17)
	    at queueTypesFromModulesArrayRecur (node_modules/@angular/core/fesm2022/testing.mjs:1325:26)
	    at TestBedCompiler.queueTypesFromModulesArray (node_modules/@angular/core/fesm2022/testing.mjs:1348:9)
	    at TestBedCompiler.configureTestingModule (node_modules/@angular/core/fesm2022/testing.mjs:856:18)
	    at TestBedImpl.configureTestingModule (node_modules/@angular/core/fesm2022/testing.mjs:1993:23)
	    at TestBedImpl.configureTestingModule (node_modules/@angular/core/fesm2022/testing.mjs:1805:37)
Chrome Headless 144.0.0.0 (Windows 10): Executed 261 of 767[31m (90 FAILED)[39m (skipped 2) (0 secs / 5.498 secs)
Chrome Headless 144.0.0.0 (Windows 10) OrderCompletionComponent should derive twitter handle from twitter URL if configured FAILED
	Failed: Errors during JIT compilation of template for OrderCompletionComponent: Unexpected closing tag "div". It may happen when the tag has already been closed by another tag. For more info see https://www.w3.org/TR/html5/syntax.html#closing-elements-that-have-implied-end-tags ("y}}</div>
	          <div><span translate>PHONE_NUMBER</span> {{address?.mobileNum}}</div>
	        [ERROR ->]</div>
	      }
	    </div>
	"): ng:///OrderCompletionComponent/template.html@110:8, Unexpected closing block. The block may have been closed earlier. If you meant to write the } character, you should use the "&#125;" HTML entity instead. ("       <div><span translate>PHONE_NUMBER</span> {{address?.mobileNum}}</div>
	        </div>
	      [ERROR ->]}
	    </div>
	    <div class="heading-banner">
	"): ng:///OrderCompletionComponent/template.html@111:6, Unexpected closing tag "div". It may happen when the tag has already been closed by another tag. For more info see https://www.w3.org/TR/html5/syntax.html#closing-elements-that-have-implied-end-tags ("
	        </div>
	      }
	    [ERROR ->]</div>
	    <div class="heading-banner">
	      <span class="heading-text">{{"ORDER_SUMMARY" | transl"): ng:///OrderCompletionComponent/template.html@112:4
	    at parseJitTemplate (node_modules/@angular/compiler/fesm2022/compiler.mjs:32326:15)
	    at CompilerFacadeImpl.compileComponent (node_modules/@angular/compiler/fesm2022/compiler.mjs:32000:52)
	    at OrderCompletionComponent.╔╡cmp (node_modules/@angular/core/fesm2022/debug_node.mjs:30245:47)
	    at getComponentDef (node_modules/@angular/core/fesm2022/testing.mjs:1605:18)
	    at isStandaloneComponent (node_modules/@angular/core/fesm2022/testing.mjs:1601:17)
	    at queueTypesFromModulesArrayRecur (node_modules/@angular/core/fesm2022/testing.mjs:1325:26)
	    at TestBedCompiler.queueTypesFromModulesArray (node_modules/@angular/core/fesm2022/testing.mjs:1348:9)
	    at TestBedCompiler.configureTestingModule (node_modules/@angular/core/fesm2022/testing.mjs:856:18)
	    at TestBedImpl.configureTestingModule (node_modules/@angular/core/fesm2022/testing.mjs:1993:23)
	    at TestBedImpl.configureTestingModule (node_modules/@angular/core/fesm2022/testing.mjs:1805:37)
[1A[2K[31mChrome Headless 144.0.0.0 (Windows 10) OrderCompletionComponent should hold order details returned by backend API FAILED[39m
	Failed: Errors during JIT compilation of template for OrderCompletionComponent: Unexpected closing tag "div". It may happen when the tag has already been closed by another tag. For more info see https://www.w3.org/TR/html5/syntax.html#closing-elements-that-have-implied-end-tags ("y}}</div>
	          <div><span translate>PHONE_NUMBER</span> {{address?.mobileNum}}</div>
	        [ERROR ->]</div>
	      }
	    </div>
	"): ng:///OrderCompletionComponent/template.html@110:8, Unexpected closing block. The block may have been closed earlier. If you meant to write the } character, you should use the "&#125;" HTML entity instead. ("       <div><span translate>PHONE_NUMBER</span> {{address?.mobileNum}}</div>
	        </div>
	      [ERROR ->]}
	    </div>
	    <div class="heading-banner">
	"): ng:///OrderCompletionComponent/template.html@111:6, Unexpected closing tag "div". It may happen when the tag has already been closed by another tag. For more info see https://www.w3.org/TR/html5/syntax.html#closing-elements-that-have-implied-end-tags ("
	        </div>
	      }
	    [ERROR ->]</div>
	    <div class="heading-banner">
	      <span class="heading-text">{{"ORDER_SUMMARY" | transl"): ng:///OrderCompletionComponent/template.html@112:4
	    at parseJitTemplate (node_modules/@angular/compiler/fesm2022/compiler.mjs:32326:15)
	    at CompilerFacadeImpl.compileComponent (node_modules/@angular/compiler/fesm2022/compiler.mjs:32000:52)
	    at OrderCompletionComponent.╔╡cmp (node_modules/@angular/core/fesm2022/debug_node.mjs:30245:47)
	    at getComponentDef (node_modules/@angular/core/fesm2022/testing.mjs:1605:18)
	    at isStandaloneComponent (node_modules/@angular/core/fesm2022/testing.mjs:1601:17)
	    at queueTypesFromModulesArrayRecur (node_modules/@angular/core/fesm2022/testing.mjs:1325:26)
	    at TestBedCompiler.queueTypesFromModulesArray (node_modules/@angular/core/fesm2022/testing.mjs:1348:9)
	    at TestBedCompiler.configureTestingModule (node_modules/@angular/core/fesm2022/testing.mjs:856:18)
	    at TestBedImpl.configureTestingModule (node_modules/@angular/core/fesm2022/testing.mjs:1993:23)
	    at TestBedImpl.configureTestingModule (node_modules/@angular/core/fesm2022/testing.mjs:1805:37)
Chrome Headless 144.0.0.0 (Windows 10): Executed 262 of 767[31m (91 FAILED)[39m (skipped 2) (0 secs / 5.5 secs)
Chrome Headless 144.0.0.0 (Windows 10) OrderCompletionComponent should hold order details returned by backend API FAILED
	Failed: Errors during JIT compilation of template for OrderCompletionComponent: Unexpected closing tag "div". It may happen when the tag has already been closed by another tag. For more info see https://www.w3.org/TR/html5/syntax.html#closing-elements-that-have-implied-end-tags ("y}}</div>
	          <div><span translate>PHONE_NUMBER</span> {{address?.mobileNum}}</div>
	        [ERROR ->]</div>
	      }
	    </div>
	"): ng:///OrderCompletionComponent/template.html@110:8, Unexpected closing block. The block may have been closed earlier. If you meant to write the } character, you should use the "&#125;" HTML entity instead. ("       <div><span translate>PHONE_NUMBER</span> {{address?.mobileNum}}</div>
	        </div>
	      [ERROR ->]}
	    </div>
	    <div class="heading-banner">
	"): ng:///OrderCompletionComponent/template.html@111:6, Unexpected closing tag "div". It may happen when the tag has already been closed by another tag. For more info see https://www.w3.org/TR/html5/syntax.html#closing-elements-that-have-implied-end-tags ("
	        </div>
	      }
	    [ERROR ->]</div>
	    <div class="heading-banner">
	      <span class="heading-text">{{"ORDER_SUMMARY" | transl"): ng:///OrderCompletionComponent/template.html@112:4
	    at parseJitTemplate (node_modules/@angular/compiler/fesm2022/compiler.mjs:32326:15)
	    at CompilerFacadeImpl.compileComponent (node_modules/@angular/compiler/fesm2022/compiler.mjs:32000:52)
	    at OrderCompletionComponent.╔╡cmp (node_modules/@angular/core/fesm2022/debug_node.mjs:30245:47)
	    at getComponentDef (node_modules/@angular/core/fesm2022/testing.mjs:1605:18)
	    at isStandaloneComponent (node_modules/@angular/core/fesm2022/testing.mjs:1601:17)
	    at queueTypesFromModulesArrayRecur (node_modules/@angular/core/fesm2022/testing.mjs:1325:26)
	    at TestBedCompiler.queueTypesFromModulesArray (node_modules/@angular/core/fesm2022/testing.mjs:1348:9)
	    at TestBedCompiler.configureTestingModule (node_modules/@angular/core/fesm2022/testing.mjs:856:18)
	    at TestBedImpl.configureTestingModule (node_modules/@angular/core/fesm2022/testing.mjs:1993:23)
	    at TestBedImpl.configureTestingModule (node_modules/@angular/core/fesm2022/testing.mjs:1805:37)
[1A[2K[31mChrome Headless 144.0.0.0 (Windows 10) OrderCompletionComponent should append twitter handle to truncated tweet text FAILED[39m
	Failed: Errors during JIT compilation of template for OrderCompletionComponent: Unexpected closing tag "div". It may happen when the tag has already been closed by another tag. For more info see https://www.w3.org/TR/html5/syntax.html#closing-elements-that-have-implied-end-tags ("y}}</div>
	          <div><span translate>PHONE_NUMBER</span> {{address?.mobileNum}}</div>
	        [ERROR ->]</div>
	      }
	    </div>
	"): ng:///OrderCompletionComponent/template.html@110:8, Unexpected closing block. The block may have been closed earlier. If you meant to write the } character, you should use the "&#125;" HTML entity instead. ("       <div><span translate>PHONE_NUMBER</span> {{address?.mobileNum}}</div>
	        </div>
	      [ERROR ->]}
	    </div>
	    <div class="heading-banner">
	"): ng:///OrderCompletionComponent/template.html@111:6, Unexpected closing tag "div". It may happen when the tag has already been closed by another tag. For more info see https://www.w3.org/TR/html5/syntax.html#closing-elements-that-have-implied-end-tags ("
	        </div>
	      }
	    [ERROR ->]</div>
	    <div class="heading-banner">
	      <span class="heading-text">{{"ORDER_SUMMARY" | transl"): ng:///OrderCompletionComponent/template.html@112:4
	    at parseJitTemplate (node_modules/@angular/compiler/fesm2022/compiler.mjs:32326:15)
	    at CompilerFacadeImpl.compileComponent (node_modules/@angular/compiler/fesm2022/compiler.mjs:32000:52)
	    at OrderCompletionComponent.╔╡cmp (node_modules/@angular/core/fesm2022/debug_node.mjs:30245:47)
	    at getComponentDef (node_modules/@angular/core/fesm2022/testing.mjs:1605:18)
	    at isStandaloneComponent (node_modules/@angular/core/fesm2022/testing.mjs:1601:17)
	    at queueTypesFromModulesArrayRecur (node_modules/@angular/core/fesm2022/testing.mjs:1325:26)
	    at TestBedCompiler.queueTypesFromModulesArray (node_modules/@angular/core/fesm2022/testing.mjs:1348:9)
	    at TestBedCompiler.configureTestingModule (node_modules/@angular/core/fesm2022/testing.mjs:856:18)
	    at TestBedImpl.configureTestingModule (node_modules/@angular/core/fesm2022/testing.mjs:1993:23)
	    at TestBedImpl.configureTestingModule (node_modules/@angular/core/fesm2022/testing.mjs:1805:37)
Chrome Headless 144.0.0.0 (Windows 10): Executed 263 of 767[31m (92 FAILED)[39m (skipped 2) (0 secs / 5.506 secs)
Chrome Headless 144.0.0.0 (Windows 10) OrderCompletionComponent should append twitter handle to truncated tweet text FAILED
	Failed: Errors during JIT compilation of template for OrderCompletionComponent: Unexpected closing tag "div". It may happen when the tag has already been closed by another tag. For more info see https://www.w3.org/TR/html5/syntax.html#closing-elements-that-have-implied-end-tags ("y}}</div>
	          <div><span translate>PHONE_NUMBER</span> {{address?.mobileNum}}</div>
	        [ERROR ->]</div>
	      }
	    </div>
	"): ng:///OrderCompletionComponent/template.html@110:8, Unexpected closing block. The block may have been closed earlier. If you meant to write the } character, you should use the "&#125;" HTML entity instead. ("       <div><span translate>PHONE_NUMBER</span> {{address?.mobileNum}}</div>
	        </div>
	      [ERROR ->]}
	    </div>
	    <div class="heading-banner">
	"): ng:///OrderCompletionComponent/template.html@111:6, Unexpected closing tag "div". It may happen when the tag has already been closed by another tag. For more info see https://www.w3.org/TR/html5/syntax.html#closing-elements-that-have-implied-end-tags ("
	        </div>
	      }
	    [ERROR ->]</div>
	    <div class="heading-banner">
	      <span class="heading-text">{{"ORDER_SUMMARY" | transl"): ng:///OrderCompletionComponent/template.html@112:4
	    at parseJitTemplate (node_modules/@angular/compiler/fesm2022/compiler.mjs:32326:15)
	    at CompilerFacadeImpl.compileComponent (node_modules/@angular/compiler/fesm2022/compiler.mjs:32000:52)
	    at OrderCompletionComponent.╔╡cmp (node_modules/@angular/core/fesm2022/debug_node.mjs:30245:47)
	    at getComponentDef (node_modules/@angular/core/fesm2022/testing.mjs:1605:18)
	    at isStandaloneComponent (node_modules/@angular/core/fesm2022/testing.mjs:1601:17)
	    at queueTypesFromModulesArrayRecur (node_modules/@angular/core/fesm2022/testing.mjs:1325:26)
	    at TestBedCompiler.queueTypesFromModulesArray (node_modules/@angular/core/fesm2022/testing.mjs:1348:9)
	    at TestBedCompiler.configureTestingModule (node_modules/@angular/core/fesm2022/testing.mjs:856:18)
	    at TestBedImpl.configureTestingModule (node_modules/@angular/core/fesm2022/testing.mjs:1993:23)
	    at TestBedImpl.configureTestingModule (node_modules/@angular/core/fesm2022/testing.mjs:1805:37)
[1A[2K[31mChrome Headless 144.0.0.0 (Windows 10) OrderCompletionComponent should log error while getting application configuration from backend API directly to browser console FAILED[39m
	Failed: Errors during JIT compilation of template for OrderCompletionComponent: Unexpected closing tag "div". It may happen when the tag has already been closed by another tag. For more info see https://www.w3.org/TR/html5/syntax.html#closing-elements-that-have-implied-end-tags ("y}}</div>
	          <div><span translate>PHONE_NUMBER</span> {{address?.mobileNum}}</div>
	        [ERROR ->]</div>
	      }
	    </div>
	"): ng:///OrderCompletionComponent/template.html@110:8, Unexpected closing block. The block may have been closed earlier. If you meant to write the } character, you should use the "&#125;" HTML entity instead. ("       <div><span translate>PHONE_NUMBER</span> {{address?.mobileNum}}</div>
	        </div>
	      [ERROR ->]}
	    </div>
	    <div class="heading-banner">
	"): ng:///OrderCompletionComponent/template.html@111:6, Unexpected closing tag "div". It may happen when the tag has already been closed by another tag. For more info see https://www.w3.org/TR/html5/syntax.html#closing-elements-that-have-implied-end-tags ("
	        </div>
	      }
	    [ERROR ->]</div>
	    <div class="heading-banner">
	      <span class="heading-text">{{"ORDER_SUMMARY" | transl"): ng:///OrderCompletionComponent/template.html@112:4
	    at parseJitTemplate (node_modules/@angular/compiler/fesm2022/compiler.mjs:32326:15)
	    at CompilerFacadeImpl.compileComponent (node_modules/@angular/compiler/fesm2022/compiler.mjs:32000:52)
	    at OrderCompletionComponent.╔╡cmp (node_modules/@angular/core/fesm2022/debug_node.mjs:30245:47)
	    at getComponentDef (node_modules/@angular/core/fesm2022/testing.mjs:1605:18)
	    at isStandaloneComponent (node_modules/@angular/core/fesm2022/testing.mjs:1601:17)
	    at queueTypesFromModulesArrayRecur (node_modules/@angular/core/fesm2022/testing.mjs:1325:26)
	    at TestBedCompiler.queueTypesFromModulesArray (node_modules/@angular/core/fesm2022/testing.mjs:1348:9)
	    at TestBedCompiler.configureTestingModule (node_modules/@angular/core/fesm2022/testing.mjs:856:18)
	    at TestBedImpl.configureTestingModule (node_modules/@angular/core/fesm2022/testing.mjs:1993:23)
	    at TestBedImpl.configureTestingModule (node_modules/@angular/core/fesm2022/testing.mjs:1805:37)
Chrome Headless 144.0.0.0 (Windows 10): Executed 264 of 767[31m (93 FAILED)[39m (skipped 2) (0 secs / 5.509 secs)
Chrome Headless 144.0.0.0 (Windows 10) OrderCompletionComponent should log error while getting application configuration from backend API directly to browser console FAILED
	Failed: Errors during JIT compilation of template for OrderCompletionComponent: Unexpected closing tag "div". It may happen when the tag has already been closed by another tag. For more info see https://www.w3.org/TR/html5/syntax.html#closing-elements-that-have-implied-end-tags ("y}}</div>
	          <div><span translate>PHONE_NUMBER</span> {{address?.mobileNum}}</div>
	        [ERROR ->]</div>
	      }
	    </div>
	"): ng:///OrderCompletionComponent/template.html@110:8, Unexpected closing block. The block may have been closed earlier. If you meant to write the } character, you should use the "&#125;" HTML entity instead. ("       <div><span translate>PHONE_NUMBER</span> {{address?.mobileNum}}</div>
	        </div>
	      [ERROR ->]}
	    </div>
	    <div class="heading-banner">
	"): ng:///OrderCompletionComponent/template.html@111:6, Unexpected closing tag "div". It may happen when the tag has already been closed by another tag. For more info see https://www.w3.org/TR/html5/syntax.html#closing-elements-that-have-implied-end-tags ("
	        </div>
	      }
	    [ERROR ->]</div>
	    <div class="heading-banner">
	      <span class="heading-text">{{"ORDER_SUMMARY" | transl"): ng:///OrderCompletionComponent/template.html@112:4
	    at parseJitTemplate (node_modules/@angular/compiler/fesm2022/compiler.mjs:32326:15)
	    at CompilerFacadeImpl.compileComponent (node_modules/@angular/compiler/fesm2022/compiler.mjs:32000:52)
	    at OrderCompletionComponent.╔╡cmp (node_modules/@angular/core/fesm2022/debug_node.mjs:30245:47)
	    at getComponentDef (node_modules/@angular/core/fesm2022/testing.mjs:1605:18)
	    at isStandaloneComponent (node_modules/@angular/core/fesm2022/testing.mjs:1601:17)
	    at queueTypesFromModulesArrayRecur (node_modules/@angular/core/fesm2022/testing.mjs:1325:26)
	    at TestBedCompiler.queueTypesFromModulesArray (node_modules/@angular/core/fesm2022/testing.mjs:1348:9)
	    at TestBedCompiler.configureTestingModule (node_modules/@angular/core/fesm2022/testing.mjs:856:18)
	    at TestBedImpl.configureTestingModule (node_modules/@angular/core/fesm2022/testing.mjs:1993:23)
	    at TestBedImpl.configureTestingModule (node_modules/@angular/core/fesm2022/testing.mjs:1805:37)
[1A[2K[31mChrome Headless 144.0.0.0 (Windows 10) OrderCompletionComponent should log error while getting order details from backend API directly to browser console FAILED[39m
	Failed: Errors during JIT compilation of template for OrderCompletionComponent: Unexpected closing tag "div". It may happen when the tag has already been closed by another tag. For more info see https://www.w3.org/TR/html5/syntax.html#closing-elements-that-have-implied-end-tags ("y}}</div>
	          <div><span translate>PHONE_NUMBER</span> {{address?.mobileNum}}</div>
	        [ERROR ->]</div>
	      }
	    </div>
	"): ng:///OrderCompletionComponent/template.html@110:8, Unexpected closing block. The block may have been closed earlier. If you meant to write the } character, you should use the "&#125;" HTML entity instead. ("       <div><span translate>PHONE_NUMBER</span> {{address?.mobileNum}}</div>
	        </div>
	      [ERROR ->]}
	    </div>
	    <div class="heading-banner">
	"): ng:///OrderCompletionComponent/template.html@111:6, Unexpected closing tag "div". It may happen when the tag has already been closed by another tag. For more info see https://www.w3.org/TR/html5/syntax.html#closing-elements-that-have-implied-end-tags ("
	        </div>
	      }
	    [ERROR ->]</div>
	    <div class="heading-banner">
	      <span class="heading-text">{{"ORDER_SUMMARY" | transl"): ng:///OrderCompletionComponent/template.html@112:4
	    at parseJitTemplate (node_modules/@angular/compiler/fesm2022/compiler.mjs:32326:15)
	    at CompilerFacadeImpl.compileComponent (node_modules/@angular/compiler/fesm2022/compiler.mjs:32000:52)
	    at OrderCompletionComponent.╔╡cmp (node_modules/@angular/core/fesm2022/debug_node.mjs:30245:47)
	    at getComponentDef (node_modules/@angular/core/fesm2022/testing.mjs:1605:18)
	    at isStandaloneComponent (node_modules/@angular/core/fesm2022/testing.mjs:1601:17)
	    at queueTypesFromModulesArrayRecur (node_modules/@angular/core/fesm2022/testing.mjs:1325:26)
	    at TestBedCompiler.queueTypesFromModulesArray (node_modules/@angular/core/fesm2022/testing.mjs:1348:9)
	    at TestBedCompiler.configureTestingModule (node_modules/@angular/core/fesm2022/testing.mjs:856:18)
	    at TestBedImpl.configureTestingModule (node_modules/@angular/core/fesm2022/testing.mjs:1993:23)
	    at TestBedImpl.configureTestingModule (node_modules/@angular/core/fesm2022/testing.mjs:1805:37)
Chrome Headless 144.0.0.0 (Windows 10): Executed 265 of 767[31m (94 FAILED)[39m (skipped 2) (0 secs / 5.512 secs)
Chrome Headless 144.0.0.0 (Windows 10) OrderCompletionComponent should log error while getting order details from backend API directly to browser console FAILED
	Failed: Errors during JIT compilation of template for OrderCompletionComponent: Unexpected closing tag "div". It may happen when the tag has already been closed by another tag. For more info see https://www.w3.org/TR/html5/syntax.html#closing-elements-that-have-implied-end-tags ("y}}</div>
	          <div><span translate>PHONE_NUMBER</span> {{address?.mobileNum}}</div>
	        [ERROR ->]</div>
	      }
	    </div>
	"): ng:///OrderCompletionComponent/template.html@110:8, Unexpected closing block. The block may have been closed earlier. If you meant to write the } character, you should use the "&#125;" HTML entity instead. ("       <div><span translate>PHONE_NUMBER</span> {{address?.mobileNum}}</div>
	        </div>
	      [ERROR ->]}
	    </div>
	    <div class="heading-banner">
	"): ng:///OrderCompletionComponent/template.html@111:6, Unexpected closing tag "div". It may happen when the tag has already been closed by another tag. For more info see https://www.w3.org/TR/html5/syntax.html#closing-elements-that-have-implied-end-tags ("
	        </div>
	      }
	    [ERROR ->]</div>
	    <div class="heading-banner">
	      <span class="heading-text">{{"ORDER_SUMMARY" | transl"): ng:///OrderCompletionComponent/template.html@112:4
	    at parseJitTemplate (node_modules/@angular/compiler/fesm2022/compiler.mjs:32326:15)
	    at CompilerFacadeImpl.compileComponent (node_modules/@angular/compiler/fesm2022/compiler.mjs:32000:52)
	    at OrderCompletionComponent.╔╡cmp (node_modules/@angular/core/fesm2022/debug_node.mjs:30245:47)
	    at getComponentDef (node_modules/@angular/core/fesm2022/testing.mjs:1605:18)
	    at isStandaloneComponent (node_modules/@angular/core/fesm2022/testing.mjs:1601:17)
	    at queueTypesFromModulesArrayRecur (node_modules/@angular/core/fesm2022/testing.mjs:1325:26)
	    at TestBedCompiler.queueTypesFromModulesArray (node_modules/@angular/core/fesm2022/testing.mjs:1348:9)
	    at TestBedCompiler.configureTestingModule (node_modules/@angular/core/fesm2022/testing.mjs:856:18)
	    at TestBedImpl.configureTestingModule (node_modules/@angular/core/fesm2022/testing.mjs:1993:23)
	    at TestBedImpl.configureTestingModule (node_modules/@angular/core/fesm2022/testing.mjs:1805:37)
[1A[2K[31mChrome Headless 144.0.0.0 (Windows 10) OrderCompletionComponent should use configured URL as is if it is not a twitter URL FAILED[39m
	Failed: Errors during JIT compilation of template for OrderCompletionComponent: Unexpected closing tag "div". It may happen when the tag has already been closed by another tag. For more info see https://www.w3.org/TR/html5/syntax.html#closing-elements-that-have-implied-end-tags ("y}}</div>
	          <div><span translate>PHONE_NUMBER</span> {{address?.mobileNum}}</div>
	        [ERROR ->]</div>
	      }
	    </div>
	"): ng:///OrderCompletionComponent/template.html@110:8, Unexpected closing block. The block may have been closed earlier. If you meant to write the } character, you should use the "&#125;" HTML entity instead. ("       <div><span translate>PHONE_NUMBER</span> {{address?.mobileNum}}</div>
	        </div>
	      [ERROR ->]}
	    </div>
	    <div class="heading-banner">
	"): ng:///OrderCompletionComponent/template.html@111:6, Unexpected closing tag "div". It may happen when the tag has already been closed by another tag. For more info see https://www.w3.org/TR/html5/syntax.html#closing-elements-that-have-implied-end-tags ("
	        </div>
	      }
	    [ERROR ->]</div>
	    <div class="heading-banner">
	      <span class="heading-text">{{"ORDER_SUMMARY" | transl"): ng:///OrderCompletionComponent/template.html@112:4
	    at parseJitTemplate (node_modules/@angular/compiler/fesm2022/compiler.mjs:32326:15)
	    at CompilerFacadeImpl.compileComponent (node_modules/@angular/compiler/fesm2022/compiler.mjs:32000:52)
	    at OrderCompletionComponent.╔╡cmp (node_modules/@angular/core/fesm2022/debug_node.mjs:30245:47)
	    at getComponentDef (node_modules/@angular/core/fesm2022/testing.mjs:1605:18)
	    at isStandaloneComponent (node_modules/@angular/core/fesm2022/testing.mjs:1601:17)
	    at queueTypesFromModulesArrayRecur (node_modules/@angular/core/fesm2022/testing.mjs:1325:26)
	    at TestBedCompiler.queueTypesFromModulesArray (node_modules/@angular/core/fesm2022/testing.mjs:1348:9)
	    at TestBedCompiler.configureTestingModule (node_modules/@angular/core/fesm2022/testing.mjs:856:18)
	    at TestBedImpl.configureTestingModule (node_modules/@angular/core/fesm2022/testing.mjs:1993:23)
	    at TestBedImpl.configureTestingModule (node_modules/@angular/core/fesm2022/testing.mjs:1805:37)
Chrome Headless 144.0.0.0 (Windows 10): Executed 266 of 767[31m (95 FAILED)[39m (skipped 2) (0 secs / 5.524 secs)
Chrome Headless 144.0.0.0 (Windows 10) OrderCompletionComponent should use configured URL as is if it is not a twitter URL FAILED
	Failed: Errors during JIT compilation of template for OrderCompletionComponent: Unexpected closing tag "div". It may happen when the tag has already been closed by another tag. For more info see https://www.w3.org/TR/html5/syntax.html#closing-elements-that-have-implied-end-tags ("y}}</div>
	          <div><span translate>PHONE_NUMBER</span> {{address?.mobileNum}}</div>
	        [ERROR ->]</div>
	      }
	    </div>
	"): ng:///OrderCompletionComponent/template.html@110:8, Unexpected closing block. The block may have been closed earlier. If you meant to write the } character, you should use the "&#125;" HTML entity instead. ("       <div><span translate>PHONE_NUMBER</span> {{address?.mobileNum}}</div>
	        </div>
	      [ERROR ->]}
	    </div>
	    <div class="heading-banner">
	"): ng:///OrderCompletionComponent/template.html@111:6, Unexpected closing tag "div". It may happen when the tag has already been closed by another tag. For more info see https://www.w3.org/TR/html5/syntax.html#closing-elements-that-have-implied-end-tags ("
	        </div>
	      }
	    [ERROR ->]</div>
	    <div class="heading-banner">
	      <span class="heading-text">{{"ORDER_SUMMARY" | transl"): ng:///OrderCompletionComponent/template.html@112:4
	    at parseJitTemplate (node_modules/@angular/compiler/fesm2022/compiler.mjs:32326:15)
	    at CompilerFacadeImpl.compileComponent (node_modules/@angular/compiler/fesm2022/compiler.mjs:32000:52)
	    at OrderCompletionComponent.╔╡cmp (node_modules/@angular/core/fesm2022/debug_node.mjs:30245:47)
	    at getComponentDef (node_modules/@angular/core/fesm2022/testing.mjs:1605:18)
	    at isStandaloneComponent (node_modules/@angular/core/fesm2022/testing.mjs:1601:17)
	    at queueTypesFromModulesArrayRecur (node_modules/@angular/core/fesm2022/testing.mjs:1325:26)
	    at TestBedCompiler.queueTypesFromModulesArray (node_modules/@angular/core/fesm2022/testing.mjs:1348:9)
	    at TestBedCompiler.configureTestingModule (node_modules/@angular/core/fesm2022/testing.mjs:856:18)
	    at TestBedImpl.configureTestingModule (node_modules/@angular/core/fesm2022/testing.mjs:1993:23)
	    at TestBedImpl.configureTestingModule (node_modules/@angular/core/fesm2022/testing.mjs:1805:37)
[1A[2K[31mChrome Headless 144.0.0.0 (Windows 10) OrderCompletionComponent should use configured application name as a fallback for missing twitter URL FAILED[39m
	Failed: Errors during JIT compilation of template for OrderCompletionComponent: Unexpected closing tag "div". It may happen when the tag has already been closed by another tag. For more info see https://www.w3.org/TR/html5/syntax.html#closing-elements-that-have-implied-end-tags ("y}}</div>
	          <div><span translate>PHONE_NUMBER</span> {{address?.mobileNum}}</div>
	        [ERROR ->]</div>
	      }
	    </div>
	"): ng:///OrderCompletionComponent/template.html@110:8, Unexpected closing block. The block may have been closed earlier. If you meant to write the } character, you should use the "&#125;" HTML entity instead. ("       <div><span translate>PHONE_NUMBER</span> {{address?.mobileNum}}</div>
	        </div>
	      [ERROR ->]}
	    </div>
	    <div class="heading-banner">
	"): ng:///OrderCompletionComponent/template.html@111:6, Unexpected closing tag "div". It may happen when the tag has already been closed by another tag. For more info see https://www.w3.org/TR/html5/syntax.html#closing-elements-that-have-implied-end-tags ("
	        </div>
	      }
	    [ERROR ->]</div>
	    <div class="heading-banner">
	      <span class="heading-text">{{"ORDER_SUMMARY" | transl"): ng:///OrderCompletionComponent/template.html@112:4
	    at parseJitTemplate (node_modules/@angular/compiler/fesm2022/compiler.mjs:32326:15)
	    at CompilerFacadeImpl.compileComponent (node_modules/@angular/compiler/fesm2022/compiler.mjs:32000:52)
	    at OrderCompletionComponent.╔╡cmp (node_modules/@angular/core/fesm2022/debug_node.mjs:30245:47)
	    at getComponentDef (node_modules/@angular/core/fesm2022/testing.mjs:1605:18)
	    at isStandaloneComponent (node_modules/@angular/core/fesm2022/testing.mjs:1601:17)
	    at queueTypesFromModulesArrayRecur (node_modules/@angular/core/fesm2022/testing.mjs:1325:26)
	    at TestBedCompiler.queueTypesFromModulesArray (node_modules/@angular/core/fesm2022/testing.mjs:1348:9)
	    at TestBedCompiler.configureTestingModule (node_modules/@angular/core/fesm2022/testing.mjs:856:18)
	    at TestBedImpl.configureTestingModule (node_modules/@angular/core/fesm2022/testing.mjs:1993:23)
	    at TestBedImpl.configureTestingModule (node_modules/@angular/core/fesm2022/testing.mjs:1805:37)
Chrome Headless 144.0.0.0 (Windows 10): Executed 267 of 767[31m (96 FAILED)[39m (skipped 2) (0 secs / 5.527 secs)
Chrome Headless 144.0.0.0 (Windows 10) OrderCompletionComponent should use configured application name as a fallback for missing twitter URL FAILED
	Failed: Errors during JIT compilation of template for OrderCompletionComponent: Unexpected closing tag "div". It may happen when the tag has already been closed by another tag. For more info see https://www.w3.org/TR/html5/syntax.html#closing-elements-that-have-implied-end-tags ("y}}</div>
	          <div><span translate>PHONE_NUMBER</span> {{address?.mobileNum}}</div>
	        [ERROR ->]</div>
	      }
	    </div>
	"): ng:///OrderCompletionComponent/template.html@110:8, Unexpected closing block. The block may have been closed earlier. If you meant to write the } character, you should use the "&#125;" HTML entity instead. ("       <div><span translate>PHONE_NUMBER</span> {{address?.mobileNum}}</div>
	        </div>
	      [ERROR ->]}
	    </div>
	    <div class="heading-banner">
	"): ng:///OrderCompletionComponent/template.html@111:6, Unexpected closing tag "div". It may happen when the tag has already been closed by another tag. For more info see https://www.w3.org/TR/html5/syntax.html#closing-elements-that-have-implied-end-tags ("
	        </div>
	      }
	    [ERROR ->]</div>
	    <div class="heading-banner">
	      <span class="heading-text">{{"ORDER_SUMMARY" | transl"): ng:///OrderCompletionComponent/template.html@112:4
	    at parseJitTemplate (node_modules/@angular/compiler/fesm2022/compiler.mjs:32326:15)
	    at CompilerFacadeImpl.compileComponent (node_modules/@angular/compiler/fesm2022/compiler.mjs:32000:52)
	    at OrderCompletionComponent.╔╡cmp (node_modules/@angular/core/fesm2022/debug_node.mjs:30245:47)
	    at getComponentDef (node_modules/@angular/core/fesm2022/testing.mjs:1605:18)
	    at isStandaloneComponent (node_modules/@angular/core/fesm2022/testing.mjs:1601:17)
	    at queueTypesFromModulesArrayRecur (node_modules/@angular/core/fesm2022/testing.mjs:1325:26)
	    at TestBedCompiler.queueTypesFromModulesArray (node_modules/@angular/core/fesm2022/testing.mjs:1348:9)
	    at TestBedCompiler.configureTestingModule (node_modules/@angular/core/fesm2022/testing.mjs:856:18)
	    at TestBedImpl.configureTestingModule (node_modules/@angular/core/fesm2022/testing.mjs:1993:23)
	    at TestBedImpl.configureTestingModule (node_modules/@angular/core/fesm2022/testing.mjs:1805:37)
[1A[2K[31mChrome Headless 144.0.0.0 (Windows 10) OrderCompletionComponent should truncate tweet text if it exceeds 140 characters FAILED[39m
	Failed: Errors during JIT compilation of template for OrderCompletionComponent: Unexpected closing tag "div". It may happen when the tag has already been closed by another tag. For more info see https://www.w3.org/TR/html5/syntax.html#closing-elements-that-have-implied-end-tags ("y}}</div>
	          <div><span translate>PHONE_NUMBER</span> {{address?.mobileNum}}</div>
	        [ERROR ->]</div>
	      }
	    </div>
	"): ng:///OrderCompletionComponent/template.html@110:8, Unexpected closing block. The block may have been closed earlier. If you meant to write the } character, you should use the "&#125;" HTML entity instead. ("       <div><span translate>PHONE_NUMBER</span> {{address?.mobileNum}}</div>
	        </div>
	      [ERROR ->]}
	    </div>
	    <div class="heading-banner">
	"): ng:///OrderCompletionComponent/template.html@111:6, Unexpected closing tag "div". It may happen when the tag has already been closed by another tag. For more info see https://www.w3.org/TR/html5/syntax.html#closing-elements-that-have-implied-end-tags ("
	        </div>
	      }
	    [ERROR ->]</div>
	    <div class="heading-banner">
	      <span class="heading-text">{{"ORDER_SUMMARY" | transl"): ng:///OrderCompletionComponent/template.html@112:4
	    at parseJitTemplate (node_modules/@angular/compiler/fesm2022/compiler.mjs:32326:15)
	    at CompilerFacadeImpl.compileComponent (node_modules/@angular/compiler/fesm2022/compiler.mjs:32000:52)
	    at OrderCompletionComponent.╔╡cmp (node_modules/@angular/core/fesm2022/debug_node.mjs:30245:47)
	    at getComponentDef (node_modules/@angular/core/fesm2022/testing.mjs:1605:18)
	    at isStandaloneComponent (node_modules/@angular/core/fesm2022/testing.mjs:1601:17)
	    at queueTypesFromModulesArrayRecur (node_modules/@angular/core/fesm2022/testing.mjs:1325:26)
	    at TestBedCompiler.queueTypesFromModulesArray (node_modules/@angular/core/fesm2022/testing.mjs:1348:9)
	    at TestBedCompiler.configureTestingModule (node_modules/@angular/core/fesm2022/testing.mjs:856:18)
	    at TestBedImpl.configureTestingModule (node_modules/@angular/core/fesm2022/testing.mjs:1993:23)
	    at TestBedImpl.configureTestingModule (node_modules/@angular/core/fesm2022/testing.mjs:1805:37)
Chrome Headless 144.0.0.0 (Windows 10): Executed 268 of 767[31m (97 FAILED)[39m (skipped 2) (0 secs / 5.53 secs)
Chrome Headless 144.0.0.0 (Windows 10) OrderCompletionComponent should truncate tweet text if it exceeds 140 characters FAILED
	Failed: Errors during JIT compilation of template for OrderCompletionComponent: Unexpected closing tag "div". It may happen when the tag has already been closed by another tag. For more info see https://www.w3.org/TR/html5/syntax.html#closing-elements-that-have-implied-end-tags ("y}}</div>
	          <div><span translate>PHONE_NUMBER</span> {{address?.mobileNum}}</div>
	        [ERROR ->]</div>
	      }
	    </div>
	"): ng:///OrderCompletionComponent/template.html@110:8, Unexpected closing block. The block may have been closed earlier. If you meant to write the } character, you should use the "&#125;" HTML entity instead. ("       <div><span translate>PHONE_NUMBER</span> {{address?.mobileNum}}</div>
	        </div>
	      [ERROR ->]}
	    </div>
	    <div class="heading-banner">
	"): ng:///OrderCompletionComponent/template.html@111:6, Unexpected closing tag "div". It may happen when the tag has already been closed by another tag. For more info see https://www.w3.org/TR/html5/syntax.html#closing-elements-that-have-implied-end-tags ("
	        </div>
	      }
	    [ERROR ->]</div>
	    <div class="heading-banner">
	      <span class="heading-text">{{"ORDER_SUMMARY" | transl"): ng:///OrderCompletionComponent/template.html@112:4
	    at parseJitTemplate (node_modules/@angular/compiler/fesm2022/compiler.mjs:32326:15)
	    at CompilerFacadeImpl.compileComponent (node_modules/@angular/compiler/fesm2022/compiler.mjs:32000:52)
	    at OrderCompletionComponent.╔╡cmp (node_modules/@angular/core/fesm2022/debug_node.mjs:30245:47)
	    at getComponentDef (node_modules/@angular/core/fesm2022/testing.mjs:1605:18)
	    at isStandaloneComponent (node_modules/@angular/core/fesm2022/testing.mjs:1601:17)
	    at queueTypesFromModulesArrayRecur (node_modules/@angular/core/fesm2022/testing.mjs:1325:26)
	    at TestBedCompiler.queueTypesFromModulesArray (node_modules/@angular/core/fesm2022/testing.mjs:1348:9)
	    at TestBedCompiler.configureTestingModule (node_modules/@angular/core/fesm2022/testing.mjs:856:18)
	    at TestBedImpl.configureTestingModule (node_modules/@angular/core/fesm2022/testing.mjs:1993:23)
	    at TestBedImpl.configureTestingModule (node_modules/@angular/core/fesm2022/testing.mjs:1805:37)
[1A[2K[31mChrome Headless 144.0.0.0 (Windows 10) OrderCompletionComponent should create FAILED[39m
	Failed: Errors during JIT compilation of template for OrderCompletionComponent: Unexpected closing tag "div". It may happen when the tag has already been closed by another tag. For more info see https://www.w3.org/TR/html5/syntax.html#closing-elements-that-have-implied-end-tags ("y}}</div>
	          <div><span translate>PHONE_NUMBER</span> {{address?.mobileNum}}</div>
	        [ERROR ->]</div>
	      }
	    </div>
	"): ng:///OrderCompletionComponent/template.html@110:8, Unexpected closing block. The block may have been closed earlier. If you meant to write the } character, you should use the "&#125;" HTML entity instead. ("       <div><span translate>PHONE_NUMBER</span> {{address?.mobileNum}}</div>
	        </div>
	      [ERROR ->]}
	    </div>
	    <div class="heading-banner">
	"): ng:///OrderCompletionComponent/template.html@111:6, Unexpected closing tag "div". It may happen when the tag has already been closed by another tag. For more info see https://www.w3.org/TR/html5/syntax.html#closing-elements-that-have-implied-end-tags ("
	        </div>
	      }
	    [ERROR ->]</div>
	    <div class="heading-banner">
	      <span class="heading-text">{{"ORDER_SUMMARY" | transl"): ng:///OrderCompletionComponent/template.html@112:4
	    at parseJitTemplate (node_modules/@angular/compiler/fesm2022/compiler.mjs:32326:15)
	    at CompilerFacadeImpl.compileComponent (node_modules/@angular/compiler/fesm2022/compiler.mjs:32000:52)
	    at OrderCompletionComponent.╔╡cmp (node_modules/@angular/core/fesm2022/debug_node.mjs:30245:47)
	    at getComponentDef (node_modules/@angular/core/fesm2022/testing.mjs:1605:18)
	    at isStandaloneComponent (node_modules/@angular/core/fesm2022/testing.mjs:1601:17)
	    at queueTypesFromModulesArrayRecur (node_modules/@angular/core/fesm2022/testing.mjs:1325:26)
	    at TestBedCompiler.queueTypesFromModulesArray (node_modules/@angular/core/fesm2022/testing.mjs:1348:9)
	    at TestBedCompiler.configureTestingModule (node_modules/@angular/core/fesm2022/testing.mjs:856:18)
	    at TestBedImpl.configureTestingModule (node_modules/@angular/core/fesm2022/testing.mjs:1993:23)
	    at TestBedImpl.configureTestingModule (node_modules/@angular/core/fesm2022/testing.mjs:1805:37)
Chrome Headless 144.0.0.0 (Windows 10): Executed 269 of 767[31m (98 FAILED)[39m (skipped 2) (0 secs / 5.533 secs)
Chrome Headless 144.0.0.0 (Windows 10) OrderCompletionComponent should create FAILED
	Failed: Errors during JIT compilation of template for OrderCompletionComponent: Unexpected closing tag "div". It may happen when the tag has already been closed by another tag. For more info see https://www.w3.org/TR/html5/syntax.html#closing-elements-that-have-implied-end-tags ("y}}</div>
	          <div><span translate>PHONE_NUMBER</span> {{address?.mobileNum}}</div>
	        [ERROR ->]</div>
	      }
	    </div>
	"): ng:///OrderCompletionComponent/template.html@110:8, Unexpected closing block. The block may have been closed earlier. If you meant to write the } character, you should use the "&#125;" HTML entity instead. ("       <div><span translate>PHONE_NUMBER</span> {{address?.mobileNum}}</div>
	        </div>
	      [ERROR ->]}
	    </div>
	    <div class="heading-banner">
	"): ng:///OrderCompletionComponent/template.html@111:6, Unexpected closing tag "div". It may happen when the tag has already been closed by another tag. For more info see https://www.w3.org/TR/html5/syntax.html#closing-elements-that-have-implied-end-tags ("
	        </div>
	      }
	    [ERROR ->]</div>
	    <div class="heading-banner">
	      <span class="heading-text">{{"ORDER_SUMMARY" | transl"): ng:///OrderCompletionComponent/template.html@112:4
	    at parseJitTemplate (node_modules/@angular/compiler/fesm2022/compiler.mjs:32326:15)
	    at CompilerFacadeImpl.compileComponent (node_modules/@angular/compiler/fesm2022/compiler.mjs:32000:52)
	    at OrderCompletionComponent.╔╡cmp (node_modules/@angular/core/fesm2022/debug_node.mjs:30245:47)
	    at getComponentDef (node_modules/@angular/core/fesm2022/testing.mjs:1605:18)
	    at isStandaloneComponent (node_modules/@angular/core/fesm2022/testing.mjs:1601:17)
	    at queueTypesFromModulesArrayRecur (node_modules/@angular/core/fesm2022/testing.mjs:1325:26)
	    at TestBedCompiler.queueTypesFromModulesArray (node_modules/@angular/core/fesm2022/testing.mjs:1348:9)
	    at TestBedCompiler.configureTestingModule (node_modules/@angular/core/fesm2022/testing.mjs:856:18)
	    at TestBedImpl.configureTestingModule (node_modules/@angular/core/fesm2022/testing.mjs:1993:23)
	    at TestBedImpl.configureTestingModule (node_modules/@angular/core/fesm2022/testing.mjs:1805:37)
[1A[2K[31mChrome Headless 144.0.0.0 (Windows 10) OrderCompletionComponent should have bullet point list of products in tweet FAILED[39m
	Failed: Errors during JIT compilation of template for OrderCompletionComponent: Unexpected closing tag "div". It may happen when the tag has already been closed by another tag. For more info see https://www.w3.org/TR/html5/syntax.html#closing-elements-that-have-implied-end-tags ("y}}</div>
	          <div><span translate>PHONE_NUMBER</span> {{address?.mobileNum}}</div>
	        [ERROR ->]</div>
	      }
	    </div>
	"): ng:///OrderCompletionComponent/template.html@110:8, Unexpected closing block. The block may have been closed earlier. If you meant to write the } character, you should use the "&#125;" HTML entity instead. ("       <div><span translate>PHONE_NUMBER</span> {{address?.mobileNum}}</div>
	        </div>
	      [ERROR ->]}
	    </div>
	    <div class="heading-banner">
	"): ng:///OrderCompletionComponent/template.html@111:6, Unexpected closing tag "div". It may happen when the tag has already been closed by another tag. For more info see https://www.w3.org/TR/html5/syntax.html#closing-elements-that-have-implied-end-tags ("
	        </div>
	      }
	    [ERROR ->]</div>
	    <div class="heading-banner">
	      <span class="heading-text">{{"ORDER_SUMMARY" | transl"): ng:///OrderCompletionComponent/template.html@112:4
	    at parseJitTemplate (node_modules/@angular/compiler/fesm2022/compiler.mjs:32326:15)
	    at CompilerFacadeImpl.compileComponent (node_modules/@angular/compiler/fesm2022/compiler.mjs:32000:52)
	    at OrderCompletionComponent.╔╡cmp (node_modules/@angular/core/fesm2022/debug_node.mjs:30245:47)
	    at getComponentDef (node_modules/@angular/core/fesm2022/testing.mjs:1605:18)
	    at isStandaloneComponent (node_modules/@angular/core/fesm2022/testing.mjs:1601:17)
	    at queueTypesFromModulesArrayRecur (node_modules/@angular/core/fesm2022/testing.mjs:1325:26)
	    at TestBedCompiler.queueTypesFromModulesArray (node_modules/@angular/core/fesm2022/testing.mjs:1348:9)
	    at TestBedCompiler.configureTestingModule (node_modules/@angular/core/fesm2022/testing.mjs:856:18)
	    at TestBedImpl.configureTestingModule (node_modules/@angular/core/fesm2022/testing.mjs:1993:23)
	    at TestBedImpl.configureTestingModule (node_modules/@angular/core/fesm2022/testing.mjs:1805:37)
Chrome Headless 144.0.0.0 (Windows 10): Executed 270 of 767[31m (99 FAILED)[39m (skipped 2) (0 secs / 5.539 secs)
Chrome Headless 144.0.0.0 (Windows 10) OrderCompletionComponent should have bullet point list of products in tweet FAILED
	Failed: Errors during JIT compilation of template for OrderCompletionComponent: Unexpected closing tag "div". It may happen when the tag has already been closed by another tag. For more info see https://www.w3.org/TR/html5/syntax.html#closing-elements-that-have-implied-end-tags ("y}}</div>
	          <div><span translate>PHONE_NUMBER</span> {{address?.mobileNum}}</div>
	        [ERROR ->]</div>
	      }
	    </div>
	"): ng:///OrderCompletionComponent/template.html@110:8, Unexpected closing block. The block may have been closed earlier. If you meant to write the } character, you should use the "&#125;" HTML entity instead. ("       <div><span translate>PHONE_NUMBER</span> {{address?.mobileNum}}</div>
	        </div>
	      [ERROR ->]}
	    </div>
	    <div class="heading-banner">
	"): ng:///OrderCompletionComponent/template.html@111:6, Unexpected closing tag "div". It may happen when the tag has already been closed by another tag. For more info see https://www.w3.org/TR/html5/syntax.html#closing-elements-that-have-implied-end-tags ("
	        </div>
	      }
	    [ERROR ->]</div>
	    <div class="heading-banner">
	      <span class="heading-text">{{"ORDER_SUMMARY" | transl"): ng:///OrderCompletionComponent/template.html@112:4
	    at parseJitTemplate (node_modules/@angular/compiler/fesm2022/compiler.mjs:32326:15)
	    at CompilerFacadeImpl.compileComponent (node_modules/@angular/compiler/fesm2022/compiler.mjs:32000:52)
	    at OrderCompletionComponent.╔╡cmp (node_modules/@angular/core/fesm2022/debug_node.mjs:30245:47)
	    at getComponentDef (node_modules/@angular/core/fesm2022/testing.mjs:1605:18)
	    at isStandaloneComponent (node_modules/@angular/core/fesm2022/testing.mjs:1601:17)
	    at queueTypesFromModulesArrayRecur (node_modules/@angular/core/fesm2022/testing.mjs:1325:26)
	    at TestBedCompiler.queueTypesFromModulesArray (node_modules/@angular/core/fesm2022/testing.mjs:1348:9)
	    at TestBedCompiler.configureTestingModule (node_modules/@angular/core/fesm2022/testing.mjs:856:18)
	    at TestBedImpl.configureTestingModule (node_modules/@angular/core/fesm2022/testing.mjs:1993:23)
	    at TestBedImpl.configureTestingModule (node_modules/@angular/core/fesm2022/testing.mjs:1805:37)
[1A[2KChrome Headless 144.0.0.0 (Windows 10): Executed 271 of 767[31m (99 FAILED)[39m (skipped 2) (0 secs / 5.541 secs)
[1A[2KChrome Headless 144.0.0.0 (Windows 10): Executed 272 of 767[31m (99 FAILED)[39m (skipped 2) (0 secs / 5.543 secs)
[1A[2KChrome Headless 144.0.0.0 (Windows 10): Executed 273 of 767[31m (99 FAILED)[39m (skipped 2) (0 secs / 5.545 secs)
[1A[2KChrome Headless 144.0.0.0 (Windows 10): Executed 274 of 767[31m (99 FAILED)[39m (skipped 2) (0 secs / 5.562 secs)
[1A[2KChrome Headless 144.0.0.0 (Windows 10): Executed 275 of 767[31m (99 FAILED)[39m (skipped 2) (0 secs / 5.573 secs)
[1A[2KChrome Headless 144.0.0.0 (Windows 10): Executed 276 of 767[31m (99 FAILED)[39m (skipped 2) (0 secs / 5.586 secs)
[1A[2KChrome Headless 144.0.0.0 (Windows 10): Executed 277 of 767[31m (99 FAILED)[39m (skipped 2) (0 secs / 5.6 secs)
[1A[2KChrome Headless 144.0.0.0 (Windows 10): Executed 278 of 767[31m (99 FAILED)[39m (skipped 2) (0 secs / 5.611 secs)
[1A[2KChrome Headless 144.0.0.0 (Windows 10): Executed 279 of 767[31m (99 FAILED)[39m (skipped 2) (0 secs / 5.624 secs)
[1A[2KChrome Headless 144.0.0.0 (Windows 10): Executed 280 of 767[31m (99 FAILED)[39m (skipped 2) (0 secs / 5.628 secs)
[1A[2KChrome Headless 144.0.0.0 (Windows 10): Executed 281 of 767[31m (99 FAILED)[39m (skipped 2) (0 secs / 5.632 secs)
[1A[2KChrome Headless 144.0.0.0 (Windows 10): Executed 282 of 767[31m (99 FAILED)[39m (skipped 2) (0 secs / 5.635 secs)
[1A[2K[31mChrome Headless 144.0.0.0 (Windows 10) BasketComponent should store itemTotal in session storage FAILED[39m
	Failed: Errors during JIT compilation of template for PurchaseBasketComponent: Unexpected closing tag "mat-table". It may happen when the tag has already been closed by another tag. For more info see https://www.w3.org/TR/html5/syntax.html#closing-elements-that-have-implied-end-tags ("
	      </span>
	    }
	  [ERROR ->]</mat-table>
	
	  @if (totalPrice) {
	"): ng:///PurchaseBasketComponent/template.html@100:2, Unexpected closing tag "mat-table". It may happen when the tag has already been closed by another tag. For more info see https://www.w3.org/TR/html5/syntax.html#closing-elements-that-have-implied-end-tags ("
	  </span>
	  }
	[ERROR ->]</mat-table>
	
	@if (totalPrice) {
	"): ng:///PurchaseBasketComponent/template.html@115:0
	    at parseJitTemplate (node_modules/@angular/compiler/fesm2022/compiler.mjs:32326:15)
	    at CompilerFacadeImpl.compileComponent (node_modules/@angular/compiler/fesm2022/compiler.mjs:32000:52)
	    at PurchaseBasketComponent.╔╡cmp (node_modules/@angular/core/fesm2022/debug_node.mjs:30245:47)
	    at getComponentDef (node_modules/@angular/core/fesm2022/testing.mjs:1605:18)
	    at isStandaloneComponent (node_modules/@angular/core/fesm2022/testing.mjs:1601:17)
	    at forEach (node_modules/@angular/core/fesm2022/testing.mjs:1338:29)
	    at Array.forEach (<anonymous>)
	    at queueTypesFromModulesArrayRecur (node_modules/@angular/core/fesm2022/testing.mjs:1333:34)
	    at TestBedCompiler.queueTypesFromModulesArray (node_modules/@angular/core/fesm2022/testing.mjs:1348:9)
	    at TestBedCompiler.configureTestingModule (node_modules/@angular/core/fesm2022/testing.mjs:856:18)
Chrome Headless 144.0.0.0 (Windows 10): Executed 283 of 767[31m (100 FAILED)[39m (skipped 2) (0 secs / 5.646 secs)
Chrome Headless 144.0.0.0 (Windows 10) BasketComponent should store itemTotal in session storage FAILED
	Failed: Errors during JIT compilation of template for PurchaseBasketComponent: Unexpected closing tag "mat-table". It may happen when the tag has already been closed by another tag. For more info see https://www.w3.org/TR/html5/syntax.html#closing-elements-that-have-implied-end-tags ("
	      </span>
	    }
	  [ERROR ->]</mat-table>
	
	  @if (totalPrice) {
	"): ng:///PurchaseBasketComponent/template.html@100:2, Unexpected closing tag "mat-table". It may happen when the tag has already been closed by another tag. For more info see https://www.w3.org/TR/html5/syntax.html#closing-elements-that-have-implied-end-tags ("
	  </span>
	  }
	[ERROR ->]</mat-table>
	
	@if (totalPrice) {
	"): ng:///PurchaseBasketComponent/template.html@115:0
	    at parseJitTemplate (node_modules/@angular/compiler/fesm2022/compiler.mjs:32326:15)
	    at CompilerFacadeImpl.compileComponent (node_modules/@angular/compiler/fesm2022/compiler.mjs:32000:52)
	    at PurchaseBasketComponent.╔╡cmp (node_modules/@angular/core/fesm2022/debug_node.mjs:30245:47)
	    at getComponentDef (node_modules/@angular/core/fesm2022/testing.mjs:1605:18)
	    at isStandaloneComponent (node_modules/@angular/core/fesm2022/testing.mjs:1601:17)
	    at forEach (node_modules/@angular/core/fesm2022/testing.mjs:1338:29)
	    at Array.forEach (<anonymous>)
	    at queueTypesFromModulesArrayRecur (node_modules/@angular/core/fesm2022/testing.mjs:1333:34)
	    at TestBedCompiler.queueTypesFromModulesArray (node_modules/@angular/core/fesm2022/testing.mjs:1348:9)
	    at TestBedCompiler.configureTestingModule (node_modules/@angular/core/fesm2022/testing.mjs:856:18)
[1A[2K[31mChrome Headless 144.0.0.0 (Windows 10) BasketComponent should store bonus points on calling getBonusPoints FAILED[39m
	Failed: Errors during JIT compilation of template for PurchaseBasketComponent: Unexpected closing tag "mat-table". It may happen when the tag has already been closed by another tag. For more info see https://www.w3.org/TR/html5/syntax.html#closing-elements-that-have-implied-end-tags ("
	      </span>
	    }
	  [ERROR ->]</mat-table>
	
	  @if (totalPrice) {
	"): ng:///PurchaseBasketComponent/template.html@100:2, Unexpected closing tag "mat-table". It may happen when the tag has already been closed by another tag. For more info see https://www.w3.org/TR/html5/syntax.html#closing-elements-that-have-implied-end-tags ("
	  </span>
	  }
	[ERROR ->]</mat-table>
	
	@if (totalPrice) {
	"): ng:///PurchaseBasketComponent/template.html@115:0
	    at parseJitTemplate (node_modules/@angular/compiler/fesm2022/compiler.mjs:32326:15)
	    at CompilerFacadeImpl.compileComponent (node_modules/@angular/compiler/fesm2022/compiler.mjs:32000:52)
	    at PurchaseBasketComponent.╔╡cmp (node_modules/@angular/core/fesm2022/debug_node.mjs:30245:47)
	    at getComponentDef (node_modules/@angular/core/fesm2022/testing.mjs:1605:18)
	    at isStandaloneComponent (node_modules/@angular/core/fesm2022/testing.mjs:1601:17)
	    at forEach (node_modules/@angular/core/fesm2022/testing.mjs:1338:29)
	    at Array.forEach (<anonymous>)
	    at queueTypesFromModulesArrayRecur (node_modules/@angular/core/fesm2022/testing.mjs:1333:34)
	    at TestBedCompiler.queueTypesFromModulesArray (node_modules/@angular/core/fesm2022/testing.mjs:1348:9)
	    at TestBedCompiler.configureTestingModule (node_modules/@angular/core/fesm2022/testing.mjs:856:18)
Chrome Headless 144.0.0.0 (Windows 10): Executed 284 of 767[31m (101 FAILED)[39m (skipped 2) (0 secs / 5.648 secs)
Chrome Headless 144.0.0.0 (Windows 10) BasketComponent should store bonus points on calling getBonusPoints FAILED
	Failed: Errors during JIT compilation of template for PurchaseBasketComponent: Unexpected closing tag "mat-table". It may happen when the tag has already been closed by another tag. For more info see https://www.w3.org/TR/html5/syntax.html#closing-elements-that-have-implied-end-tags ("
	      </span>
	    }
	  [ERROR ->]</mat-table>
	
	  @if (totalPrice) {
	"): ng:///PurchaseBasketComponent/template.html@100:2, Unexpected closing tag "mat-table". It may happen when the tag has already been closed by another tag. For more info see https://www.w3.org/TR/html5/syntax.html#closing-elements-that-have-implied-end-tags ("
	  </span>
	  }
	[ERROR ->]</mat-table>
	
	@if (totalPrice) {
	"): ng:///PurchaseBasketComponent/template.html@115:0
	    at parseJitTemplate (node_modules/@angular/compiler/fesm2022/compiler.mjs:32326:15)
	    at CompilerFacadeImpl.compileComponent (node_modules/@angular/compiler/fesm2022/compiler.mjs:32000:52)
	    at PurchaseBasketComponent.╔╡cmp (node_modules/@angular/core/fesm2022/debug_node.mjs:30245:47)
	    at getComponentDef (node_modules/@angular/core/fesm2022/testing.mjs:1605:18)
	    at isStandaloneComponent (node_modules/@angular/core/fesm2022/testing.mjs:1601:17)
	    at forEach (node_modules/@angular/core/fesm2022/testing.mjs:1338:29)
	    at Array.forEach (<anonymous>)
	    at queueTypesFromModulesArrayRecur (node_modules/@angular/core/fesm2022/testing.mjs:1333:34)
	    at TestBedCompiler.queueTypesFromModulesArray (node_modules/@angular/core/fesm2022/testing.mjs:1348:9)
	    at TestBedCompiler.configureTestingModule (node_modules/@angular/core/fesm2022/testing.mjs:856:18)
[1A[2K[31mChrome Headless 144.0.0.0 (Windows 10) BasketComponent should create FAILED[39m
	Failed: Errors during JIT compilation of template for PurchaseBasketComponent: Unexpected closing tag "mat-table". It may happen when the tag has already been closed by another tag. For more info see https://www.w3.org/TR/html5/syntax.html#closing-elements-that-have-implied-end-tags ("
	      </span>
	    }
	  [ERROR ->]</mat-table>
	
	  @if (totalPrice) {
	"): ng:///PurchaseBasketComponent/template.html@100:2, Unexpected closing tag "mat-table". It may happen when the tag has already been closed by another tag. For more info see https://www.w3.org/TR/html5/syntax.html#closing-elements-that-have-implied-end-tags ("
	  </span>
	  }
	[ERROR ->]</mat-table>
	
	@if (totalPrice) {
	"): ng:///PurchaseBasketComponent/template.html@115:0
	    at parseJitTemplate (node_modules/@angular/compiler/fesm2022/compiler.mjs:32326:15)
	    at CompilerFacadeImpl.compileComponent (node_modules/@angular/compiler/fesm2022/compiler.mjs:32000:52)
	    at PurchaseBasketComponent.╔╡cmp (node_modules/@angular/core/fesm2022/debug_node.mjs:30245:47)
	    at getComponentDef (node_modules/@angular/core/fesm2022/testing.mjs:1605:18)
	    at isStandaloneComponent (node_modules/@angular/core/fesm2022/testing.mjs:1601:17)
	    at forEach (node_modules/@angular/core/fesm2022/testing.mjs:1338:29)
	    at Array.forEach (<anonymous>)
	    at queueTypesFromModulesArrayRecur (node_modules/@angular/core/fesm2022/testing.mjs:1333:34)
	    at TestBedCompiler.queueTypesFromModulesArray (node_modules/@angular/core/fesm2022/testing.mjs:1348:9)
	    at TestBedCompiler.configureTestingModule (node_modules/@angular/core/fesm2022/testing.mjs:856:18)
Chrome Headless 144.0.0.0 (Windows 10): Executed 285 of 767[31m (102 FAILED)[39m (skipped 2) (0 secs / 5.653 secs)
Chrome Headless 144.0.0.0 (Windows 10) BasketComponent should create FAILED
	Failed: Errors during JIT compilation of template for PurchaseBasketComponent: Unexpected closing tag "mat-table". It may happen when the tag has already been closed by another tag. For more info see https://www.w3.org/TR/html5/syntax.html#closing-elements-that-have-implied-end-tags ("
	      </span>
	    }
	  [ERROR ->]</mat-table>
	
	  @if (totalPrice) {
	"): ng:///PurchaseBasketComponent/template.html@100:2, Unexpected closing tag "mat-table". It may happen when the tag has already been closed by another tag. For more info see https://www.w3.org/TR/html5/syntax.html#closing-elements-that-have-implied-end-tags ("
	  </span>
	  }
	[ERROR ->]</mat-table>
	
	@if (totalPrice) {
	"): ng:///PurchaseBasketComponent/template.html@115:0
	    at parseJitTemplate (node_modules/@angular/compiler/fesm2022/compiler.mjs:32326:15)
	    at CompilerFacadeImpl.compileComponent (node_modules/@angular/compiler/fesm2022/compiler.mjs:32000:52)
	    at PurchaseBasketComponent.╔╡cmp (node_modules/@angular/core/fesm2022/debug_node.mjs:30245:47)
	    at getComponentDef (node_modules/@angular/core/fesm2022/testing.mjs:1605:18)
	    at isStandaloneComponent (node_modules/@angular/core/fesm2022/testing.mjs:1601:17)
	    at forEach (node_modules/@angular/core/fesm2022/testing.mjs:1338:29)
	    at Array.forEach (<anonymous>)
	    at queueTypesFromModulesArrayRecur (node_modules/@angular/core/fesm2022/testing.mjs:1333:34)
	    at TestBedCompiler.queueTypesFromModulesArray (node_modules/@angular/core/fesm2022/testing.mjs:1348:9)
	    at TestBedCompiler.configureTestingModule (node_modules/@angular/core/fesm2022/testing.mjs:856:18)
[1A[2K[31mChrome Headless 144.0.0.0 (Windows 10) BasketComponent should store product count on calling getProductCount FAILED[39m
	Failed: Errors during JIT compilation of template for PurchaseBasketComponent: Unexpected closing tag "mat-table". It may happen when the tag has already been closed by another tag. For more info see https://www.w3.org/TR/html5/syntax.html#closing-elements-that-have-implied-end-tags ("
	      </span>
	    }
	  [ERROR ->]</mat-table>
	
	  @if (totalPrice) {
	"): ng:///PurchaseBasketComponent/template.html@100:2, Unexpected closing tag "mat-table". It may happen when the tag has already been closed by another tag. For more info see https://www.w3.org/TR/html5/syntax.html#closing-elements-that-have-implied-end-tags ("
	  </span>
	  }
	[ERROR ->]</mat-table>
	
	@if (totalPrice) {
	"): ng:///PurchaseBasketComponent/template.html@115:0
	    at parseJitTemplate (node_modules/@angular/compiler/fesm2022/compiler.mjs:32326:15)
	    at CompilerFacadeImpl.compileComponent (node_modules/@angular/compiler/fesm2022/compiler.mjs:32000:52)
	    at PurchaseBasketComponent.╔╡cmp (node_modules/@angular/core/fesm2022/debug_node.mjs:30245:47)
	    at getComponentDef (node_modules/@angular/core/fesm2022/testing.mjs:1605:18)
	    at isStandaloneComponent (node_modules/@angular/core/fesm2022/testing.mjs:1601:17)
	    at forEach (node_modules/@angular/core/fesm2022/testing.mjs:1338:29)
	    at Array.forEach (<anonymous>)
	    at queueTypesFromModulesArrayRecur (node_modules/@angular/core/fesm2022/testing.mjs:1333:34)
	    at TestBedCompiler.queueTypesFromModulesArray (node_modules/@angular/core/fesm2022/testing.mjs:1348:9)
	    at TestBedCompiler.configureTestingModule (node_modules/@angular/core/fesm2022/testing.mjs:856:18)
Chrome Headless 144.0.0.0 (Windows 10): Executed 286 of 767[31m (103 FAILED)[39m (skipped 2) (0 secs / 5.656 secs)
Chrome Headless 144.0.0.0 (Windows 10) BasketComponent should store product count on calling getProductCount FAILED
	Failed: Errors during JIT compilation of template for PurchaseBasketComponent: Unexpected closing tag "mat-table". It may happen when the tag has already been closed by another tag. For more info see https://www.w3.org/TR/html5/syntax.html#closing-elements-that-have-implied-end-tags ("
	      </span>
	    }
	  [ERROR ->]</mat-table>
	
	  @if (totalPrice) {
	"): ng:///PurchaseBasketComponent/template.html@100:2, Unexpected closing tag "mat-table". It may happen when the tag has already been closed by another tag. For more info see https://www.w3.org/TR/html5/syntax.html#closing-elements-that-have-implied-end-tags ("
	  </span>
	  }
	[ERROR ->]</mat-table>
	
	@if (totalPrice) {
	"): ng:///PurchaseBasketComponent/template.html@115:0
	    at parseJitTemplate (node_modules/@angular/compiler/fesm2022/compiler.mjs:32326:15)
	    at CompilerFacadeImpl.compileComponent (node_modules/@angular/compiler/fesm2022/compiler.mjs:32000:52)
	    at PurchaseBasketComponent.╔╡cmp (node_modules/@angular/core/fesm2022/debug_node.mjs:30245:47)
	    at getComponentDef (node_modules/@angular/core/fesm2022/testing.mjs:1605:18)
	    at isStandaloneComponent (node_modules/@angular/core/fesm2022/testing.mjs:1601:17)
	    at forEach (node_modules/@angular/core/fesm2022/testing.mjs:1338:29)
	    at Array.forEach (<anonymous>)
	    at queueTypesFromModulesArrayRecur (node_modules/@angular/core/fesm2022/testing.mjs:1333:34)
	    at TestBedCompiler.queueTypesFromModulesArray (node_modules/@angular/core/fesm2022/testing.mjs:1348:9)
	    at TestBedCompiler.configureTestingModule (node_modules/@angular/core/fesm2022/testing.mjs:856:18)
[1A[2KChrome Headless 144.0.0.0 (Windows 10): Executed 287 of 767[31m (103 FAILED)[39m (skipped 2) (0 secs / 5.659 secs)
[1A[2KChrome Headless 144.0.0.0 (Windows 10): Executed 288 of 767[31m (103 FAILED)[39m (skipped 2) (0 secs / 5.661 secs)
[1A[2KChrome Headless 144.0.0.0 (Windows 10): Executed 289 of 767[31m (103 FAILED)[39m (skipped 2) (0 secs / 5.664 secs)
[1A[2KChrome Headless 144.0.0.0 (Windows 10): Executed 290 of 767[31m (103 FAILED)[39m (skipped 2) (0 secs / 5.666 secs)
[1A[2KChrome Headless 144.0.0.0 (Windows 10): Executed 291 of 767[31m (103 FAILED)[39m (skipped 2) (0 secs / 5.668 secs)
[1A[2KChrome Headless 144.0.0.0 (Windows 10): Executed 292 of 767[31m (103 FAILED)[39m (skipped 2) (0 secs / 5.683 secs)
[1A[2KChrome Headless 144.0.0.0 (Windows 10): Executed 293 of 767[31m (103 FAILED)[39m (skipped 2) (0 secs / 5.712 secs)
[1A[2KChrome Headless 144.0.0.0 (Windows 10): Executed 294 of 767[31m (103 FAILED)[39m (skipped 2) (0 secs / 5.743 secs)
[1A[2KChrome Headless 144.0.0.0 (Windows 10): Executed 295 of 767[31m (103 FAILED)[39m (skipped 2) (0 secs / 5.765 secs)
[1A[2KChrome Headless 144.0.0.0 (Windows 10): Executed 296 of 767[31m (103 FAILED)[39m (skipped 2) (0 secs / 5.779 secs)
[1A[2KChrome Headless 144.0.0.0 (Windows 10): Executed 297 of 767[31m (103 FAILED)[39m (skipped 2) (0 secs / 5.792 secs)
[1A[2KChrome Headless 144.0.0.0 (Windows 10): Executed 298 of 767[31m (103 FAILED)[39m (skipped 2) (0 secs / 5.799 secs)
[1A[2KChrome Headless 144.0.0.0 (Windows 10): Executed 299 of 767[31m (103 FAILED)[39m (skipped 2) (0 secs / 5.807 secs)
[1A[2KChrome Headless 144.0.0.0 (Windows 10): Executed 300 of 767[31m (103 FAILED)[39m (skipped 2) (0 secs / 5.814 secs)
[1A[2KChrome Headless 144.0.0.0 (Windows 10): Executed 301 of 767[31m (103 FAILED)[39m (skipped 2) (0 secs / 5.821 secs)
[1A[2KChrome Headless 144.0.0.0 (Windows 10): Executed 302 of 767[31m (103 FAILED)[39m (skipped 2) (0 secs / 5.826 secs)
[1A[2KChrome Headless 144.0.0.0 (Windows 10): Executed 303 of 767[31m (103 FAILED)[39m (skipped 2) (0 secs / 5.843 secs)
[1A[2KChrome Headless 144.0.0.0 (Windows 10): Executed 304 of 767[31m (103 FAILED)[39m (skipped 2) (0 secs / 5.868 secs)
[1A[2KERROR: [36mError: Network error
Error: Network error
    at errorFactory (http://localhost:9876/_karma_webpack_/webpack:/src/app/nft-unlock/nft-unlock.component.spec.ts:63:65)
    at Observable._subscribe (http://localhost:9876/_karma_webpack_/webpack:/node_modules/rxjs/dist/esm/internal/observable/throwError.js:5:51)
    at Observable._trySubscribe (http://localhost:9876/_karma_webpack_/webpack:/node_modules/rxjs/dist/esm/internal/Observable.js:37:25)
    at cb (http://localhost:9876/_karma_webpack_/webpack:/node_modules/rxjs/dist/esm/internal/Observable.js:31:30)
    at errorContext (http://localhost:9876/_karma_webpack_/webpack:/node_modules/rxjs/dist/esm/internal/util/errorContext.js:19:9)
    at Observable.subscribe (http://localhost:9876/_karma_webpack_/webpack:/node_modules/rxjs/dist/esm/internal/Observable.js:22:21)
    at NFTUnlockComponent.checkChallengeStatus (http://localhost:9876/_karma_webpack_/webpack:/src/app/nft-unlock/nft-unlock.component.ts:37:36)
    at NFTUnlockComponent.ngOnInit (http://localhost:9876/_karma_webpack_/webpack:/src/app/nft-unlock/nft-unlock.component.ts:33:10)
    at UserContext.apply (http://localhost:9876/_karma_webpack_/webpack:/src/app/nft-unlock/nft-unlock.component.spec.ts:64:15)
    at _ZoneDelegate.invoke (http://localhost:9876/_karma_webpack_/webpack:/node_modules/zone.js/fesm2015/zone.js:398:28)[39m
Chrome Headless 144.0.0.0 (Windows 10): Executed 304 of 767[31m (103 FAILED)[39m (skipped 2) (0 secs / 5.868 secs)
ERROR: Error: Network error
Error: Network error
    at errorFactory (http://localhost:9876/_karma_webpack_/webpack:/src/app/nft-unlock/nft-unlock.component.spec.ts:63:65)
    at Observable._subscribe (http://localhost:9876/_karma_webpack_/webpack:/node_modules/rxjs/dist/esm/internal/observable/throwError.js:5:51)
    at Observable._trySubscribe (http://localhost:9876/_karma_webpack_/webpack:/node_modules/rxjs/dist/esm/internal/Observable.js:37:25)
    at cb (http://localhost:9876/_karma_webpack_/webpack:/node_modules/rxjs/dist/esm/internal/Observable.js:31:30)
    at errorContext (http://localhost:9876/_karma_webpack_/webpack:/node_modules/rxjs/dist/esm/internal/util/errorContext.js:19:9)
    at Observable.subscribe (http://localhost:9876/_karma_webpack_/webpack:/node_modules/rxjs/dist/esm/internal/Observable.js:22:21)
    at NFTUnlockComponent.checkChallengeStatus (http://localhost:9876/_karma_webpack_/webpack:/src/app/nft-unlock/nft-unlock.component.ts:37:36)
    at NFTUnlockComponent.ngOnInit (http://localhost:9876/_karma_webpack_/webpack:/src/app/nft-unlock/nft-unlock.component.ts:33:10)
    at UserContext.apply (http://localhost:9876/_karma_webpack_/webpack:/src/app/nft-unlock/nft-unlock.component.spec.ts:64:15)
    at _ZoneDelegate.invoke (http://localhost:9876/_karma_webpack_/webpack:/node_modules/zone.js/fesm2015/zone.js:398:28)
[1A[2KChrome Headless 144.0.0.0 (Windows 10): Executed 305 of 767[31m (103 FAILED)[39m (skipped 2) (0 secs / 5.879 secs)
[1A[2KChrome Headless 144.0.0.0 (Windows 10): Executed 306 of 767[31m (103 FAILED)[39m (skipped 2) (0 secs / 5.889 secs)
[1A[2KChrome Headless 144.0.0.0 (Windows 10): Executed 307 of 767[31m (103 FAILED)[39m (skipped 2) (0 secs / 5.902 secs)
[1A[2KChrome Headless 144.0.0.0 (Windows 10): Executed 308 of 767[31m (103 FAILED)[39m (skipped 2) (0 secs / 5.915 secs)
[1A[2KChrome Headless 144.0.0.0 (Windows 10): Executed 309 of 767[31m (103 FAILED)[39m (skipped 2) (0 secs / 5.927 secs)
[1A[2KChrome Headless 144.0.0.0 (Windows 10): Executed 310 of 767[31m (103 FAILED)[39m (skipped 2) (0 secs / 5.957 secs)
[1A[2KChrome Headless 144.0.0.0 (Windows 10): Executed 311 of 767[31m (103 FAILED)[39m (skipped 2) (0 secs / 5.97 secs)
[1A[2KChrome Headless 144.0.0.0 (Windows 10): Executed 312 of 767[31m (103 FAILED)[39m (skipped 2) (0 secs / 5.983 secs)
[1A[2KChrome Headless 144.0.0.0 (Windows 10): Executed 313 of 767[31m (103 FAILED)[39m (skipped 2) (0 secs / 5.99 secs)
[1A[2KChrome Headless 144.0.0.0 (Windows 10): Executed 314 of 767[31m (103 FAILED)[39m (skipped 2) (0 secs / 5.993 secs)
[1A[2KChrome Headless 144.0.0.0 (Windows 10): Executed 315 of 767[31m (103 FAILED)[39m (skipped 2) (0 secs / 5.994 secs)
[1A[2KChrome Headless 144.0.0.0 (Windows 10): Executed 316 of 767[31m (103 FAILED)[39m (skipped 2) (0 secs / 5.996 secs)
[1A[2KChrome Headless 144.0.0.0 (Windows 10): Executed 317 of 767[31m (103 FAILED)[39m (skipped 2) (0 secs / 5.998 secs)
[1A[2KChrome Headless 144.0.0.0 (Windows 10): Executed 318 of 767[31m (103 FAILED)[39m (skipped 2) (0 secs / 6 secs)
[1A[2KChrome Headless 144.0.0.0 (Windows 10): Executed 319 of 767[31m (103 FAILED)[39m (skipped 2) (0 secs / 6.002 secs)
[1A[2KChrome Headless 144.0.0.0 (Windows 10): Executed 320 of 767[31m (103 FAILED)[39m (skipped 2) (0 secs / 6.004 secs)
[1A[2KChrome Headless 144.0.0.0 (Windows 10): Executed 321 of 767[31m (103 FAILED)[39m (skipped 2) (0 secs / 6.006 secs)
[1A[2KChrome Headless 144.0.0.0 (Windows 10): Executed 322 of 767[31m (103 FAILED)[39m (skipped 2) (0 secs / 6.007 secs)
[1A[2KChrome Headless 144.0.0.0 (Windows 10): Executed 323 of 767[31m (103 FAILED)[39m (skipped 2) (0 secs / 6.008 secs)
[1A[2KChrome Headless 144.0.0.0 (Windows 10): Executed 324 of 767[31m (103 FAILED)[39m (skipped 2) (0 secs / 6.009 secs)
[1A[2KChrome Headless 144.0.0.0 (Windows 10): Executed 325 of 767[31m (103 FAILED)[39m (skipped 2) (0 secs / 6.01 secs)
[1A[2KChrome Headless 144.0.0.0 (Windows 10): Executed 326 of 767[31m (103 FAILED)[39m (skipped 2) (0 secs / 6.011 secs)
[1A[2KChrome Headless 144.0.0.0 (Windows 10): Executed 327 of 767[31m (103 FAILED)[39m (skipped 2) (0 secs / 6.013 secs)
[1A[2K[31mChrome Headless 144.0.0.0 (Windows 10) PurchaseBasketComponent should hold no products when none are returned by backend API FAILED[39m
	Failed: Errors during JIT compilation of template for PurchaseBasketComponent: Unexpected closing tag "mat-table". It may happen when the tag has already been closed by another tag. For more info see https://www.w3.org/TR/html5/syntax.html#closing-elements-that-have-implied-end-tags ("
	      </span>
	    }
	  [ERROR ->]</mat-table>
	
	  @if (totalPrice) {
	"): ng:///PurchaseBasketComponent/template.html@100:2, Unexpected closing tag "mat-table". It may happen when the tag has already been closed by another tag. For more info see https://www.w3.org/TR/html5/syntax.html#closing-elements-that-have-implied-end-tags ("
	  </span>
	  }
	[ERROR ->]</mat-table>
	
	@if (totalPrice) {
	"): ng:///PurchaseBasketComponent/template.html@115:0
	    at parseJitTemplate (node_modules/@angular/compiler/fesm2022/compiler.mjs:32326:15)
	    at CompilerFacadeImpl.compileComponent (node_modules/@angular/compiler/fesm2022/compiler.mjs:32000:52)
	    at PurchaseBasketComponent.╔╡cmp (node_modules/@angular/core/fesm2022/debug_node.mjs:30245:47)
	    at getComponentDef (node_modules/@angular/core/fesm2022/testing.mjs:1605:18)
	    at isStandaloneComponent (node_modules/@angular/core/fesm2022/testing.mjs:1601:17)
	    at queueTypesFromModulesArrayRecur (node_modules/@angular/core/fesm2022/testing.mjs:1325:26)
	    at TestBedCompiler.queueTypesFromModulesArray (node_modules/@angular/core/fesm2022/testing.mjs:1348:9)
	    at TestBedCompiler.configureTestingModule (node_modules/@angular/core/fesm2022/testing.mjs:856:18)
	    at TestBedImpl.configureTestingModule (node_modules/@angular/core/fesm2022/testing.mjs:1993:23)
	    at TestBedImpl.configureTestingModule (node_modules/@angular/core/fesm2022/testing.mjs:1805:37)
Chrome Headless 144.0.0.0 (Windows 10): Executed 328 of 767[31m (104 FAILED)[39m (skipped 2) (0 secs / 6.016 secs)
Chrome Headless 144.0.0.0 (Windows 10) PurchaseBasketComponent should hold no products when none are returned by backend API FAILED
	Failed: Errors during JIT compilation of template for PurchaseBasketComponent: Unexpected closing tag "mat-table". It may happen when the tag has already been closed by another tag. For more info see https://www.w3.org/TR/html5/syntax.html#closing-elements-that-have-implied-end-tags ("
	      </span>
	    }
	  [ERROR ->]</mat-table>
	
	  @if (totalPrice) {
	"): ng:///PurchaseBasketComponent/template.html@100:2, Unexpected closing tag "mat-table". It may happen when the tag has already been closed by another tag. For more info see https://www.w3.org/TR/html5/syntax.html#closing-elements-that-have-implied-end-tags ("
	  </span>
	  }
	[ERROR ->]</mat-table>
	
	@if (totalPrice) {
	"): ng:///PurchaseBasketComponent/template.html@115:0
	    at parseJitTemplate (node_modules/@angular/compiler/fesm2022/compiler.mjs:32326:15)
	    at CompilerFacadeImpl.compileComponent (node_modules/@angular/compiler/fesm2022/compiler.mjs:32000:52)
	    at PurchaseBasketComponent.╔╡cmp (node_modules/@angular/core/fesm2022/debug_node.mjs:30245:47)
	    at getComponentDef (node_modules/@angular/core/fesm2022/testing.mjs:1605:18)
	    at isStandaloneComponent (node_modules/@angular/core/fesm2022/testing.mjs:1601:17)
	    at queueTypesFromModulesArrayRecur (node_modules/@angular/core/fesm2022/testing.mjs:1325:26)
	    at TestBedCompiler.queueTypesFromModulesArray (node_modules/@angular/core/fesm2022/testing.mjs:1348:9)
	    at TestBedCompiler.configureTestingModule (node_modules/@angular/core/fesm2022/testing.mjs:856:18)
	    at TestBedImpl.configureTestingModule (node_modules/@angular/core/fesm2022/testing.mjs:1993:23)
	    at TestBedImpl.configureTestingModule (node_modules/@angular/core/fesm2022/testing.mjs:1805:37)
[1A[2K[31mChrome Headless 144.0.0.0 (Windows 10) PurchaseBasketComponent should create FAILED[39m
	Failed: Errors during JIT compilation of template for PurchaseBasketComponent: Unexpected closing tag "mat-table". It may happen when the tag has already been closed by another tag. For more info see https://www.w3.org/TR/html5/syntax.html#closing-elements-that-have-implied-end-tags ("
	      </span>
	    }
	  [ERROR ->]</mat-table>
	
	  @if (totalPrice) {
	"): ng:///PurchaseBasketComponent/template.html@100:2, Unexpected closing tag "mat-table". It may happen when the tag has already been closed by another tag. For more info see https://www.w3.org/TR/html5/syntax.html#closing-elements-that-have-implied-end-tags ("
	  </span>
	  }
	[ERROR ->]</mat-table>
	
	@if (totalPrice) {
	"): ng:///PurchaseBasketComponent/template.html@115:0
	    at parseJitTemplate (node_modules/@angular/compiler/fesm2022/compiler.mjs:32326:15)
	    at CompilerFacadeImpl.compileComponent (node_modules/@angular/compiler/fesm2022/compiler.mjs:32000:52)
	    at PurchaseBasketComponent.╔╡cmp (node_modules/@angular/core/fesm2022/debug_node.mjs:30245:47)
	    at getComponentDef (node_modules/@angular/core/fesm2022/testing.mjs:1605:18)
	    at isStandaloneComponent (node_modules/@angular/core/fesm2022/testing.mjs:1601:17)
	    at queueTypesFromModulesArrayRecur (node_modules/@angular/core/fesm2022/testing.mjs:1325:26)
	    at TestBedCompiler.queueTypesFromModulesArray (node_modules/@angular/core/fesm2022/testing.mjs:1348:9)
	    at TestBedCompiler.configureTestingModule (node_modules/@angular/core/fesm2022/testing.mjs:856:18)
	    at TestBedImpl.configureTestingModule (node_modules/@angular/core/fesm2022/testing.mjs:1993:23)
	    at TestBedImpl.configureTestingModule (node_modules/@angular/core/fesm2022/testing.mjs:1805:37)
Chrome Headless 144.0.0.0 (Windows 10): Executed 329 of 767[31m (105 FAILED)[39m (skipped 2) (0 secs / 6.019 secs)
Chrome Headless 144.0.0.0 (Windows 10) PurchaseBasketComponent should create FAILED
	Failed: Errors during JIT compilation of template for PurchaseBasketComponent: Unexpected closing tag "mat-table". It may happen when the tag has already been closed by another tag. For more info see https://www.w3.org/TR/html5/syntax.html#closing-elements-that-have-implied-end-tags ("
	      </span>
	    }
	  [ERROR ->]</mat-table>
	
	  @if (totalPrice) {
	"): ng:///PurchaseBasketComponent/template.html@100:2, Unexpected closing tag "mat-table". It may happen when the tag has already been closed by another tag. For more info see https://www.w3.org/TR/html5/syntax.html#closing-elements-that-have-implied-end-tags ("
	  </span>
	  }
	[ERROR ->]</mat-table>
	
	@if (totalPrice) {
	"): ng:///PurchaseBasketComponent/template.html@115:0
	    at parseJitTemplate (node_modules/@angular/compiler/fesm2022/compiler.mjs:32326:15)
	    at CompilerFacadeImpl.compileComponent (node_modules/@angular/compiler/fesm2022/compiler.mjs:32000:52)
	    at PurchaseBasketComponent.╔╡cmp (node_modules/@angular/core/fesm2022/debug_node.mjs:30245:47)
	    at getComponentDef (node_modules/@angular/core/fesm2022/testing.mjs:1605:18)
	    at isStandaloneComponent (node_modules/@angular/core/fesm2022/testing.mjs:1601:17)
	    at queueTypesFromModulesArrayRecur (node_modules/@angular/core/fesm2022/testing.mjs:1325:26)
	    at TestBedCompiler.queueTypesFromModulesArray (node_modules/@angular/core/fesm2022/testing.mjs:1348:9)
	    at TestBedCompiler.configureTestingModule (node_modules/@angular/core/fesm2022/testing.mjs:856:18)
	    at TestBedImpl.configureTestingModule (node_modules/@angular/core/fesm2022/testing.mjs:1993:23)
	    at TestBedImpl.configureTestingModule (node_modules/@angular/core/fesm2022/testing.mjs:1805:37)
[1A[2K[31mChrome Headless 144.0.0.0 (Windows 10) PurchaseBasketComponent should reset quantity to 1 when decreasing for quantity tampered to be negative FAILED[39m
	Failed: Errors during JIT compilation of template for PurchaseBasketComponent: Unexpected closing tag "mat-table". It may happen when the tag has already been closed by another tag. For more info see https://www.w3.org/TR/html5/syntax.html#closing-elements-that-have-implied-end-tags ("
	      </span>
	    }
	  [ERROR ->]</mat-table>
	
	  @if (totalPrice) {
	"): ng:///PurchaseBasketComponent/template.html@100:2, Unexpected closing tag "mat-table". It may happen when the tag has already been closed by another tag. For more info see https://www.w3.org/TR/html5/syntax.html#closing-elements-that-have-implied-end-tags ("
	  </span>
	  }
	[ERROR ->]</mat-table>
	
	@if (totalPrice) {
	"): ng:///PurchaseBasketComponent/template.html@115:0
	    at parseJitTemplate (node_modules/@angular/compiler/fesm2022/compiler.mjs:32326:15)
	    at CompilerFacadeImpl.compileComponent (node_modules/@angular/compiler/fesm2022/compiler.mjs:32000:52)
	    at PurchaseBasketComponent.╔╡cmp (node_modules/@angular/core/fesm2022/debug_node.mjs:30245:47)
	    at getComponentDef (node_modules/@angular/core/fesm2022/testing.mjs:1605:18)
	    at isStandaloneComponent (node_modules/@angular/core/fesm2022/testing.mjs:1601:17)
	    at queueTypesFromModulesArrayRecur (node_modules/@angular/core/fesm2022/testing.mjs:1325:26)
	    at TestBedCompiler.queueTypesFromModulesArray (node_modules/@angular/core/fesm2022/testing.mjs:1348:9)
	    at TestBedCompiler.configureTestingModule (node_modules/@angular/core/fesm2022/testing.mjs:856:18)
	    at TestBedImpl.configureTestingModule (node_modules/@angular/core/fesm2022/testing.mjs:1993:23)
	    at TestBedImpl.configureTestingModule (node_modules/@angular/core/fesm2022/testing.mjs:1805:37)
Chrome Headless 144.0.0.0 (Windows 10): Executed 330 of 767[31m (106 FAILED)[39m (skipped 2) (0 secs / 6.025 secs)
Chrome Headless 144.0.0.0 (Windows 10) PurchaseBasketComponent should reset quantity to 1 when decreasing for quantity tampered to be negative FAILED
	Failed: Errors during JIT compilation of template for PurchaseBasketComponent: Unexpected closing tag "mat-table". It may happen when the tag has already been closed by another tag. For more info see https://www.w3.org/TR/html5/syntax.html#closing-elements-that-have-implied-end-tags ("
	      </span>
	    }
	  [ERROR ->]</mat-table>
	
	  @if (totalPrice) {
	"): ng:///PurchaseBasketComponent/template.html@100:2, Unexpected closing tag "mat-table". It may happen when the tag has already been closed by another tag. For more info see https://www.w3.org/TR/html5/syntax.html#closing-elements-that-have-implied-end-tags ("
	  </span>
	  }
	[ERROR ->]</mat-table>
	
	@if (totalPrice) {
	"): ng:///PurchaseBasketComponent/template.html@115:0
	    at parseJitTemplate (node_modules/@angular/compiler/fesm2022/compiler.mjs:32326:15)
	    at CompilerFacadeImpl.compileComponent (node_modules/@angular/compiler/fesm2022/compiler.mjs:32000:52)
	    at PurchaseBasketComponent.╔╡cmp (node_modules/@angular/core/fesm2022/debug_node.mjs:30245:47)
	    at getComponentDef (node_modules/@angular/core/fesm2022/testing.mjs:1605:18)
	    at isStandaloneComponent (node_modules/@angular/core/fesm2022/testing.mjs:1601:17)
	    at queueTypesFromModulesArrayRecur (node_modules/@angular/core/fesm2022/testing.mjs:1325:26)
	    at TestBedCompiler.queueTypesFromModulesArray (node_modules/@angular/core/fesm2022/testing.mjs:1348:9)
	    at TestBedCompiler.configureTestingModule (node_modules/@angular/core/fesm2022/testing.mjs:856:18)
	    at TestBedImpl.configureTestingModule (node_modules/@angular/core/fesm2022/testing.mjs:1993:23)
	    at TestBedImpl.configureTestingModule (node_modules/@angular/core/fesm2022/testing.mjs:1805:37)
[1A[2K[31mChrome Headless 144.0.0.0 (Windows 10) PurchaseBasketComponent should log error while getting Products from backend API directly to browser console FAILED[39m
	Failed: Errors during JIT compilation of template for PurchaseBasketComponent: Unexpected closing tag "mat-table". It may happen when the tag has already been closed by another tag. For more info see https://www.w3.org/TR/html5/syntax.html#closing-elements-that-have-implied-end-tags ("
	      </span>
	    }
	  [ERROR ->]</mat-table>
	
	  @if (totalPrice) {
	"): ng:///PurchaseBasketComponent/template.html@100:2, Unexpected closing tag "mat-table". It may happen when the tag has already been closed by another tag. For more info see https://www.w3.org/TR/html5/syntax.html#closing-elements-that-have-implied-end-tags ("
	  </span>
	  }
	[ERROR ->]</mat-table>
	
	@if (totalPrice) {
	"): ng:///PurchaseBasketComponent/template.html@115:0
	    at parseJitTemplate (node_modules/@angular/compiler/fesm2022/compiler.mjs:32326:15)
	    at CompilerFacadeImpl.compileComponent (node_modules/@angular/compiler/fesm2022/compiler.mjs:32000:52)
	    at PurchaseBasketComponent.╔╡cmp (node_modules/@angular/core/fesm2022/debug_node.mjs:30245:47)
	    at getComponentDef (node_modules/@angular/core/fesm2022/testing.mjs:1605:18)
	    at isStandaloneComponent (node_modules/@angular/core/fesm2022/testing.mjs:1601:17)
	    at queueTypesFromModulesArrayRecur (node_modules/@angular/core/fesm2022/testing.mjs:1325:26)
	    at TestBedCompiler.queueTypesFromModulesArray (node_modules/@angular/core/fesm2022/testing.mjs:1348:9)
	    at TestBedCompiler.configureTestingModule (node_modules/@angular/core/fesm2022/testing.mjs:856:18)
	    at TestBedImpl.configureTestingModule (node_modules/@angular/core/fesm2022/testing.mjs:1993:23)
	    at TestBedImpl.configureTestingModule (node_modules/@angular/core/fesm2022/testing.mjs:1805:37)
Chrome Headless 144.0.0.0 (Windows 10): Executed 331 of 767[31m (107 FAILED)[39m (skipped 2) (0 secs / 6.028 secs)
Chrome Headless 144.0.0.0 (Windows 10) PurchaseBasketComponent should log error while getting Products from backend API directly to browser console FAILED
	Failed: Errors during JIT compilation of template for PurchaseBasketComponent: Unexpected closing tag "mat-table". It may happen when the tag has already been closed by another tag. For more info see https://www.w3.org/TR/html5/syntax.html#closing-elements-that-have-implied-end-tags ("
	      </span>
	    }
	  [ERROR ->]</mat-table>
	
	  @if (totalPrice) {
	"): ng:///PurchaseBasketComponent/template.html@100:2, Unexpected closing tag "mat-table". It may happen when the tag has already been closed by another tag. For more info see https://www.w3.org/TR/html5/syntax.html#closing-elements-that-have-implied-end-tags ("
	  </span>
	  }
	[ERROR ->]</mat-table>
	
	@if (totalPrice) {
	"): ng:///PurchaseBasketComponent/template.html@115:0
	    at parseJitTemplate (node_modules/@angular/compiler/fesm2022/compiler.mjs:32326:15)
	    at CompilerFacadeImpl.compileComponent (node_modules/@angular/compiler/fesm2022/compiler.mjs:32000:52)
	    at PurchaseBasketComponent.╔╡cmp (node_modules/@angular/core/fesm2022/debug_node.mjs:30245:47)
	    at getComponentDef (node_modules/@angular/core/fesm2022/testing.mjs:1605:18)
	    at isStandaloneComponent (node_modules/@angular/core/fesm2022/testing.mjs:1601:17)
	    at queueTypesFromModulesArrayRecur (node_modules/@angular/core/fesm2022/testing.mjs:1325:26)
	    at TestBedCompiler.queueTypesFromModulesArray (node_modules/@angular/core/fesm2022/testing.mjs:1348:9)
	    at TestBedCompiler.configureTestingModule (node_modules/@angular/core/fesm2022/testing.mjs:856:18)
	    at TestBedImpl.configureTestingModule (node_modules/@angular/core/fesm2022/testing.mjs:1993:23)
	    at TestBedImpl.configureTestingModule (node_modules/@angular/core/fesm2022/testing.mjs:1805:37)
[1A[2K[31mChrome Headless 144.0.0.0 (Windows 10) PurchaseBasketComponent should not decrease quantity on error retrieving basket item and log the error FAILED[39m
	Failed: Errors during JIT compilation of template for PurchaseBasketComponent: Unexpected closing tag "mat-table". It may happen when the tag has already been closed by another tag. For more info see https://www.w3.org/TR/html5/syntax.html#closing-elements-that-have-implied-end-tags ("
	      </span>
	    }
	  [ERROR ->]</mat-table>
	
	  @if (totalPrice) {
	"): ng:///PurchaseBasketComponent/template.html@100:2, Unexpected closing tag "mat-table". It may happen when the tag has already been closed by another tag. For more info see https://www.w3.org/TR/html5/syntax.html#closing-elements-that-have-implied-end-tags ("
	  </span>
	  }
	[ERROR ->]</mat-table>
	
	@if (totalPrice) {
	"): ng:///PurchaseBasketComponent/template.html@115:0
	    at parseJitTemplate (node_modules/@angular/compiler/fesm2022/compiler.mjs:32326:15)
	    at CompilerFacadeImpl.compileComponent (node_modules/@angular/compiler/fesm2022/compiler.mjs:32000:52)
	    at PurchaseBasketComponent.╔╡cmp (node_modules/@angular/core/fesm2022/debug_node.mjs:30245:47)
	    at getComponentDef (node_modules/@angular/core/fesm2022/testing.mjs:1605:18)
	    at isStandaloneComponent (node_modules/@angular/core/fesm2022/testing.mjs:1601:17)
	    at queueTypesFromModulesArrayRecur (node_modules/@angular/core/fesm2022/testing.mjs:1325:26)
	    at TestBedCompiler.queueTypesFromModulesArray (node_modules/@angular/core/fesm2022/testing.mjs:1348:9)
	    at TestBedCompiler.configureTestingModule (node_modules/@angular/core/fesm2022/testing.mjs:856:18)
	    at TestBedImpl.configureTestingModule (node_modules/@angular/core/fesm2022/testing.mjs:1993:23)
	    at TestBedImpl.configureTestingModule (node_modules/@angular/core/fesm2022/testing.mjs:1805:37)
Chrome Headless 144.0.0.0 (Windows 10): Executed 332 of 767[31m (108 FAILED)[39m (skipped 2) (0 secs / 6.031 secs)
Chrome Headless 144.0.0.0 (Windows 10) PurchaseBasketComponent should not decrease quantity on error retrieving basket item and log the error FAILED
	Failed: Errors during JIT compilation of template for PurchaseBasketComponent: Unexpected closing tag "mat-table". It may happen when the tag has already been closed by another tag. For more info see https://www.w3.org/TR/html5/syntax.html#closing-elements-that-have-implied-end-tags ("
	      </span>
	    }
	  [ERROR ->]</mat-table>
	
	  @if (totalPrice) {
	"): ng:///PurchaseBasketComponent/template.html@100:2, Unexpected closing tag "mat-table". It may happen when the tag has already been closed by another tag. For more info see https://www.w3.org/TR/html5/syntax.html#closing-elements-that-have-implied-end-tags ("
	  </span>
	  }
	[ERROR ->]</mat-table>
	
	@if (totalPrice) {
	"): ng:///PurchaseBasketComponent/template.html@115:0
	    at parseJitTemplate (node_modules/@angular/compiler/fesm2022/compiler.mjs:32326:15)
	    at CompilerFacadeImpl.compileComponent (node_modules/@angular/compiler/fesm2022/compiler.mjs:32000:52)
	    at PurchaseBasketComponent.╔╡cmp (node_modules/@angular/core/fesm2022/debug_node.mjs:30245:47)
	    at getComponentDef (node_modules/@angular/core/fesm2022/testing.mjs:1605:18)
	    at isStandaloneComponent (node_modules/@angular/core/fesm2022/testing.mjs:1601:17)
	    at queueTypesFromModulesArrayRecur (node_modules/@angular/core/fesm2022/testing.mjs:1325:26)
	    at TestBedCompiler.queueTypesFromModulesArray (node_modules/@angular/core/fesm2022/testing.mjs:1348:9)
	    at TestBedCompiler.configureTestingModule (node_modules/@angular/core/fesm2022/testing.mjs:856:18)
	    at TestBedImpl.configureTestingModule (node_modules/@angular/core/fesm2022/testing.mjs:1993:23)
	    at TestBedImpl.configureTestingModule (node_modules/@angular/core/fesm2022/testing.mjs:1805:37)
[1A[2K[31mChrome Headless 144.0.0.0 (Windows 10) PurchaseBasketComponent should not decrease quantity on error updating basket item and log the error FAILED[39m
	Failed: Errors during JIT compilation of template for PurchaseBasketComponent: Unexpected closing tag "mat-table". It may happen when the tag has already been closed by another tag. For more info see https://www.w3.org/TR/html5/syntax.html#closing-elements-that-have-implied-end-tags ("
	      </span>
	    }
	  [ERROR ->]</mat-table>
	
	  @if (totalPrice) {
	"): ng:///PurchaseBasketComponent/template.html@100:2, Unexpected closing tag "mat-table". It may happen when the tag has already been closed by another tag. For more info see https://www.w3.org/TR/html5/syntax.html#closing-elements-that-have-implied-end-tags ("
	  </span>
	  }
	[ERROR ->]</mat-table>
	
	@if (totalPrice) {
	"): ng:///PurchaseBasketComponent/template.html@115:0
	    at parseJitTemplate (node_modules/@angular/compiler/fesm2022/compiler.mjs:32326:15)
	    at CompilerFacadeImpl.compileComponent (node_modules/@angular/compiler/fesm2022/compiler.mjs:32000:52)
	    at PurchaseBasketComponent.╔╡cmp (node_modules/@angular/core/fesm2022/debug_node.mjs:30245:47)
	    at getComponentDef (node_modules/@angular/core/fesm2022/testing.mjs:1605:18)
	    at isStandaloneComponent (node_modules/@angular/core/fesm2022/testing.mjs:1601:17)
	    at queueTypesFromModulesArrayRecur (node_modules/@angular/core/fesm2022/testing.mjs:1325:26)
	    at TestBedCompiler.queueTypesFromModulesArray (node_modules/@angular/core/fesm2022/testing.mjs:1348:9)
	    at TestBedCompiler.configureTestingModule (node_modules/@angular/core/fesm2022/testing.mjs:856:18)
	    at TestBedImpl.configureTestingModule (node_modules/@angular/core/fesm2022/testing.mjs:1993:23)
	    at TestBedImpl.configureTestingModule (node_modules/@angular/core/fesm2022/testing.mjs:1805:37)
Chrome Headless 144.0.0.0 (Windows 10): Executed 333 of 767[31m (109 FAILED)[39m (skipped 2) (0 secs / 6.034 secs)
Chrome Headless 144.0.0.0 (Windows 10) PurchaseBasketComponent should not decrease quantity on error updating basket item and log the error FAILED
	Failed: Errors during JIT compilation of template for PurchaseBasketComponent: Unexpected closing tag "mat-table". It may happen when the tag has already been closed by another tag. For more info see https://www.w3.org/TR/html5/syntax.html#closing-elements-that-have-implied-end-tags ("
	      </span>
	    }
	  [ERROR ->]</mat-table>
	
	  @if (totalPrice) {
	"): ng:///PurchaseBasketComponent/template.html@100:2, Unexpected closing tag "mat-table". It may happen when the tag has already been closed by another tag. For more info see https://www.w3.org/TR/html5/syntax.html#closing-elements-that-have-implied-end-tags ("
	  </span>
	  }
	[ERROR ->]</mat-table>
	
	@if (totalPrice) {
	"): ng:///PurchaseBasketComponent/template.html@115:0
	    at parseJitTemplate (node_modules/@angular/compiler/fesm2022/compiler.mjs:32326:15)
	    at CompilerFacadeImpl.compileComponent (node_modules/@angular/compiler/fesm2022/compiler.mjs:32000:52)
	    at PurchaseBasketComponent.╔╡cmp (node_modules/@angular/core/fesm2022/debug_node.mjs:30245:47)
	    at getComponentDef (node_modules/@angular/core/fesm2022/testing.mjs:1605:18)
	    at isStandaloneComponent (node_modules/@angular/core/fesm2022/testing.mjs:1601:17)
	    at queueTypesFromModulesArrayRecur (node_modules/@angular/core/fesm2022/testing.mjs:1325:26)
	    at TestBedCompiler.queueTypesFromModulesArray (node_modules/@angular/core/fesm2022/testing.mjs:1348:9)
	    at TestBedCompiler.configureTestingModule (node_modules/@angular/core/fesm2022/testing.mjs:856:18)
	    at TestBedImpl.configureTestingModule (node_modules/@angular/core/fesm2022/testing.mjs:1993:23)
	    at TestBedImpl.configureTestingModule (node_modules/@angular/core/fesm2022/testing.mjs:1805:37)
[1A[2K[31mChrome Headless 144.0.0.0 (Windows 10) PurchaseBasketComponent should load user email when being created FAILED[39m
	Failed: Errors during JIT compilation of template for PurchaseBasketComponent: Unexpected closing tag "mat-table". It may happen when the tag has already been closed by another tag. For more info see https://www.w3.org/TR/html5/syntax.html#closing-elements-that-have-implied-end-tags ("
	      </span>
	    }
	  [ERROR ->]</mat-table>
	
	  @if (totalPrice) {
	"): ng:///PurchaseBasketComponent/template.html@100:2, Unexpected closing tag "mat-table". It may happen when the tag has already been closed by another tag. For more info see https://www.w3.org/TR/html5/syntax.html#closing-elements-that-have-implied-end-tags ("
	  </span>
	  }
	[ERROR ->]</mat-table>
	
	@if (totalPrice) {
	"): ng:///PurchaseBasketComponent/template.html@115:0
	    at parseJitTemplate (node_modules/@angular/compiler/fesm2022/compiler.mjs:32326:15)
	    at CompilerFacadeImpl.compileComponent (node_modules/@angular/compiler/fesm2022/compiler.mjs:32000:52)
	    at PurchaseBasketComponent.╔╡cmp (node_modules/@angular/core/fesm2022/debug_node.mjs:30245:47)
	    at getComponentDef (node_modules/@angular/core/fesm2022/testing.mjs:1605:18)
	    at isStandaloneComponent (node_modules/@angular/core/fesm2022/testing.mjs:1601:17)
	    at queueTypesFromModulesArrayRecur (node_modules/@angular/core/fesm2022/testing.mjs:1325:26)
	    at TestBedCompiler.queueTypesFromModulesArray (node_modules/@angular/core/fesm2022/testing.mjs:1348:9)
	    at TestBedCompiler.configureTestingModule (node_modules/@angular/core/fesm2022/testing.mjs:856:18)
	    at TestBedImpl.configureTestingModule (node_modules/@angular/core/fesm2022/testing.mjs:1993:23)
	    at TestBedImpl.configureTestingModule (node_modules/@angular/core/fesm2022/testing.mjs:1805:37)
Chrome Headless 144.0.0.0 (Windows 10): Executed 334 of 767[31m (110 FAILED)[39m (skipped 2) (0 secs / 6.04 secs)
Chrome Headless 144.0.0.0 (Windows 10) PurchaseBasketComponent should load user email when being created FAILED
	Failed: Errors during JIT compilation of template for PurchaseBasketComponent: Unexpected closing tag "mat-table". It may happen when the tag has already been closed by another tag. For more info see https://www.w3.org/TR/html5/syntax.html#closing-elements-that-have-implied-end-tags ("
	      </span>
	    }
	  [ERROR ->]</mat-table>
	
	  @if (totalPrice) {
	"): ng:///PurchaseBasketComponent/template.html@100:2, Unexpected closing tag "mat-table". It may happen when the tag has already been closed by another tag. For more info see https://www.w3.org/TR/html5/syntax.html#closing-elements-that-have-implied-end-tags ("
	  </span>
	  }
	[ERROR ->]</mat-table>
	
	@if (totalPrice) {
	"): ng:///PurchaseBasketComponent/template.html@115:0
	    at parseJitTemplate (node_modules/@angular/compiler/fesm2022/compiler.mjs:32326:15)
	    at CompilerFacadeImpl.compileComponent (node_modules/@angular/compiler/fesm2022/compiler.mjs:32000:52)
	    at PurchaseBasketComponent.╔╡cmp (node_modules/@angular/core/fesm2022/debug_node.mjs:30245:47)
	    at getComponentDef (node_modules/@angular/core/fesm2022/testing.mjs:1605:18)
	    at isStandaloneComponent (node_modules/@angular/core/fesm2022/testing.mjs:1601:17)
	    at queueTypesFromModulesArrayRecur (node_modules/@angular/core/fesm2022/testing.mjs:1325:26)
	    at TestBedCompiler.queueTypesFromModulesArray (node_modules/@angular/core/fesm2022/testing.mjs:1348:9)
	    at TestBedCompiler.configureTestingModule (node_modules/@angular/core/fesm2022/testing.mjs:856:18)
	    at TestBedImpl.configureTestingModule (node_modules/@angular/core/fesm2022/testing.mjs:1993:23)
	    at TestBedImpl.configureTestingModule (node_modules/@angular/core/fesm2022/testing.mjs:1805:37)
[1A[2K[31mChrome Headless 144.0.0.0 (Windows 10) PurchaseBasketComponent should pass delete request for basket item via BasketService FAILED[39m
	Failed: Errors during JIT compilation of template for PurchaseBasketComponent: Unexpected closing tag "mat-table". It may happen when the tag has already been closed by another tag. For more info see https://www.w3.org/TR/html5/syntax.html#closing-elements-that-have-implied-end-tags ("
	      </span>
	    }
	  [ERROR ->]</mat-table>
	
	  @if (totalPrice) {
	"): ng:///PurchaseBasketComponent/template.html@100:2, Unexpected closing tag "mat-table". It may happen when the tag has already been closed by another tag. For more info see https://www.w3.org/TR/html5/syntax.html#closing-elements-that-have-implied-end-tags ("
	  </span>
	  }
	[ERROR ->]</mat-table>
	
	@if (totalPrice) {
	"): ng:///PurchaseBasketComponent/template.html@115:0
	    at parseJitTemplate (node_modules/@angular/compiler/fesm2022/compiler.mjs:32326:15)
	    at CompilerFacadeImpl.compileComponent (node_modules/@angular/compiler/fesm2022/compiler.mjs:32000:52)
	    at PurchaseBasketComponent.╔╡cmp (node_modules/@angular/core/fesm2022/debug_node.mjs:30245:47)
	    at getComponentDef (node_modules/@angular/core/fesm2022/testing.mjs:1605:18)
	    at isStandaloneComponent (node_modules/@angular/core/fesm2022/testing.mjs:1601:17)
	    at queueTypesFromModulesArrayRecur (node_modules/@angular/core/fesm2022/testing.mjs:1325:26)
	    at TestBedCompiler.queueTypesFromModulesArray (node_modules/@angular/core/fesm2022/testing.mjs:1348:9)
	    at TestBedCompiler.configureTestingModule (node_modules/@angular/core/fesm2022/testing.mjs:856:18)
	    at TestBedImpl.configureTestingModule (node_modules/@angular/core/fesm2022/testing.mjs:1993:23)
	    at TestBedImpl.configureTestingModule (node_modules/@angular/core/fesm2022/testing.mjs:1805:37)
Chrome Headless 144.0.0.0 (Windows 10): Executed 335 of 767[31m (111 FAILED)[39m (skipped 2) (0 secs / 6.043 secs)
Chrome Headless 144.0.0.0 (Windows 10) PurchaseBasketComponent should pass delete request for basket item via BasketService FAILED
	Failed: Errors during JIT compilation of template for PurchaseBasketComponent: Unexpected closing tag "mat-table". It may happen when the tag has already been closed by another tag. For more info see https://www.w3.org/TR/html5/syntax.html#closing-elements-that-have-implied-end-tags ("
	      </span>
	    }
	  [ERROR ->]</mat-table>
	
	  @if (totalPrice) {
	"): ng:///PurchaseBasketComponent/template.html@100:2, Unexpected closing tag "mat-table". It may happen when the tag has already been closed by another tag. For more info see https://www.w3.org/TR/html5/syntax.html#closing-elements-that-have-implied-end-tags ("
	  </span>
	  }
	[ERROR ->]</mat-table>
	
	@if (totalPrice) {
	"): ng:///PurchaseBasketComponent/template.html@115:0
	    at parseJitTemplate (node_modules/@angular/compiler/fesm2022/compiler.mjs:32326:15)
	    at CompilerFacadeImpl.compileComponent (node_modules/@angular/compiler/fesm2022/compiler.mjs:32000:52)
	    at PurchaseBasketComponent.╔╡cmp (node_modules/@angular/core/fesm2022/debug_node.mjs:30245:47)
	    at getComponentDef (node_modules/@angular/core/fesm2022/testing.mjs:1605:18)
	    at isStandaloneComponent (node_modules/@angular/core/fesm2022/testing.mjs:1601:17)
	    at queueTypesFromModulesArrayRecur (node_modules/@angular/core/fesm2022/testing.mjs:1325:26)
	    at TestBedCompiler.queueTypesFromModulesArray (node_modules/@angular/core/fesm2022/testing.mjs:1348:9)
	    at TestBedCompiler.configureTestingModule (node_modules/@angular/core/fesm2022/testing.mjs:856:18)
	    at TestBedImpl.configureTestingModule (node_modules/@angular/core/fesm2022/testing.mjs:1993:23)
	    at TestBedImpl.configureTestingModule (node_modules/@angular/core/fesm2022/testing.mjs:1805:37)
[1A[2K[31mChrome Headless 144.0.0.0 (Windows 10) PurchaseBasketComponent should update basket item with decreased quantity after removing an item FAILED[39m
	Failed: Errors during JIT compilation of template for PurchaseBasketComponent: Unexpected closing tag "mat-table". It may happen when the tag has already been closed by another tag. For more info see https://www.w3.org/TR/html5/syntax.html#closing-elements-that-have-implied-end-tags ("
	      </span>
	    }
	  [ERROR ->]</mat-table>
	
	  @if (totalPrice) {
	"): ng:///PurchaseBasketComponent/template.html@100:2, Unexpected closing tag "mat-table". It may happen when the tag has already been closed by another tag. For more info see https://www.w3.org/TR/html5/syntax.html#closing-elements-that-have-implied-end-tags ("
	  </span>
	  }
	[ERROR ->]</mat-table>
	
	@if (totalPrice) {
	"): ng:///PurchaseBasketComponent/template.html@115:0
	    at parseJitTemplate (node_modules/@angular/compiler/fesm2022/compiler.mjs:32326:15)
	    at CompilerFacadeImpl.compileComponent (node_modules/@angular/compiler/fesm2022/compiler.mjs:32000:52)
	    at PurchaseBasketComponent.╔╡cmp (node_modules/@angular/core/fesm2022/debug_node.mjs:30245:47)
	    at getComponentDef (node_modules/@angular/core/fesm2022/testing.mjs:1605:18)
	    at isStandaloneComponent (node_modules/@angular/core/fesm2022/testing.mjs:1601:17)
	    at queueTypesFromModulesArrayRecur (node_modules/@angular/core/fesm2022/testing.mjs:1325:26)
	    at TestBedCompiler.queueTypesFromModulesArray (node_modules/@angular/core/fesm2022/testing.mjs:1348:9)
	    at TestBedCompiler.configureTestingModule (node_modules/@angular/core/fesm2022/testing.mjs:856:18)
	    at TestBedImpl.configureTestingModule (node_modules/@angular/core/fesm2022/testing.mjs:1993:23)
	    at TestBedImpl.configureTestingModule (node_modules/@angular/core/fesm2022/testing.mjs:1805:37)
Chrome Headless 144.0.0.0 (Windows 10): Executed 336 of 767[31m (112 FAILED)[39m (skipped 2) (0 secs / 6.046 secs)
Chrome Headless 144.0.0.0 (Windows 10) PurchaseBasketComponent should update basket item with decreased quantity after removing an item FAILED
	Failed: Errors during JIT compilation of template for PurchaseBasketComponent: Unexpected closing tag "mat-table". It may happen when the tag has already been closed by another tag. For more info see https://www.w3.org/TR/html5/syntax.html#closing-elements-that-have-implied-end-tags ("
	      </span>
	    }
	  [ERROR ->]</mat-table>
	
	  @if (totalPrice) {
	"): ng:///PurchaseBasketComponent/template.html@100:2, Unexpected closing tag "mat-table". It may happen when the tag has already been closed by another tag. For more info see https://www.w3.org/TR/html5/syntax.html#closing-elements-that-have-implied-end-tags ("
	  </span>
	  }
	[ERROR ->]</mat-table>
	
	@if (totalPrice) {
	"): ng:///PurchaseBasketComponent/template.html@115:0
	    at parseJitTemplate (node_modules/@angular/compiler/fesm2022/compiler.mjs:32326:15)
	    at CompilerFacadeImpl.compileComponent (node_modules/@angular/compiler/fesm2022/compiler.mjs:32000:52)
	    at PurchaseBasketComponent.╔╡cmp (node_modules/@angular/core/fesm2022/debug_node.mjs:30245:47)
	    at getComponentDef (node_modules/@angular/core/fesm2022/testing.mjs:1605:18)
	    at isStandaloneComponent (node_modules/@angular/core/fesm2022/testing.mjs:1601:17)
	    at queueTypesFromModulesArrayRecur (node_modules/@angular/core/fesm2022/testing.mjs:1325:26)
	    at TestBedCompiler.queueTypesFromModulesArray (node_modules/@angular/core/fesm2022/testing.mjs:1348:9)
	    at TestBedCompiler.configureTestingModule (node_modules/@angular/core/fesm2022/testing.mjs:856:18)
	    at TestBedImpl.configureTestingModule (node_modules/@angular/core/fesm2022/testing.mjs:1993:23)
	    at TestBedImpl.configureTestingModule (node_modules/@angular/core/fesm2022/testing.mjs:1805:37)
[1A[2K[31mChrome Headless 144.0.0.0 (Windows 10) PurchaseBasketComponent should load again after decreasing product quantity FAILED[39m
	Failed: Errors during JIT compilation of template for PurchaseBasketComponent: Unexpected closing tag "mat-table". It may happen when the tag has already been closed by another tag. For more info see https://www.w3.org/TR/html5/syntax.html#closing-elements-that-have-implied-end-tags ("
	      </span>
	    }
	  [ERROR ->]</mat-table>
	
	  @if (totalPrice) {
	"): ng:///PurchaseBasketComponent/template.html@100:2, Unexpected closing tag "mat-table". It may happen when the tag has already been closed by another tag. For more info see https://www.w3.org/TR/html5/syntax.html#closing-elements-that-have-implied-end-tags ("
	  </span>
	  }
	[ERROR ->]</mat-table>
	
	@if (totalPrice) {
	"): ng:///PurchaseBasketComponent/template.html@115:0
	    at parseJitTemplate (node_modules/@angular/compiler/fesm2022/compiler.mjs:32326:15)
	    at CompilerFacadeImpl.compileComponent (node_modules/@angular/compiler/fesm2022/compiler.mjs:32000:52)
	    at PurchaseBasketComponent.╔╡cmp (node_modules/@angular/core/fesm2022/debug_node.mjs:30245:47)
	    at getComponentDef (node_modules/@angular/core/fesm2022/testing.mjs:1605:18)
	    at isStandaloneComponent (node_modules/@angular/core/fesm2022/testing.mjs:1601:17)
	    at queueTypesFromModulesArrayRecur (node_modules/@angular/core/fesm2022/testing.mjs:1325:26)
	    at TestBedCompiler.queueTypesFromModulesArray (node_modules/@angular/core/fesm2022/testing.mjs:1348:9)
	    at TestBedCompiler.configureTestingModule (node_modules/@angular/core/fesm2022/testing.mjs:856:18)
	    at TestBedImpl.configureTestingModule (node_modules/@angular/core/fesm2022/testing.mjs:1993:23)
	    at TestBedImpl.configureTestingModule (node_modules/@angular/core/fesm2022/testing.mjs:1805:37)
Chrome Headless 144.0.0.0 (Windows 10): Executed 337 of 767[31m (113 FAILED)[39m (skipped 2) (0 secs / 6.048 secs)
Chrome Headless 144.0.0.0 (Windows 10) PurchaseBasketComponent should load again after decreasing product quantity FAILED
	Failed: Errors during JIT compilation of template for PurchaseBasketComponent: Unexpected closing tag "mat-table". It may happen when the tag has already been closed by another tag. For more info see https://www.w3.org/TR/html5/syntax.html#closing-elements-that-have-implied-end-tags ("
	      </span>
	    }
	  [ERROR ->]</mat-table>
	
	  @if (totalPrice) {
	"): ng:///PurchaseBasketComponent/template.html@100:2, Unexpected closing tag "mat-table". It may happen when the tag has already been closed by another tag. For more info see https://www.w3.org/TR/html5/syntax.html#closing-elements-that-have-implied-end-tags ("
	  </span>
	  }
	[ERROR ->]</mat-table>
	
	@if (totalPrice) {
	"): ng:///PurchaseBasketComponent/template.html@115:0
	    at parseJitTemplate (node_modules/@angular/compiler/fesm2022/compiler.mjs:32326:15)
	    at CompilerFacadeImpl.compileComponent (node_modules/@angular/compiler/fesm2022/compiler.mjs:32000:52)
	    at PurchaseBasketComponent.╔╡cmp (node_modules/@angular/core/fesm2022/debug_node.mjs:30245:47)
	    at getComponentDef (node_modules/@angular/core/fesm2022/testing.mjs:1605:18)
	    at isStandaloneComponent (node_modules/@angular/core/fesm2022/testing.mjs:1601:17)
	    at queueTypesFromModulesArrayRecur (node_modules/@angular/core/fesm2022/testing.mjs:1325:26)
	    at TestBedCompiler.queueTypesFromModulesArray (node_modules/@angular/core/fesm2022/testing.mjs:1348:9)
	    at TestBedCompiler.configureTestingModule (node_modules/@angular/core/fesm2022/testing.mjs:856:18)
	    at TestBedImpl.configureTestingModule (node_modules/@angular/core/fesm2022/testing.mjs:1993:23)
	    at TestBedImpl.configureTestingModule (node_modules/@angular/core/fesm2022/testing.mjs:1805:37)
[1A[2K[31mChrome Headless 144.0.0.0 (Windows 10) PurchaseBasketComponent should load again after deleting a basket item FAILED[39m
	Failed: Errors during JIT compilation of template for PurchaseBasketComponent: Unexpected closing tag "mat-table". It may happen when the tag has already been closed by another tag. For more info see https://www.w3.org/TR/html5/syntax.html#closing-elements-that-have-implied-end-tags ("
	      </span>
	    }
	  [ERROR ->]</mat-table>
	
	  @if (totalPrice) {
	"): ng:///PurchaseBasketComponent/template.html@100:2, Unexpected closing tag "mat-table". It may happen when the tag has already been closed by another tag. For more info see https://www.w3.org/TR/html5/syntax.html#closing-elements-that-have-implied-end-tags ("
	  </span>
	  }
	[ERROR ->]</mat-table>
	
	@if (totalPrice) {
	"): ng:///PurchaseBasketComponent/template.html@115:0
	    at parseJitTemplate (node_modules/@angular/compiler/fesm2022/compiler.mjs:32326:15)
	    at CompilerFacadeImpl.compileComponent (node_modules/@angular/compiler/fesm2022/compiler.mjs:32000:52)
	    at PurchaseBasketComponent.╔╡cmp (node_modules/@angular/core/fesm2022/debug_node.mjs:30245:47)
	    at getComponentDef (node_modules/@angular/core/fesm2022/testing.mjs:1605:18)
	    at isStandaloneComponent (node_modules/@angular/core/fesm2022/testing.mjs:1601:17)
	    at queueTypesFromModulesArrayRecur (node_modules/@angular/core/fesm2022/testing.mjs:1325:26)
	    at TestBedCompiler.queueTypesFromModulesArray (node_modules/@angular/core/fesm2022/testing.mjs:1348:9)
	    at TestBedCompiler.configureTestingModule (node_modules/@angular/core/fesm2022/testing.mjs:856:18)
	    at TestBedImpl.configureTestingModule (node_modules/@angular/core/fesm2022/testing.mjs:1993:23)
	    at TestBedImpl.configureTestingModule (node_modules/@angular/core/fesm2022/testing.mjs:1805:37)
Chrome Headless 144.0.0.0 (Windows 10): Executed 338 of 767[31m (114 FAILED)[39m (skipped 2) (0 secs / 6.054 secs)
Chrome Headless 144.0.0.0 (Windows 10) PurchaseBasketComponent should load again after deleting a basket item FAILED
	Failed: Errors during JIT compilation of template for PurchaseBasketComponent: Unexpected closing tag "mat-table". It may happen when the tag has already been closed by another tag. For more info see https://www.w3.org/TR/html5/syntax.html#closing-elements-that-have-implied-end-tags ("
	      </span>
	    }
	  [ERROR ->]</mat-table>
	
	  @if (totalPrice) {
	"): ng:///PurchaseBasketComponent/template.html@100:2, Unexpected closing tag "mat-table". It may happen when the tag has already been closed by another tag. For more info see https://www.w3.org/TR/html5/syntax.html#closing-elements-that-have-implied-end-tags ("
	  </span>
	  }
	[ERROR ->]</mat-table>
	
	@if (totalPrice) {
	"): ng:///PurchaseBasketComponent/template.html@115:0
	    at parseJitTemplate (node_modules/@angular/compiler/fesm2022/compiler.mjs:32326:15)
	    at CompilerFacadeImpl.compileComponent (node_modules/@angular/compiler/fesm2022/compiler.mjs:32000:52)
	    at PurchaseBasketComponent.╔╡cmp (node_modules/@angular/core/fesm2022/debug_node.mjs:30245:47)
	    at getComponentDef (node_modules/@angular/core/fesm2022/testing.mjs:1605:18)
	    at isStandaloneComponent (node_modules/@angular/core/fesm2022/testing.mjs:1601:17)
	    at queueTypesFromModulesArrayRecur (node_modules/@angular/core/fesm2022/testing.mjs:1325:26)
	    at TestBedCompiler.queueTypesFromModulesArray (node_modules/@angular/core/fesm2022/testing.mjs:1348:9)
	    at TestBedCompiler.configureTestingModule (node_modules/@angular/core/fesm2022/testing.mjs:856:18)
	    at TestBedImpl.configureTestingModule (node_modules/@angular/core/fesm2022/testing.mjs:1993:23)
	    at TestBedImpl.configureTestingModule (node_modules/@angular/core/fesm2022/testing.mjs:1805:37)
[1A[2K[31mChrome Headless 144.0.0.0 (Windows 10) PurchaseBasketComponent should reset quantity to 1 when increasing for quantity tampered to be negative FAILED[39m
	Failed: Errors during JIT compilation of template for PurchaseBasketComponent: Unexpected closing tag "mat-table". It may happen when the tag has already been closed by another tag. For more info see https://www.w3.org/TR/html5/syntax.html#closing-elements-that-have-implied-end-tags ("
	      </span>
	    }
	  [ERROR ->]</mat-table>
	
	  @if (totalPrice) {
	"): ng:///PurchaseBasketComponent/template.html@100:2, Unexpected closing tag "mat-table". It may happen when the tag has already been closed by another tag. For more info see https://www.w3.org/TR/html5/syntax.html#closing-elements-that-have-implied-end-tags ("
	  </span>
	  }
	[ERROR ->]</mat-table>
	
	@if (totalPrice) {
	"): ng:///PurchaseBasketComponent/template.html@115:0
	    at parseJitTemplate (node_modules/@angular/compiler/fesm2022/compiler.mjs:32326:15)
	    at CompilerFacadeImpl.compileComponent (node_modules/@angular/compiler/fesm2022/compiler.mjs:32000:52)
	    at PurchaseBasketComponent.╔╡cmp (node_modules/@angular/core/fesm2022/debug_node.mjs:30245:47)
	    at getComponentDef (node_modules/@angular/core/fesm2022/testing.mjs:1605:18)
	    at isStandaloneComponent (node_modules/@angular/core/fesm2022/testing.mjs:1601:17)
	    at queueTypesFromModulesArrayRecur (node_modules/@angular/core/fesm2022/testing.mjs:1325:26)
	    at TestBedCompiler.queueTypesFromModulesArray (node_modules/@angular/core/fesm2022/testing.mjs:1348:9)
	    at TestBedCompiler.configureTestingModule (node_modules/@angular/core/fesm2022/testing.mjs:856:18)
	    at TestBedImpl.configureTestingModule (node_modules/@angular/core/fesm2022/testing.mjs:1993:23)
	    at TestBedImpl.configureTestingModule (node_modules/@angular/core/fesm2022/testing.mjs:1805:37)
Chrome Headless 144.0.0.0 (Windows 10): Executed 339 of 767[31m (115 FAILED)[39m (skipped 2) (0 secs / 6.056 secs)
Chrome Headless 144.0.0.0 (Windows 10) PurchaseBasketComponent should reset quantity to 1 when increasing for quantity tampered to be negative FAILED
	Failed: Errors during JIT compilation of template for PurchaseBasketComponent: Unexpected closing tag "mat-table". It may happen when the tag has already been closed by another tag. For more info see https://www.w3.org/TR/html5/syntax.html#closing-elements-that-have-implied-end-tags ("
	      </span>
	    }
	  [ERROR ->]</mat-table>
	
	  @if (totalPrice) {
	"): ng:///PurchaseBasketComponent/template.html@100:2, Unexpected closing tag "mat-table". It may happen when the tag has already been closed by another tag. For more info see https://www.w3.org/TR/html5/syntax.html#closing-elements-that-have-implied-end-tags ("
	  </span>
	  }
	[ERROR ->]</mat-table>
	
	@if (totalPrice) {
	"): ng:///PurchaseBasketComponent/template.html@115:0
	    at parseJitTemplate (node_modules/@angular/compiler/fesm2022/compiler.mjs:32326:15)
	    at CompilerFacadeImpl.compileComponent (node_modules/@angular/compiler/fesm2022/compiler.mjs:32000:52)
	    at PurchaseBasketComponent.╔╡cmp (node_modules/@angular/core/fesm2022/debug_node.mjs:30245:47)
	    at getComponentDef (node_modules/@angular/core/fesm2022/testing.mjs:1605:18)
	    at isStandaloneComponent (node_modules/@angular/core/fesm2022/testing.mjs:1601:17)
	    at queueTypesFromModulesArrayRecur (node_modules/@angular/core/fesm2022/testing.mjs:1325:26)
	    at TestBedCompiler.queueTypesFromModulesArray (node_modules/@angular/core/fesm2022/testing.mjs:1348:9)
	    at TestBedCompiler.configureTestingModule (node_modules/@angular/core/fesm2022/testing.mjs:856:18)
	    at TestBedImpl.configureTestingModule (node_modules/@angular/core/fesm2022/testing.mjs:1993:23)
	    at TestBedImpl.configureTestingModule (node_modules/@angular/core/fesm2022/testing.mjs:1805:37)
[1A[2K[31mChrome Headless 144.0.0.0 (Windows 10) PurchaseBasketComponent should always keep one item of any product in the basket when reducing quantity via UI FAILED[39m
	Failed: Errors during JIT compilation of template for PurchaseBasketComponent: Unexpected closing tag "mat-table". It may happen when the tag has already been closed by another tag. For more info see https://www.w3.org/TR/html5/syntax.html#closing-elements-that-have-implied-end-tags ("
	      </span>
	    }
	  [ERROR ->]</mat-table>
	
	  @if (totalPrice) {
	"): ng:///PurchaseBasketComponent/template.html@100:2, Unexpected closing tag "mat-table". It may happen when the tag has already been closed by another tag. For more info see https://www.w3.org/TR/html5/syntax.html#closing-elements-that-have-implied-end-tags ("
	  </span>
	  }
	[ERROR ->]</mat-table>
	
	@if (totalPrice) {
	"): ng:///PurchaseBasketComponent/template.html@115:0
	    at parseJitTemplate (node_modules/@angular/compiler/fesm2022/compiler.mjs:32326:15)
	    at CompilerFacadeImpl.compileComponent (node_modules/@angular/compiler/fesm2022/compiler.mjs:32000:52)
	    at PurchaseBasketComponent.╔╡cmp (node_modules/@angular/core/fesm2022/debug_node.mjs:30245:47)
	    at getComponentDef (node_modules/@angular/core/fesm2022/testing.mjs:1605:18)
	    at isStandaloneComponent (node_modules/@angular/core/fesm2022/testing.mjs:1601:17)
	    at queueTypesFromModulesArrayRecur (node_modules/@angular/core/fesm2022/testing.mjs:1325:26)
	    at TestBedCompiler.queueTypesFromModulesArray (node_modules/@angular/core/fesm2022/testing.mjs:1348:9)
	    at TestBedCompiler.configureTestingModule (node_modules/@angular/core/fesm2022/testing.mjs:856:18)
	    at TestBedImpl.configureTestingModule (node_modules/@angular/core/fesm2022/testing.mjs:1993:23)
	    at TestBedImpl.configureTestingModule (node_modules/@angular/core/fesm2022/testing.mjs:1805:37)
Chrome Headless 144.0.0.0 (Windows 10): Executed 340 of 767[31m (116 FAILED)[39m (skipped 2) (0 secs / 6.058 secs)
Chrome Headless 144.0.0.0 (Windows 10) PurchaseBasketComponent should always keep one item of any product in the basket when reducing quantity via UI FAILED
	Failed: Errors during JIT compilation of template for PurchaseBasketComponent: Unexpected closing tag "mat-table". It may happen when the tag has already been closed by another tag. For more info see https://www.w3.org/TR/html5/syntax.html#closing-elements-that-have-implied-end-tags ("
	      </span>
	    }
	  [ERROR ->]</mat-table>
	
	  @if (totalPrice) {
	"): ng:///PurchaseBasketComponent/template.html@100:2, Unexpected closing tag "mat-table". It may happen when the tag has already been closed by another tag. For more info see https://www.w3.org/TR/html5/syntax.html#closing-elements-that-have-implied-end-tags ("
	  </span>
	  }
	[ERROR ->]</mat-table>
	
	@if (totalPrice) {
	"): ng:///PurchaseBasketComponent/template.html@115:0
	    at parseJitTemplate (node_modules/@angular/compiler/fesm2022/compiler.mjs:32326:15)
	    at CompilerFacadeImpl.compileComponent (node_modules/@angular/compiler/fesm2022/compiler.mjs:32000:52)
	    at PurchaseBasketComponent.╔╡cmp (node_modules/@angular/core/fesm2022/debug_node.mjs:30245:47)
	    at getComponentDef (node_modules/@angular/core/fesm2022/testing.mjs:1605:18)
	    at isStandaloneComponent (node_modules/@angular/core/fesm2022/testing.mjs:1601:17)
	    at queueTypesFromModulesArrayRecur (node_modules/@angular/core/fesm2022/testing.mjs:1325:26)
	    at TestBedCompiler.queueTypesFromModulesArray (node_modules/@angular/core/fesm2022/testing.mjs:1348:9)
	    at TestBedCompiler.configureTestingModule (node_modules/@angular/core/fesm2022/testing.mjs:856:18)
	    at TestBedImpl.configureTestingModule (node_modules/@angular/core/fesm2022/testing.mjs:1993:23)
	    at TestBedImpl.configureTestingModule (node_modules/@angular/core/fesm2022/testing.mjs:1805:37)
[1A[2K[31mChrome Headless 144.0.0.0 (Windows 10) PurchaseBasketComponent should log error while deleting basket item directly to browser console FAILED[39m
	Failed: Errors during JIT compilation of template for PurchaseBasketComponent: Unexpected closing tag "mat-table". It may happen when the tag has already been closed by another tag. For more info see https://www.w3.org/TR/html5/syntax.html#closing-elements-that-have-implied-end-tags ("
	      </span>
	    }
	  [ERROR ->]</mat-table>
	
	  @if (totalPrice) {
	"): ng:///PurchaseBasketComponent/template.html@100:2, Unexpected closing tag "mat-table". It may happen when the tag has already been closed by another tag. For more info see https://www.w3.org/TR/html5/syntax.html#closing-elements-that-have-implied-end-tags ("
	  </span>
	  }
	[ERROR ->]</mat-table>
	
	@if (totalPrice) {
	"): ng:///PurchaseBasketComponent/template.html@115:0
	    at parseJitTemplate (node_modules/@angular/compiler/fesm2022/compiler.mjs:32326:15)
	    at CompilerFacadeImpl.compileComponent (node_modules/@angular/compiler/fesm2022/compiler.mjs:32000:52)
	    at PurchaseBasketComponent.╔╡cmp (node_modules/@angular/core/fesm2022/debug_node.mjs:30245:47)
	    at getComponentDef (node_modules/@angular/core/fesm2022/testing.mjs:1605:18)
	    at isStandaloneComponent (node_modules/@angular/core/fesm2022/testing.mjs:1601:17)
	    at queueTypesFromModulesArrayRecur (node_modules/@angular/core/fesm2022/testing.mjs:1325:26)
	    at TestBedCompiler.queueTypesFromModulesArray (node_modules/@angular/core/fesm2022/testing.mjs:1348:9)
	    at TestBedCompiler.configureTestingModule (node_modules/@angular/core/fesm2022/testing.mjs:856:18)
	    at TestBedImpl.configureTestingModule (node_modules/@angular/core/fesm2022/testing.mjs:1993:23)
	    at TestBedImpl.configureTestingModule (node_modules/@angular/core/fesm2022/testing.mjs:1805:37)
Chrome Headless 144.0.0.0 (Windows 10): Executed 341 of 767[31m (117 FAILED)[39m (skipped 2) (0 secs / 6.06 secs)
Chrome Headless 144.0.0.0 (Windows 10) PurchaseBasketComponent should log error while deleting basket item directly to browser console FAILED
	Failed: Errors during JIT compilation of template for PurchaseBasketComponent: Unexpected closing tag "mat-table". It may happen when the tag has already been closed by another tag. For more info see https://www.w3.org/TR/html5/syntax.html#closing-elements-that-have-implied-end-tags ("
	      </span>
	    }
	  [ERROR ->]</mat-table>
	
	  @if (totalPrice) {
	"): ng:///PurchaseBasketComponent/template.html@100:2, Unexpected closing tag "mat-table". It may happen when the tag has already been closed by another tag. For more info see https://www.w3.org/TR/html5/syntax.html#closing-elements-that-have-implied-end-tags ("
	  </span>
	  }
	[ERROR ->]</mat-table>
	
	@if (totalPrice) {
	"): ng:///PurchaseBasketComponent/template.html@115:0
	    at parseJitTemplate (node_modules/@angular/compiler/fesm2022/compiler.mjs:32326:15)
	    at CompilerFacadeImpl.compileComponent (node_modules/@angular/compiler/fesm2022/compiler.mjs:32000:52)
	    at PurchaseBasketComponent.╔╡cmp (node_modules/@angular/core/fesm2022/debug_node.mjs:30245:47)
	    at getComponentDef (node_modules/@angular/core/fesm2022/testing.mjs:1605:18)
	    at isStandaloneComponent (node_modules/@angular/core/fesm2022/testing.mjs:1601:17)
	    at queueTypesFromModulesArrayRecur (node_modules/@angular/core/fesm2022/testing.mjs:1325:26)
	    at TestBedCompiler.queueTypesFromModulesArray (node_modules/@angular/core/fesm2022/testing.mjs:1348:9)
	    at TestBedCompiler.configureTestingModule (node_modules/@angular/core/fesm2022/testing.mjs:856:18)
	    at TestBedImpl.configureTestingModule (node_modules/@angular/core/fesm2022/testing.mjs:1993:23)
	    at TestBedImpl.configureTestingModule (node_modules/@angular/core/fesm2022/testing.mjs:1805:37)
[1A[2K[31mChrome Headless 144.0.0.0 (Windows 10) PurchaseBasketComponent should hold products returned by backend API FAILED[39m
	Failed: Errors during JIT compilation of template for PurchaseBasketComponent: Unexpected closing tag "mat-table". It may happen when the tag has already been closed by another tag. For more info see https://www.w3.org/TR/html5/syntax.html#closing-elements-that-have-implied-end-tags ("
	      </span>
	    }
	  [ERROR ->]</mat-table>
	
	  @if (totalPrice) {
	"): ng:///PurchaseBasketComponent/template.html@100:2, Unexpected closing tag "mat-table". It may happen when the tag has already been closed by another tag. For more info see https://www.w3.org/TR/html5/syntax.html#closing-elements-that-have-implied-end-tags ("
	  </span>
	  }
	[ERROR ->]</mat-table>
	
	@if (totalPrice) {
	"): ng:///PurchaseBasketComponent/template.html@115:0
	    at parseJitTemplate (node_modules/@angular/compiler/fesm2022/compiler.mjs:32326:15)
	    at CompilerFacadeImpl.compileComponent (node_modules/@angular/compiler/fesm2022/compiler.mjs:32000:52)
	    at PurchaseBasketComponent.╔╡cmp (node_modules/@angular/core/fesm2022/debug_node.mjs:30245:47)
	    at getComponentDef (node_modules/@angular/core/fesm2022/testing.mjs:1605:18)
	    at isStandaloneComponent (node_modules/@angular/core/fesm2022/testing.mjs:1601:17)
	    at queueTypesFromModulesArrayRecur (node_modules/@angular/core/fesm2022/testing.mjs:1325:26)
	    at TestBedCompiler.queueTypesFromModulesArray (node_modules/@angular/core/fesm2022/testing.mjs:1348:9)
	    at TestBedCompiler.configureTestingModule (node_modules/@angular/core/fesm2022/testing.mjs:856:18)
	    at TestBedImpl.configureTestingModule (node_modules/@angular/core/fesm2022/testing.mjs:1993:23)
	    at TestBedImpl.configureTestingModule (node_modules/@angular/core/fesm2022/testing.mjs:1805:37)
Chrome Headless 144.0.0.0 (Windows 10): Executed 342 of 767[31m (118 FAILED)[39m (skipped 2) (0 secs / 6.062 secs)
Chrome Headless 144.0.0.0 (Windows 10) PurchaseBasketComponent should hold products returned by backend API FAILED
	Failed: Errors during JIT compilation of template for PurchaseBasketComponent: Unexpected closing tag "mat-table". It may happen when the tag has already been closed by another tag. For more info see https://www.w3.org/TR/html5/syntax.html#closing-elements-that-have-implied-end-tags ("
	      </span>
	    }
	  [ERROR ->]</mat-table>
	
	  @if (totalPrice) {
	"): ng:///PurchaseBasketComponent/template.html@100:2, Unexpected closing tag "mat-table". It may happen when the tag has already been closed by another tag. For more info see https://www.w3.org/TR/html5/syntax.html#closing-elements-that-have-implied-end-tags ("
	  </span>
	  }
	[ERROR ->]</mat-table>
	
	@if (totalPrice) {
	"): ng:///PurchaseBasketComponent/template.html@115:0
	    at parseJitTemplate (node_modules/@angular/compiler/fesm2022/compiler.mjs:32326:15)
	    at CompilerFacadeImpl.compileComponent (node_modules/@angular/compiler/fesm2022/compiler.mjs:32000:52)
	    at PurchaseBasketComponent.╔╡cmp (node_modules/@angular/core/fesm2022/debug_node.mjs:30245:47)
	    at getComponentDef (node_modules/@angular/core/fesm2022/testing.mjs:1605:18)
	    at isStandaloneComponent (node_modules/@angular/core/fesm2022/testing.mjs:1601:17)
	    at queueTypesFromModulesArrayRecur (node_modules/@angular/core/fesm2022/testing.mjs:1325:26)
	    at TestBedCompiler.queueTypesFromModulesArray (node_modules/@angular/core/fesm2022/testing.mjs:1348:9)
	    at TestBedCompiler.configureTestingModule (node_modules/@angular/core/fesm2022/testing.mjs:856:18)
	    at TestBedImpl.configureTestingModule (node_modules/@angular/core/fesm2022/testing.mjs:1993:23)
	    at TestBedImpl.configureTestingModule (node_modules/@angular/core/fesm2022/testing.mjs:1805:37)
[1A[2K[31mChrome Headless 144.0.0.0 (Windows 10) PurchaseBasketComponent should not increase quantity on error updating basket item and log the error FAILED[39m
	Failed: Errors during JIT compilation of template for PurchaseBasketComponent: Unexpected closing tag "mat-table". It may happen when the tag has already been closed by another tag. For more info see https://www.w3.org/TR/html5/syntax.html#closing-elements-that-have-implied-end-tags ("
	      </span>
	    }
	  [ERROR ->]</mat-table>
	
	  @if (totalPrice) {
	"): ng:///PurchaseBasketComponent/template.html@100:2, Unexpected closing tag "mat-table". It may happen when the tag has already been closed by another tag. For more info see https://www.w3.org/TR/html5/syntax.html#closing-elements-that-have-implied-end-tags ("
	  </span>
	  }
	[ERROR ->]</mat-table>
	
	@if (totalPrice) {
	"): ng:///PurchaseBasketComponent/template.html@115:0
	    at parseJitTemplate (node_modules/@angular/compiler/fesm2022/compiler.mjs:32326:15)
	    at CompilerFacadeImpl.compileComponent (node_modules/@angular/compiler/fesm2022/compiler.mjs:32000:52)
	    at PurchaseBasketComponent.╔╡cmp (node_modules/@angular/core/fesm2022/debug_node.mjs:30245:47)
	    at getComponentDef (node_modules/@angular/core/fesm2022/testing.mjs:1605:18)
	    at isStandaloneComponent (node_modules/@angular/core/fesm2022/testing.mjs:1601:17)
	    at queueTypesFromModulesArrayRecur (node_modules/@angular/core/fesm2022/testing.mjs:1325:26)
	    at TestBedCompiler.queueTypesFromModulesArray (node_modules/@angular/core/fesm2022/testing.mjs:1348:9)
	    at TestBedCompiler.configureTestingModule (node_modules/@angular/core/fesm2022/testing.mjs:856:18)
	    at TestBedImpl.configureTestingModule (node_modules/@angular/core/fesm2022/testing.mjs:1993:23)
	    at TestBedImpl.configureTestingModule (node_modules/@angular/core/fesm2022/testing.mjs:1805:37)
Chrome Headless 144.0.0.0 (Windows 10): Executed 343 of 767[31m (119 FAILED)[39m (skipped 2) (0 secs / 6.067 secs)
Chrome Headless 144.0.0.0 (Windows 10) PurchaseBasketComponent should not increase quantity on error updating basket item and log the error FAILED
	Failed: Errors during JIT compilation of template for PurchaseBasketComponent: Unexpected closing tag "mat-table". It may happen when the tag has already been closed by another tag. For more info see https://www.w3.org/TR/html5/syntax.html#closing-elements-that-have-implied-end-tags ("
	      </span>
	    }
	  [ERROR ->]</mat-table>
	
	  @if (totalPrice) {
	"): ng:///PurchaseBasketComponent/template.html@100:2, Unexpected closing tag "mat-table". It may happen when the tag has already been closed by another tag. For more info see https://www.w3.org/TR/html5/syntax.html#closing-elements-that-have-implied-end-tags ("
	  </span>
	  }
	[ERROR ->]</mat-table>
	
	@if (totalPrice) {
	"): ng:///PurchaseBasketComponent/template.html@115:0
	    at parseJitTemplate (node_modules/@angular/compiler/fesm2022/compiler.mjs:32326:15)
	    at CompilerFacadeImpl.compileComponent (node_modules/@angular/compiler/fesm2022/compiler.mjs:32000:52)
	    at PurchaseBasketComponent.╔╡cmp (node_modules/@angular/core/fesm2022/debug_node.mjs:30245:47)
	    at getComponentDef (node_modules/@angular/core/fesm2022/testing.mjs:1605:18)
	    at isStandaloneComponent (node_modules/@angular/core/fesm2022/testing.mjs:1601:17)
	    at queueTypesFromModulesArrayRecur (node_modules/@angular/core/fesm2022/testing.mjs:1325:26)
	    at TestBedCompiler.queueTypesFromModulesArray (node_modules/@angular/core/fesm2022/testing.mjs:1348:9)
	    at TestBedCompiler.configureTestingModule (node_modules/@angular/core/fesm2022/testing.mjs:856:18)
	    at TestBedImpl.configureTestingModule (node_modules/@angular/core/fesm2022/testing.mjs:1993:23)
	    at TestBedImpl.configureTestingModule (node_modules/@angular/core/fesm2022/testing.mjs:1805:37)
[1A[2K[31mChrome Headless 144.0.0.0 (Windows 10) PurchaseBasketComponent should have price equal to deluxePrice for deluxe users FAILED[39m
	Failed: Errors during JIT compilation of template for PurchaseBasketComponent: Unexpected closing tag "mat-table". It may happen when the tag has already been closed by another tag. For more info see https://www.w3.org/TR/html5/syntax.html#closing-elements-that-have-implied-end-tags ("
	      </span>
	    }
	  [ERROR ->]</mat-table>
	
	  @if (totalPrice) {
	"): ng:///PurchaseBasketComponent/template.html@100:2, Unexpected closing tag "mat-table". It may happen when the tag has already been closed by another tag. For more info see https://www.w3.org/TR/html5/syntax.html#closing-elements-that-have-implied-end-tags ("
	  </span>
	  }
	[ERROR ->]</mat-table>
	
	@if (totalPrice) {
	"): ng:///PurchaseBasketComponent/template.html@115:0
	    at parseJitTemplate (node_modules/@angular/compiler/fesm2022/compiler.mjs:32326:15)
	    at CompilerFacadeImpl.compileComponent (node_modules/@angular/compiler/fesm2022/compiler.mjs:32000:52)
	    at PurchaseBasketComponent.╔╡cmp (node_modules/@angular/core/fesm2022/debug_node.mjs:30245:47)
	    at getComponentDef (node_modules/@angular/core/fesm2022/testing.mjs:1605:18)
	    at isStandaloneComponent (node_modules/@angular/core/fesm2022/testing.mjs:1601:17)
	    at queueTypesFromModulesArrayRecur (node_modules/@angular/core/fesm2022/testing.mjs:1325:26)
	    at TestBedCompiler.queueTypesFromModulesArray (node_modules/@angular/core/fesm2022/testing.mjs:1348:9)
	    at TestBedCompiler.configureTestingModule (node_modules/@angular/core/fesm2022/testing.mjs:856:18)
	    at TestBedImpl.configureTestingModule (node_modules/@angular/core/fesm2022/testing.mjs:1993:23)
	    at TestBedImpl.configureTestingModule (node_modules/@angular/core/fesm2022/testing.mjs:1805:37)
Chrome Headless 144.0.0.0 (Windows 10): Executed 344 of 767[31m (120 FAILED)[39m (skipped 2) (0 secs / 6.07 secs)
Chrome Headless 144.0.0.0 (Windows 10) PurchaseBasketComponent should have price equal to deluxePrice for deluxe users FAILED
	Failed: Errors during JIT compilation of template for PurchaseBasketComponent: Unexpected closing tag "mat-table". It may happen when the tag has already been closed by another tag. For more info see https://www.w3.org/TR/html5/syntax.html#closing-elements-that-have-implied-end-tags ("
	      </span>
	    }
	  [ERROR ->]</mat-table>
	
	  @if (totalPrice) {
	"): ng:///PurchaseBasketComponent/template.html@100:2, Unexpected closing tag "mat-table". It may happen when the tag has already been closed by another tag. For more info see https://www.w3.org/TR/html5/syntax.html#closing-elements-that-have-implied-end-tags ("
	  </span>
	  }
	[ERROR ->]</mat-table>
	
	@if (totalPrice) {
	"): ng:///PurchaseBasketComponent/template.html@115:0
	    at parseJitTemplate (node_modules/@angular/compiler/fesm2022/compiler.mjs:32326:15)
	    at CompilerFacadeImpl.compileComponent (node_modules/@angular/compiler/fesm2022/compiler.mjs:32000:52)
	    at PurchaseBasketComponent.╔╡cmp (node_modules/@angular/core/fesm2022/debug_node.mjs:30245:47)
	    at getComponentDef (node_modules/@angular/core/fesm2022/testing.mjs:1605:18)
	    at isStandaloneComponent (node_modules/@angular/core/fesm2022/testing.mjs:1601:17)
	    at queueTypesFromModulesArrayRecur (node_modules/@angular/core/fesm2022/testing.mjs:1325:26)
	    at TestBedCompiler.queueTypesFromModulesArray (node_modules/@angular/core/fesm2022/testing.mjs:1348:9)
	    at TestBedCompiler.configureTestingModule (node_modules/@angular/core/fesm2022/testing.mjs:856:18)
	    at TestBedImpl.configureTestingModule (node_modules/@angular/core/fesm2022/testing.mjs:1993:23)
	    at TestBedImpl.configureTestingModule (node_modules/@angular/core/fesm2022/testing.mjs:1805:37)
[1A[2K[31mChrome Headless 144.0.0.0 (Windows 10) PurchaseBasketComponent should load again after increasing product quantity FAILED[39m
	Failed: Errors during JIT compilation of template for PurchaseBasketComponent: Unexpected closing tag "mat-table". It may happen when the tag has already been closed by another tag. For more info see https://www.w3.org/TR/html5/syntax.html#closing-elements-that-have-implied-end-tags ("
	      </span>
	    }
	  [ERROR ->]</mat-table>
	
	  @if (totalPrice) {
	"): ng:///PurchaseBasketComponent/template.html@100:2, Unexpected closing tag "mat-table". It may happen when the tag has already been closed by another tag. For more info see https://www.w3.org/TR/html5/syntax.html#closing-elements-that-have-implied-end-tags ("
	  </span>
	  }
	[ERROR ->]</mat-table>
	
	@if (totalPrice) {
	"): ng:///PurchaseBasketComponent/template.html@115:0
	    at parseJitTemplate (node_modules/@angular/compiler/fesm2022/compiler.mjs:32326:15)
	    at CompilerFacadeImpl.compileComponent (node_modules/@angular/compiler/fesm2022/compiler.mjs:32000:52)
	    at PurchaseBasketComponent.╔╡cmp (node_modules/@angular/core/fesm2022/debug_node.mjs:30245:47)
	    at getComponentDef (node_modules/@angular/core/fesm2022/testing.mjs:1605:18)
	    at isStandaloneComponent (node_modules/@angular/core/fesm2022/testing.mjs:1601:17)
	    at queueTypesFromModulesArrayRecur (node_modules/@angular/core/fesm2022/testing.mjs:1325:26)
	    at TestBedCompiler.queueTypesFromModulesArray (node_modules/@angular/core/fesm2022/testing.mjs:1348:9)
	    at TestBedCompiler.configureTestingModule (node_modules/@angular/core/fesm2022/testing.mjs:856:18)
	    at TestBedImpl.configureTestingModule (node_modules/@angular/core/fesm2022/testing.mjs:1993:23)
	    at TestBedImpl.configureTestingModule (node_modules/@angular/core/fesm2022/testing.mjs:1805:37)
Chrome Headless 144.0.0.0 (Windows 10): Executed 345 of 767[31m (121 FAILED)[39m (skipped 2) (0 secs / 6.072 secs)
Chrome Headless 144.0.0.0 (Windows 10) PurchaseBasketComponent should load again after increasing product quantity FAILED
	Failed: Errors during JIT compilation of template for PurchaseBasketComponent: Unexpected closing tag "mat-table". It may happen when the tag has already been closed by another tag. For more info see https://www.w3.org/TR/html5/syntax.html#closing-elements-that-have-implied-end-tags ("
	      </span>
	    }
	  [ERROR ->]</mat-table>
	
	  @if (totalPrice) {
	"): ng:///PurchaseBasketComponent/template.html@100:2, Unexpected closing tag "mat-table". It may happen when the tag has already been closed by another tag. For more info see https://www.w3.org/TR/html5/syntax.html#closing-elements-that-have-implied-end-tags ("
	  </span>
	  }
	[ERROR ->]</mat-table>
	
	@if (totalPrice) {
	"): ng:///PurchaseBasketComponent/template.html@115:0
	    at parseJitTemplate (node_modules/@angular/compiler/fesm2022/compiler.mjs:32326:15)
	    at CompilerFacadeImpl.compileComponent (node_modules/@angular/compiler/fesm2022/compiler.mjs:32000:52)
	    at PurchaseBasketComponent.╔╡cmp (node_modules/@angular/core/fesm2022/debug_node.mjs:30245:47)
	    at getComponentDef (node_modules/@angular/core/fesm2022/testing.mjs:1605:18)
	    at isStandaloneComponent (node_modules/@angular/core/fesm2022/testing.mjs:1601:17)
	    at queueTypesFromModulesArrayRecur (node_modules/@angular/core/fesm2022/testing.mjs:1325:26)
	    at TestBedCompiler.queueTypesFromModulesArray (node_modules/@angular/core/fesm2022/testing.mjs:1348:9)
	    at TestBedCompiler.configureTestingModule (node_modules/@angular/core/fesm2022/testing.mjs:856:18)
	    at TestBedImpl.configureTestingModule (node_modules/@angular/core/fesm2022/testing.mjs:1993:23)
	    at TestBedImpl.configureTestingModule (node_modules/@angular/core/fesm2022/testing.mjs:1805:37)
[1A[2K[31mChrome Headless 144.0.0.0 (Windows 10) PurchaseBasketComponent should update basket item with increased quantity after adding another item of same type FAILED[39m
	Failed: Errors during JIT compilation of template for PurchaseBasketComponent: Unexpected closing tag "mat-table". It may happen when the tag has already been closed by another tag. For more info see https://www.w3.org/TR/html5/syntax.html#closing-elements-that-have-implied-end-tags ("
	      </span>
	    }
	  [ERROR ->]</mat-table>
	
	  @if (totalPrice) {
	"): ng:///PurchaseBasketComponent/template.html@100:2, Unexpected closing tag "mat-table". It may happen when the tag has already been closed by another tag. For more info see https://www.w3.org/TR/html5/syntax.html#closing-elements-that-have-implied-end-tags ("
	  </span>
	  }
	[ERROR ->]</mat-table>
	
	@if (totalPrice) {
	"): ng:///PurchaseBasketComponent/template.html@115:0
	    at parseJitTemplate (node_modules/@angular/compiler/fesm2022/compiler.mjs:32326:15)
	    at CompilerFacadeImpl.compileComponent (node_modules/@angular/compiler/fesm2022/compiler.mjs:32000:52)
	    at PurchaseBasketComponent.╔╡cmp (node_modules/@angular/core/fesm2022/debug_node.mjs:30245:47)
	    at getComponentDef (node_modules/@angular/core/fesm2022/testing.mjs:1605:18)
	    at isStandaloneComponent (node_modules/@angular/core/fesm2022/testing.mjs:1601:17)
	    at queueTypesFromModulesArrayRecur (node_modules/@angular/core/fesm2022/testing.mjs:1325:26)
	    at TestBedCompiler.queueTypesFromModulesArray (node_modules/@angular/core/fesm2022/testing.mjs:1348:9)
	    at TestBedCompiler.configureTestingModule (node_modules/@angular/core/fesm2022/testing.mjs:856:18)
	    at TestBedImpl.configureTestingModule (node_modules/@angular/core/fesm2022/testing.mjs:1993:23)
	    at TestBedImpl.configureTestingModule (node_modules/@angular/core/fesm2022/testing.mjs:1805:37)
Chrome Headless 144.0.0.0 (Windows 10): Executed 346 of 767[31m (122 FAILED)[39m (skipped 2) (0 secs / 6.084 secs)
Chrome Headless 144.0.0.0 (Windows 10) PurchaseBasketComponent should update basket item with increased quantity after adding another item of same type FAILED
	Failed: Errors during JIT compilation of template for PurchaseBasketComponent: Unexpected closing tag "mat-table". It may happen when the tag has already been closed by another tag. For more info see https://www.w3.org/TR/html5/syntax.html#closing-elements-that-have-implied-end-tags ("
	      </span>
	    }
	  [ERROR ->]</mat-table>
	
	  @if (totalPrice) {
	"): ng:///PurchaseBasketComponent/template.html@100:2, Unexpected closing tag "mat-table". It may happen when the tag has already been closed by another tag. For more info see https://www.w3.org/TR/html5/syntax.html#closing-elements-that-have-implied-end-tags ("
	  </span>
	  }
	[ERROR ->]</mat-table>
	
	@if (totalPrice) {
	"): ng:///PurchaseBasketComponent/template.html@115:0
	    at parseJitTemplate (node_modules/@angular/compiler/fesm2022/compiler.mjs:32326:15)
	    at CompilerFacadeImpl.compileComponent (node_modules/@angular/compiler/fesm2022/compiler.mjs:32000:52)
	    at PurchaseBasketComponent.╔╡cmp (node_modules/@angular/core/fesm2022/debug_node.mjs:30245:47)
	    at getComponentDef (node_modules/@angular/core/fesm2022/testing.mjs:1605:18)
	    at isStandaloneComponent (node_modules/@angular/core/fesm2022/testing.mjs:1601:17)
	    at queueTypesFromModulesArrayRecur (node_modules/@angular/core/fesm2022/testing.mjs:1325:26)
	    at TestBedCompiler.queueTypesFromModulesArray (node_modules/@angular/core/fesm2022/testing.mjs:1348:9)
	    at TestBedCompiler.configureTestingModule (node_modules/@angular/core/fesm2022/testing.mjs:856:18)
	    at TestBedImpl.configureTestingModule (node_modules/@angular/core/fesm2022/testing.mjs:1993:23)
	    at TestBedImpl.configureTestingModule (node_modules/@angular/core/fesm2022/testing.mjs:1805:37)
[1A[2K[31mChrome Headless 144.0.0.0 (Windows 10) PurchaseBasketComponent should have price different from deluxePrice for non-deluxe users FAILED[39m
	Failed: Errors during JIT compilation of template for PurchaseBasketComponent: Unexpected closing tag "mat-table". It may happen when the tag has already been closed by another tag. For more info see https://www.w3.org/TR/html5/syntax.html#closing-elements-that-have-implied-end-tags ("
	      </span>
	    }
	  [ERROR ->]</mat-table>
	
	  @if (totalPrice) {
	"): ng:///PurchaseBasketComponent/template.html@100:2, Unexpected closing tag "mat-table". It may happen when the tag has already been closed by another tag. For more info see https://www.w3.org/TR/html5/syntax.html#closing-elements-that-have-implied-end-tags ("
	  </span>
	  }
	[ERROR ->]</mat-table>
	
	@if (totalPrice) {
	"): ng:///PurchaseBasketComponent/template.html@115:0
	    at parseJitTemplate (node_modules/@angular/compiler/fesm2022/compiler.mjs:32326:15)
	    at CompilerFacadeImpl.compileComponent (node_modules/@angular/compiler/fesm2022/compiler.mjs:32000:52)
	    at PurchaseBasketComponent.╔╡cmp (node_modules/@angular/core/fesm2022/debug_node.mjs:30245:47)
	    at getComponentDef (node_modules/@angular/core/fesm2022/testing.mjs:1605:18)
	    at isStandaloneComponent (node_modules/@angular/core/fesm2022/testing.mjs:1601:17)
	    at queueTypesFromModulesArrayRecur (node_modules/@angular/core/fesm2022/testing.mjs:1325:26)
	    at TestBedCompiler.queueTypesFromModulesArray (node_modules/@angular/core/fesm2022/testing.mjs:1348:9)
	    at TestBedCompiler.configureTestingModule (node_modules/@angular/core/fesm2022/testing.mjs:856:18)
	    at TestBedImpl.configureTestingModule (node_modules/@angular/core/fesm2022/testing.mjs:1993:23)
	    at TestBedImpl.configureTestingModule (node_modules/@angular/core/fesm2022/testing.mjs:1805:37)
Chrome Headless 144.0.0.0 (Windows 10): Executed 347 of 767[31m (123 FAILED)[39m (skipped 2) (0 secs / 6.087 secs)
Chrome Headless 144.0.0.0 (Windows 10) PurchaseBasketComponent should have price different from deluxePrice for non-deluxe users FAILED
	Failed: Errors during JIT compilation of template for PurchaseBasketComponent: Unexpected closing tag "mat-table". It may happen when the tag has already been closed by another tag. For more info see https://www.w3.org/TR/html5/syntax.html#closing-elements-that-have-implied-end-tags ("
	      </span>
	    }
	  [ERROR ->]</mat-table>
	
	  @if (totalPrice) {
	"): ng:///PurchaseBasketComponent/template.html@100:2, Unexpected closing tag "mat-table". It may happen when the tag has already been closed by another tag. For more info see https://www.w3.org/TR/html5/syntax.html#closing-elements-that-have-implied-end-tags ("
	  </span>
	  }
	[ERROR ->]</mat-table>
	
	@if (totalPrice) {
	"): ng:///PurchaseBasketComponent/template.html@115:0
	    at parseJitTemplate (node_modules/@angular/compiler/fesm2022/compiler.mjs:32326:15)
	    at CompilerFacadeImpl.compileComponent (node_modules/@angular/compiler/fesm2022/compiler.mjs:32000:52)
	    at PurchaseBasketComponent.╔╡cmp (node_modules/@angular/core/fesm2022/debug_node.mjs:30245:47)
	    at getComponentDef (node_modules/@angular/core/fesm2022/testing.mjs:1605:18)
	    at isStandaloneComponent (node_modules/@angular/core/fesm2022/testing.mjs:1601:17)
	    at queueTypesFromModulesArrayRecur (node_modules/@angular/core/fesm2022/testing.mjs:1325:26)
	    at TestBedCompiler.queueTypesFromModulesArray (node_modules/@angular/core/fesm2022/testing.mjs:1348:9)
	    at TestBedCompiler.configureTestingModule (node_modules/@angular/core/fesm2022/testing.mjs:856:18)
	    at TestBedImpl.configureTestingModule (node_modules/@angular/core/fesm2022/testing.mjs:1993:23)
	    at TestBedImpl.configureTestingModule (node_modules/@angular/core/fesm2022/testing.mjs:1805:37)
[1A[2K[31mChrome Headless 144.0.0.0 (Windows 10) PurchaseBasketComponent should not increase quantity on error retrieving basket item and log the error FAILED[39m
	Failed: Errors during JIT compilation of template for PurchaseBasketComponent: Unexpected closing tag "mat-table". It may happen when the tag has already been closed by another tag. For more info see https://www.w3.org/TR/html5/syntax.html#closing-elements-that-have-implied-end-tags ("
	      </span>
	    }
	  [ERROR ->]</mat-table>
	
	  @if (totalPrice) {
	"): ng:///PurchaseBasketComponent/template.html@100:2, Unexpected closing tag "mat-table". It may happen when the tag has already been closed by another tag. For more info see https://www.w3.org/TR/html5/syntax.html#closing-elements-that-have-implied-end-tags ("
	  </span>
	  }
	[ERROR ->]</mat-table>
	
	@if (totalPrice) {
	"): ng:///PurchaseBasketComponent/template.html@115:0
	    at parseJitTemplate (node_modules/@angular/compiler/fesm2022/compiler.mjs:32326:15)
	    at CompilerFacadeImpl.compileComponent (node_modules/@angular/compiler/fesm2022/compiler.mjs:32000:52)
	    at PurchaseBasketComponent.╔╡cmp (node_modules/@angular/core/fesm2022/debug_node.mjs:30245:47)
	    at getComponentDef (node_modules/@angular/core/fesm2022/testing.mjs:1605:18)
	    at isStandaloneComponent (node_modules/@angular/core/fesm2022/testing.mjs:1601:17)
	    at queueTypesFromModulesArrayRecur (node_modules/@angular/core/fesm2022/testing.mjs:1325:26)
	    at TestBedCompiler.queueTypesFromModulesArray (node_modules/@angular/core/fesm2022/testing.mjs:1348:9)
	    at TestBedCompiler.configureTestingModule (node_modules/@angular/core/fesm2022/testing.mjs:856:18)
	    at TestBedImpl.configureTestingModule (node_modules/@angular/core/fesm2022/testing.mjs:1993:23)
	    at TestBedImpl.configureTestingModule (node_modules/@angular/core/fesm2022/testing.mjs:1805:37)
Chrome Headless 144.0.0.0 (Windows 10): Executed 348 of 767[31m (124 FAILED)[39m (skipped 2) (0 secs / 6.089 secs)
Chrome Headless 144.0.0.0 (Windows 10) PurchaseBasketComponent should not increase quantity on error retrieving basket item and log the error FAILED
	Failed: Errors during JIT compilation of template for PurchaseBasketComponent: Unexpected closing tag "mat-table". It may happen when the tag has already been closed by another tag. For more info see https://www.w3.org/TR/html5/syntax.html#closing-elements-that-have-implied-end-tags ("
	      </span>
	    }
	  [ERROR ->]</mat-table>
	
	  @if (totalPrice) {
	"): ng:///PurchaseBasketComponent/template.html@100:2, Unexpected closing tag "mat-table". It may happen when the tag has already been closed by another tag. For more info see https://www.w3.org/TR/html5/syntax.html#closing-elements-that-have-implied-end-tags ("
	  </span>
	  }
	[ERROR ->]</mat-table>
	
	@if (totalPrice) {
	"): ng:///PurchaseBasketComponent/template.html@115:0
	    at parseJitTemplate (node_modules/@angular/compiler/fesm2022/compiler.mjs:32326:15)
	    at CompilerFacadeImpl.compileComponent (node_modules/@angular/compiler/fesm2022/compiler.mjs:32000:52)
	    at PurchaseBasketComponent.╔╡cmp (node_modules/@angular/core/fesm2022/debug_node.mjs:30245:47)
	    at getComponentDef (node_modules/@angular/core/fesm2022/testing.mjs:1605:18)
	    at isStandaloneComponent (node_modules/@angular/core/fesm2022/testing.mjs:1601:17)
	    at queueTypesFromModulesArrayRecur (node_modules/@angular/core/fesm2022/testing.mjs:1325:26)
	    at TestBedCompiler.queueTypesFromModulesArray (node_modules/@angular/core/fesm2022/testing.mjs:1348:9)
	    at TestBedCompiler.configureTestingModule (node_modules/@angular/core/fesm2022/testing.mjs:856:18)
	    at TestBedImpl.configureTestingModule (node_modules/@angular/core/fesm2022/testing.mjs:1993:23)
	    at TestBedImpl.configureTestingModule (node_modules/@angular/core/fesm2022/testing.mjs:1805:37)
[1A[2K[31mChrome Headless 144.0.0.0 (Windows 10) PurchaseBasketComponent should hold no products on error in backend API FAILED[39m
	Failed: Errors during JIT compilation of template for PurchaseBasketComponent: Unexpected closing tag "mat-table". It may happen when the tag has already been closed by another tag. For more info see https://www.w3.org/TR/html5/syntax.html#closing-elements-that-have-implied-end-tags ("
	      </span>
	    }
	  [ERROR ->]</mat-table>
	
	  @if (totalPrice) {
	"): ng:///PurchaseBasketComponent/template.html@100:2, Unexpected closing tag "mat-table". It may happen when the tag has already been closed by another tag. For more info see https://www.w3.org/TR/html5/syntax.html#closing-elements-that-have-implied-end-tags ("
	  </span>
	  }
	[ERROR ->]</mat-table>
	
	@if (totalPrice) {
	"): ng:///PurchaseBasketComponent/template.html@115:0
	    at parseJitTemplate (node_modules/@angular/compiler/fesm2022/compiler.mjs:32326:15)
	    at CompilerFacadeImpl.compileComponent (node_modules/@angular/compiler/fesm2022/compiler.mjs:32000:52)
	    at PurchaseBasketComponent.╔╡cmp (node_modules/@angular/core/fesm2022/debug_node.mjs:30245:47)
	    at getComponentDef (node_modules/@angular/core/fesm2022/testing.mjs:1605:18)
	    at isStandaloneComponent (node_modules/@angular/core/fesm2022/testing.mjs:1601:17)
	    at queueTypesFromModulesArrayRecur (node_modules/@angular/core/fesm2022/testing.mjs:1325:26)
	    at TestBedCompiler.queueTypesFromModulesArray (node_modules/@angular/core/fesm2022/testing.mjs:1348:9)
	    at TestBedCompiler.configureTestingModule (node_modules/@angular/core/fesm2022/testing.mjs:856:18)
	    at TestBedImpl.configureTestingModule (node_modules/@angular/core/fesm2022/testing.mjs:1993:23)
	    at TestBedImpl.configureTestingModule (node_modules/@angular/core/fesm2022/testing.mjs:1805:37)
Chrome Headless 144.0.0.0 (Windows 10): Executed 349 of 767[31m (125 FAILED)[39m (skipped 2) (0 secs / 6.09 secs)
Chrome Headless 144.0.0.0 (Windows 10) PurchaseBasketComponent should hold no products on error in backend API FAILED
	Failed: Errors during JIT compilation of template for PurchaseBasketComponent: Unexpected closing tag "mat-table". It may happen when the tag has already been closed by another tag. For more info see https://www.w3.org/TR/html5/syntax.html#closing-elements-that-have-implied-end-tags ("
	      </span>
	    }
	  [ERROR ->]</mat-table>
	
	  @if (totalPrice) {
	"): ng:///PurchaseBasketComponent/template.html@100:2, Unexpected closing tag "mat-table". It may happen when the tag has already been closed by another tag. For more info see https://www.w3.org/TR/html5/syntax.html#closing-elements-that-have-implied-end-tags ("
	  </span>
	  }
	[ERROR ->]</mat-table>
	
	@if (totalPrice) {
	"): ng:///PurchaseBasketComponent/template.html@115:0
	    at parseJitTemplate (node_modules/@angular/compiler/fesm2022/compiler.mjs:32326:15)
	    at CompilerFacadeImpl.compileComponent (node_modules/@angular/compiler/fesm2022/compiler.mjs:32000:52)
	    at PurchaseBasketComponent.╔╡cmp (node_modules/@angular/core/fesm2022/debug_node.mjs:30245:47)
	    at getComponentDef (node_modules/@angular/core/fesm2022/testing.mjs:1605:18)
	    at isStandaloneComponent (node_modules/@angular/core/fesm2022/testing.mjs:1601:17)
	    at queueTypesFromModulesArrayRecur (node_modules/@angular/core/fesm2022/testing.mjs:1325:26)
	    at TestBedCompiler.queueTypesFromModulesArray (node_modules/@angular/core/fesm2022/testing.mjs:1348:9)
	    at TestBedCompiler.configureTestingModule (node_modules/@angular/core/fesm2022/testing.mjs:856:18)
	    at TestBedImpl.configureTestingModule (node_modules/@angular/core/fesm2022/testing.mjs:1993:23)
	    at TestBedImpl.configureTestingModule (node_modules/@angular/core/fesm2022/testing.mjs:1805:37)
[1A[2K[31mChrome Headless 144.0.0.0 (Windows 10) PurchaseBasketComponent should log an error if userService fails to fetch the user FAILED[39m
	Failed: Errors during JIT compilation of template for PurchaseBasketComponent: Unexpected closing tag "mat-table". It may happen when the tag has already been closed by another tag. For more info see https://www.w3.org/TR/html5/syntax.html#closing-elements-that-have-implied-end-tags ("
	      </span>
	    }
	  [ERROR ->]</mat-table>
	
	  @if (totalPrice) {
	"): ng:///PurchaseBasketComponent/template.html@100:2, Unexpected closing tag "mat-table". It may happen when the tag has already been closed by another tag. For more info see https://www.w3.org/TR/html5/syntax.html#closing-elements-that-have-implied-end-tags ("
	  </span>
	  }
	[ERROR ->]</mat-table>
	
	@if (totalPrice) {
	"): ng:///PurchaseBasketComponent/template.html@115:0
	    at parseJitTemplate (node_modules/@angular/compiler/fesm2022/compiler.mjs:32326:15)
	    at CompilerFacadeImpl.compileComponent (node_modules/@angular/compiler/fesm2022/compiler.mjs:32000:52)
	    at PurchaseBasketComponent.╔╡cmp (node_modules/@angular/core/fesm2022/debug_node.mjs:30245:47)
	    at getComponentDef (node_modules/@angular/core/fesm2022/testing.mjs:1605:18)
	    at isStandaloneComponent (node_modules/@angular/core/fesm2022/testing.mjs:1601:17)
	    at queueTypesFromModulesArrayRecur (node_modules/@angular/core/fesm2022/testing.mjs:1325:26)
	    at TestBedCompiler.queueTypesFromModulesArray (node_modules/@angular/core/fesm2022/testing.mjs:1348:9)
	    at TestBedCompiler.configureTestingModule (node_modules/@angular/core/fesm2022/testing.mjs:856:18)
	    at TestBedImpl.configureTestingModule (node_modules/@angular/core/fesm2022/testing.mjs:1993:23)
	    at TestBedImpl.configureTestingModule (node_modules/@angular/core/fesm2022/testing.mjs:1805:37)
Chrome Headless 144.0.0.0 (Windows 10): Executed 350 of 767[31m (126 FAILED)[39m (skipped 2) (0 secs / 6.091 secs)
Chrome Headless 144.0.0.0 (Windows 10) PurchaseBasketComponent should log an error if userService fails to fetch the user FAILED
	Failed: Errors during JIT compilation of template for PurchaseBasketComponent: Unexpected closing tag "mat-table". It may happen when the tag has already been closed by another tag. For more info see https://www.w3.org/TR/html5/syntax.html#closing-elements-that-have-implied-end-tags ("
	      </span>
	    }
	  [ERROR ->]</mat-table>
	
	  @if (totalPrice) {
	"): ng:///PurchaseBasketComponent/template.html@100:2, Unexpected closing tag "mat-table". It may happen when the tag has already been closed by another tag. For more info see https://www.w3.org/TR/html5/syntax.html#closing-elements-that-have-implied-end-tags ("
	  </span>
	  }
	[ERROR ->]</mat-table>
	
	@if (totalPrice) {
	"): ng:///PurchaseBasketComponent/template.html@115:0
	    at parseJitTemplate (node_modules/@angular/compiler/fesm2022/compiler.mjs:32326:15)
	    at CompilerFacadeImpl.compileComponent (node_modules/@angular/compiler/fesm2022/compiler.mjs:32000:52)
	    at PurchaseBasketComponent.╔╡cmp (node_modules/@angular/core/fesm2022/debug_node.mjs:30245:47)
	    at getComponentDef (node_modules/@angular/core/fesm2022/testing.mjs:1605:18)
	    at isStandaloneComponent (node_modules/@angular/core/fesm2022/testing.mjs:1601:17)
	    at queueTypesFromModulesArrayRecur (node_modules/@angular/core/fesm2022/testing.mjs:1325:26)
	    at TestBedCompiler.queueTypesFromModulesArray (node_modules/@angular/core/fesm2022/testing.mjs:1348:9)
	    at TestBedCompiler.configureTestingModule (node_modules/@angular/core/fesm2022/testing.mjs:856:18)
	    at TestBedImpl.configureTestingModule (node_modules/@angular/core/fesm2022/testing.mjs:1993:23)
	    at TestBedImpl.configureTestingModule (node_modules/@angular/core/fesm2022/testing.mjs:1805:37)
[1A[2KChrome Headless 144.0.0.0 (Windows 10): Executed 351 of 767[31m (126 FAILED)[39m (skipped 2) (0 secs / 6.104 secs)
[1A[2KChrome Headless 144.0.0.0 (Windows 10): Executed 352 of 767[31m (126 FAILED)[39m (skipped 2) (0 secs / 6.106 secs)
[1A[2KChrome Headless 144.0.0.0 (Windows 10): Executed 353 of 767[31m (126 FAILED)[39m (skipped 2) (0 secs / 6.108 secs)
[1A[2KChrome Headless 144.0.0.0 (Windows 10): Executed 354 of 767[31m (126 FAILED)[39m (skipped 2) (0 secs / 6.11 secs)
[1A[2KChrome Headless 144.0.0.0 (Windows 10): Executed 355 of 767[31m (126 FAILED)[39m (skipped 2) (0 secs / 6.112 secs)
[1A[2KChrome Headless 144.0.0.0 (Windows 10): Executed 356 of 767[31m (126 FAILED)[39m (skipped 2) (0 secs / 6.114 secs)
[1A[2KChrome Headless 144.0.0.0 (Windows 10): Executed 357 of 767[31m (126 FAILED)[39m (skipped 2) (0 secs / 6.116 secs)
[1A[2K[31mChrome Headless 144.0.0.0 (Windows 10) NavbarComponent should use custom application name URL if configured FAILED[39m
	Failed: Errors during JIT compilation of template for NavbarComponent: Unexpected closing tag "nav". It may happen when the tag has already been closed by another tag. For more info see https://www.w3.org/TR/html5/syntax.html#closing-elements-that-have-implied-end-tags ("
	      </mat-menu>
	
	    [ERROR ->]</nav>
	  </mat-toolbar>
	</header>"): ng:///NavbarComponent/template.html@307:4
	    at parseJitTemplate (node_modules/@angular/compiler/fesm2022/compiler.mjs:32326:15)
	    at CompilerFacadeImpl.compileComponent (node_modules/@angular/compiler/fesm2022/compiler.mjs:32000:52)
	    at NavbarComponent.╔╡cmp (node_modules/@angular/core/fesm2022/debug_node.mjs:30245:47)
	    at getComponentDef (node_modules/@angular/core/fesm2022/testing.mjs:1605:18)
	    at isStandaloneComponent (node_modules/@angular/core/fesm2022/testing.mjs:1601:17)
	    at queueTypesFromModulesArrayRecur (node_modules/@angular/core/fesm2022/testing.mjs:1325:26)
	    at TestBedCompiler.queueTypesFromModulesArray (node_modules/@angular/core/fesm2022/testing.mjs:1348:9)
	    at TestBedCompiler.configureTestingModule (node_modules/@angular/core/fesm2022/testing.mjs:856:18)
	    at TestBedImpl.configureTestingModule (node_modules/@angular/core/fesm2022/testing.mjs:1993:23)
	    at TestBedImpl.configureTestingModule (node_modules/@angular/core/fesm2022/testing.mjs:1805:37)
Chrome Headless 144.0.0.0 (Windows 10): Executed 358 of 767[31m (127 FAILED)[39m (skipped 2) (0 secs / 6.121 secs)
Chrome Headless 144.0.0.0 (Windows 10) NavbarComponent should use custom application name URL if configured FAILED
	Failed: Errors during JIT compilation of template for NavbarComponent: Unexpected closing tag "nav". It may happen when the tag has already been closed by another tag. For more info see https://www.w3.org/TR/html5/syntax.html#closing-elements-that-have-implied-end-tags ("
	      </mat-menu>
	
	    [ERROR ->]</nav>
	  </mat-toolbar>
	</header>"): ng:///NavbarComponent/template.html@307:4
	    at parseJitTemplate (node_modules/@angular/compiler/fesm2022/compiler.mjs:32326:15)
	    at CompilerFacadeImpl.compileComponent (node_modules/@angular/compiler/fesm2022/compiler.mjs:32000:52)
	    at NavbarComponent.╔╡cmp (node_modules/@angular/core/fesm2022/debug_node.mjs:30245:47)
	    at getComponentDef (node_modules/@angular/core/fesm2022/testing.mjs:1605:18)
	    at isStandaloneComponent (node_modules/@angular/core/fesm2022/testing.mjs:1601:17)
	    at queueTypesFromModulesArrayRecur (node_modules/@angular/core/fesm2022/testing.mjs:1325:26)
	    at TestBedCompiler.queueTypesFromModulesArray (node_modules/@angular/core/fesm2022/testing.mjs:1348:9)
	    at TestBedCompiler.configureTestingModule (node_modules/@angular/core/fesm2022/testing.mjs:856:18)
	    at TestBedImpl.configureTestingModule (node_modules/@angular/core/fesm2022/testing.mjs:1993:23)
	    at TestBedImpl.configureTestingModule (node_modules/@angular/core/fesm2022/testing.mjs:1805:37)
[1A[2K[31mChrome Headless 144.0.0.0 (Windows 10) NavbarComponent should set user email on page reload if user is authenticated FAILED[39m
	Failed: Errors during JIT compilation of template for NavbarComponent: Unexpected closing tag "nav". It may happen when the tag has already been closed by another tag. For more info see https://www.w3.org/TR/html5/syntax.html#closing-elements-that-have-implied-end-tags ("
	      </mat-menu>
	
	    [ERROR ->]</nav>
	  </mat-toolbar>
	</header>"): ng:///NavbarComponent/template.html@307:4
	    at parseJitTemplate (node_modules/@angular/compiler/fesm2022/compiler.mjs:32326:15)
	    at CompilerFacadeImpl.compileComponent (node_modules/@angular/compiler/fesm2022/compiler.mjs:32000:52)
	    at NavbarComponent.╔╡cmp (node_modules/@angular/core/fesm2022/debug_node.mjs:30245:47)
	    at getComponentDef (node_modules/@angular/core/fesm2022/testing.mjs:1605:18)
	    at isStandaloneComponent (node_modules/@angular/core/fesm2022/testing.mjs:1601:17)
	    at queueTypesFromModulesArrayRecur (node_modules/@angular/core/fesm2022/testing.mjs:1325:26)
	    at TestBedCompiler.queueTypesFromModulesArray (node_modules/@angular/core/fesm2022/testing.mjs:1348:9)
	    at TestBedCompiler.configureTestingModule (node_modules/@angular/core/fesm2022/testing.mjs:856:18)
	    at TestBedImpl.configureTestingModule (node_modules/@angular/core/fesm2022/testing.mjs:1993:23)
	    at TestBedImpl.configureTestingModule (node_modules/@angular/core/fesm2022/testing.mjs:1805:37)
Chrome Headless 144.0.0.0 (Windows 10): Executed 359 of 767[31m (128 FAILED)[39m (skipped 2) (0 secs / 6.127 secs)
Chrome Headless 144.0.0.0 (Windows 10) NavbarComponent should set user email on page reload if user is authenticated FAILED
	Failed: Errors during JIT compilation of template for NavbarComponent: Unexpected closing tag "nav". It may happen when the tag has already been closed by another tag. For more info see https://www.w3.org/TR/html5/syntax.html#closing-elements-that-have-implied-end-tags ("
	      </mat-menu>
	
	    [ERROR ->]</nav>
	  </mat-toolbar>
	</header>"): ng:///NavbarComponent/template.html@307:4
	    at parseJitTemplate (node_modules/@angular/compiler/fesm2022/compiler.mjs:32326:15)
	    at CompilerFacadeImpl.compileComponent (node_modules/@angular/compiler/fesm2022/compiler.mjs:32000:52)
	    at NavbarComponent.╔╡cmp (node_modules/@angular/core/fesm2022/debug_node.mjs:30245:47)
	    at getComponentDef (node_modules/@angular/core/fesm2022/testing.mjs:1605:18)
	    at isStandaloneComponent (node_modules/@angular/core/fesm2022/testing.mjs:1601:17)
	    at queueTypesFromModulesArrayRecur (node_modules/@angular/core/fesm2022/testing.mjs:1325:26)
	    at TestBedCompiler.queueTypesFromModulesArray (node_modules/@angular/core/fesm2022/testing.mjs:1348:9)
	    at TestBedCompiler.configureTestingModule (node_modules/@angular/core/fesm2022/testing.mjs:856:18)
	    at TestBedImpl.configureTestingModule (node_modules/@angular/core/fesm2022/testing.mjs:1993:23)
	    at TestBedImpl.configureTestingModule (node_modules/@angular/core/fesm2022/testing.mjs:1805:37)
[1A[2K[31mChrome Headless 144.0.0.0 (Windows 10) NavbarComponent should create FAILED[39m
	Failed: Errors during JIT compilation of template for NavbarComponent: Unexpected closing tag "nav". It may happen when the tag has already been closed by another tag. For more info see https://www.w3.org/TR/html5/syntax.html#closing-elements-that-have-implied-end-tags ("
	      </mat-menu>
	
	    [ERROR ->]</nav>
	  </mat-toolbar>
	</header>"): ng:///NavbarComponent/template.html@307:4
	    at parseJitTemplate (node_modules/@angular/compiler/fesm2022/compiler.mjs:32326:15)
	    at CompilerFacadeImpl.compileComponent (node_modules/@angular/compiler/fesm2022/compiler.mjs:32000:52)
	    at NavbarComponent.╔╡cmp (node_modules/@angular/core/fesm2022/debug_node.mjs:30245:47)
	    at getComponentDef (node_modules/@angular/core/fesm2022/testing.mjs:1605:18)
	    at isStandaloneComponent (node_modules/@angular/core/fesm2022/testing.mjs:1601:17)
	    at queueTypesFromModulesArrayRecur (node_modules/@angular/core/fesm2022/testing.mjs:1325:26)
	    at TestBedCompiler.queueTypesFromModulesArray (node_modules/@angular/core/fesm2022/testing.mjs:1348:9)
	    at TestBedCompiler.configureTestingModule (node_modules/@angular/core/fesm2022/testing.mjs:856:18)
	    at TestBedImpl.configureTestingModule (node_modules/@angular/core/fesm2022/testing.mjs:1993:23)
	    at TestBedImpl.configureTestingModule (node_modules/@angular/core/fesm2022/testing.mjs:1805:37)
Chrome Headless 144.0.0.0 (Windows 10): Executed 360 of 767[31m (129 FAILED)[39m (skipped 2) (0 secs / 6.131 secs)
Chrome Headless 144.0.0.0 (Windows 10) NavbarComponent should create FAILED
	Failed: Errors during JIT compilation of template for NavbarComponent: Unexpected closing tag "nav". It may happen when the tag has already been closed by another tag. For more info see https://www.w3.org/TR/html5/syntax.html#closing-elements-that-have-implied-end-tags ("
	      </mat-menu>
	
	    [ERROR ->]</nav>
	  </mat-toolbar>
	</header>"): ng:///NavbarComponent/template.html@307:4
	    at parseJitTemplate (node_modules/@angular/compiler/fesm2022/compiler.mjs:32326:15)
	    at CompilerFacadeImpl.compileComponent (node_modules/@angular/compiler/fesm2022/compiler.mjs:32000:52)
	    at NavbarComponent.╔╡cmp (node_modules/@angular/core/fesm2022/debug_node.mjs:30245:47)
	    at getComponentDef (node_modules/@angular/core/fesm2022/testing.mjs:1605:18)
	    at isStandaloneComponent (node_modules/@angular/core/fesm2022/testing.mjs:1601:17)
	    at queueTypesFromModulesArrayRecur (node_modules/@angular/core/fesm2022/testing.mjs:1325:26)
	    at TestBedCompiler.queueTypesFromModulesArray (node_modules/@angular/core/fesm2022/testing.mjs:1348:9)
	    at TestBedCompiler.configureTestingModule (node_modules/@angular/core/fesm2022/testing.mjs:856:18)
	    at TestBedImpl.configureTestingModule (node_modules/@angular/core/fesm2022/testing.mjs:1993:23)
	    at TestBedImpl.configureTestingModule (node_modules/@angular/core/fesm2022/testing.mjs:1805:37)
[1A[2K[31mChrome Headless 144.0.0.0 (Windows 10) NavbarComponent should remove basket item total from session storage FAILED[39m
	Failed: Errors during JIT compilation of template for NavbarComponent: Unexpected closing tag "nav". It may happen when the tag has already been closed by another tag. For more info see https://www.w3.org/TR/html5/syntax.html#closing-elements-that-have-implied-end-tags ("
	      </mat-menu>
	
	    [ERROR ->]</nav>
	  </mat-toolbar>
	</header>"): ng:///NavbarComponent/template.html@307:4
	    at parseJitTemplate (node_modules/@angular/compiler/fesm2022/compiler.mjs:32326:15)
	    at CompilerFacadeImpl.compileComponent (node_modules/@angular/compiler/fesm2022/compiler.mjs:32000:52)
	    at NavbarComponent.╔╡cmp (node_modules/@angular/core/fesm2022/debug_node.mjs:30245:47)
	    at getComponentDef (node_modules/@angular/core/fesm2022/testing.mjs:1605:18)
	    at isStandaloneComponent (node_modules/@angular/core/fesm2022/testing.mjs:1601:17)
	    at queueTypesFromModulesArrayRecur (node_modules/@angular/core/fesm2022/testing.mjs:1325:26)
	    at TestBedCompiler.queueTypesFromModulesArray (node_modules/@angular/core/fesm2022/testing.mjs:1348:9)
	    at TestBedCompiler.configureTestingModule (node_modules/@angular/core/fesm2022/testing.mjs:856:18)
	    at TestBedImpl.configureTestingModule (node_modules/@angular/core/fesm2022/testing.mjs:1993:23)
	    at TestBedImpl.configureTestingModule (node_modules/@angular/core/fesm2022/testing.mjs:1805:37)
Chrome Headless 144.0.0.0 (Windows 10): Executed 361 of 767[31m (130 FAILED)[39m (skipped 2) (0 secs / 6.135 secs)
Chrome Headless 144.0.0.0 (Windows 10) NavbarComponent should remove basket item total from session storage FAILED
	Failed: Errors during JIT compilation of template for NavbarComponent: Unexpected closing tag "nav". It may happen when the tag has already been closed by another tag. For more info see https://www.w3.org/TR/html5/syntax.html#closing-elements-that-have-implied-end-tags ("
	      </mat-menu>
	
	    [ERROR ->]</nav>
	  </mat-toolbar>
	</header>"): ng:///NavbarComponent/template.html@307:4
	    at parseJitTemplate (node_modules/@angular/compiler/fesm2022/compiler.mjs:32326:15)
	    at CompilerFacadeImpl.compileComponent (node_modules/@angular/compiler/fesm2022/compiler.mjs:32000:52)
	    at NavbarComponent.╔╡cmp (node_modules/@angular/core/fesm2022/debug_node.mjs:30245:47)
	    at getComponentDef (node_modules/@angular/core/fesm2022/testing.mjs:1605:18)
	    at isStandaloneComponent (node_modules/@angular/core/fesm2022/testing.mjs:1601:17)
	    at queueTypesFromModulesArrayRecur (node_modules/@angular/core/fesm2022/testing.mjs:1325:26)
	    at TestBedCompiler.queueTypesFromModulesArray (node_modules/@angular/core/fesm2022/testing.mjs:1348:9)
	    at TestBedCompiler.configureTestingModule (node_modules/@angular/core/fesm2022/testing.mjs:856:18)
	    at TestBedImpl.configureTestingModule (node_modules/@angular/core/fesm2022/testing.mjs:1993:23)
	    at TestBedImpl.configureTestingModule (node_modules/@angular/core/fesm2022/testing.mjs:1805:37)
[1A[2K[31mChrome Headless 144.0.0.0 (Windows 10) NavbarComponent should set user email on getting logged in FAILED[39m
	Failed: Errors during JIT compilation of template for NavbarComponent: Unexpected closing tag "nav". It may happen when the tag has already been closed by another tag. For more info see https://www.w3.org/TR/html5/syntax.html#closing-elements-that-have-implied-end-tags ("
	      </mat-menu>
	
	    [ERROR ->]</nav>
	  </mat-toolbar>
	</header>"): ng:///NavbarComponent/template.html@307:4
	    at parseJitTemplate (node_modules/@angular/compiler/fesm2022/compiler.mjs:32326:15)
	    at CompilerFacadeImpl.compileComponent (node_modules/@angular/compiler/fesm2022/compiler.mjs:32000:52)
	    at NavbarComponent.╔╡cmp (node_modules/@angular/core/fesm2022/debug_node.mjs:30245:47)
	    at getComponentDef (node_modules/@angular/core/fesm2022/testing.mjs:1605:18)
	    at isStandaloneComponent (node_modules/@angular/core/fesm2022/testing.mjs:1601:17)
	    at queueTypesFromModulesArrayRecur (node_modules/@angular/core/fesm2022/testing.mjs:1325:26)
	    at TestBedCompiler.queueTypesFromModulesArray (node_modules/@angular/core/fesm2022/testing.mjs:1348:9)
	    at TestBedCompiler.configureTestingModule (node_modules/@angular/core/fesm2022/testing.mjs:856:18)
	    at TestBedImpl.configureTestingModule (node_modules/@angular/core/fesm2022/testing.mjs:1993:23)
	    at TestBedImpl.configureTestingModule (node_modules/@angular/core/fesm2022/testing.mjs:1805:37)
Chrome Headless 144.0.0.0 (Windows 10): Executed 362 of 767[31m (131 FAILED)[39m (skipped 2) (0 secs / 6.143 secs)
Chrome Headless 144.0.0.0 (Windows 10) NavbarComponent should set user email on getting logged in FAILED
	Failed: Errors during JIT compilation of template for NavbarComponent: Unexpected closing tag "nav". It may happen when the tag has already been closed by another tag. For more info see https://www.w3.org/TR/html5/syntax.html#closing-elements-that-have-implied-end-tags ("
	      </mat-menu>
	
	    [ERROR ->]</nav>
	  </mat-toolbar>
	</header>"): ng:///NavbarComponent/template.html@307:4
	    at parseJitTemplate (node_modules/@angular/compiler/fesm2022/compiler.mjs:32326:15)
	    at CompilerFacadeImpl.compileComponent (node_modules/@angular/compiler/fesm2022/compiler.mjs:32000:52)
	    at NavbarComponent.╔╡cmp (node_modules/@angular/core/fesm2022/debug_node.mjs:30245:47)
	    at getComponentDef (node_modules/@angular/core/fesm2022/testing.mjs:1605:18)
	    at isStandaloneComponent (node_modules/@angular/core/fesm2022/testing.mjs:1601:17)
	    at queueTypesFromModulesArrayRecur (node_modules/@angular/core/fesm2022/testing.mjs:1325:26)
	    at TestBedCompiler.queueTypesFromModulesArray (node_modules/@angular/core/fesm2022/testing.mjs:1348:9)
	    at TestBedCompiler.configureTestingModule (node_modules/@angular/core/fesm2022/testing.mjs:856:18)
	    at TestBedImpl.configureTestingModule (node_modules/@angular/core/fesm2022/testing.mjs:1993:23)
	    at TestBedImpl.configureTestingModule (node_modules/@angular/core/fesm2022/testing.mjs:1805:37)
[1A[2K[31mChrome Headless 144.0.0.0 (Windows 10) NavbarComponent should log errors directly to browser console when getting user failed FAILED[39m
	Failed: Errors during JIT compilation of template for NavbarComponent: Unexpected closing tag "nav". It may happen when the tag has already been closed by another tag. For more info see https://www.w3.org/TR/html5/syntax.html#closing-elements-that-have-implied-end-tags ("
	      </mat-menu>
	
	    [ERROR ->]</nav>
	  </mat-toolbar>
	</header>"): ng:///NavbarComponent/template.html@307:4
	    at parseJitTemplate (node_modules/@angular/compiler/fesm2022/compiler.mjs:32326:15)
	    at CompilerFacadeImpl.compileComponent (node_modules/@angular/compiler/fesm2022/compiler.mjs:32000:52)
	    at NavbarComponent.╔╡cmp (node_modules/@angular/core/fesm2022/debug_node.mjs:30245:47)
	    at getComponentDef (node_modules/@angular/core/fesm2022/testing.mjs:1605:18)
	    at isStandaloneComponent (node_modules/@angular/core/fesm2022/testing.mjs:1601:17)
	    at queueTypesFromModulesArrayRecur (node_modules/@angular/core/fesm2022/testing.mjs:1325:26)
	    at TestBedCompiler.queueTypesFromModulesArray (node_modules/@angular/core/fesm2022/testing.mjs:1348:9)
	    at TestBedCompiler.configureTestingModule (node_modules/@angular/core/fesm2022/testing.mjs:856:18)
	    at TestBedImpl.configureTestingModule (node_modules/@angular/core/fesm2022/testing.mjs:1993:23)
	    at TestBedImpl.configureTestingModule (node_modules/@angular/core/fesm2022/testing.mjs:1805:37)
Chrome Headless 144.0.0.0 (Windows 10): Executed 363 of 767[31m (132 FAILED)[39m (skipped 2) (0 secs / 6.148 secs)
Chrome Headless 144.0.0.0 (Windows 10) NavbarComponent should log errors directly to browser console when getting user failed FAILED
	Failed: Errors during JIT compilation of template for NavbarComponent: Unexpected closing tag "nav". It may happen when the tag has already been closed by another tag. For more info see https://www.w3.org/TR/html5/syntax.html#closing-elements-that-have-implied-end-tags ("
	      </mat-menu>
	
	    [ERROR ->]</nav>
	  </mat-toolbar>
	</header>"): ng:///NavbarComponent/template.html@307:4
	    at parseJitTemplate (node_modules/@angular/compiler/fesm2022/compiler.mjs:32326:15)
	    at CompilerFacadeImpl.compileComponent (node_modules/@angular/compiler/fesm2022/compiler.mjs:32000:52)
	    at NavbarComponent.╔╡cmp (node_modules/@angular/core/fesm2022/debug_node.mjs:30245:47)
	    at getComponentDef (node_modules/@angular/core/fesm2022/testing.mjs:1605:18)
	    at isStandaloneComponent (node_modules/@angular/core/fesm2022/testing.mjs:1601:17)
	    at queueTypesFromModulesArrayRecur (node_modules/@angular/core/fesm2022/testing.mjs:1325:26)
	    at TestBedCompiler.queueTypesFromModulesArray (node_modules/@angular/core/fesm2022/testing.mjs:1348:9)
	    at TestBedCompiler.configureTestingModule (node_modules/@angular/core/fesm2022/testing.mjs:856:18)
	    at TestBedImpl.configureTestingModule (node_modules/@angular/core/fesm2022/testing.mjs:1993:23)
	    at TestBedImpl.configureTestingModule (node_modules/@angular/core/fesm2022/testing.mjs:1805:37)
[1A[2K[31mChrome Headless 144.0.0.0 (Windows 10) NavbarComponent should show GitHub button by default FAILED[39m
	Failed: Errors during JIT compilation of template for NavbarComponent: Unexpected closing tag "nav". It may happen when the tag has already been closed by another tag. For more info see https://www.w3.org/TR/html5/syntax.html#closing-elements-that-have-implied-end-tags ("
	      </mat-menu>
	
	    [ERROR ->]</nav>
	  </mat-toolbar>
	</header>"): ng:///NavbarComponent/template.html@307:4
	    at parseJitTemplate (node_modules/@angular/compiler/fesm2022/compiler.mjs:32326:15)
	    at CompilerFacadeImpl.compileComponent (node_modules/@angular/compiler/fesm2022/compiler.mjs:32000:52)
	    at NavbarComponent.╔╡cmp (node_modules/@angular/core/fesm2022/debug_node.mjs:30245:47)
	    at getComponentDef (node_modules/@angular/core/fesm2022/testing.mjs:1605:18)
	    at isStandaloneComponent (node_modules/@angular/core/fesm2022/testing.mjs:1601:17)
	    at queueTypesFromModulesArrayRecur (node_modules/@angular/core/fesm2022/testing.mjs:1325:26)
	    at TestBedCompiler.queueTypesFromModulesArray (node_modules/@angular/core/fesm2022/testing.mjs:1348:9)
	    at TestBedCompiler.configureTestingModule (node_modules/@angular/core/fesm2022/testing.mjs:856:18)
	    at TestBedImpl.configureTestingModule (node_modules/@angular/core/fesm2022/testing.mjs:1993:23)
	    at TestBedImpl.configureTestingModule (node_modules/@angular/core/fesm2022/testing.mjs:1805:37)
Chrome Headless 144.0.0.0 (Windows 10): Executed 364 of 767[31m (133 FAILED)[39m (skipped 2) (0 secs / 6.152 secs)
Chrome Headless 144.0.0.0 (Windows 10) NavbarComponent should show GitHub button by default FAILED
	Failed: Errors during JIT compilation of template for NavbarComponent: Unexpected closing tag "nav". It may happen when the tag has already been closed by another tag. For more info see https://www.w3.org/TR/html5/syntax.html#closing-elements-that-have-implied-end-tags ("
	      </mat-menu>
	
	    [ERROR ->]</nav>
	  </mat-toolbar>
	</header>"): ng:///NavbarComponent/template.html@307:4
	    at parseJitTemplate (node_modules/@angular/compiler/fesm2022/compiler.mjs:32326:15)
	    at CompilerFacadeImpl.compileComponent (node_modules/@angular/compiler/fesm2022/compiler.mjs:32000:52)
	    at NavbarComponent.╔╡cmp (node_modules/@angular/core/fesm2022/debug_node.mjs:30245:47)
	    at getComponentDef (node_modules/@angular/core/fesm2022/testing.mjs:1605:18)
	    at isStandaloneComponent (node_modules/@angular/core/fesm2022/testing.mjs:1601:17)
	    at queueTypesFromModulesArrayRecur (node_modules/@angular/core/fesm2022/testing.mjs:1325:26)
	    at TestBedCompiler.queueTypesFromModulesArray (node_modules/@angular/core/fesm2022/testing.mjs:1348:9)
	    at TestBedCompiler.configureTestingModule (node_modules/@angular/core/fesm2022/testing.mjs:856:18)
	    at TestBedImpl.configureTestingModule (node_modules/@angular/core/fesm2022/testing.mjs:1993:23)
	    at TestBedImpl.configureTestingModule (node_modules/@angular/core/fesm2022/testing.mjs:1805:37)
[1A[2K[31mChrome Headless 144.0.0.0 (Windows 10) NavbarComponent should remove authentication token from localStorage FAILED[39m
	Failed: Errors during JIT compilation of template for NavbarComponent: Unexpected closing tag "nav". It may happen when the tag has already been closed by another tag. For more info see https://www.w3.org/TR/html5/syntax.html#closing-elements-that-have-implied-end-tags ("
	      </mat-menu>
	
	    [ERROR ->]</nav>
	  </mat-toolbar>
	</header>"): ng:///NavbarComponent/template.html@307:4
	    at parseJitTemplate (node_modules/@angular/compiler/fesm2022/compiler.mjs:32326:15)
	    at CompilerFacadeImpl.compileComponent (node_modules/@angular/compiler/fesm2022/compiler.mjs:32000:52)
	    at NavbarComponent.╔╡cmp (node_modules/@angular/core/fesm2022/debug_node.mjs:30245:47)
	    at getComponentDef (node_modules/@angular/core/fesm2022/testing.mjs:1605:18)
	    at isStandaloneComponent (node_modules/@angular/core/fesm2022/testing.mjs:1601:17)
	    at queueTypesFromModulesArrayRecur (node_modules/@angular/core/fesm2022/testing.mjs:1325:26)
	    at TestBedCompiler.queueTypesFromModulesArray (node_modules/@angular/core/fesm2022/testing.mjs:1348:9)
	    at TestBedCompiler.configureTestingModule (node_modules/@angular/core/fesm2022/testing.mjs:856:18)
	    at TestBedImpl.configureTestingModule (node_modules/@angular/core/fesm2022/testing.mjs:1993:23)
	    at TestBedImpl.configureTestingModule (node_modules/@angular/core/fesm2022/testing.mjs:1805:37)
Chrome Headless 144.0.0.0 (Windows 10): Executed 365 of 767[31m (134 FAILED)[39m (skipped 2) (0 secs / 6.154 secs)
Chrome Headless 144.0.0.0 (Windows 10) NavbarComponent should remove authentication token from localStorage FAILED
	Failed: Errors during JIT compilation of template for NavbarComponent: Unexpected closing tag "nav". It may happen when the tag has already been closed by another tag. For more info see https://www.w3.org/TR/html5/syntax.html#closing-elements-that-have-implied-end-tags ("
	      </mat-menu>
	
	    [ERROR ->]</nav>
	  </mat-toolbar>
	</header>"): ng:///NavbarComponent/template.html@307:4
	    at parseJitTemplate (node_modules/@angular/compiler/fesm2022/compiler.mjs:32326:15)
	    at CompilerFacadeImpl.compileComponent (node_modules/@angular/compiler/fesm2022/compiler.mjs:32000:52)
	    at NavbarComponent.╔╡cmp (node_modules/@angular/core/fesm2022/debug_node.mjs:30245:47)
	    at getComponentDef (node_modules/@angular/core/fesm2022/testing.mjs:1605:18)
	    at isStandaloneComponent (node_modules/@angular/core/fesm2022/testing.mjs:1601:17)
	    at queueTypesFromModulesArrayRecur (node_modules/@angular/core/fesm2022/testing.mjs:1325:26)
	    at TestBedCompiler.queueTypesFromModulesArray (node_modules/@angular/core/fesm2022/testing.mjs:1348:9)
	    at TestBedCompiler.configureTestingModule (node_modules/@angular/core/fesm2022/testing.mjs:856:18)
	    at TestBedImpl.configureTestingModule (node_modules/@angular/core/fesm2022/testing.mjs:1993:23)
	    at TestBedImpl.configureTestingModule (node_modules/@angular/core/fesm2022/testing.mjs:1805:37)
[1A[2K[31mChrome Headless 144.0.0.0 (Windows 10) NavbarComponent should hold application version FAILED[39m
	Failed: Errors during JIT compilation of template for NavbarComponent: Unexpected closing tag "nav". It may happen when the tag has already been closed by another tag. For more info see https://www.w3.org/TR/html5/syntax.html#closing-elements-that-have-implied-end-tags ("
	      </mat-menu>
	
	    [ERROR ->]</nav>
	  </mat-toolbar>
	</header>"): ng:///NavbarComponent/template.html@307:4
	    at parseJitTemplate (node_modules/@angular/compiler/fesm2022/compiler.mjs:32326:15)
	    at CompilerFacadeImpl.compileComponent (node_modules/@angular/compiler/fesm2022/compiler.mjs:32000:52)
	    at NavbarComponent.╔╡cmp (node_modules/@angular/core/fesm2022/debug_node.mjs:30245:47)
	    at getComponentDef (node_modules/@angular/core/fesm2022/testing.mjs:1605:18)
	    at isStandaloneComponent (node_modules/@angular/core/fesm2022/testing.mjs:1601:17)
	    at queueTypesFromModulesArrayRecur (node_modules/@angular/core/fesm2022/testing.mjs:1325:26)
	    at TestBedCompiler.queueTypesFromModulesArray (node_modules/@angular/core/fesm2022/testing.mjs:1348:9)
	    at TestBedCompiler.configureTestingModule (node_modules/@angular/core/fesm2022/testing.mjs:856:18)
	    at TestBedImpl.configureTestingModule (node_modules/@angular/core/fesm2022/testing.mjs:1993:23)
	    at TestBedImpl.configureTestingModule (node_modules/@angular/core/fesm2022/testing.mjs:1805:37)
Chrome Headless 144.0.0.0 (Windows 10): Executed 366 of 767[31m (135 FAILED)[39m (skipped 2) (0 secs / 6.157 secs)
Chrome Headless 144.0.0.0 (Windows 10) NavbarComponent should hold application version FAILED
	Failed: Errors during JIT compilation of template for NavbarComponent: Unexpected closing tag "nav". It may happen when the tag has already been closed by another tag. For more info see https://www.w3.org/TR/html5/syntax.html#closing-elements-that-have-implied-end-tags ("
	      </mat-menu>
	
	    [ERROR ->]</nav>
	  </mat-toolbar>
	</header>"): ng:///NavbarComponent/template.html@307:4
	    at parseJitTemplate (node_modules/@angular/compiler/fesm2022/compiler.mjs:32326:15)
	    at CompilerFacadeImpl.compileComponent (node_modules/@angular/compiler/fesm2022/compiler.mjs:32000:52)
	    at NavbarComponent.╔╡cmp (node_modules/@angular/core/fesm2022/debug_node.mjs:30245:47)
	    at getComponentDef (node_modules/@angular/core/fesm2022/testing.mjs:1605:18)
	    at isStandaloneComponent (node_modules/@angular/core/fesm2022/testing.mjs:1601:17)
	    at queueTypesFromModulesArrayRecur (node_modules/@angular/core/fesm2022/testing.mjs:1325:26)
	    at TestBedCompiler.queueTypesFromModulesArray (node_modules/@angular/core/fesm2022/testing.mjs:1348:9)
	    at TestBedCompiler.configureTestingModule (node_modules/@angular/core/fesm2022/testing.mjs:856:18)
	    at TestBedImpl.configureTestingModule (node_modules/@angular/core/fesm2022/testing.mjs:1993:23)
	    at TestBedImpl.configureTestingModule (node_modules/@angular/core/fesm2022/testing.mjs:1805:37)
[1A[2K[31mChrome Headless 144.0.0.0 (Windows 10) NavbarComponent should remove basket id from session storage FAILED[39m
	Failed: Errors during JIT compilation of template for NavbarComponent: Unexpected closing tag "nav". It may happen when the tag has already been closed by another tag. For more info see https://www.w3.org/TR/html5/syntax.html#closing-elements-that-have-implied-end-tags ("
	      </mat-menu>
	
	    [ERROR ->]</nav>
	  </mat-toolbar>
	</header>"): ng:///NavbarComponent/template.html@307:4
	    at parseJitTemplate (node_modules/@angular/compiler/fesm2022/compiler.mjs:32326:15)
	    at CompilerFacadeImpl.compileComponent (node_modules/@angular/compiler/fesm2022/compiler.mjs:32000:52)
	    at NavbarComponent.╔╡cmp (node_modules/@angular/core/fesm2022/debug_node.mjs:30245:47)
	    at getComponentDef (node_modules/@angular/core/fesm2022/testing.mjs:1605:18)
	    at isStandaloneComponent (node_modules/@angular/core/fesm2022/testing.mjs:1601:17)
	    at queueTypesFromModulesArrayRecur (node_modules/@angular/core/fesm2022/testing.mjs:1325:26)
	    at TestBedCompiler.queueTypesFromModulesArray (node_modules/@angular/core/fesm2022/testing.mjs:1348:9)
	    at TestBedCompiler.configureTestingModule (node_modules/@angular/core/fesm2022/testing.mjs:856:18)
	    at TestBedImpl.configureTestingModule (node_modules/@angular/core/fesm2022/testing.mjs:1993:23)
	    at TestBedImpl.configureTestingModule (node_modules/@angular/core/fesm2022/testing.mjs:1805:37)
Chrome Headless 144.0.0.0 (Windows 10): Executed 367 of 767[31m (136 FAILED)[39m (skipped 2) (0 secs / 6.16 secs)
Chrome Headless 144.0.0.0 (Windows 10) NavbarComponent should remove basket id from session storage FAILED
	Failed: Errors during JIT compilation of template for NavbarComponent: Unexpected closing tag "nav". It may happen when the tag has already been closed by another tag. For more info see https://www.w3.org/TR/html5/syntax.html#closing-elements-that-have-implied-end-tags ("
	      </mat-menu>
	
	    [ERROR ->]</nav>
	  </mat-toolbar>
	</header>"): ng:///NavbarComponent/template.html@307:4
	    at parseJitTemplate (node_modules/@angular/compiler/fesm2022/compiler.mjs:32326:15)
	    at CompilerFacadeImpl.compileComponent (node_modules/@angular/compiler/fesm2022/compiler.mjs:32000:52)
	    at NavbarComponent.╔╡cmp (node_modules/@angular/core/fesm2022/debug_node.mjs:30245:47)
	    at getComponentDef (node_modules/@angular/core/fesm2022/testing.mjs:1605:18)
	    at isStandaloneComponent (node_modules/@angular/core/fesm2022/testing.mjs:1601:17)
	    at queueTypesFromModulesArrayRecur (node_modules/@angular/core/fesm2022/testing.mjs:1325:26)
	    at TestBedCompiler.queueTypesFromModulesArray (node_modules/@angular/core/fesm2022/testing.mjs:1348:9)
	    at TestBedCompiler.configureTestingModule (node_modules/@angular/core/fesm2022/testing.mjs:856:18)
	    at TestBedImpl.configureTestingModule (node_modules/@angular/core/fesm2022/testing.mjs:1993:23)
	    at TestBedImpl.configureTestingModule (node_modules/@angular/core/fesm2022/testing.mjs:1805:37)
[1A[2K[31mChrome Headless 144.0.0.0 (Windows 10) NavbarComponent should use default application name if not customized FAILED[39m
	Failed: Errors during JIT compilation of template for NavbarComponent: Unexpected closing tag "nav". It may happen when the tag has already been closed by another tag. For more info see https://www.w3.org/TR/html5/syntax.html#closing-elements-that-have-implied-end-tags ("
	      </mat-menu>
	
	    [ERROR ->]</nav>
	  </mat-toolbar>
	</header>"): ng:///NavbarComponent/template.html@307:4
	    at parseJitTemplate (node_modules/@angular/compiler/fesm2022/compiler.mjs:32326:15)
	    at CompilerFacadeImpl.compileComponent (node_modules/@angular/compiler/fesm2022/compiler.mjs:32000:52)
	    at NavbarComponent.╔╡cmp (node_modules/@angular/core/fesm2022/debug_node.mjs:30245:47)
	    at getComponentDef (node_modules/@angular/core/fesm2022/testing.mjs:1605:18)
	    at isStandaloneComponent (node_modules/@angular/core/fesm2022/testing.mjs:1601:17)
	    at queueTypesFromModulesArrayRecur (node_modules/@angular/core/fesm2022/testing.mjs:1325:26)
	    at TestBedCompiler.queueTypesFromModulesArray (node_modules/@angular/core/fesm2022/testing.mjs:1348:9)
	    at TestBedCompiler.configureTestingModule (node_modules/@angular/core/fesm2022/testing.mjs:856:18)
	    at TestBedImpl.configureTestingModule (node_modules/@angular/core/fesm2022/testing.mjs:1993:23)
	    at TestBedImpl.configureTestingModule (node_modules/@angular/core/fesm2022/testing.mjs:1805:37)
Chrome Headless 144.0.0.0 (Windows 10): Executed 368 of 767[31m (137 FAILED)[39m (skipped 2) (0 secs / 6.163 secs)
Chrome Headless 144.0.0.0 (Windows 10) NavbarComponent should use default application name if not customized FAILED
	Failed: Errors during JIT compilation of template for NavbarComponent: Unexpected closing tag "nav". It may happen when the tag has already been closed by another tag. For more info see https://www.w3.org/TR/html5/syntax.html#closing-elements-that-have-implied-end-tags ("
	      </mat-menu>
	
	    [ERROR ->]</nav>
	  </mat-toolbar>
	</header>"): ng:///NavbarComponent/template.html@307:4
	    at parseJitTemplate (node_modules/@angular/compiler/fesm2022/compiler.mjs:32326:15)
	    at CompilerFacadeImpl.compileComponent (node_modules/@angular/compiler/fesm2022/compiler.mjs:32000:52)
	    at NavbarComponent.╔╡cmp (node_modules/@angular/core/fesm2022/debug_node.mjs:30245:47)
	    at getComponentDef (node_modules/@angular/core/fesm2022/testing.mjs:1605:18)
	    at isStandaloneComponent (node_modules/@angular/core/fesm2022/testing.mjs:1601:17)
	    at queueTypesFromModulesArrayRecur (node_modules/@angular/core/fesm2022/testing.mjs:1325:26)
	    at TestBedCompiler.queueTypesFromModulesArray (node_modules/@angular/core/fesm2022/testing.mjs:1348:9)
	    at TestBedCompiler.configureTestingModule (node_modules/@angular/core/fesm2022/testing.mjs:856:18)
	    at TestBedImpl.configureTestingModule (node_modules/@angular/core/fesm2022/testing.mjs:1993:23)
	    at TestBedImpl.configureTestingModule (node_modules/@angular/core/fesm2022/testing.mjs:1805:37)
[1A[2K[31mChrome Headless 144.0.0.0 (Windows 10) NavbarComponent should save the last login IP address FAILED[39m
	Failed: Errors during JIT compilation of template for NavbarComponent: Unexpected closing tag "nav". It may happen when the tag has already been closed by another tag. For more info see https://www.w3.org/TR/html5/syntax.html#closing-elements-that-have-implied-end-tags ("
	      </mat-menu>
	
	    [ERROR ->]</nav>
	  </mat-toolbar>
	</header>"): ng:///NavbarComponent/template.html@307:4
	    at parseJitTemplate (node_modules/@angular/compiler/fesm2022/compiler.mjs:32326:15)
	    at CompilerFacadeImpl.compileComponent (node_modules/@angular/compiler/fesm2022/compiler.mjs:32000:52)
	    at NavbarComponent.╔╡cmp (node_modules/@angular/core/fesm2022/debug_node.mjs:30245:47)
	    at getComponentDef (node_modules/@angular/core/fesm2022/testing.mjs:1605:18)
	    at isStandaloneComponent (node_modules/@angular/core/fesm2022/testing.mjs:1601:17)
	    at queueTypesFromModulesArrayRecur (node_modules/@angular/core/fesm2022/testing.mjs:1325:26)
	    at TestBedCompiler.queueTypesFromModulesArray (node_modules/@angular/core/fesm2022/testing.mjs:1348:9)
	    at TestBedCompiler.configureTestingModule (node_modules/@angular/core/fesm2022/testing.mjs:856:18)
	    at TestBedImpl.configureTestingModule (node_modules/@angular/core/fesm2022/testing.mjs:1993:23)
	    at TestBedImpl.configureTestingModule (node_modules/@angular/core/fesm2022/testing.mjs:1805:37)
Chrome Headless 144.0.0.0 (Windows 10): Executed 369 of 767[31m (138 FAILED)[39m (skipped 2) (0 secs / 6.166 secs)
Chrome Headless 144.0.0.0 (Windows 10) NavbarComponent should save the last login IP address FAILED
	Failed: Errors during JIT compilation of template for NavbarComponent: Unexpected closing tag "nav". It may happen when the tag has already been closed by another tag. For more info see https://www.w3.org/TR/html5/syntax.html#closing-elements-that-have-implied-end-tags ("
	      </mat-menu>
	
	    [ERROR ->]</nav>
	  </mat-toolbar>
	</header>"): ng:///NavbarComponent/template.html@307:4
	    at parseJitTemplate (node_modules/@angular/compiler/fesm2022/compiler.mjs:32326:15)
	    at CompilerFacadeImpl.compileComponent (node_modules/@angular/compiler/fesm2022/compiler.mjs:32000:52)
	    at NavbarComponent.╔╡cmp (node_modules/@angular/core/fesm2022/debug_node.mjs:30245:47)
	    at getComponentDef (node_modules/@angular/core/fesm2022/testing.mjs:1605:18)
	    at isStandaloneComponent (node_modules/@angular/core/fesm2022/testing.mjs:1601:17)
	    at queueTypesFromModulesArrayRecur (node_modules/@angular/core/fesm2022/testing.mjs:1325:26)
	    at TestBedCompiler.queueTypesFromModulesArray (node_modules/@angular/core/fesm2022/testing.mjs:1348:9)
	    at TestBedCompiler.configureTestingModule (node_modules/@angular/core/fesm2022/testing.mjs:856:18)
	    at TestBedImpl.configureTestingModule (node_modules/@angular/core/fesm2022/testing.mjs:1993:23)
	    at TestBedImpl.configureTestingModule (node_modules/@angular/core/fesm2022/testing.mjs:1805:37)
[1A[2K[31mChrome Headless 144.0.0.0 (Windows 10) NavbarComponent forwards to search result with empty search criteria if no search query is present FAILED[39m
	Failed: Errors during JIT compilation of template for NavbarComponent: Unexpected closing tag "nav". It may happen when the tag has already been closed by another tag. For more info see https://www.w3.org/TR/html5/syntax.html#closing-elements-that-have-implied-end-tags ("
	      </mat-menu>
	
	    [ERROR ->]</nav>
	  </mat-toolbar>
	</header>"): ng:///NavbarComponent/template.html@307:4
	    at parseJitTemplate (node_modules/@angular/compiler/fesm2022/compiler.mjs:32326:15)
	    at CompilerFacadeImpl.compileComponent (node_modules/@angular/compiler/fesm2022/compiler.mjs:32000:52)
	    at NavbarComponent.╔╡cmp (node_modules/@angular/core/fesm2022/debug_node.mjs:30245:47)
	    at getComponentDef (node_modules/@angular/core/fesm2022/testing.mjs:1605:18)
	    at isStandaloneComponent (node_modules/@angular/core/fesm2022/testing.mjs:1601:17)
	    at queueTypesFromModulesArrayRecur (node_modules/@angular/core/fesm2022/testing.mjs:1325:26)
	    at TestBedCompiler.queueTypesFromModulesArray (node_modules/@angular/core/fesm2022/testing.mjs:1348:9)
	    at TestBedCompiler.configureTestingModule (node_modules/@angular/core/fesm2022/testing.mjs:856:18)
	    at TestBedImpl.configureTestingModule (node_modules/@angular/core/fesm2022/testing.mjs:1993:23)
	    at TestBedImpl.configureTestingModule (node_modules/@angular/core/fesm2022/testing.mjs:1805:37)
Chrome Headless 144.0.0.0 (Windows 10): Executed 370 of 767[31m (139 FAILED)[39m (skipped 2) (0 secs / 6.171 secs)
Chrome Headless 144.0.0.0 (Windows 10) NavbarComponent forwards to search result with empty search criteria if no search query is present FAILED
	Failed: Errors during JIT compilation of template for NavbarComponent: Unexpected closing tag "nav". It may happen when the tag has already been closed by another tag. For more info see https://www.w3.org/TR/html5/syntax.html#closing-elements-that-have-implied-end-tags ("
	      </mat-menu>
	
	    [ERROR ->]</nav>
	  </mat-toolbar>
	</header>"): ng:///NavbarComponent/template.html@307:4
	    at parseJitTemplate (node_modules/@angular/compiler/fesm2022/compiler.mjs:32326:15)
	    at CompilerFacadeImpl.compileComponent (node_modules/@angular/compiler/fesm2022/compiler.mjs:32000:52)
	    at NavbarComponent.╔╡cmp (node_modules/@angular/core/fesm2022/debug_node.mjs:30245:47)
	    at getComponentDef (node_modules/@angular/core/fesm2022/testing.mjs:1605:18)
	    at isStandaloneComponent (node_modules/@angular/core/fesm2022/testing.mjs:1601:17)
	    at queueTypesFromModulesArrayRecur (node_modules/@angular/core/fesm2022/testing.mjs:1325:26)
	    at TestBedCompiler.queueTypesFromModulesArray (node_modules/@angular/core/fesm2022/testing.mjs:1348:9)
	    at TestBedCompiler.configureTestingModule (node_modules/@angular/core/fesm2022/testing.mjs:856:18)
	    at TestBedImpl.configureTestingModule (node_modules/@angular/core/fesm2022/testing.mjs:1993:23)
	    at TestBedImpl.configureTestingModule (node_modules/@angular/core/fesm2022/testing.mjs:1805:37)
[1A[2K[31mChrome Headless 144.0.0.0 (Windows 10) NavbarComponent should forward to main page FAILED[39m
	Failed: Errors during JIT compilation of template for NavbarComponent: Unexpected closing tag "nav". It may happen when the tag has already been closed by another tag. For more info see https://www.w3.org/TR/html5/syntax.html#closing-elements-that-have-implied-end-tags ("
	      </mat-menu>
	
	    [ERROR ->]</nav>
	  </mat-toolbar>
	</header>"): ng:///NavbarComponent/template.html@307:4
	    at parseJitTemplate (node_modules/@angular/compiler/fesm2022/compiler.mjs:32326:15)
	    at CompilerFacadeImpl.compileComponent (node_modules/@angular/compiler/fesm2022/compiler.mjs:32000:52)
	    at NavbarComponent.╔╡cmp (node_modules/@angular/core/fesm2022/debug_node.mjs:30245:47)
	    at getComponentDef (node_modules/@angular/core/fesm2022/testing.mjs:1605:18)
	    at isStandaloneComponent (node_modules/@angular/core/fesm2022/testing.mjs:1601:17)
	    at queueTypesFromModulesArrayRecur (node_modules/@angular/core/fesm2022/testing.mjs:1325:26)
	    at TestBedCompiler.queueTypesFromModulesArray (node_modules/@angular/core/fesm2022/testing.mjs:1348:9)
	    at TestBedCompiler.configureTestingModule (node_modules/@angular/core/fesm2022/testing.mjs:856:18)
	    at TestBedImpl.configureTestingModule (node_modules/@angular/core/fesm2022/testing.mjs:1993:23)
	    at TestBedImpl.configureTestingModule (node_modules/@angular/core/fesm2022/testing.mjs:1805:37)
Chrome Headless 144.0.0.0 (Windows 10): Executed 371 of 767[31m (140 FAILED)[39m (skipped 2) (0 secs / 6.178 secs)
Chrome Headless 144.0.0.0 (Windows 10) NavbarComponent should forward to main page FAILED
	Failed: Errors during JIT compilation of template for NavbarComponent: Unexpected closing tag "nav". It may happen when the tag has already been closed by another tag. For more info see https://www.w3.org/TR/html5/syntax.html#closing-elements-that-have-implied-end-tags ("
	      </mat-menu>
	
	    [ERROR ->]</nav>
	  </mat-toolbar>
	</header>"): ng:///NavbarComponent/template.html@307:4
	    at parseJitTemplate (node_modules/@angular/compiler/fesm2022/compiler.mjs:32326:15)
	    at CompilerFacadeImpl.compileComponent (node_modules/@angular/compiler/fesm2022/compiler.mjs:32000:52)
	    at NavbarComponent.╔╡cmp (node_modules/@angular/core/fesm2022/debug_node.mjs:30245:47)
	    at getComponentDef (node_modules/@angular/core/fesm2022/testing.mjs:1605:18)
	    at isStandaloneComponent (node_modules/@angular/core/fesm2022/testing.mjs:1601:17)
	    at queueTypesFromModulesArrayRecur (node_modules/@angular/core/fesm2022/testing.mjs:1325:26)
	    at TestBedCompiler.queueTypesFromModulesArray (node_modules/@angular/core/fesm2022/testing.mjs:1348:9)
	    at TestBedCompiler.configureTestingModule (node_modules/@angular/core/fesm2022/testing.mjs:856:18)
	    at TestBedImpl.configureTestingModule (node_modules/@angular/core/fesm2022/testing.mjs:1993:23)
	    at TestBedImpl.configureTestingModule (node_modules/@angular/core/fesm2022/testing.mjs:1805:37)
[1A[2K[31mChrome Headless 144.0.0.0 (Windows 10) NavbarComponent should hide GitHub ribbon if so configured FAILED[39m
	Failed: Errors during JIT compilation of template for NavbarComponent: Unexpected closing tag "nav". It may happen when the tag has already been closed by another tag. For more info see https://www.w3.org/TR/html5/syntax.html#closing-elements-that-have-implied-end-tags ("
	      </mat-menu>
	
	    [ERROR ->]</nav>
	  </mat-toolbar>
	</header>"): ng:///NavbarComponent/template.html@307:4
	    at parseJitTemplate (node_modules/@angular/compiler/fesm2022/compiler.mjs:32326:15)
	    at CompilerFacadeImpl.compileComponent (node_modules/@angular/compiler/fesm2022/compiler.mjs:32000:52)
	    at NavbarComponent.╔╡cmp (node_modules/@angular/core/fesm2022/debug_node.mjs:30245:47)
	    at getComponentDef (node_modules/@angular/core/fesm2022/testing.mjs:1605:18)
	    at isStandaloneComponent (node_modules/@angular/core/fesm2022/testing.mjs:1601:17)
	    at queueTypesFromModulesArrayRecur (node_modules/@angular/core/fesm2022/testing.mjs:1325:26)
	    at TestBedCompiler.queueTypesFromModulesArray (node_modules/@angular/core/fesm2022/testing.mjs:1348:9)
	    at TestBedCompiler.configureTestingModule (node_modules/@angular/core/fesm2022/testing.mjs:856:18)
	    at TestBedImpl.configureTestingModule (node_modules/@angular/core/fesm2022/testing.mjs:1993:23)
	    at TestBedImpl.configureTestingModule (node_modules/@angular/core/fesm2022/testing.mjs:1805:37)
Chrome Headless 144.0.0.0 (Windows 10): Executed 372 of 767[31m (141 FAILED)[39m (skipped 2) (0 secs / 6.182 secs)
Chrome Headless 144.0.0.0 (Windows 10) NavbarComponent should hide GitHub ribbon if so configured FAILED
	Failed: Errors during JIT compilation of template for NavbarComponent: Unexpected closing tag "nav". It may happen when the tag has already been closed by another tag. For more info see https://www.w3.org/TR/html5/syntax.html#closing-elements-that-have-implied-end-tags ("
	      </mat-menu>
	
	    [ERROR ->]</nav>
	  </mat-toolbar>
	</header>"): ng:///NavbarComponent/template.html@307:4
	    at parseJitTemplate (node_modules/@angular/compiler/fesm2022/compiler.mjs:32326:15)
	    at CompilerFacadeImpl.compileComponent (node_modules/@angular/compiler/fesm2022/compiler.mjs:32000:52)
	    at NavbarComponent.╔╡cmp (node_modules/@angular/core/fesm2022/debug_node.mjs:30245:47)
	    at getComponentDef (node_modules/@angular/core/fesm2022/testing.mjs:1605:18)
	    at isStandaloneComponent (node_modules/@angular/core/fesm2022/testing.mjs:1601:17)
	    at queueTypesFromModulesArrayRecur (node_modules/@angular/core/fesm2022/testing.mjs:1325:26)
	    at TestBedCompiler.queueTypesFromModulesArray (node_modules/@angular/core/fesm2022/testing.mjs:1348:9)
	    at TestBedCompiler.configureTestingModule (node_modules/@angular/core/fesm2022/testing.mjs:856:18)
	    at TestBedImpl.configureTestingModule (node_modules/@angular/core/fesm2022/testing.mjs:1993:23)
	    at TestBedImpl.configureTestingModule (node_modules/@angular/core/fesm2022/testing.mjs:1805:37)
[1A[2K[31mChrome Headless 144.0.0.0 (Windows 10) NavbarComponent should set selected a language FAILED[39m
	Failed: Errors during JIT compilation of template for NavbarComponent: Unexpected closing tag "nav". It may happen when the tag has already been closed by another tag. For more info see https://www.w3.org/TR/html5/syntax.html#closing-elements-that-have-implied-end-tags ("
	      </mat-menu>
	
	    [ERROR ->]</nav>
	  </mat-toolbar>
	</header>"): ng:///NavbarComponent/template.html@307:4
	    at parseJitTemplate (node_modules/@angular/compiler/fesm2022/compiler.mjs:32326:15)
	    at CompilerFacadeImpl.compileComponent (node_modules/@angular/compiler/fesm2022/compiler.mjs:32000:52)
	    at NavbarComponent.╔╡cmp (node_modules/@angular/core/fesm2022/debug_node.mjs:30245:47)
	    at getComponentDef (node_modules/@angular/core/fesm2022/testing.mjs:1605:18)
	    at isStandaloneComponent (node_modules/@angular/core/fesm2022/testing.mjs:1601:17)
	    at queueTypesFromModulesArrayRecur (node_modules/@angular/core/fesm2022/testing.mjs:1325:26)
	    at TestBedCompiler.queueTypesFromModulesArray (node_modules/@angular/core/fesm2022/testing.mjs:1348:9)
	    at TestBedCompiler.configureTestingModule (node_modules/@angular/core/fesm2022/testing.mjs:856:18)
	    at TestBedImpl.configureTestingModule (node_modules/@angular/core/fesm2022/testing.mjs:1993:23)
	    at TestBedImpl.configureTestingModule (node_modules/@angular/core/fesm2022/testing.mjs:1805:37)
Chrome Headless 144.0.0.0 (Windows 10): Executed 373 of 767[31m (142 FAILED)[39m (skipped 2) (0 secs / 6.187 secs)
Chrome Headless 144.0.0.0 (Windows 10) NavbarComponent should set selected a language FAILED
	Failed: Errors during JIT compilation of template for NavbarComponent: Unexpected closing tag "nav". It may happen when the tag has already been closed by another tag. For more info see https://www.w3.org/TR/html5/syntax.html#closing-elements-that-have-implied-end-tags ("
	      </mat-menu>
	
	    [ERROR ->]</nav>
	  </mat-toolbar>
	</header>"): ng:///NavbarComponent/template.html@307:4
	    at parseJitTemplate (node_modules/@angular/compiler/fesm2022/compiler.mjs:32326:15)
	    at CompilerFacadeImpl.compileComponent (node_modules/@angular/compiler/fesm2022/compiler.mjs:32000:52)
	    at NavbarComponent.╔╡cmp (node_modules/@angular/core/fesm2022/debug_node.mjs:30245:47)
	    at getComponentDef (node_modules/@angular/core/fesm2022/testing.mjs:1605:18)
	    at isStandaloneComponent (node_modules/@angular/core/fesm2022/testing.mjs:1601:17)
	    at queueTypesFromModulesArrayRecur (node_modules/@angular/core/fesm2022/testing.mjs:1325:26)
	    at TestBedCompiler.queueTypesFromModulesArray (node_modules/@angular/core/fesm2022/testing.mjs:1348:9)
	    at TestBedCompiler.configureTestingModule (node_modules/@angular/core/fesm2022/testing.mjs:856:18)
	    at TestBedImpl.configureTestingModule (node_modules/@angular/core/fesm2022/testing.mjs:1993:23)
	    at TestBedImpl.configureTestingModule (node_modules/@angular/core/fesm2022/testing.mjs:1805:37)
[1A[2K[31mChrome Headless 144.0.0.0 (Windows 10) NavbarComponent should hide Score Board menu item when corresponding challenge was not solved yet FAILED[39m
	Failed: Errors during JIT compilation of template for NavbarComponent: Unexpected closing tag "nav". It may happen when the tag has already been closed by another tag. For more info see https://www.w3.org/TR/html5/syntax.html#closing-elements-that-have-implied-end-tags ("
	      </mat-menu>
	
	    [ERROR ->]</nav>
	  </mat-toolbar>
	</header>"): ng:///NavbarComponent/template.html@307:4
	    at parseJitTemplate (node_modules/@angular/compiler/fesm2022/compiler.mjs:32326:15)
	    at CompilerFacadeImpl.compileComponent (node_modules/@angular/compiler/fesm2022/compiler.mjs:32000:52)
	    at NavbarComponent.╔╡cmp (node_modules/@angular/core/fesm2022/debug_node.mjs:30245:47)
	    at getComponentDef (node_modules/@angular/core/fesm2022/testing.mjs:1605:18)
	    at isStandaloneComponent (node_modules/@angular/core/fesm2022/testing.mjs:1601:17)
	    at queueTypesFromModulesArrayRecur (node_modules/@angular/core/fesm2022/testing.mjs:1325:26)
	    at TestBedCompiler.queueTypesFromModulesArray (node_modules/@angular/core/fesm2022/testing.mjs:1348:9)
	    at TestBedCompiler.configureTestingModule (node_modules/@angular/core/fesm2022/testing.mjs:856:18)
	    at TestBedImpl.configureTestingModule (node_modules/@angular/core/fesm2022/testing.mjs:1993:23)
	    at TestBedImpl.configureTestingModule (node_modules/@angular/core/fesm2022/testing.mjs:1805:37)
Chrome Headless 144.0.0.0 (Windows 10): Executed 374 of 767[31m (143 FAILED)[39m (skipped 2) (0 secs / 6.189 secs)
Chrome Headless 144.0.0.0 (Windows 10) NavbarComponent should hide Score Board menu item when corresponding challenge was not solved yet FAILED
	Failed: Errors during JIT compilation of template for NavbarComponent: Unexpected closing tag "nav". It may happen when the tag has already been closed by another tag. For more info see https://www.w3.org/TR/html5/syntax.html#closing-elements-that-have-implied-end-tags ("
	      </mat-menu>
	
	    [ERROR ->]</nav>
	  </mat-toolbar>
	</header>"): ng:///NavbarComponent/template.html@307:4
	    at parseJitTemplate (node_modules/@angular/compiler/fesm2022/compiler.mjs:32326:15)
	    at CompilerFacadeImpl.compileComponent (node_modules/@angular/compiler/fesm2022/compiler.mjs:32000:52)
	    at NavbarComponent.╔╡cmp (node_modules/@angular/core/fesm2022/debug_node.mjs:30245:47)
	    at getComponentDef (node_modules/@angular/core/fesm2022/testing.mjs:1605:18)
	    at isStandaloneComponent (node_modules/@angular/core/fesm2022/testing.mjs:1601:17)
	    at queueTypesFromModulesArrayRecur (node_modules/@angular/core/fesm2022/testing.mjs:1325:26)
	    at TestBedCompiler.queueTypesFromModulesArray (node_modules/@angular/core/fesm2022/testing.mjs:1348:9)
	    at TestBedCompiler.configureTestingModule (node_modules/@angular/core/fesm2022/testing.mjs:856:18)
	    at TestBedImpl.configureTestingModule (node_modules/@angular/core/fesm2022/testing.mjs:1993:23)
	    at TestBedImpl.configureTestingModule (node_modules/@angular/core/fesm2022/testing.mjs:1805:37)
[1A[2K[31mChrome Headless 144.0.0.0 (Windows 10) NavbarComponent should set the login status to be false via UserService FAILED[39m
	Failed: Errors during JIT compilation of template for NavbarComponent: Unexpected closing tag "nav". It may happen when the tag has already been closed by another tag. For more info see https://www.w3.org/TR/html5/syntax.html#closing-elements-that-have-implied-end-tags ("
	      </mat-menu>
	
	    [ERROR ->]</nav>
	  </mat-toolbar>
	</header>"): ng:///NavbarComponent/template.html@307:4
	    at parseJitTemplate (node_modules/@angular/compiler/fesm2022/compiler.mjs:32326:15)
	    at CompilerFacadeImpl.compileComponent (node_modules/@angular/compiler/fesm2022/compiler.mjs:32000:52)
	    at NavbarComponent.╔╡cmp (node_modules/@angular/core/fesm2022/debug_node.mjs:30245:47)
	    at getComponentDef (node_modules/@angular/core/fesm2022/testing.mjs:1605:18)
	    at isStandaloneComponent (node_modules/@angular/core/fesm2022/testing.mjs:1601:17)
	    at queueTypesFromModulesArrayRecur (node_modules/@angular/core/fesm2022/testing.mjs:1325:26)
	    at TestBedCompiler.queueTypesFromModulesArray (node_modules/@angular/core/fesm2022/testing.mjs:1348:9)
	    at TestBedCompiler.configureTestingModule (node_modules/@angular/core/fesm2022/testing.mjs:856:18)
	    at TestBedImpl.configureTestingModule (node_modules/@angular/core/fesm2022/testing.mjs:1993:23)
	    at TestBedImpl.configureTestingModule (node_modules/@angular/core/fesm2022/testing.mjs:1805:37)
Chrome Headless 144.0.0.0 (Windows 10): Executed 375 of 767[31m (144 FAILED)[39m (skipped 2) (0 secs / 6.193 secs)
Chrome Headless 144.0.0.0 (Windows 10) NavbarComponent should set the login status to be false via UserService FAILED
	Failed: Errors during JIT compilation of template for NavbarComponent: Unexpected closing tag "nav". It may happen when the tag has already been closed by another tag. For more info see https://www.w3.org/TR/html5/syntax.html#closing-elements-that-have-implied-end-tags ("
	      </mat-menu>
	
	    [ERROR ->]</nav>
	  </mat-toolbar>
	</header>"): ng:///NavbarComponent/template.html@307:4
	    at parseJitTemplate (node_modules/@angular/compiler/fesm2022/compiler.mjs:32326:15)
	    at CompilerFacadeImpl.compileComponent (node_modules/@angular/compiler/fesm2022/compiler.mjs:32000:52)
	    at NavbarComponent.╔╡cmp (node_modules/@angular/core/fesm2022/debug_node.mjs:30245:47)
	    at getComponentDef (node_modules/@angular/core/fesm2022/testing.mjs:1605:18)
	    at isStandaloneComponent (node_modules/@angular/core/fesm2022/testing.mjs:1601:17)
	    at queueTypesFromModulesArrayRecur (node_modules/@angular/core/fesm2022/testing.mjs:1325:26)
	    at TestBedCompiler.queueTypesFromModulesArray (node_modules/@angular/core/fesm2022/testing.mjs:1348:9)
	    at TestBedCompiler.configureTestingModule (node_modules/@angular/core/fesm2022/testing.mjs:856:18)
	    at TestBedImpl.configureTestingModule (node_modules/@angular/core/fesm2022/testing.mjs:1993:23)
	    at TestBedImpl.configureTestingModule (node_modules/@angular/core/fesm2022/testing.mjs:1805:37)
[1A[2K[31mChrome Headless 144.0.0.0 (Windows 10) NavbarComponent should remove authentication token from cookies FAILED[39m
	Failed: Errors during JIT compilation of template for NavbarComponent: Unexpected closing tag "nav". It may happen when the tag has already been closed by another tag. For more info see https://www.w3.org/TR/html5/syntax.html#closing-elements-that-have-implied-end-tags ("
	      </mat-menu>
	
	    [ERROR ->]</nav>
	  </mat-toolbar>
	</header>"): ng:///NavbarComponent/template.html@307:4
	    at parseJitTemplate (node_modules/@angular/compiler/fesm2022/compiler.mjs:32326:15)
	    at CompilerFacadeImpl.compileComponent (node_modules/@angular/compiler/fesm2022/compiler.mjs:32000:52)
	    at NavbarComponent.╔╡cmp (node_modules/@angular/core/fesm2022/debug_node.mjs:30245:47)
	    at getComponentDef (node_modules/@angular/core/fesm2022/testing.mjs:1605:18)
	    at isStandaloneComponent (node_modules/@angular/core/fesm2022/testing.mjs:1601:17)
	    at queueTypesFromModulesArrayRecur (node_modules/@angular/core/fesm2022/testing.mjs:1325:26)
	    at TestBedCompiler.queueTypesFromModulesArray (node_modules/@angular/core/fesm2022/testing.mjs:1348:9)
	    at TestBedCompiler.configureTestingModule (node_modules/@angular/core/fesm2022/testing.mjs:856:18)
	    at TestBedImpl.configureTestingModule (node_modules/@angular/core/fesm2022/testing.mjs:1993:23)
	    at TestBedImpl.configureTestingModule (node_modules/@angular/core/fesm2022/testing.mjs:1805:37)
Chrome Headless 144.0.0.0 (Windows 10): Executed 376 of 767[31m (145 FAILED)[39m (skipped 2) (0 secs / 6.2 secs)
Chrome Headless 144.0.0.0 (Windows 10) NavbarComponent should remove authentication token from cookies FAILED
	Failed: Errors during JIT compilation of template for NavbarComponent: Unexpected closing tag "nav". It may happen when the tag has already been closed by another tag. For more info see https://www.w3.org/TR/html5/syntax.html#closing-elements-that-have-implied-end-tags ("
	      </mat-menu>
	
	    [ERROR ->]</nav>
	  </mat-toolbar>
	</header>"): ng:///NavbarComponent/template.html@307:4
	    at parseJitTemplate (node_modules/@angular/compiler/fesm2022/compiler.mjs:32326:15)
	    at CompilerFacadeImpl.compileComponent (node_modules/@angular/compiler/fesm2022/compiler.mjs:32000:52)
	    at NavbarComponent.╔╡cmp (node_modules/@angular/core/fesm2022/debug_node.mjs:30245:47)
	    at getComponentDef (node_modules/@angular/core/fesm2022/testing.mjs:1605:18)
	    at isStandaloneComponent (node_modules/@angular/core/fesm2022/testing.mjs:1601:17)
	    at queueTypesFromModulesArrayRecur (node_modules/@angular/core/fesm2022/testing.mjs:1325:26)
	    at TestBedCompiler.queueTypesFromModulesArray (node_modules/@angular/core/fesm2022/testing.mjs:1348:9)
	    at TestBedCompiler.configureTestingModule (node_modules/@angular/core/fesm2022/testing.mjs:856:18)
	    at TestBedImpl.configureTestingModule (node_modules/@angular/core/fesm2022/testing.mjs:1993:23)
	    at TestBedImpl.configureTestingModule (node_modules/@angular/core/fesm2022/testing.mjs:1805:37)
[1A[2K[31mChrome Headless 144.0.0.0 (Windows 10) NavbarComponent forwards to search result with search query as URL parameter FAILED[39m
	Failed: Errors during JIT compilation of template for NavbarComponent: Unexpected closing tag "nav". It may happen when the tag has already been closed by another tag. For more info see https://www.w3.org/TR/html5/syntax.html#closing-elements-that-have-implied-end-tags ("
	      </mat-menu>
	
	    [ERROR ->]</nav>
	  </mat-toolbar>
	</header>"): ng:///NavbarComponent/template.html@307:4
	    at parseJitTemplate (node_modules/@angular/compiler/fesm2022/compiler.mjs:32326:15)
	    at CompilerFacadeImpl.compileComponent (node_modules/@angular/compiler/fesm2022/compiler.mjs:32000:52)
	    at NavbarComponent.╔╡cmp (node_modules/@angular/core/fesm2022/debug_node.mjs:30245:47)
	    at getComponentDef (node_modules/@angular/core/fesm2022/testing.mjs:1605:18)
	    at isStandaloneComponent (node_modules/@angular/core/fesm2022/testing.mjs:1601:17)
	    at queueTypesFromModulesArrayRecur (node_modules/@angular/core/fesm2022/testing.mjs:1325:26)
	    at TestBedCompiler.queueTypesFromModulesArray (node_modules/@angular/core/fesm2022/testing.mjs:1348:9)
	    at TestBedCompiler.configureTestingModule (node_modules/@angular/core/fesm2022/testing.mjs:856:18)
	    at TestBedImpl.configureTestingModule (node_modules/@angular/core/fesm2022/testing.mjs:1993:23)
	    at TestBedImpl.configureTestingModule (node_modules/@angular/core/fesm2022/testing.mjs:1805:37)
Chrome Headless 144.0.0.0 (Windows 10): Executed 377 of 767[31m (146 FAILED)[39m (skipped 2) (0 secs / 6.202 secs)
Chrome Headless 144.0.0.0 (Windows 10) NavbarComponent forwards to search result with search query as URL parameter FAILED
	Failed: Errors during JIT compilation of template for NavbarComponent: Unexpected closing tag "nav". It may happen when the tag has already been closed by another tag. For more info see https://www.w3.org/TR/html5/syntax.html#closing-elements-that-have-implied-end-tags ("
	      </mat-menu>
	
	    [ERROR ->]</nav>
	  </mat-toolbar>
	</header>"): ng:///NavbarComponent/template.html@307:4
	    at parseJitTemplate (node_modules/@angular/compiler/fesm2022/compiler.mjs:32326:15)
	    at CompilerFacadeImpl.compileComponent (node_modules/@angular/compiler/fesm2022/compiler.mjs:32000:52)
	    at NavbarComponent.╔╡cmp (node_modules/@angular/core/fesm2022/debug_node.mjs:30245:47)
	    at getComponentDef (node_modules/@angular/core/fesm2022/testing.mjs:1605:18)
	    at isStandaloneComponent (node_modules/@angular/core/fesm2022/testing.mjs:1601:17)
	    at queueTypesFromModulesArrayRecur (node_modules/@angular/core/fesm2022/testing.mjs:1325:26)
	    at TestBedCompiler.queueTypesFromModulesArray (node_modules/@angular/core/fesm2022/testing.mjs:1348:9)
	    at TestBedCompiler.configureTestingModule (node_modules/@angular/core/fesm2022/testing.mjs:856:18)
	    at TestBedImpl.configureTestingModule (node_modules/@angular/core/fesm2022/testing.mjs:1993:23)
	    at TestBedImpl.configureTestingModule (node_modules/@angular/core/fesm2022/testing.mjs:1805:37)
[1A[2K[31mChrome Headless 144.0.0.0 (Windows 10) NavbarComponent should show nothing on missing application version FAILED[39m
	Failed: Errors during JIT compilation of template for NavbarComponent: Unexpected closing tag "nav". It may happen when the tag has already been closed by another tag. For more info see https://www.w3.org/TR/html5/syntax.html#closing-elements-that-have-implied-end-tags ("
	      </mat-menu>
	
	    [ERROR ->]</nav>
	  </mat-toolbar>
	</header>"): ng:///NavbarComponent/template.html@307:4
	    at parseJitTemplate (node_modules/@angular/compiler/fesm2022/compiler.mjs:32326:15)
	    at CompilerFacadeImpl.compileComponent (node_modules/@angular/compiler/fesm2022/compiler.mjs:32000:52)
	    at NavbarComponent.╔╡cmp (node_modules/@angular/core/fesm2022/debug_node.mjs:30245:47)
	    at getComponentDef (node_modules/@angular/core/fesm2022/testing.mjs:1605:18)
	    at isStandaloneComponent (node_modules/@angular/core/fesm2022/testing.mjs:1601:17)
	    at queueTypesFromModulesArrayRecur (node_modules/@angular/core/fesm2022/testing.mjs:1325:26)
	    at TestBedCompiler.queueTypesFromModulesArray (node_modules/@angular/core/fesm2022/testing.mjs:1348:9)
	    at TestBedCompiler.configureTestingModule (node_modules/@angular/core/fesm2022/testing.mjs:856:18)
	    at TestBedImpl.configureTestingModule (node_modules/@angular/core/fesm2022/testing.mjs:1993:23)
	    at TestBedImpl.configureTestingModule (node_modules/@angular/core/fesm2022/testing.mjs:1805:37)
Chrome Headless 144.0.0.0 (Windows 10): Executed 378 of 767[31m (147 FAILED)[39m (skipped 2) (0 secs / 6.207 secs)
Chrome Headless 144.0.0.0 (Windows 10) NavbarComponent should show nothing on missing application version FAILED
	Failed: Errors during JIT compilation of template for NavbarComponent: Unexpected closing tag "nav". It may happen when the tag has already been closed by another tag. For more info see https://www.w3.org/TR/html5/syntax.html#closing-elements-that-have-implied-end-tags ("
	      </mat-menu>
	
	    [ERROR ->]</nav>
	  </mat-toolbar>
	</header>"): ng:///NavbarComponent/template.html@307:4
	    at parseJitTemplate (node_modules/@angular/compiler/fesm2022/compiler.mjs:32326:15)
	    at CompilerFacadeImpl.compileComponent (node_modules/@angular/compiler/fesm2022/compiler.mjs:32000:52)
	    at NavbarComponent.╔╡cmp (node_modules/@angular/core/fesm2022/debug_node.mjs:30245:47)
	    at getComponentDef (node_modules/@angular/core/fesm2022/testing.mjs:1605:18)
	    at isStandaloneComponent (node_modules/@angular/core/fesm2022/testing.mjs:1601:17)
	    at queueTypesFromModulesArrayRecur (node_modules/@angular/core/fesm2022/testing.mjs:1325:26)
	    at TestBedCompiler.queueTypesFromModulesArray (node_modules/@angular/core/fesm2022/testing.mjs:1348:9)
	    at TestBedCompiler.configureTestingModule (node_modules/@angular/core/fesm2022/testing.mjs:856:18)
	    at TestBedImpl.configureTestingModule (node_modules/@angular/core/fesm2022/testing.mjs:1993:23)
	    at TestBedImpl.configureTestingModule (node_modules/@angular/core/fesm2022/testing.mjs:1805:37)
[1A[2K[31mChrome Headless 144.0.0.0 (Windows 10) NavbarComponent should log error while getting application configuration from backend API directly to browser console FAILED[39m
	Failed: Errors during JIT compilation of template for NavbarComponent: Unexpected closing tag "nav". It may happen when the tag has already been closed by another tag. For more info see https://www.w3.org/TR/html5/syntax.html#closing-elements-that-have-implied-end-tags ("
	      </mat-menu>
	
	    [ERROR ->]</nav>
	  </mat-toolbar>
	</header>"): ng:///NavbarComponent/template.html@307:4
	    at parseJitTemplate (node_modules/@angular/compiler/fesm2022/compiler.mjs:32326:15)
	    at CompilerFacadeImpl.compileComponent (node_modules/@angular/compiler/fesm2022/compiler.mjs:32000:52)
	    at NavbarComponent.╔╡cmp (node_modules/@angular/core/fesm2022/debug_node.mjs:30245:47)
	    at getComponentDef (node_modules/@angular/core/fesm2022/testing.mjs:1605:18)
	    at isStandaloneComponent (node_modules/@angular/core/fesm2022/testing.mjs:1601:17)
	    at queueTypesFromModulesArrayRecur (node_modules/@angular/core/fesm2022/testing.mjs:1325:26)
	    at TestBedCompiler.queueTypesFromModulesArray (node_modules/@angular/core/fesm2022/testing.mjs:1348:9)
	    at TestBedCompiler.configureTestingModule (node_modules/@angular/core/fesm2022/testing.mjs:856:18)
	    at TestBedImpl.configureTestingModule (node_modules/@angular/core/fesm2022/testing.mjs:1993:23)
	    at TestBedImpl.configureTestingModule (node_modules/@angular/core/fesm2022/testing.mjs:1805:37)
Chrome Headless 144.0.0.0 (Windows 10): Executed 379 of 767[31m (148 FAILED)[39m (skipped 2) (0 secs / 6.209 secs)
Chrome Headless 144.0.0.0 (Windows 10) NavbarComponent should log error while getting application configuration from backend API directly to browser console FAILED
	Failed: Errors during JIT compilation of template for NavbarComponent: Unexpected closing tag "nav". It may happen when the tag has already been closed by another tag. For more info see https://www.w3.org/TR/html5/syntax.html#closing-elements-that-have-implied-end-tags ("
	      </mat-menu>
	
	    [ERROR ->]</nav>
	  </mat-toolbar>
	</header>"): ng:///NavbarComponent/template.html@307:4
	    at parseJitTemplate (node_modules/@angular/compiler/fesm2022/compiler.mjs:32326:15)
	    at CompilerFacadeImpl.compileComponent (node_modules/@angular/compiler/fesm2022/compiler.mjs:32000:52)
	    at NavbarComponent.╔╡cmp (node_modules/@angular/core/fesm2022/debug_node.mjs:30245:47)
	    at getComponentDef (node_modules/@angular/core/fesm2022/testing.mjs:1605:18)
	    at isStandaloneComponent (node_modules/@angular/core/fesm2022/testing.mjs:1601:17)
	    at queueTypesFromModulesArrayRecur (node_modules/@angular/core/fesm2022/testing.mjs:1325:26)
	    at TestBedCompiler.queueTypesFromModulesArray (node_modules/@angular/core/fesm2022/testing.mjs:1348:9)
	    at TestBedCompiler.configureTestingModule (node_modules/@angular/core/fesm2022/testing.mjs:856:18)
	    at TestBedImpl.configureTestingModule (node_modules/@angular/core/fesm2022/testing.mjs:1993:23)
	    at TestBedImpl.configureTestingModule (node_modules/@angular/core/fesm2022/testing.mjs:1805:37)
[1A[2K[31mChrome Headless 144.0.0.0 (Windows 10) NavbarComponent should show nothing on error retrieving application version FAILED[39m
	Failed: Errors during JIT compilation of template for NavbarComponent: Unexpected closing tag "nav". It may happen when the tag has already been closed by another tag. For more info see https://www.w3.org/TR/html5/syntax.html#closing-elements-that-have-implied-end-tags ("
	      </mat-menu>
	
	    [ERROR ->]</nav>
	  </mat-toolbar>
	</header>"): ng:///NavbarComponent/template.html@307:4
	    at parseJitTemplate (node_modules/@angular/compiler/fesm2022/compiler.mjs:32326:15)
	    at CompilerFacadeImpl.compileComponent (node_modules/@angular/compiler/fesm2022/compiler.mjs:32000:52)
	    at NavbarComponent.╔╡cmp (node_modules/@angular/core/fesm2022/debug_node.mjs:30245:47)
	    at getComponentDef (node_modules/@angular/core/fesm2022/testing.mjs:1605:18)
	    at isStandaloneComponent (node_modules/@angular/core/fesm2022/testing.mjs:1601:17)
	    at queueTypesFromModulesArrayRecur (node_modules/@angular/core/fesm2022/testing.mjs:1325:26)
	    at TestBedCompiler.queueTypesFromModulesArray (node_modules/@angular/core/fesm2022/testing.mjs:1348:9)
	    at TestBedCompiler.configureTestingModule (node_modules/@angular/core/fesm2022/testing.mjs:856:18)
	    at TestBedImpl.configureTestingModule (node_modules/@angular/core/fesm2022/testing.mjs:1993:23)
	    at TestBedImpl.configureTestingModule (node_modules/@angular/core/fesm2022/testing.mjs:1805:37)
Chrome Headless 144.0.0.0 (Windows 10): Executed 380 of 767[31m (149 FAILED)[39m (skipped 2) (0 secs / 6.215 secs)
Chrome Headless 144.0.0.0 (Windows 10) NavbarComponent should show nothing on error retrieving application version FAILED
	Failed: Errors during JIT compilation of template for NavbarComponent: Unexpected closing tag "nav". It may happen when the tag has already been closed by another tag. For more info see https://www.w3.org/TR/html5/syntax.html#closing-elements-that-have-implied-end-tags ("
	      </mat-menu>
	
	    [ERROR ->]</nav>
	  </mat-toolbar>
	</header>"): ng:///NavbarComponent/template.html@307:4
	    at parseJitTemplate (node_modules/@angular/compiler/fesm2022/compiler.mjs:32326:15)
	    at CompilerFacadeImpl.compileComponent (node_modules/@angular/compiler/fesm2022/compiler.mjs:32000:52)
	    at NavbarComponent.╔╡cmp (node_modules/@angular/core/fesm2022/debug_node.mjs:30245:47)
	    at getComponentDef (node_modules/@angular/core/fesm2022/testing.mjs:1605:18)
	    at isStandaloneComponent (node_modules/@angular/core/fesm2022/testing.mjs:1601:17)
	    at queueTypesFromModulesArrayRecur (node_modules/@angular/core/fesm2022/testing.mjs:1325:26)
	    at TestBedCompiler.queueTypesFromModulesArray (node_modules/@angular/core/fesm2022/testing.mjs:1348:9)
	    at TestBedCompiler.configureTestingModule (node_modules/@angular/core/fesm2022/testing.mjs:856:18)
	    at TestBedImpl.configureTestingModule (node_modules/@angular/core/fesm2022/testing.mjs:1993:23)
	    at TestBedImpl.configureTestingModule (node_modules/@angular/core/fesm2022/testing.mjs:1805:37)
[1A[2K[31mChrome Headless 144.0.0.0 (Windows 10) NavbarComponent should log errors directly to browser console FAILED[39m
	Failed: Errors during JIT compilation of template for NavbarComponent: Unexpected closing tag "nav". It may happen when the tag has already been closed by another tag. For more info see https://www.w3.org/TR/html5/syntax.html#closing-elements-that-have-implied-end-tags ("
	      </mat-menu>
	
	    [ERROR ->]</nav>
	  </mat-toolbar>
	</header>"): ng:///NavbarComponent/template.html@307:4
	    at parseJitTemplate (node_modules/@angular/compiler/fesm2022/compiler.mjs:32326:15)
	    at CompilerFacadeImpl.compileComponent (node_modules/@angular/compiler/fesm2022/compiler.mjs:32000:52)
	    at NavbarComponent.╔╡cmp (node_modules/@angular/core/fesm2022/debug_node.mjs:30245:47)
	    at getComponentDef (node_modules/@angular/core/fesm2022/testing.mjs:1605:18)
	    at isStandaloneComponent (node_modules/@angular/core/fesm2022/testing.mjs:1601:17)
	    at queueTypesFromModulesArrayRecur (node_modules/@angular/core/fesm2022/testing.mjs:1325:26)
	    at TestBedCompiler.queueTypesFromModulesArray (node_modules/@angular/core/fesm2022/testing.mjs:1348:9)
	    at TestBedCompiler.configureTestingModule (node_modules/@angular/core/fesm2022/testing.mjs:856:18)
	    at TestBedImpl.configureTestingModule (node_modules/@angular/core/fesm2022/testing.mjs:1993:23)
	    at TestBedImpl.configureTestingModule (node_modules/@angular/core/fesm2022/testing.mjs:1805:37)
Chrome Headless 144.0.0.0 (Windows 10): Executed 381 of 767[31m (150 FAILED)[39m (skipped 2) (0 secs / 6.219 secs)
Chrome Headless 144.0.0.0 (Windows 10) NavbarComponent should log errors directly to browser console FAILED
	Failed: Errors during JIT compilation of template for NavbarComponent: Unexpected closing tag "nav". It may happen when the tag has already been closed by another tag. For more info see https://www.w3.org/TR/html5/syntax.html#closing-elements-that-have-implied-end-tags ("
	      </mat-menu>
	
	    [ERROR ->]</nav>
	  </mat-toolbar>
	</header>"): ng:///NavbarComponent/template.html@307:4
	    at parseJitTemplate (node_modules/@angular/compiler/fesm2022/compiler.mjs:32326:15)
	    at CompilerFacadeImpl.compileComponent (node_modules/@angular/compiler/fesm2022/compiler.mjs:32000:52)
	    at NavbarComponent.╔╡cmp (node_modules/@angular/core/fesm2022/debug_node.mjs:30245:47)
	    at getComponentDef (node_modules/@angular/core/fesm2022/testing.mjs:1605:18)
	    at isStandaloneComponent (node_modules/@angular/core/fesm2022/testing.mjs:1601:17)
	    at queueTypesFromModulesArrayRecur (node_modules/@angular/core/fesm2022/testing.mjs:1325:26)
	    at TestBedCompiler.queueTypesFromModulesArray (node_modules/@angular/core/fesm2022/testing.mjs:1348:9)
	    at TestBedCompiler.configureTestingModule (node_modules/@angular/core/fesm2022/testing.mjs:856:18)
	    at TestBedImpl.configureTestingModule (node_modules/@angular/core/fesm2022/testing.mjs:1993:23)
	    at TestBedImpl.configureTestingModule (node_modules/@angular/core/fesm2022/testing.mjs:1805:37)
[1A[2K[31mChrome Headless 144.0.0.0 (Windows 10) NavbarComponent should show Score Board menu item if corresponding challenge has been solved FAILED[39m
	Failed: Errors during JIT compilation of template for NavbarComponent: Unexpected closing tag "nav". It may happen when the tag has already been closed by another tag. For more info see https://www.w3.org/TR/html5/syntax.html#closing-elements-that-have-implied-end-tags ("
	      </mat-menu>
	
	    [ERROR ->]</nav>
	  </mat-toolbar>
	</header>"): ng:///NavbarComponent/template.html@307:4
	    at parseJitTemplate (node_modules/@angular/compiler/fesm2022/compiler.mjs:32326:15)
	    at CompilerFacadeImpl.compileComponent (node_modules/@angular/compiler/fesm2022/compiler.mjs:32000:52)
	    at NavbarComponent.╔╡cmp (node_modules/@angular/core/fesm2022/debug_node.mjs:30245:47)
	    at getComponentDef (node_modules/@angular/core/fesm2022/testing.mjs:1605:18)
	    at isStandaloneComponent (node_modules/@angular/core/fesm2022/testing.mjs:1601:17)
	    at queueTypesFromModulesArrayRecur (node_modules/@angular/core/fesm2022/testing.mjs:1325:26)
	    at TestBedCompiler.queueTypesFromModulesArray (node_modules/@angular/core/fesm2022/testing.mjs:1348:9)
	    at TestBedCompiler.configureTestingModule (node_modules/@angular/core/fesm2022/testing.mjs:856:18)
	    at TestBedImpl.configureTestingModule (node_modules/@angular/core/fesm2022/testing.mjs:1993:23)
	    at TestBedImpl.configureTestingModule (node_modules/@angular/core/fesm2022/testing.mjs:1805:37)
Chrome Headless 144.0.0.0 (Windows 10): Executed 382 of 767[31m (151 FAILED)[39m (skipped 2) (0 secs / 6.223 secs)
Chrome Headless 144.0.0.0 (Windows 10) NavbarComponent should show Score Board menu item if corresponding challenge has been solved FAILED
	Failed: Errors during JIT compilation of template for NavbarComponent: Unexpected closing tag "nav". It may happen when the tag has already been closed by another tag. For more info see https://www.w3.org/TR/html5/syntax.html#closing-elements-that-have-implied-end-tags ("
	      </mat-menu>
	
	    [ERROR ->]</nav>
	  </mat-toolbar>
	</header>"): ng:///NavbarComponent/template.html@307:4
	    at parseJitTemplate (node_modules/@angular/compiler/fesm2022/compiler.mjs:32326:15)
	    at CompilerFacadeImpl.compileComponent (node_modules/@angular/compiler/fesm2022/compiler.mjs:32000:52)
	    at NavbarComponent.╔╡cmp (node_modules/@angular/core/fesm2022/debug_node.mjs:30245:47)
	    at getComponentDef (node_modules/@angular/core/fesm2022/testing.mjs:1605:18)
	    at isStandaloneComponent (node_modules/@angular/core/fesm2022/testing.mjs:1601:17)
	    at queueTypesFromModulesArrayRecur (node_modules/@angular/core/fesm2022/testing.mjs:1325:26)
	    at TestBedCompiler.queueTypesFromModulesArray (node_modules/@angular/core/fesm2022/testing.mjs:1348:9)
	    at TestBedCompiler.configureTestingModule (node_modules/@angular/core/fesm2022/testing.mjs:856:18)
	    at TestBedImpl.configureTestingModule (node_modules/@angular/core/fesm2022/testing.mjs:1993:23)
	    at TestBedImpl.configureTestingModule (node_modules/@angular/core/fesm2022/testing.mjs:1805:37)
[1A[2KChrome Headless 144.0.0.0 (Windows 10): Executed 383 of 767[31m (151 FAILED)[39m (skipped 2) (0 secs / 6.225 secs)
[1A[2KChrome Headless 144.0.0.0 (Windows 10): Executed 384 of 767[31m (151 FAILED)[39m (skipped 2) (0 secs / 6.226 secs)
[1A[2KChrome Headless 144.0.0.0 (Windows 10): Executed 385 of 767[31m (151 FAILED)[39m (skipped 2) (0 secs / 6.227 secs)
[1A[2KChrome Headless 144.0.0.0 (Windows 10): Executed 386 of 767[31m (151 FAILED)[39m (skipped 2) (0 secs / 6.229 secs)
[1A[2KChrome Headless 144.0.0.0 (Windows 10): Executed 387 of 767[31m (151 FAILED)[39m (skipped 2) (0 secs / 6.231 secs)
[1A[2KChrome Headless 144.0.0.0 (Windows 10): Executed 388 of 767[31m (151 FAILED)[39m (skipped 2) (0 secs / 6.232 secs)
[1A[2KChrome Headless 144.0.0.0 (Windows 10): Executed 389 of 767[31m (151 FAILED)[39m (skipped 2) (0 secs / 6.234 secs)
[1A[2KChrome Headless 144.0.0.0 (Windows 10): Executed 390 of 767[31m (151 FAILED)[39m (skipped 2) (0 secs / 6.235 secs)
[1A[2KChrome Headless 144.0.0.0 (Windows 10): Executed 391 of 767[31m (151 FAILED)[39m (skipped 2) (0 secs / 6.236 secs)
[1A[2KChrome Headless 144.0.0.0 (Windows 10): Executed 392 of 767[31m (151 FAILED)[39m (skipped 2) (0 secs / 6.242 secs)
[1A[2KChrome Headless 144.0.0.0 (Windows 10): Executed 393 of 767[31m (151 FAILED)[39m (skipped 2) (0 secs / 6.261 secs)
[1A[2KChrome Headless 144.0.0.0 (Windows 10): Executed 394 of 767[31m (151 FAILED)[39m (skipped 2) (0 secs / 6.262 secs)
[1A[2KChrome Headless 144.0.0.0 (Windows 10): Executed 395 of 767[31m (151 FAILED)[39m (skipped 2) (0 secs / 6.262 secs)
[1A[2KChrome Headless 144.0.0.0 (Windows 10): Executed 396 of 767[31m (151 FAILED)[39m (skipped 2) (0 secs / 6.263 secs)
[1A[2KChrome Headless 144.0.0.0 (Windows 10): Executed 397 of 767[31m (151 FAILED)[39m (skipped 2) (0 secs / 6.274 secs)
[1A[2KChrome Headless 144.0.0.0 (Windows 10): Executed 398 of 767[31m (151 FAILED)[39m (skipped 2) (0 secs / 6.295 secs)
[1A[2KChrome Headless 144.0.0.0 (Windows 10): Executed 399 of 767[31m (151 FAILED)[39m (skipped 2) (0 secs / 6.314 secs)
[1A[2KChrome Headless 144.0.0.0 (Windows 10): Executed 400 of 767[31m (151 FAILED)[39m (skipped 2) (0 secs / 6.317 secs)
[1A[2KChrome Headless 144.0.0.0 (Windows 10): Executed 401 of 767[31m (151 FAILED)[39m (skipped 2) (0 secs / 6.319 secs)
[1A[2KChrome Headless 144.0.0.0 (Windows 10): Executed 402 of 767[31m (151 FAILED)[39m (skipped 2) (0 secs / 6.321 secs)
[1A[2KChrome Headless 144.0.0.0 (Windows 10): Executed 403 of 767[31m (151 FAILED)[39m (skipped 2) (0 secs / 6.324 secs)
[1A[2KChrome Headless 144.0.0.0 (Windows 10): Executed 404 of 767[31m (151 FAILED)[39m (skipped 2) (0 secs / 6.326 secs)
[1A[2KChrome Headless 144.0.0.0 (Windows 10): Executed 405 of 767[31m (151 FAILED)[39m (skipped 2) (0 secs / 6.327 secs)
[1A[2KChrome Headless 144.0.0.0 (Windows 10): Executed 406 of 767[31m (151 FAILED)[39m (skipped 2) (0 secs / 6.333 secs)
[1A[2KChrome Headless 144.0.0.0 (Windows 10): Executed 407 of 767[31m (151 FAILED)[39m (skipped 2) (0 secs / 6.336 secs)
[1A[2KChrome Headless 144.0.0.0 (Windows 10): Executed 408 of 767[31m (151 FAILED)[39m (skipped 2) (0 secs / 6.338 secs)
[1A[2KChrome Headless 144.0.0.0 (Windows 10): Executed 409 of 767[31m (151 FAILED)[39m (skipped 2) (0 secs / 6.34 secs)
[1A[2KChrome Headless 144.0.0.0 (Windows 10): Executed 410 of 767[31m (151 FAILED)[39m (skipped 2) (0 secs / 6.342 secs)
[1A[2KChrome Headless 144.0.0.0 (Windows 10): Executed 411 of 767[31m (151 FAILED)[39m (skipped 2) (0 secs / 6.344 secs)
[1A[2KChrome Headless 144.0.0.0 (Windows 10): Executed 412 of 767[31m (151 FAILED)[39m (skipped 2) (0 secs / 6.345 secs)
[1A[2KChrome Headless 144.0.0.0 (Windows 10): Executed 413 of 767[31m (151 FAILED)[39m (skipped 2) (0 secs / 6.347 secs)
[1A[2KChrome Headless 144.0.0.0 (Windows 10): Executed 414 of 767[31m (151 FAILED)[39m (skipped 2) (0 secs / 6.348 secs)
[1A[2K[31mChrome Headless 144.0.0.0 (Windows 10) PhotoWallComponent should log error from get API call directly to browser console FAILED[39m
	Failed: Errors during JIT compilation of template for PhotoWallComponent: Unexpected closing tag "section". It may happen when the tag has already been closed by another tag. For more info see https://www.w3.org/TR/html5/syntax.html#closing-elements-that-have-implied-end-tags ("
	          </article>
	          }
	        [ERROR ->]</section>
	        } @else {
	        <mat-card appearance="outlined" class="mat-elevation-z0 emptyS"): ng:///PhotoWallComponent/template.html@37:8, Unexpected closing tag "div". It may happen when the tag has already been closed by another tag. For more info see https://www.w3.org/TR/html5/syntax.html#closing-elements-that-have-implied-end-tags ("          <input type="file" name='file' #filePicker (change)="onImagePicked($event)">
	            [ERROR ->]</div>
	            @if (imagePreview !== '' && imagePreview && form.get('image').valid) {
	         "): ng:///PhotoWallComponent/template.html@96:12, Unexpected closing tag "form". It may happen when the tag has already been closed by another tag. For more info see https://www.w3.org/TR/html5/syntax.html#closing-elements-that-have-implied-end-tags ("
	              {{'BTN_SUBMIT' | translate}}
	            </button>
	          [ERROR ->]</form>
	        </section>
	      </section>
	"): ng:///PhotoWallComponent/template.html@114:10
	    at parseJitTemplate (node_modules/@angular/compiler/fesm2022/compiler.mjs:32326:15)
	    at CompilerFacadeImpl.compileComponent (node_modules/@angular/compiler/fesm2022/compiler.mjs:32000:52)
	    at PhotoWallComponent.╔╡cmp (node_modules/@angular/core/fesm2022/debug_node.mjs:30245:47)
	    at getComponentDef (node_modules/@angular/core/fesm2022/testing.mjs:1605:18)
	    at isStandaloneComponent (node_modules/@angular/core/fesm2022/testing.mjs:1601:17)
	    at queueTypesFromModulesArrayRecur (node_modules/@angular/core/fesm2022/testing.mjs:1325:26)
	    at TestBedCompiler.queueTypesFromModulesArray (node_modules/@angular/core/fesm2022/testing.mjs:1348:9)
	    at TestBedCompiler.configureTestingModule (node_modules/@angular/core/fesm2022/testing.mjs:856:18)
	    at TestBedImpl.configureTestingModule (node_modules/@angular/core/fesm2022/testing.mjs:1993:23)
	    at TestBedImpl.configureTestingModule (node_modules/@angular/core/fesm2022/testing.mjs:1805:37)
Chrome Headless 144.0.0.0 (Windows 10): Executed 415 of 767[31m (152 FAILED)[39m (skipped 2) (0 secs / 6.354 secs)
Chrome Headless 144.0.0.0 (Windows 10) PhotoWallComponent should log error from get API call directly to browser console FAILED
	Failed: Errors during JIT compilation of template for PhotoWallComponent: Unexpected closing tag "section". It may happen when the tag has already been closed by another tag. For more info see https://www.w3.org/TR/html5/syntax.html#closing-elements-that-have-implied-end-tags ("
	          </article>
	          }
	        [ERROR ->]</section>
	        } @else {
	        <mat-card appearance="outlined" class="mat-elevation-z0 emptyS"): ng:///PhotoWallComponent/template.html@37:8, Unexpected closing tag "div". It may happen when the tag has already been closed by another tag. For more info see https://www.w3.org/TR/html5/syntax.html#closing-elements-that-have-implied-end-tags ("          <input type="file" name='file' #filePicker (change)="onImagePicked($event)">
	            [ERROR ->]</div>
	            @if (imagePreview !== '' && imagePreview && form.get('image').valid) {
	         "): ng:///PhotoWallComponent/template.html@96:12, Unexpected closing tag "form". It may happen when the tag has already been closed by another tag. For more info see https://www.w3.org/TR/html5/syntax.html#closing-elements-that-have-implied-end-tags ("
	              {{'BTN_SUBMIT' | translate}}
	            </button>
	          [ERROR ->]</form>
	        </section>
	      </section>
	"): ng:///PhotoWallComponent/template.html@114:10
	    at parseJitTemplate (node_modules/@angular/compiler/fesm2022/compiler.mjs:32326:15)
	    at CompilerFacadeImpl.compileComponent (node_modules/@angular/compiler/fesm2022/compiler.mjs:32000:52)
	    at PhotoWallComponent.╔╡cmp (node_modules/@angular/core/fesm2022/debug_node.mjs:30245:47)
	    at getComponentDef (node_modules/@angular/core/fesm2022/testing.mjs:1605:18)
	    at isStandaloneComponent (node_modules/@angular/core/fesm2022/testing.mjs:1601:17)
	    at queueTypesFromModulesArrayRecur (node_modules/@angular/core/fesm2022/testing.mjs:1325:26)
	    at TestBedCompiler.queueTypesFromModulesArray (node_modules/@angular/core/fesm2022/testing.mjs:1348:9)
	    at TestBedCompiler.configureTestingModule (node_modules/@angular/core/fesm2022/testing.mjs:856:18)
	    at TestBedImpl.configureTestingModule (node_modules/@angular/core/fesm2022/testing.mjs:1993:23)
	    at TestBedImpl.configureTestingModule (node_modules/@angular/core/fesm2022/testing.mjs:1805:37)
[1A[2K[31mChrome Headless 144.0.0.0 (Windows 10) PhotoWallComponent should log error while getting application configuration from backend API directly to browser console FAILED[39m
	Failed: Errors during JIT compilation of template for PhotoWallComponent: Unexpected closing tag "section". It may happen when the tag has already been closed by another tag. For more info see https://www.w3.org/TR/html5/syntax.html#closing-elements-that-have-implied-end-tags ("
	          </article>
	          }
	        [ERROR ->]</section>
	        } @else {
	        <mat-card appearance="outlined" class="mat-elevation-z0 emptyS"): ng:///PhotoWallComponent/template.html@37:8, Unexpected closing tag "div". It may happen when the tag has already been closed by another tag. For more info see https://www.w3.org/TR/html5/syntax.html#closing-elements-that-have-implied-end-tags ("          <input type="file" name='file' #filePicker (change)="onImagePicked($event)">
	            [ERROR ->]</div>
	            @if (imagePreview !== '' && imagePreview && form.get('image').valid) {
	         "): ng:///PhotoWallComponent/template.html@96:12, Unexpected closing tag "form". It may happen when the tag has already been closed by another tag. For more info see https://www.w3.org/TR/html5/syntax.html#closing-elements-that-have-implied-end-tags ("
	              {{'BTN_SUBMIT' | translate}}
	            </button>
	          [ERROR ->]</form>
	        </section>
	      </section>
	"): ng:///PhotoWallComponent/template.html@114:10
	    at parseJitTemplate (node_modules/@angular/compiler/fesm2022/compiler.mjs:32326:15)
	    at CompilerFacadeImpl.compileComponent (node_modules/@angular/compiler/fesm2022/compiler.mjs:32000:52)
	    at PhotoWallComponent.╔╡cmp (node_modules/@angular/core/fesm2022/debug_node.mjs:30245:47)
	    at getComponentDef (node_modules/@angular/core/fesm2022/testing.mjs:1605:18)
	    at isStandaloneComponent (node_modules/@angular/core/fesm2022/testing.mjs:1601:17)
	    at queueTypesFromModulesArrayRecur (node_modules/@angular/core/fesm2022/testing.mjs:1325:26)
	    at TestBedCompiler.queueTypesFromModulesArray (node_modules/@angular/core/fesm2022/testing.mjs:1348:9)
	    at TestBedCompiler.configureTestingModule (node_modules/@angular/core/fesm2022/testing.mjs:856:18)
	    at TestBedImpl.configureTestingModule (node_modules/@angular/core/fesm2022/testing.mjs:1993:23)
	    at TestBedImpl.configureTestingModule (node_modules/@angular/core/fesm2022/testing.mjs:1805:37)
Chrome Headless 144.0.0.0 (Windows 10): Executed 416 of 767[31m (153 FAILED)[39m (skipped 2) (0 secs / 6.36 secs)
Chrome Headless 144.0.0.0 (Windows 10) PhotoWallComponent should log error while getting application configuration from backend API directly to browser console FAILED
	Failed: Errors during JIT compilation of template for PhotoWallComponent: Unexpected closing tag "section". It may happen when the tag has already been closed by another tag. For more info see https://www.w3.org/TR/html5/syntax.html#closing-elements-that-have-implied-end-tags ("
	          </article>
	          }
	        [ERROR ->]</section>
	        } @else {
	        <mat-card appearance="outlined" class="mat-elevation-z0 emptyS"): ng:///PhotoWallComponent/template.html@37:8, Unexpected closing tag "div". It may happen when the tag has already been closed by another tag. For more info see https://www.w3.org/TR/html5/syntax.html#closing-elements-that-have-implied-end-tags ("          <input type="file" name='file' #filePicker (change)="onImagePicked($event)">
	            [ERROR ->]</div>
	            @if (imagePreview !== '' && imagePreview && form.get('image').valid) {
	         "): ng:///PhotoWallComponent/template.html@96:12, Unexpected closing tag "form". It may happen when the tag has already been closed by another tag. For more info see https://www.w3.org/TR/html5/syntax.html#closing-elements-that-have-implied-end-tags ("
	              {{'BTN_SUBMIT' | translate}}
	            </button>
	          [ERROR ->]</form>
	        </section>
	      </section>
	"): ng:///PhotoWallComponent/template.html@114:10
	    at parseJitTemplate (node_modules/@angular/compiler/fesm2022/compiler.mjs:32326:15)
	    at CompilerFacadeImpl.compileComponent (node_modules/@angular/compiler/fesm2022/compiler.mjs:32000:52)
	    at PhotoWallComponent.╔╡cmp (node_modules/@angular/core/fesm2022/debug_node.mjs:30245:47)
	    at getComponentDef (node_modules/@angular/core/fesm2022/testing.mjs:1605:18)
	    at isStandaloneComponent (node_modules/@angular/core/fesm2022/testing.mjs:1601:17)
	    at queueTypesFromModulesArrayRecur (node_modules/@angular/core/fesm2022/testing.mjs:1325:26)
	    at TestBedCompiler.queueTypesFromModulesArray (node_modules/@angular/core/fesm2022/testing.mjs:1348:9)
	    at TestBedCompiler.configureTestingModule (node_modules/@angular/core/fesm2022/testing.mjs:856:18)
	    at TestBedImpl.configureTestingModule (node_modules/@angular/core/fesm2022/testing.mjs:1993:23)
	    at TestBedImpl.configureTestingModule (node_modules/@angular/core/fesm2022/testing.mjs:1805:37)
[1A[2K[31mChrome Headless 144.0.0.0 (Windows 10) PhotoWallComponent should reinitizalise add memory form by calling resetForm FAILED[39m
	Failed: Errors during JIT compilation of template for PhotoWallComponent: Unexpected closing tag "section". It may happen when the tag has already been closed by another tag. For more info see https://www.w3.org/TR/html5/syntax.html#closing-elements-that-have-implied-end-tags ("
	          </article>
	          }
	        [ERROR ->]</section>
	        } @else {
	        <mat-card appearance="outlined" class="mat-elevation-z0 emptyS"): ng:///PhotoWallComponent/template.html@37:8, Unexpected closing tag "div". It may happen when the tag has already been closed by another tag. For more info see https://www.w3.org/TR/html5/syntax.html#closing-elements-that-have-implied-end-tags ("          <input type="file" name='file' #filePicker (change)="onImagePicked($event)">
	            [ERROR ->]</div>
	            @if (imagePreview !== '' && imagePreview && form.get('image').valid) {
	         "): ng:///PhotoWallComponent/template.html@96:12, Unexpected closing tag "form". It may happen when the tag has already been closed by another tag. For more info see https://www.w3.org/TR/html5/syntax.html#closing-elements-that-have-implied-end-tags ("
	              {{'BTN_SUBMIT' | translate}}
	            </button>
	          [ERROR ->]</form>
	        </section>
	      </section>
	"): ng:///PhotoWallComponent/template.html@114:10
	    at parseJitTemplate (node_modules/@angular/compiler/fesm2022/compiler.mjs:32326:15)
	    at CompilerFacadeImpl.compileComponent (node_modules/@angular/compiler/fesm2022/compiler.mjs:32000:52)
	    at PhotoWallComponent.╔╡cmp (node_modules/@angular/core/fesm2022/debug_node.mjs:30245:47)
	    at getComponentDef (node_modules/@angular/core/fesm2022/testing.mjs:1605:18)
	    at isStandaloneComponent (node_modules/@angular/core/fesm2022/testing.mjs:1601:17)
	    at queueTypesFromModulesArrayRecur (node_modules/@angular/core/fesm2022/testing.mjs:1325:26)
	    at TestBedCompiler.queueTypesFromModulesArray (node_modules/@angular/core/fesm2022/testing.mjs:1348:9)
	    at TestBedCompiler.configureTestingModule (node_modules/@angular/core/fesm2022/testing.mjs:856:18)
	    at TestBedImpl.configureTestingModule (node_modules/@angular/core/fesm2022/testing.mjs:1993:23)
	    at TestBedImpl.configureTestingModule (node_modules/@angular/core/fesm2022/testing.mjs:1805:37)
Chrome Headless 144.0.0.0 (Windows 10): Executed 417 of 767[31m (154 FAILED)[39m (skipped 2) (0 secs / 6.362 secs)
Chrome Headless 144.0.0.0 (Windows 10) PhotoWallComponent should reinitizalise add memory form by calling resetForm FAILED
	Failed: Errors during JIT compilation of template for PhotoWallComponent: Unexpected closing tag "section". It may happen when the tag has already been closed by another tag. For more info see https://www.w3.org/TR/html5/syntax.html#closing-elements-that-have-implied-end-tags ("
	          </article>
	          }
	        [ERROR ->]</section>
	        } @else {
	        <mat-card appearance="outlined" class="mat-elevation-z0 emptyS"): ng:///PhotoWallComponent/template.html@37:8, Unexpected closing tag "div". It may happen when the tag has already been closed by another tag. For more info see https://www.w3.org/TR/html5/syntax.html#closing-elements-that-have-implied-end-tags ("          <input type="file" name='file' #filePicker (change)="onImagePicked($event)">
	            [ERROR ->]</div>
	            @if (imagePreview !== '' && imagePreview && form.get('image').valid) {
	         "): ng:///PhotoWallComponent/template.html@96:12, Unexpected closing tag "form". It may happen when the tag has already been closed by another tag. For more info see https://www.w3.org/TR/html5/syntax.html#closing-elements-that-have-implied-end-tags ("
	              {{'BTN_SUBMIT' | translate}}
	            </button>
	          [ERROR ->]</form>
	        </section>
	      </section>
	"): ng:///PhotoWallComponent/template.html@114:10
	    at parseJitTemplate (node_modules/@angular/compiler/fesm2022/compiler.mjs:32326:15)
	    at CompilerFacadeImpl.compileComponent (node_modules/@angular/compiler/fesm2022/compiler.mjs:32000:52)
	    at PhotoWallComponent.╔╡cmp (node_modules/@angular/core/fesm2022/debug_node.mjs:30245:47)
	    at getComponentDef (node_modules/@angular/core/fesm2022/testing.mjs:1605:18)
	    at isStandaloneComponent (node_modules/@angular/core/fesm2022/testing.mjs:1601:17)
	    at queueTypesFromModulesArrayRecur (node_modules/@angular/core/fesm2022/testing.mjs:1325:26)
	    at TestBedCompiler.queueTypesFromModulesArray (node_modules/@angular/core/fesm2022/testing.mjs:1348:9)
	    at TestBedCompiler.configureTestingModule (node_modules/@angular/core/fesm2022/testing.mjs:856:18)
	    at TestBedImpl.configureTestingModule (node_modules/@angular/core/fesm2022/testing.mjs:1993:23)
	    at TestBedImpl.configureTestingModule (node_modules/@angular/core/fesm2022/testing.mjs:1805:37)
[1A[2K[31mChrome Headless 144.0.0.0 (Windows 10) PhotoWallComponent should create FAILED[39m
	Failed: Errors during JIT compilation of template for PhotoWallComponent: Unexpected closing tag "section". It may happen when the tag has already been closed by another tag. For more info see https://www.w3.org/TR/html5/syntax.html#closing-elements-that-have-implied-end-tags ("
	          </article>
	          }
	        [ERROR ->]</section>
	        } @else {
	        <mat-card appearance="outlined" class="mat-elevation-z0 emptyS"): ng:///PhotoWallComponent/template.html@37:8, Unexpected closing tag "div". It may happen when the tag has already been closed by another tag. For more info see https://www.w3.org/TR/html5/syntax.html#closing-elements-that-have-implied-end-tags ("          <input type="file" name='file' #filePicker (change)="onImagePicked($event)">
	            [ERROR ->]</div>
	            @if (imagePreview !== '' && imagePreview && form.get('image').valid) {
	         "): ng:///PhotoWallComponent/template.html@96:12, Unexpected closing tag "form". It may happen when the tag has already been closed by another tag. For more info see https://www.w3.org/TR/html5/syntax.html#closing-elements-that-have-implied-end-tags ("
	              {{'BTN_SUBMIT' | translate}}
	            </button>
	          [ERROR ->]</form>
	        </section>
	      </section>
	"): ng:///PhotoWallComponent/template.html@114:10
	    at parseJitTemplate (node_modules/@angular/compiler/fesm2022/compiler.mjs:32326:15)
	    at CompilerFacadeImpl.compileComponent (node_modules/@angular/compiler/fesm2022/compiler.mjs:32000:52)
	    at PhotoWallComponent.╔╡cmp (node_modules/@angular/core/fesm2022/debug_node.mjs:30245:47)
	    at getComponentDef (node_modules/@angular/core/fesm2022/testing.mjs:1605:18)
	    at isStandaloneComponent (node_modules/@angular/core/fesm2022/testing.mjs:1601:17)
	    at queueTypesFromModulesArrayRecur (node_modules/@angular/core/fesm2022/testing.mjs:1325:26)
	    at TestBedCompiler.queueTypesFromModulesArray (node_modules/@angular/core/fesm2022/testing.mjs:1348:9)
	    at TestBedCompiler.configureTestingModule (node_modules/@angular/core/fesm2022/testing.mjs:856:18)
	    at TestBedImpl.configureTestingModule (node_modules/@angular/core/fesm2022/testing.mjs:1993:23)
	    at TestBedImpl.configureTestingModule (node_modules/@angular/core/fesm2022/testing.mjs:1805:37)
Chrome Headless 144.0.0.0 (Windows 10): Executed 418 of 767[31m (155 FAILED)[39m (skipped 2) (0 secs / 6.364 secs)
Chrome Headless 144.0.0.0 (Windows 10) PhotoWallComponent should create FAILED
	Failed: Errors during JIT compilation of template for PhotoWallComponent: Unexpected closing tag "section". It may happen when the tag has already been closed by another tag. For more info see https://www.w3.org/TR/html5/syntax.html#closing-elements-that-have-implied-end-tags ("
	          </article>
	          }
	        [ERROR ->]</section>
	        } @else {
	        <mat-card appearance="outlined" class="mat-elevation-z0 emptyS"): ng:///PhotoWallComponent/template.html@37:8, Unexpected closing tag "div". It may happen when the tag has already been closed by another tag. For more info see https://www.w3.org/TR/html5/syntax.html#closing-elements-that-have-implied-end-tags ("          <input type="file" name='file' #filePicker (change)="onImagePicked($event)">
	            [ERROR ->]</div>
	            @if (imagePreview !== '' && imagePreview && form.get('image').valid) {
	         "): ng:///PhotoWallComponent/template.html@96:12, Unexpected closing tag "form". It may happen when the tag has already been closed by another tag. For more info see https://www.w3.org/TR/html5/syntax.html#closing-elements-that-have-implied-end-tags ("
	              {{'BTN_SUBMIT' | translate}}
	            </button>
	          [ERROR ->]</form>
	        </section>
	      </section>
	"): ng:///PhotoWallComponent/template.html@114:10
	    at parseJitTemplate (node_modules/@angular/compiler/fesm2022/compiler.mjs:32326:15)
	    at CompilerFacadeImpl.compileComponent (node_modules/@angular/compiler/fesm2022/compiler.mjs:32000:52)
	    at PhotoWallComponent.╔╡cmp (node_modules/@angular/core/fesm2022/debug_node.mjs:30245:47)
	    at getComponentDef (node_modules/@angular/core/fesm2022/testing.mjs:1605:18)
	    at isStandaloneComponent (node_modules/@angular/core/fesm2022/testing.mjs:1601:17)
	    at queueTypesFromModulesArrayRecur (node_modules/@angular/core/fesm2022/testing.mjs:1325:26)
	    at TestBedCompiler.queueTypesFromModulesArray (node_modules/@angular/core/fesm2022/testing.mjs:1348:9)
	    at TestBedCompiler.configureTestingModule (node_modules/@angular/core/fesm2022/testing.mjs:856:18)
	    at TestBedImpl.configureTestingModule (node_modules/@angular/core/fesm2022/testing.mjs:1993:23)
	    at TestBedImpl.configureTestingModule (node_modules/@angular/core/fesm2022/testing.mjs:1805:37)
[1A[2K[31mChrome Headless 144.0.0.0 (Windows 10) PhotoWallComponent should use custom twitter handle if configured FAILED[39m
	Failed: Errors during JIT compilation of template for PhotoWallComponent: Unexpected closing tag "section". It may happen when the tag has already been closed by another tag. For more info see https://www.w3.org/TR/html5/syntax.html#closing-elements-that-have-implied-end-tags ("
	          </article>
	          }
	        [ERROR ->]</section>
	        } @else {
	        <mat-card appearance="outlined" class="mat-elevation-z0 emptyS"): ng:///PhotoWallComponent/template.html@37:8, Unexpected closing tag "div". It may happen when the tag has already been closed by another tag. For more info see https://www.w3.org/TR/html5/syntax.html#closing-elements-that-have-implied-end-tags ("          <input type="file" name='file' #filePicker (change)="onImagePicked($event)">
	            [ERROR ->]</div>
	            @if (imagePreview !== '' && imagePreview && form.get('image').valid) {
	         "): ng:///PhotoWallComponent/template.html@96:12, Unexpected closing tag "form". It may happen when the tag has already been closed by another tag. For more info see https://www.w3.org/TR/html5/syntax.html#closing-elements-that-have-implied-end-tags ("
	              {{'BTN_SUBMIT' | translate}}
	            </button>
	          [ERROR ->]</form>
	        </section>
	      </section>
	"): ng:///PhotoWallComponent/template.html@114:10
	    at parseJitTemplate (node_modules/@angular/compiler/fesm2022/compiler.mjs:32326:15)
	    at CompilerFacadeImpl.compileComponent (node_modules/@angular/compiler/fesm2022/compiler.mjs:32000:52)
	    at PhotoWallComponent.╔╡cmp (node_modules/@angular/core/fesm2022/debug_node.mjs:30245:47)
	    at getComponentDef (node_modules/@angular/core/fesm2022/testing.mjs:1605:18)
	    at isStandaloneComponent (node_modules/@angular/core/fesm2022/testing.mjs:1601:17)
	    at queueTypesFromModulesArrayRecur (node_modules/@angular/core/fesm2022/testing.mjs:1325:26)
	    at TestBedCompiler.queueTypesFromModulesArray (node_modules/@angular/core/fesm2022/testing.mjs:1348:9)
	    at TestBedCompiler.configureTestingModule (node_modules/@angular/core/fesm2022/testing.mjs:856:18)
	    at TestBedImpl.configureTestingModule (node_modules/@angular/core/fesm2022/testing.mjs:1993:23)
	    at TestBedImpl.configureTestingModule (node_modules/@angular/core/fesm2022/testing.mjs:1805:37)
Chrome Headless 144.0.0.0 (Windows 10): Executed 419 of 767[31m (156 FAILED)[39m (skipped 2) (0 secs / 6.367 secs)
Chrome Headless 144.0.0.0 (Windows 10) PhotoWallComponent should use custom twitter handle if configured FAILED
	Failed: Errors during JIT compilation of template for PhotoWallComponent: Unexpected closing tag "section". It may happen when the tag has already been closed by another tag. For more info see https://www.w3.org/TR/html5/syntax.html#closing-elements-that-have-implied-end-tags ("
	          </article>
	          }
	        [ERROR ->]</section>
	        } @else {
	        <mat-card appearance="outlined" class="mat-elevation-z0 emptyS"): ng:///PhotoWallComponent/template.html@37:8, Unexpected closing tag "div". It may happen when the tag has already been closed by another tag. For more info see https://www.w3.org/TR/html5/syntax.html#closing-elements-that-have-implied-end-tags ("          <input type="file" name='file' #filePicker (change)="onImagePicked($event)">
	            [ERROR ->]</div>
	            @if (imagePreview !== '' && imagePreview && form.get('image').valid) {
	         "): ng:///PhotoWallComponent/template.html@96:12, Unexpected closing tag "form". It may happen when the tag has already been closed by another tag. For more info see https://www.w3.org/TR/html5/syntax.html#closing-elements-that-have-implied-end-tags ("
	              {{'BTN_SUBMIT' | translate}}
	            </button>
	          [ERROR ->]</form>
	        </section>
	      </section>
	"): ng:///PhotoWallComponent/template.html@114:10
	    at parseJitTemplate (node_modules/@angular/compiler/fesm2022/compiler.mjs:32326:15)
	    at CompilerFacadeImpl.compileComponent (node_modules/@angular/compiler/fesm2022/compiler.mjs:32000:52)
	    at PhotoWallComponent.╔╡cmp (node_modules/@angular/core/fesm2022/debug_node.mjs:30245:47)
	    at getComponentDef (node_modules/@angular/core/fesm2022/testing.mjs:1605:18)
	    at isStandaloneComponent (node_modules/@angular/core/fesm2022/testing.mjs:1601:17)
	    at queueTypesFromModulesArrayRecur (node_modules/@angular/core/fesm2022/testing.mjs:1325:26)
	    at TestBedCompiler.queueTypesFromModulesArray (node_modules/@angular/core/fesm2022/testing.mjs:1348:9)
	    at TestBedCompiler.configureTestingModule (node_modules/@angular/core/fesm2022/testing.mjs:856:18)
	    at TestBedImpl.configureTestingModule (node_modules/@angular/core/fesm2022/testing.mjs:1993:23)
	    at TestBedImpl.configureTestingModule (node_modules/@angular/core/fesm2022/testing.mjs:1805:37)
[1A[2K[31mChrome Headless 144.0.0.0 (Windows 10) PhotoWallComponent should make emptyState true and hold no memories when get API gives empty response FAILED[39m
	Failed: Errors during JIT compilation of template for PhotoWallComponent: Unexpected closing tag "section". It may happen when the tag has already been closed by another tag. For more info see https://www.w3.org/TR/html5/syntax.html#closing-elements-that-have-implied-end-tags ("
	          </article>
	          }
	        [ERROR ->]</section>
	        } @else {
	        <mat-card appearance="outlined" class="mat-elevation-z0 emptyS"): ng:///PhotoWallComponent/template.html@37:8, Unexpected closing tag "div". It may happen when the tag has already been closed by another tag. For more info see https://www.w3.org/TR/html5/syntax.html#closing-elements-that-have-implied-end-tags ("          <input type="file" name='file' #filePicker (change)="onImagePicked($event)">
	            [ERROR ->]</div>
	            @if (imagePreview !== '' && imagePreview && form.get('image').valid) {
	         "): ng:///PhotoWallComponent/template.html@96:12, Unexpected closing tag "form". It may happen when the tag has already been closed by another tag. For more info see https://www.w3.org/TR/html5/syntax.html#closing-elements-that-have-implied-end-tags ("
	              {{'BTN_SUBMIT' | translate}}
	            </button>
	          [ERROR ->]</form>
	        </section>
	      </section>
	"): ng:///PhotoWallComponent/template.html@114:10
	    at parseJitTemplate (node_modules/@angular/compiler/fesm2022/compiler.mjs:32326:15)
	    at CompilerFacadeImpl.compileComponent (node_modules/@angular/compiler/fesm2022/compiler.mjs:32000:52)
	    at PhotoWallComponent.╔╡cmp (node_modules/@angular/core/fesm2022/debug_node.mjs:30245:47)
	    at getComponentDef (node_modules/@angular/core/fesm2022/testing.mjs:1605:18)
	    at isStandaloneComponent (node_modules/@angular/core/fesm2022/testing.mjs:1601:17)
	    at queueTypesFromModulesArrayRecur (node_modules/@angular/core/fesm2022/testing.mjs:1325:26)
	    at TestBedCompiler.queueTypesFromModulesArray (node_modules/@angular/core/fesm2022/testing.mjs:1348:9)
	    at TestBedCompiler.configureTestingModule (node_modules/@angular/core/fesm2022/testing.mjs:856:18)
	    at TestBedImpl.configureTestingModule (node_modules/@angular/core/fesm2022/testing.mjs:1993:23)
	    at TestBedImpl.configureTestingModule (node_modules/@angular/core/fesm2022/testing.mjs:1805:37)
Chrome Headless 144.0.0.0 (Windows 10): Executed 420 of 767[31m (157 FAILED)[39m (skipped 2) (0 secs / 6.369 secs)
Chrome Headless 144.0.0.0 (Windows 10) PhotoWallComponent should make emptyState true and hold no memories when get API gives empty response FAILED
	Failed: Errors during JIT compilation of template for PhotoWallComponent: Unexpected closing tag "section". It may happen when the tag has already been closed by another tag. For more info see https://www.w3.org/TR/html5/syntax.html#closing-elements-that-have-implied-end-tags ("
	          </article>
	          }
	        [ERROR ->]</section>
	        } @else {
	        <mat-card appearance="outlined" class="mat-elevation-z0 emptyS"): ng:///PhotoWallComponent/template.html@37:8, Unexpected closing tag "div". It may happen when the tag has already been closed by another tag. For more info see https://www.w3.org/TR/html5/syntax.html#closing-elements-that-have-implied-end-tags ("          <input type="file" name='file' #filePicker (change)="onImagePicked($event)">
	            [ERROR ->]</div>
	            @if (imagePreview !== '' && imagePreview && form.get('image').valid) {
	         "): ng:///PhotoWallComponent/template.html@96:12, Unexpected closing tag "form". It may happen when the tag has already been closed by another tag. For more info see https://www.w3.org/TR/html5/syntax.html#closing-elements-that-have-implied-end-tags ("
	              {{'BTN_SUBMIT' | translate}}
	            </button>
	          [ERROR ->]</form>
	        </section>
	      </section>
	"): ng:///PhotoWallComponent/template.html@114:10
	    at parseJitTemplate (node_modules/@angular/compiler/fesm2022/compiler.mjs:32326:15)
	    at CompilerFacadeImpl.compileComponent (node_modules/@angular/compiler/fesm2022/compiler.mjs:32000:52)
	    at PhotoWallComponent.╔╡cmp (node_modules/@angular/core/fesm2022/debug_node.mjs:30245:47)
	    at getComponentDef (node_modules/@angular/core/fesm2022/testing.mjs:1605:18)
	    at isStandaloneComponent (node_modules/@angular/core/fesm2022/testing.mjs:1601:17)
	    at queueTypesFromModulesArrayRecur (node_modules/@angular/core/fesm2022/testing.mjs:1325:26)
	    at TestBedCompiler.queueTypesFromModulesArray (node_modules/@angular/core/fesm2022/testing.mjs:1348:9)
	    at TestBedCompiler.configureTestingModule (node_modules/@angular/core/fesm2022/testing.mjs:856:18)
	    at TestBedImpl.configureTestingModule (node_modules/@angular/core/fesm2022/testing.mjs:1993:23)
	    at TestBedImpl.configureTestingModule (node_modules/@angular/core/fesm2022/testing.mjs:1805:37)
[1A[2K[31mChrome Headless 144.0.0.0 (Windows 10) PhotoWallComponent should log error from addMemory API call directly to browser console FAILED[39m
	Failed: Errors during JIT compilation of template for PhotoWallComponent: Unexpected closing tag "section". It may happen when the tag has already been closed by another tag. For more info see https://www.w3.org/TR/html5/syntax.html#closing-elements-that-have-implied-end-tags ("
	          </article>
	          }
	        [ERROR ->]</section>
	        } @else {
	        <mat-card appearance="outlined" class="mat-elevation-z0 emptyS"): ng:///PhotoWallComponent/template.html@37:8, Unexpected closing tag "div". It may happen when the tag has already been closed by another tag. For more info see https://www.w3.org/TR/html5/syntax.html#closing-elements-that-have-implied-end-tags ("          <input type="file" name='file' #filePicker (change)="onImagePicked($event)">
	            [ERROR ->]</div>
	            @if (imagePreview !== '' && imagePreview && form.get('image').valid) {
	         "): ng:///PhotoWallComponent/template.html@96:12, Unexpected closing tag "form". It may happen when the tag has already been closed by another tag. For more info see https://www.w3.org/TR/html5/syntax.html#closing-elements-that-have-implied-end-tags ("
	              {{'BTN_SUBMIT' | translate}}
	            </button>
	          [ERROR ->]</form>
	        </section>
	      </section>
	"): ng:///PhotoWallComponent/template.html@114:10
	    at parseJitTemplate (node_modules/@angular/compiler/fesm2022/compiler.mjs:32326:15)
	    at CompilerFacadeImpl.compileComponent (node_modules/@angular/compiler/fesm2022/compiler.mjs:32000:52)
	    at PhotoWallComponent.╔╡cmp (node_modules/@angular/core/fesm2022/debug_node.mjs:30245:47)
	    at getComponentDef (node_modules/@angular/core/fesm2022/testing.mjs:1605:18)
	    at isStandaloneComponent (node_modules/@angular/core/fesm2022/testing.mjs:1601:17)
	    at queueTypesFromModulesArrayRecur (node_modules/@angular/core/fesm2022/testing.mjs:1325:26)
	    at TestBedCompiler.queueTypesFromModulesArray (node_modules/@angular/core/fesm2022/testing.mjs:1348:9)
	    at TestBedCompiler.configureTestingModule (node_modules/@angular/core/fesm2022/testing.mjs:856:18)
	    at TestBedImpl.configureTestingModule (node_modules/@angular/core/fesm2022/testing.mjs:1993:23)
	    at TestBedImpl.configureTestingModule (node_modules/@angular/core/fesm2022/testing.mjs:1805:37)
Chrome Headless 144.0.0.0 (Windows 10): Executed 421 of 767[31m (158 FAILED)[39m (skipped 2) (0 secs / 6.375 secs)
Chrome Headless 144.0.0.0 (Windows 10) PhotoWallComponent should log error from addMemory API call directly to browser console FAILED
	Failed: Errors during JIT compilation of template for PhotoWallComponent: Unexpected closing tag "section". It may happen when the tag has already been closed by another tag. For more info see https://www.w3.org/TR/html5/syntax.html#closing-elements-that-have-implied-end-tags ("
	          </article>
	          }
	        [ERROR ->]</section>
	        } @else {
	        <mat-card appearance="outlined" class="mat-elevation-z0 emptyS"): ng:///PhotoWallComponent/template.html@37:8, Unexpected closing tag "div". It may happen when the tag has already been closed by another tag. For more info see https://www.w3.org/TR/html5/syntax.html#closing-elements-that-have-implied-end-tags ("          <input type="file" name='file' #filePicker (change)="onImagePicked($event)">
	            [ERROR ->]</div>
	            @if (imagePreview !== '' && imagePreview && form.get('image').valid) {
	         "): ng:///PhotoWallComponent/template.html@96:12, Unexpected closing tag "form". It may happen when the tag has already been closed by another tag. For more info see https://www.w3.org/TR/html5/syntax.html#closing-elements-that-have-implied-end-tags ("
	              {{'BTN_SUBMIT' | translate}}
	            </button>
	          [ERROR ->]</form>
	        </section>
	      </section>
	"): ng:///PhotoWallComponent/template.html@114:10
	    at parseJitTemplate (node_modules/@angular/compiler/fesm2022/compiler.mjs:32326:15)
	    at CompilerFacadeImpl.compileComponent (node_modules/@angular/compiler/fesm2022/compiler.mjs:32000:52)
	    at PhotoWallComponent.╔╡cmp (node_modules/@angular/core/fesm2022/debug_node.mjs:30245:47)
	    at getComponentDef (node_modules/@angular/core/fesm2022/testing.mjs:1605:18)
	    at isStandaloneComponent (node_modules/@angular/core/fesm2022/testing.mjs:1601:17)
	    at queueTypesFromModulesArrayRecur (node_modules/@angular/core/fesm2022/testing.mjs:1325:26)
	    at TestBedCompiler.queueTypesFromModulesArray (node_modules/@angular/core/fesm2022/testing.mjs:1348:9)
	    at TestBedCompiler.configureTestingModule (node_modules/@angular/core/fesm2022/testing.mjs:856:18)
	    at TestBedImpl.configureTestingModule (node_modules/@angular/core/fesm2022/testing.mjs:1993:23)
	    at TestBedImpl.configureTestingModule (node_modules/@angular/core/fesm2022/testing.mjs:1805:37)
[1A[2K[31mChrome Headless 144.0.0.0 (Windows 10) PhotoWallComponent should add new memory to photo wall FAILED[39m
	Failed: Errors during JIT compilation of template for PhotoWallComponent: Unexpected closing tag "section". It may happen when the tag has already been closed by another tag. For more info see https://www.w3.org/TR/html5/syntax.html#closing-elements-that-have-implied-end-tags ("
	          </article>
	          }
	        [ERROR ->]</section>
	        } @else {
	        <mat-card appearance="outlined" class="mat-elevation-z0 emptyS"): ng:///PhotoWallComponent/template.html@37:8, Unexpected closing tag "div". It may happen when the tag has already been closed by another tag. For more info see https://www.w3.org/TR/html5/syntax.html#closing-elements-that-have-implied-end-tags ("          <input type="file" name='file' #filePicker (change)="onImagePicked($event)">
	            [ERROR ->]</div>
	            @if (imagePreview !== '' && imagePreview && form.get('image').valid) {
	         "): ng:///PhotoWallComponent/template.html@96:12, Unexpected closing tag "form". It may happen when the tag has already been closed by another tag. For more info see https://www.w3.org/TR/html5/syntax.html#closing-elements-that-have-implied-end-tags ("
	              {{'BTN_SUBMIT' | translate}}
	            </button>
	          [ERROR ->]</form>
	        </section>
	      </section>
	"): ng:///PhotoWallComponent/template.html@114:10
	    at parseJitTemplate (node_modules/@angular/compiler/fesm2022/compiler.mjs:32326:15)
	    at CompilerFacadeImpl.compileComponent (node_modules/@angular/compiler/fesm2022/compiler.mjs:32000:52)
	    at PhotoWallComponent.╔╡cmp (node_modules/@angular/core/fesm2022/debug_node.mjs:30245:47)
	    at getComponentDef (node_modules/@angular/core/fesm2022/testing.mjs:1605:18)
	    at isStandaloneComponent (node_modules/@angular/core/fesm2022/testing.mjs:1601:17)
	    at queueTypesFromModulesArrayRecur (node_modules/@angular/core/fesm2022/testing.mjs:1325:26)
	    at TestBedCompiler.queueTypesFromModulesArray (node_modules/@angular/core/fesm2022/testing.mjs:1348:9)
	    at TestBedCompiler.configureTestingModule (node_modules/@angular/core/fesm2022/testing.mjs:856:18)
	    at TestBedImpl.configureTestingModule (node_modules/@angular/core/fesm2022/testing.mjs:1993:23)
	    at TestBedImpl.configureTestingModule (node_modules/@angular/core/fesm2022/testing.mjs:1805:37)
Chrome Headless 144.0.0.0 (Windows 10): Executed 422 of 767[31m (159 FAILED)[39m (skipped 2) (0 secs / 6.378 secs)
Chrome Headless 144.0.0.0 (Windows 10) PhotoWallComponent should add new memory to photo wall FAILED
	Failed: Errors during JIT compilation of template for PhotoWallComponent: Unexpected closing tag "section". It may happen when the tag has already been closed by another tag. For more info see https://www.w3.org/TR/html5/syntax.html#closing-elements-that-have-implied-end-tags ("
	          </article>
	          }
	        [ERROR ->]</section>
	        } @else {
	        <mat-card appearance="outlined" class="mat-elevation-z0 emptyS"): ng:///PhotoWallComponent/template.html@37:8, Unexpected closing tag "div". It may happen when the tag has already been closed by another tag. For more info see https://www.w3.org/TR/html5/syntax.html#closing-elements-that-have-implied-end-tags ("          <input type="file" name='file' #filePicker (change)="onImagePicked($event)">
	            [ERROR ->]</div>
	            @if (imagePreview !== '' && imagePreview && form.get('image').valid) {
	         "): ng:///PhotoWallComponent/template.html@96:12, Unexpected closing tag "form". It may happen when the tag has already been closed by another tag. For more info see https://www.w3.org/TR/html5/syntax.html#closing-elements-that-have-implied-end-tags ("
	              {{'BTN_SUBMIT' | translate}}
	            </button>
	          [ERROR ->]</form>
	        </section>
	      </section>
	"): ng:///PhotoWallComponent/template.html@114:10
	    at parseJitTemplate (node_modules/@angular/compiler/fesm2022/compiler.mjs:32326:15)
	    at CompilerFacadeImpl.compileComponent (node_modules/@angular/compiler/fesm2022/compiler.mjs:32000:52)
	    at PhotoWallComponent.╔╡cmp (node_modules/@angular/core/fesm2022/debug_node.mjs:30245:47)
	    at getComponentDef (node_modules/@angular/core/fesm2022/testing.mjs:1605:18)
	    at isStandaloneComponent (node_modules/@angular/core/fesm2022/testing.mjs:1601:17)
	    at queueTypesFromModulesArrayRecur (node_modules/@angular/core/fesm2022/testing.mjs:1325:26)
	    at TestBedCompiler.queueTypesFromModulesArray (node_modules/@angular/core/fesm2022/testing.mjs:1348:9)
	    at TestBedCompiler.configureTestingModule (node_modules/@angular/core/fesm2022/testing.mjs:856:18)
	    at TestBedImpl.configureTestingModule (node_modules/@angular/core/fesm2022/testing.mjs:1993:23)
	    at TestBedImpl.configureTestingModule (node_modules/@angular/core/fesm2022/testing.mjs:1805:37)
[1A[2K[31mChrome Headless 144.0.0.0 (Windows 10) PhotoWallComponent should make emptyState false when get API gives non empty response FAILED[39m
	Failed: Errors during JIT compilation of template for PhotoWallComponent: Unexpected closing tag "section". It may happen when the tag has already been closed by another tag. For more info see https://www.w3.org/TR/html5/syntax.html#closing-elements-that-have-implied-end-tags ("
	          </article>
	          }
	        [ERROR ->]</section>
	        } @else {
	        <mat-card appearance="outlined" class="mat-elevation-z0 emptyS"): ng:///PhotoWallComponent/template.html@37:8, Unexpected closing tag "div". It may happen when the tag has already been closed by another tag. For more info see https://www.w3.org/TR/html5/syntax.html#closing-elements-that-have-implied-end-tags ("          <input type="file" name='file' #filePicker (change)="onImagePicked($event)">
	            [ERROR ->]</div>
	            @if (imagePreview !== '' && imagePreview && form.get('image').valid) {
	         "): ng:///PhotoWallComponent/template.html@96:12, Unexpected closing tag "form". It may happen when the tag has already been closed by another tag. For more info see https://www.w3.org/TR/html5/syntax.html#closing-elements-that-have-implied-end-tags ("
	              {{'BTN_SUBMIT' | translate}}
	            </button>
	          [ERROR ->]</form>
	        </section>
	      </section>
	"): ng:///PhotoWallComponent/template.html@114:10
	    at parseJitTemplate (node_modules/@angular/compiler/fesm2022/compiler.mjs:32326:15)
	    at CompilerFacadeImpl.compileComponent (node_modules/@angular/compiler/fesm2022/compiler.mjs:32000:52)
	    at PhotoWallComponent.╔╡cmp (node_modules/@angular/core/fesm2022/debug_node.mjs:30245:47)
	    at getComponentDef (node_modules/@angular/core/fesm2022/testing.mjs:1605:18)
	    at isStandaloneComponent (node_modules/@angular/core/fesm2022/testing.mjs:1601:17)
	    at queueTypesFromModulesArrayRecur (node_modules/@angular/core/fesm2022/testing.mjs:1325:26)
	    at TestBedCompiler.queueTypesFromModulesArray (node_modules/@angular/core/fesm2022/testing.mjs:1348:9)
	    at TestBedCompiler.configureTestingModule (node_modules/@angular/core/fesm2022/testing.mjs:856:18)
	    at TestBedImpl.configureTestingModule (node_modules/@angular/core/fesm2022/testing.mjs:1993:23)
	    at TestBedImpl.configureTestingModule (node_modules/@angular/core/fesm2022/testing.mjs:1805:37)
Chrome Headless 144.0.0.0 (Windows 10): Executed 423 of 767[31m (160 FAILED)[39m (skipped 2) (0 secs / 6.38 secs)
Chrome Headless 144.0.0.0 (Windows 10) PhotoWallComponent should make emptyState false when get API gives non empty response FAILED
	Failed: Errors during JIT compilation of template for PhotoWallComponent: Unexpected closing tag "section". It may happen when the tag has already been closed by another tag. For more info see https://www.w3.org/TR/html5/syntax.html#closing-elements-that-have-implied-end-tags ("
	          </article>
	          }
	        [ERROR ->]</section>
	        } @else {
	        <mat-card appearance="outlined" class="mat-elevation-z0 emptyS"): ng:///PhotoWallComponent/template.html@37:8, Unexpected closing tag "div". It may happen when the tag has already been closed by another tag. For more info see https://www.w3.org/TR/html5/syntax.html#closing-elements-that-have-implied-end-tags ("          <input type="file" name='file' #filePicker (change)="onImagePicked($event)">
	            [ERROR ->]</div>
	            @if (imagePreview !== '' && imagePreview && form.get('image').valid) {
	         "): ng:///PhotoWallComponent/template.html@96:12, Unexpected closing tag "form". It may happen when the tag has already been closed by another tag. For more info see https://www.w3.org/TR/html5/syntax.html#closing-elements-that-have-implied-end-tags ("
	              {{'BTN_SUBMIT' | translate}}
	            </button>
	          [ERROR ->]</form>
	        </section>
	      </section>
	"): ng:///PhotoWallComponent/template.html@114:10
	    at parseJitTemplate (node_modules/@angular/compiler/fesm2022/compiler.mjs:32326:15)
	    at CompilerFacadeImpl.compileComponent (node_modules/@angular/compiler/fesm2022/compiler.mjs:32000:52)
	    at PhotoWallComponent.╔╡cmp (node_modules/@angular/core/fesm2022/debug_node.mjs:30245:47)
	    at getComponentDef (node_modules/@angular/core/fesm2022/testing.mjs:1605:18)
	    at isStandaloneComponent (node_modules/@angular/core/fesm2022/testing.mjs:1601:17)
	    at queueTypesFromModulesArrayRecur (node_modules/@angular/core/fesm2022/testing.mjs:1325:26)
	    at TestBedCompiler.queueTypesFromModulesArray (node_modules/@angular/core/fesm2022/testing.mjs:1348:9)
	    at TestBedCompiler.configureTestingModule (node_modules/@angular/core/fesm2022/testing.mjs:856:18)
	    at TestBedImpl.configureTestingModule (node_modules/@angular/core/fesm2022/testing.mjs:1993:23)
	    at TestBedImpl.configureTestingModule (node_modules/@angular/core/fesm2022/testing.mjs:1805:37)
[1A[2KChrome Headless 144.0.0.0 (Windows 10): Executed 424 of 767[31m (160 FAILED)[39m (skipped 2) (0 secs / 6.382 secs)
[1A[2KChrome Headless 144.0.0.0 (Windows 10): Executed 425 of 767[31m (160 FAILED)[39m (skipped 2) (0 secs / 6.383 secs)
[1A[2KChrome Headless 144.0.0.0 (Windows 10): Executed 426 of 767[31m (160 FAILED)[39m (skipped 2) (0 secs / 6.384 secs)
[1A[2KChrome Headless 144.0.0.0 (Windows 10): Executed 427 of 767[31m (160 FAILED)[39m (skipped 2) (0 secs / 6.385 secs)
[1A[2KChrome Headless 144.0.0.0 (Windows 10): Executed 428 of 767[31m (160 FAILED)[39m (skipped 2) (0 secs / 6.386 secs)
[1A[2KChrome Headless 144.0.0.0 (Windows 10): Executed 429 of 767[31m (160 FAILED)[39m (skipped 2) (0 secs / 6.387 secs)
[1A[2KChrome Headless 144.0.0.0 (Windows 10): Executed 430 of 767[31m (160 FAILED)[39m (skipped 2) (0 secs / 6.389 secs)
[1A[2KChrome Headless 144.0.0.0 (Windows 10): Executed 431 of 767[31m (160 FAILED)[39m (skipped 2) (0 secs / 6.39 secs)
[1A[2KChrome Headless 144.0.0.0 (Windows 10): Executed 432 of 767[31m (160 FAILED)[39m (skipped 2) (0 secs / 6.391 secs)
[1A[2KChrome Headless 144.0.0.0 (Windows 10): Executed 433 of 767[31m (160 FAILED)[39m (skipped 2) (0 secs / 6.392 secs)
[1A[2KWARN: [36m'NG0955: The provided track expression resulted in duplicated keys for a given collection. Adjust the tracking expression such that it uniquely identifies all the items in the collection. Duplicated keys were: 
key "" at index "0" and "1". Find more at https://v20.angular.dev/errors/NG0955'[39m
Chrome Headless 144.0.0.0 (Windows 10): Executed 433 of 767[31m (160 FAILED)[39m (skipped 2) (0 secs / 6.392 secs)
WARN: 'NG0955: The provided track expression resulted in duplicated keys for a given collection. Adjust the tracking expression such that it uniquely identifies all the items in the collection. Duplicated keys were: 
key "" at index "0" and "1". Find more at https://v20.angular.dev/errors/NG0955'
[1A[2KWARN: [36m'NG0955: The provided track expression resulted in duplicated keys for a given collection. Adjust the tracking expression such that it uniquely identifies all the items in the collection. Duplicated keys were: 
key "" at index "0" and "1", 
key "" at index "1" and "2". Find more at https://v20.angular.dev/errors/NG0955'[39m
Chrome Headless 144.0.0.0 (Windows 10): Executed 433 of 767[31m (160 FAILED)[39m (skipped 2) (0 secs / 6.392 secs)
WARN: 'NG0955: The provided track expression resulted in duplicated keys for a given collection. Adjust the tracking expression such that it uniquely identifies all the items in the collection. Duplicated keys were: 
key "" at index "0" and "1", 
key "" at index "1" and "2". Find more at https://v20.angular.dev/errors/NG0955'
[1A[2KWARN: [36m'NG0955: The provided track expression resulted in duplicated keys for a given collection. Adjust the tracking expression such that it uniquely identifies all the items in the collection. Duplicated keys were: 
key "" at index "0" and "1", 
key "" at index "1" and "2", 
key "" at index "2" and "3". Find more at https://v20.angular.dev/errors/NG0955'[39m
Chrome Headless 144.0.0.0 (Windows 10): Executed 433 of 767[31m (160 FAILED)[39m (skipped 2) (0 secs / 6.392 secs)
WARN: 'NG0955: The provided track expression resulted in duplicated keys for a given collection. Adjust the tracking expression such that it uniquely identifies all the items in the collection. Duplicated keys were: 
key "" at index "0" and "1", 
key "" at index "1" and "2", 
key "" at index "2" and "3". Find more at https://v20.angular.dev/errors/NG0955'
[1A[2KWARN: [36m'NG0955: The provided track expression resulted in duplicated keys for a given collection. Adjust the tracking expression such that it uniquely identifies all the items in the collection. Duplicated keys were: 
key "" at index "0" and "1", 
key "" at index "1" and "2", 
key "" at index "2" and "3", 
key "" at index "3" and "4". Find more at https://v20.angular.dev/errors/NG0955'[39m
Chrome Headless 144.0.0.0 (Windows 10): Executed 433 of 767[31m (160 FAILED)[39m (skipped 2) (0 secs / 6.392 secs)
WARN: 'NG0955: The provided track expression resulted in duplicated keys for a given collection. Adjust the tracking expression such that it uniquely identifies all the items in the collection. Duplicated keys were: 
key "" at index "0" and "1", 
key "" at index "1" and "2", 
key "" at index "2" and "3", 
key "" at index "3" and "4". Find more at https://v20.angular.dev/errors/NG0955'
[1A[2KWARN: [36m'NG0955: The provided track expression resulted in duplicated keys for a given collection. Adjust the tracking expression such that it uniquely identifies all the items in the collection. Duplicated keys were: 
key "" at index "0" and "1", 
key "" at index "1" and "2", 
key "" at index "2" and "3", 
key "" at index "3" and "4", 
key "" at index "4" and "5". Find more at https://v20.angular.dev/errors/NG0955'[39m
Chrome Headless 144.0.0.0 (Windows 10): Executed 433 of 767[31m (160 FAILED)[39m (skipped 2) (0 secs / 6.392 secs)
WARN: 'NG0955: The provided track expression resulted in duplicated keys for a given collection. Adjust the tracking expression such that it uniquely identifies all the items in the collection. Duplicated keys were: 
key "" at index "0" and "1", 
key "" at index "1" and "2", 
key "" at index "2" and "3", 
key "" at index "3" and "4", 
key "" at index "4" and "5". Find more at https://v20.angular.dev/errors/NG0955'
[1A[2KChrome Headless 144.0.0.0 (Windows 10): Executed 434 of 767[31m (160 FAILED)[39m (skipped 2) (0 secs / 6.432 secs)
[1A[2KWARN: [36m'NG0955: The provided track expression resulted in duplicated keys for a given collection. Adjust the tracking expression such that it uniquely identifies all the items in the collection. Duplicated keys were: 
key "" at index "0" and "1". Find more at https://v20.angular.dev/errors/NG0955'[39m
Chrome Headless 144.0.0.0 (Windows 10): Executed 434 of 767[31m (160 FAILED)[39m (skipped 2) (0 secs / 6.432 secs)
WARN: 'NG0955: The provided track expression resulted in duplicated keys for a given collection. Adjust the tracking expression such that it uniquely identifies all the items in the collection. Duplicated keys were: 
key "" at index "0" and "1". Find more at https://v20.angular.dev/errors/NG0955'
[1A[2KWARN: [36m'NG0955: The provided track expression resulted in duplicated keys for a given collection. Adjust the tracking expression such that it uniquely identifies all the items in the collection. Duplicated keys were: 
key "" at index "0" and "1", 
key "" at index "1" and "2". Find more at https://v20.angular.dev/errors/NG0955'[39m
Chrome Headless 144.0.0.0 (Windows 10): Executed 434 of 767[31m (160 FAILED)[39m (skipped 2) (0 secs / 6.432 secs)
WARN: 'NG0955: The provided track expression resulted in duplicated keys for a given collection. Adjust the tracking expression such that it uniquely identifies all the items in the collection. Duplicated keys were: 
key "" at index "0" and "1", 
key "" at index "1" and "2". Find more at https://v20.angular.dev/errors/NG0955'
[1A[2KWARN: [36m'NG0955: The provided track expression resulted in duplicated keys for a given collection. Adjust the tracking expression such that it uniquely identifies all the items in the collection. Duplicated keys were: 
key "" at index "0" and "1", 
key "" at index "1" and "2", 
key "" at index "2" and "3". Find more at https://v20.angular.dev/errors/NG0955'[39m
Chrome Headless 144.0.0.0 (Windows 10): Executed 434 of 767[31m (160 FAILED)[39m (skipped 2) (0 secs / 6.432 secs)
WARN: 'NG0955: The provided track expression resulted in duplicated keys for a given collection. Adjust the tracking expression such that it uniquely identifies all the items in the collection. Duplicated keys were: 
key "" at index "0" and "1", 
key "" at index "1" and "2", 
key "" at index "2" and "3". Find more at https://v20.angular.dev/errors/NG0955'
[1A[2KWARN: [36m'NG0955: The provided track expression resulted in duplicated keys for a given collection. Adjust the tracking expression such that it uniquely identifies all the items in the collection. Duplicated keys were: 
key "" at index "0" and "1", 
key "" at index "1" and "2", 
key "" at index "2" and "3", 
key "" at index "3" and "4". Find more at https://v20.angular.dev/errors/NG0955'[39m
Chrome Headless 144.0.0.0 (Windows 10): Executed 434 of 767[31m (160 FAILED)[39m (skipped 2) (0 secs / 6.432 secs)
WARN: 'NG0955: The provided track expression resulted in duplicated keys for a given collection. Adjust the tracking expression such that it uniquely identifies all the items in the collection. Duplicated keys were: 
key "" at index "0" and "1", 
key "" at index "1" and "2", 
key "" at index "2" and "3", 
key "" at index "3" and "4". Find more at https://v20.angular.dev/errors/NG0955'
[1A[2KWARN: [36m'NG0955: The provided track expression resulted in duplicated keys for a given collection. Adjust the tracking expression such that it uniquely identifies all the items in the collection. Duplicated keys were: 
key "" at index "0" and "1", 
key "" at index "1" and "2", 
key "" at index "2" and "3", 
key "" at index "3" and "4", 
key "" at index "4" and "5". Find more at https://v20.angular.dev/errors/NG0955'[39m
Chrome Headless 144.0.0.0 (Windows 10): Executed 434 of 767[31m (160 FAILED)[39m (skipped 2) (0 secs / 6.432 secs)
WARN: 'NG0955: The provided track expression resulted in duplicated keys for a given collection. Adjust the tracking expression such that it uniquely identifies all the items in the collection. Duplicated keys were: 
key "" at index "0" and "1", 
key "" at index "1" and "2", 
key "" at index "2" and "3", 
key "" at index "3" and "4", 
key "" at index "4" and "5". Find more at https://v20.angular.dev/errors/NG0955'
[1A[2KChrome Headless 144.0.0.0 (Windows 10): Executed 435 of 767[31m (160 FAILED)[39m (skipped 2) (0 secs / 6.46 secs)
[1A[2KWARN: [36m'NG0955: The provided track expression resulted in duplicated keys for a given collection. Adjust the tracking expression such that it uniquely identifies all the items in the collection. Duplicated keys were: 
key "" at index "0" and "1". Find more at https://v20.angular.dev/errors/NG0955'[39m
Chrome Headless 144.0.0.0 (Windows 10): Executed 435 of 767[31m (160 FAILED)[39m (skipped 2) (0 secs / 6.46 secs)
WARN: 'NG0955: The provided track expression resulted in duplicated keys for a given collection. Adjust the tracking expression such that it uniquely identifies all the items in the collection. Duplicated keys were: 
key "" at index "0" and "1". Find more at https://v20.angular.dev/errors/NG0955'
[1A[2KWARN: [36m'NG0955: The provided track expression resulted in duplicated keys for a given collection. Adjust the tracking expression such that it uniquely identifies all the items in the collection. Duplicated keys were: 
key "" at index "0" and "1", 
key "" at index "1" and "2". Find more at https://v20.angular.dev/errors/NG0955'[39m
Chrome Headless 144.0.0.0 (Windows 10): Executed 435 of 767[31m (160 FAILED)[39m (skipped 2) (0 secs / 6.46 secs)
WARN: 'NG0955: The provided track expression resulted in duplicated keys for a given collection. Adjust the tracking expression such that it uniquely identifies all the items in the collection. Duplicated keys were: 
key "" at index "0" and "1", 
key "" at index "1" and "2". Find more at https://v20.angular.dev/errors/NG0955'
[1A[2KWARN: [36m'NG0955: The provided track expression resulted in duplicated keys for a given collection. Adjust the tracking expression such that it uniquely identifies all the items in the collection. Duplicated keys were: 
key "" at index "0" and "1", 
key "" at index "1" and "2", 
key "" at index "2" and "3". Find more at https://v20.angular.dev/errors/NG0955'[39m
Chrome Headless 144.0.0.0 (Windows 10): Executed 435 of 767[31m (160 FAILED)[39m (skipped 2) (0 secs / 6.46 secs)
WARN: 'NG0955: The provided track expression resulted in duplicated keys for a given collection. Adjust the tracking expression such that it uniquely identifies all the items in the collection. Duplicated keys were: 
key "" at index "0" and "1", 
key "" at index "1" and "2", 
key "" at index "2" and "3". Find more at https://v20.angular.dev/errors/NG0955'
[1A[2KWARN: [36m'NG0955: The provided track expression resulted in duplicated keys for a given collection. Adjust the tracking expression such that it uniquely identifies all the items in the collection. Duplicated keys were: 
key "" at index "0" and "1", 
key "" at index "1" and "2", 
key "" at index "2" and "3", 
key "" at index "3" and "4". Find more at https://v20.angular.dev/errors/NG0955'[39m
Chrome Headless 144.0.0.0 (Windows 10): Executed 435 of 767[31m (160 FAILED)[39m (skipped 2) (0 secs / 6.46 secs)
WARN: 'NG0955: The provided track expression resulted in duplicated keys for a given collection. Adjust the tracking expression such that it uniquely identifies all the items in the collection. Duplicated keys were: 
key "" at index "0" and "1", 
key "" at index "1" and "2", 
key "" at index "2" and "3", 
key "" at index "3" and "4". Find more at https://v20.angular.dev/errors/NG0955'
[1A[2KWARN: [36m'NG0955: The provided track expression resulted in duplicated keys for a given collection. Adjust the tracking expression such that it uniquely identifies all the items in the collection. Duplicated keys were: 
key "" at index "0" and "1", 
key "" at index "1" and "2", 
key "" at index "2" and "3", 
key "" at index "3" and "4", 
key "" at index "4" and "5". Find more at https://v20.angular.dev/errors/NG0955'[39m
Chrome Headless 144.0.0.0 (Windows 10): Executed 435 of 767[31m (160 FAILED)[39m (skipped 2) (0 secs / 6.46 secs)
WARN: 'NG0955: The provided track expression resulted in duplicated keys for a given collection. Adjust the tracking expression such that it uniquely identifies all the items in the collection. Duplicated keys were: 
key "" at index "0" and "1", 
key "" at index "1" and "2", 
key "" at index "2" and "3", 
key "" at index "3" and "4", 
key "" at index "4" and "5". Find more at https://v20.angular.dev/errors/NG0955'
[1A[2KChrome Headless 144.0.0.0 (Windows 10): Executed 436 of 767[31m (160 FAILED)[39m (skipped 2) (0 secs / 6.484 secs)
[1A[2KWARN: [36m'NG0955: The provided track expression resulted in duplicated keys for a given collection. Adjust the tracking expression such that it uniquely identifies all the items in the collection. Duplicated keys were: 
key "" at index "0" and "1". Find more at https://v20.angular.dev/errors/NG0955'[39m
Chrome Headless 144.0.0.0 (Windows 10): Executed 436 of 767[31m (160 FAILED)[39m (skipped 2) (0 secs / 6.484 secs)
WARN: 'NG0955: The provided track expression resulted in duplicated keys for a given collection. Adjust the tracking expression such that it uniquely identifies all the items in the collection. Duplicated keys were: 
key "" at index "0" and "1". Find more at https://v20.angular.dev/errors/NG0955'
[1A[2KWARN: [36m'NG0955: The provided track expression resulted in duplicated keys for a given collection. Adjust the tracking expression such that it uniquely identifies all the items in the collection. Duplicated keys were: 
key "" at index "0" and "1", 
key "" at index "1" and "2". Find more at https://v20.angular.dev/errors/NG0955'[39m
Chrome Headless 144.0.0.0 (Windows 10): Executed 436 of 767[31m (160 FAILED)[39m (skipped 2) (0 secs / 6.484 secs)
WARN: 'NG0955: The provided track expression resulted in duplicated keys for a given collection. Adjust the tracking expression such that it uniquely identifies all the items in the collection. Duplicated keys were: 
key "" at index "0" and "1", 
key "" at index "1" and "2". Find more at https://v20.angular.dev/errors/NG0955'
[1A[2KWARN: [36m'NG0955: The provided track expression resulted in duplicated keys for a given collection. Adjust the tracking expression such that it uniquely identifies all the items in the collection. Duplicated keys were: 
key "" at index "0" and "1", 
key "" at index "1" and "2", 
key "" at index "2" and "3". Find more at https://v20.angular.dev/errors/NG0955'[39m
Chrome Headless 144.0.0.0 (Windows 10): Executed 436 of 767[31m (160 FAILED)[39m (skipped 2) (0 secs / 6.484 secs)
WARN: 'NG0955: The provided track expression resulted in duplicated keys for a given collection. Adjust the tracking expression such that it uniquely identifies all the items in the collection. Duplicated keys were: 
key "" at index "0" and "1", 
key "" at index "1" and "2", 
key "" at index "2" and "3". Find more at https://v20.angular.dev/errors/NG0955'
[1A[2KWARN: [36m'NG0955: The provided track expression resulted in duplicated keys for a given collection. Adjust the tracking expression such that it uniquely identifies all the items in the collection. Duplicated keys were: 
key "" at index "0" and "1", 
key "" at index "1" and "2", 
key "" at index "2" and "3", 
key "" at index "3" and "4". Find more at https://v20.angular.dev/errors/NG0955'[39m
Chrome Headless 144.0.0.0 (Windows 10): Executed 436 of 767[31m (160 FAILED)[39m (skipped 2) (0 secs / 6.484 secs)
WARN: 'NG0955: The provided track expression resulted in duplicated keys for a given collection. Adjust the tracking expression such that it uniquely identifies all the items in the collection. Duplicated keys were: 
key "" at index "0" and "1", 
key "" at index "1" and "2", 
key "" at index "2" and "3", 
key "" at index "3" and "4". Find more at https://v20.angular.dev/errors/NG0955'
[1A[2KWARN: [36m'NG0955: The provided track expression resulted in duplicated keys for a given collection. Adjust the tracking expression such that it uniquely identifies all the items in the collection. Duplicated keys were: 
key "" at index "0" and "1", 
key "" at index "1" and "2", 
key "" at index "2" and "3", 
key "" at index "3" and "4", 
key "" at index "4" and "5". Find more at https://v20.angular.dev/errors/NG0955'[39m
Chrome Headless 144.0.0.0 (Windows 10): Executed 436 of 767[31m (160 FAILED)[39m (skipped 2) (0 secs / 6.484 secs)
WARN: 'NG0955: The provided track expression resulted in duplicated keys for a given collection. Adjust the tracking expression such that it uniquely identifies all the items in the collection. Duplicated keys were: 
key "" at index "0" and "1", 
key "" at index "1" and "2", 
key "" at index "2" and "3", 
key "" at index "3" and "4", 
key "" at index "4" and "5". Find more at https://v20.angular.dev/errors/NG0955'
[1A[2KChrome Headless 144.0.0.0 (Windows 10): Executed 437 of 767[31m (160 FAILED)[39m (skipped 2) (0 secs / 6.503 secs)
[1A[2KWARN: [36m'NG0955: The provided track expression resulted in duplicated keys for a given collection. Adjust the tracking expression such that it uniquely identifies all the items in the collection. Duplicated keys were: 
key "" at index "0" and "1". Find more at https://v20.angular.dev/errors/NG0955'[39m
Chrome Headless 144.0.0.0 (Windows 10): Executed 437 of 767[31m (160 FAILED)[39m (skipped 2) (0 secs / 6.503 secs)
WARN: 'NG0955: The provided track expression resulted in duplicated keys for a given collection. Adjust the tracking expression such that it uniquely identifies all the items in the collection. Duplicated keys were: 
key "" at index "0" and "1". Find more at https://v20.angular.dev/errors/NG0955'
[1A[2KWARN: [36m'NG0955: The provided track expression resulted in duplicated keys for a given collection. Adjust the tracking expression such that it uniquely identifies all the items in the collection. Duplicated keys were: 
key "" at index "0" and "1", 
key "" at index "1" and "2". Find more at https://v20.angular.dev/errors/NG0955'[39m
Chrome Headless 144.0.0.0 (Windows 10): Executed 437 of 767[31m (160 FAILED)[39m (skipped 2) (0 secs / 6.503 secs)
WARN: 'NG0955: The provided track expression resulted in duplicated keys for a given collection. Adjust the tracking expression such that it uniquely identifies all the items in the collection. Duplicated keys were: 
key "" at index "0" and "1", 
key "" at index "1" and "2". Find more at https://v20.angular.dev/errors/NG0955'
[1A[2KWARN: [36m'NG0955: The provided track expression resulted in duplicated keys for a given collection. Adjust the tracking expression such that it uniquely identifies all the items in the collection. Duplicated keys were: 
key "" at index "0" and "1", 
key "" at index "1" and "2", 
key "" at index "2" and "3". Find more at https://v20.angular.dev/errors/NG0955'[39m
Chrome Headless 144.0.0.0 (Windows 10): Executed 437 of 767[31m (160 FAILED)[39m (skipped 2) (0 secs / 6.503 secs)
WARN: 'NG0955: The provided track expression resulted in duplicated keys for a given collection. Adjust the tracking expression such that it uniquely identifies all the items in the collection. Duplicated keys were: 
key "" at index "0" and "1", 
key "" at index "1" and "2", 
key "" at index "2" and "3". Find more at https://v20.angular.dev/errors/NG0955'
[1A[2KWARN: [36m'NG0955: The provided track expression resulted in duplicated keys for a given collection. Adjust the tracking expression such that it uniquely identifies all the items in the collection. Duplicated keys were: 
key "" at index "0" and "1", 
key "" at index "1" and "2", 
key "" at index "2" and "3", 
key "" at index "3" and "4". Find more at https://v20.angular.dev/errors/NG0955'[39m
Chrome Headless 144.0.0.0 (Windows 10): Executed 437 of 767[31m (160 FAILED)[39m (skipped 2) (0 secs / 6.503 secs)
WARN: 'NG0955: The provided track expression resulted in duplicated keys for a given collection. Adjust the tracking expression such that it uniquely identifies all the items in the collection. Duplicated keys were: 
key "" at index "0" and "1", 
key "" at index "1" and "2", 
key "" at index "2" and "3", 
key "" at index "3" and "4". Find more at https://v20.angular.dev/errors/NG0955'
[1A[2KWARN: [36m'NG0955: The provided track expression resulted in duplicated keys for a given collection. Adjust the tracking expression such that it uniquely identifies all the items in the collection. Duplicated keys were: 
key "" at index "0" and "1", 
key "" at index "1" and "2", 
key "" at index "2" and "3", 
key "" at index "3" and "4", 
key "" at index "4" and "5". Find more at https://v20.angular.dev/errors/NG0955'[39m
Chrome Headless 144.0.0.0 (Windows 10): Executed 437 of 767[31m (160 FAILED)[39m (skipped 2) (0 secs / 6.503 secs)
WARN: 'NG0955: The provided track expression resulted in duplicated keys for a given collection. Adjust the tracking expression such that it uniquely identifies all the items in the collection. Duplicated keys were: 
key "" at index "0" and "1", 
key "" at index "1" and "2", 
key "" at index "2" and "3", 
key "" at index "3" and "4", 
key "" at index "4" and "5". Find more at https://v20.angular.dev/errors/NG0955'
[1A[2KChrome Headless 144.0.0.0 (Windows 10): Executed 438 of 767[31m (160 FAILED)[39m (skipped 2) (0 secs / 6.522 secs)
[1A[2KWARN: [36m'NG0955: The provided track expression resulted in duplicated keys for a given collection. Adjust the tracking expression such that it uniquely identifies all the items in the collection. Duplicated keys were: 
key "" at index "0" and "1". Find more at https://v20.angular.dev/errors/NG0955'[39m
Chrome Headless 144.0.0.0 (Windows 10): Executed 438 of 767[31m (160 FAILED)[39m (skipped 2) (0 secs / 6.522 secs)
WARN: 'NG0955: The provided track expression resulted in duplicated keys for a given collection. Adjust the tracking expression such that it uniquely identifies all the items in the collection. Duplicated keys were: 
key "" at index "0" and "1". Find more at https://v20.angular.dev/errors/NG0955'
[1A[2KWARN: [36m'NG0955: The provided track expression resulted in duplicated keys for a given collection. Adjust the tracking expression such that it uniquely identifies all the items in the collection. Duplicated keys were: 
key "" at index "0" and "1", 
key "" at index "1" and "2". Find more at https://v20.angular.dev/errors/NG0955'[39m
Chrome Headless 144.0.0.0 (Windows 10): Executed 438 of 767[31m (160 FAILED)[39m (skipped 2) (0 secs / 6.522 secs)
WARN: 'NG0955: The provided track expression resulted in duplicated keys for a given collection. Adjust the tracking expression such that it uniquely identifies all the items in the collection. Duplicated keys were: 
key "" at index "0" and "1", 
key "" at index "1" and "2". Find more at https://v20.angular.dev/errors/NG0955'
[1A[2KWARN: [36m'NG0955: The provided track expression resulted in duplicated keys for a given collection. Adjust the tracking expression such that it uniquely identifies all the items in the collection. Duplicated keys were: 
key "" at index "0" and "1", 
key "" at index "1" and "2", 
key "" at index "2" and "3". Find more at https://v20.angular.dev/errors/NG0955'[39m
Chrome Headless 144.0.0.0 (Windows 10): Executed 438 of 767[31m (160 FAILED)[39m (skipped 2) (0 secs / 6.522 secs)
WARN: 'NG0955: The provided track expression resulted in duplicated keys for a given collection. Adjust the tracking expression such that it uniquely identifies all the items in the collection. Duplicated keys were: 
key "" at index "0" and "1", 
key "" at index "1" and "2", 
key "" at index "2" and "3". Find more at https://v20.angular.dev/errors/NG0955'
[1A[2KWARN: [36m'NG0955: The provided track expression resulted in duplicated keys for a given collection. Adjust the tracking expression such that it uniquely identifies all the items in the collection. Duplicated keys were: 
key "" at index "0" and "1", 
key "" at index "1" and "2", 
key "" at index "2" and "3", 
key "" at index "3" and "4". Find more at https://v20.angular.dev/errors/NG0955'[39m
Chrome Headless 144.0.0.0 (Windows 10): Executed 438 of 767[31m (160 FAILED)[39m (skipped 2) (0 secs / 6.522 secs)
WARN: 'NG0955: The provided track expression resulted in duplicated keys for a given collection. Adjust the tracking expression such that it uniquely identifies all the items in the collection. Duplicated keys were: 
key "" at index "0" and "1", 
key "" at index "1" and "2", 
key "" at index "2" and "3", 
key "" at index "3" and "4". Find more at https://v20.angular.dev/errors/NG0955'
[1A[2KWARN: [36m'NG0955: The provided track expression resulted in duplicated keys for a given collection. Adjust the tracking expression such that it uniquely identifies all the items in the collection. Duplicated keys were: 
key "" at index "0" and "1", 
key "" at index "1" and "2", 
key "" at index "2" and "3", 
key "" at index "3" and "4", 
key "" at index "4" and "5". Find more at https://v20.angular.dev/errors/NG0955'[39m
Chrome Headless 144.0.0.0 (Windows 10): Executed 438 of 767[31m (160 FAILED)[39m (skipped 2) (0 secs / 6.522 secs)
WARN: 'NG0955: The provided track expression resulted in duplicated keys for a given collection. Adjust the tracking expression such that it uniquely identifies all the items in the collection. Duplicated keys were: 
key "" at index "0" and "1", 
key "" at index "1" and "2", 
key "" at index "2" and "3", 
key "" at index "3" and "4", 
key "" at index "4" and "5". Find more at https://v20.angular.dev/errors/NG0955'
[1A[2KChrome Headless 144.0.0.0 (Windows 10): Executed 439 of 767[31m (160 FAILED)[39m (skipped 2) (0 secs / 6.543 secs)
[1A[2KWARN: [36m'NG0955: The provided track expression resulted in duplicated keys for a given collection. Adjust the tracking expression such that it uniquely identifies all the items in the collection. Duplicated keys were: 
key "" at index "0" and "1". Find more at https://v20.angular.dev/errors/NG0955'[39m
Chrome Headless 144.0.0.0 (Windows 10): Executed 439 of 767[31m (160 FAILED)[39m (skipped 2) (0 secs / 6.543 secs)
WARN: 'NG0955: The provided track expression resulted in duplicated keys for a given collection. Adjust the tracking expression such that it uniquely identifies all the items in the collection. Duplicated keys were: 
key "" at index "0" and "1". Find more at https://v20.angular.dev/errors/NG0955'
[1A[2KWARN: [36m'NG0955: The provided track expression resulted in duplicated keys for a given collection. Adjust the tracking expression such that it uniquely identifies all the items in the collection. Duplicated keys were: 
key "" at index "0" and "1", 
key "" at index "1" and "2". Find more at https://v20.angular.dev/errors/NG0955'[39m
Chrome Headless 144.0.0.0 (Windows 10): Executed 439 of 767[31m (160 FAILED)[39m (skipped 2) (0 secs / 6.543 secs)
WARN: 'NG0955: The provided track expression resulted in duplicated keys for a given collection. Adjust the tracking expression such that it uniquely identifies all the items in the collection. Duplicated keys were: 
key "" at index "0" and "1", 
key "" at index "1" and "2". Find more at https://v20.angular.dev/errors/NG0955'
[1A[2KWARN: [36m'NG0955: The provided track expression resulted in duplicated keys for a given collection. Adjust the tracking expression such that it uniquely identifies all the items in the collection. Duplicated keys were: 
key "" at index "0" and "1", 
key "" at index "1" and "2", 
key "" at index "2" and "3". Find more at https://v20.angular.dev/errors/NG0955'[39m
Chrome Headless 144.0.0.0 (Windows 10): Executed 439 of 767[31m (160 FAILED)[39m (skipped 2) (0 secs / 6.543 secs)
WARN: 'NG0955: The provided track expression resulted in duplicated keys for a given collection. Adjust the tracking expression such that it uniquely identifies all the items in the collection. Duplicated keys were: 
key "" at index "0" and "1", 
key "" at index "1" and "2", 
key "" at index "2" and "3". Find more at https://v20.angular.dev/errors/NG0955'
[1A[2KWARN: [36m'NG0955: The provided track expression resulted in duplicated keys for a given collection. Adjust the tracking expression such that it uniquely identifies all the items in the collection. Duplicated keys were: 
key "" at index "0" and "1", 
key "" at index "1" and "2", 
key "" at index "2" and "3", 
key "" at index "3" and "4". Find more at https://v20.angular.dev/errors/NG0955'[39m
Chrome Headless 144.0.0.0 (Windows 10): Executed 439 of 767[31m (160 FAILED)[39m (skipped 2) (0 secs / 6.543 secs)
WARN: 'NG0955: The provided track expression resulted in duplicated keys for a given collection. Adjust the tracking expression such that it uniquely identifies all the items in the collection. Duplicated keys were: 
key "" at index "0" and "1", 
key "" at index "1" and "2", 
key "" at index "2" and "3", 
key "" at index "3" and "4". Find more at https://v20.angular.dev/errors/NG0955'
[1A[2KWARN: [36m'NG0955: The provided track expression resulted in duplicated keys for a given collection. Adjust the tracking expression such that it uniquely identifies all the items in the collection. Duplicated keys were: 
key "" at index "0" and "1", 
key "" at index "1" and "2", 
key "" at index "2" and "3", 
key "" at index "3" and "4", 
key "" at index "4" and "5". Find more at https://v20.angular.dev/errors/NG0955'[39m
Chrome Headless 144.0.0.0 (Windows 10): Executed 439 of 767[31m (160 FAILED)[39m (skipped 2) (0 secs / 6.543 secs)
WARN: 'NG0955: The provided track expression resulted in duplicated keys for a given collection. Adjust the tracking expression such that it uniquely identifies all the items in the collection. Duplicated keys were: 
key "" at index "0" and "1", 
key "" at index "1" and "2", 
key "" at index "2" and "3", 
key "" at index "3" and "4", 
key "" at index "4" and "5". Find more at https://v20.angular.dev/errors/NG0955'
[1A[2KChrome Headless 144.0.0.0 (Windows 10): Executed 440 of 767[31m (160 FAILED)[39m (skipped 2) (0 secs / 6.564 secs)
[1A[2KWARN: [36m'NG0955: The provided track expression resulted in duplicated keys for a given collection. Adjust the tracking expression such that it uniquely identifies all the items in the collection. Duplicated keys were: 
key "" at index "0" and "1". Find more at https://v20.angular.dev/errors/NG0955'[39m
Chrome Headless 144.0.0.0 (Windows 10): Executed 440 of 767[31m (160 FAILED)[39m (skipped 2) (0 secs / 6.564 secs)
WARN: 'NG0955: The provided track expression resulted in duplicated keys for a given collection. Adjust the tracking expression such that it uniquely identifies all the items in the collection. Duplicated keys were: 
key "" at index "0" and "1". Find more at https://v20.angular.dev/errors/NG0955'
[1A[2KWARN: [36m'NG0955: The provided track expression resulted in duplicated keys for a given collection. Adjust the tracking expression such that it uniquely identifies all the items in the collection. Duplicated keys were: 
key "" at index "0" and "1", 
key "" at index "1" and "2". Find more at https://v20.angular.dev/errors/NG0955'[39m
Chrome Headless 144.0.0.0 (Windows 10): Executed 440 of 767[31m (160 FAILED)[39m (skipped 2) (0 secs / 6.564 secs)
WARN: 'NG0955: The provided track expression resulted in duplicated keys for a given collection. Adjust the tracking expression such that it uniquely identifies all the items in the collection. Duplicated keys were: 
key "" at index "0" and "1", 
key "" at index "1" and "2". Find more at https://v20.angular.dev/errors/NG0955'
[1A[2KWARN: [36m'NG0955: The provided track expression resulted in duplicated keys for a given collection. Adjust the tracking expression such that it uniquely identifies all the items in the collection. Duplicated keys were: 
key "" at index "0" and "1", 
key "" at index "1" and "2", 
key "" at index "2" and "3". Find more at https://v20.angular.dev/errors/NG0955'[39m
Chrome Headless 144.0.0.0 (Windows 10): Executed 440 of 767[31m (160 FAILED)[39m (skipped 2) (0 secs / 6.564 secs)
WARN: 'NG0955: The provided track expression resulted in duplicated keys for a given collection. Adjust the tracking expression such that it uniquely identifies all the items in the collection. Duplicated keys were: 
key "" at index "0" and "1", 
key "" at index "1" and "2", 
key "" at index "2" and "3". Find more at https://v20.angular.dev/errors/NG0955'
[1A[2KWARN: [36m'NG0955: The provided track expression resulted in duplicated keys for a given collection. Adjust the tracking expression such that it uniquely identifies all the items in the collection. Duplicated keys were: 
key "" at index "0" and "1", 
key "" at index "1" and "2", 
key "" at index "2" and "3", 
key "" at index "3" and "4". Find more at https://v20.angular.dev/errors/NG0955'[39m
Chrome Headless 144.0.0.0 (Windows 10): Executed 440 of 767[31m (160 FAILED)[39m (skipped 2) (0 secs / 6.564 secs)
WARN: 'NG0955: The provided track expression resulted in duplicated keys for a given collection. Adjust the tracking expression such that it uniquely identifies all the items in the collection. Duplicated keys were: 
key "" at index "0" and "1", 
key "" at index "1" and "2", 
key "" at index "2" and "3", 
key "" at index "3" and "4". Find more at https://v20.angular.dev/errors/NG0955'
[1A[2KWARN: [36m'NG0955: The provided track expression resulted in duplicated keys for a given collection. Adjust the tracking expression such that it uniquely identifies all the items in the collection. Duplicated keys were: 
key "" at index "0" and "1", 
key "" at index "1" and "2", 
key "" at index "2" and "3", 
key "" at index "3" and "4", 
key "" at index "4" and "5". Find more at https://v20.angular.dev/errors/NG0955'[39m
Chrome Headless 144.0.0.0 (Windows 10): Executed 440 of 767[31m (160 FAILED)[39m (skipped 2) (0 secs / 6.564 secs)
WARN: 'NG0955: The provided track expression resulted in duplicated keys for a given collection. Adjust the tracking expression such that it uniquely identifies all the items in the collection. Duplicated keys were: 
key "" at index "0" and "1", 
key "" at index "1" and "2", 
key "" at index "2" and "3", 
key "" at index "3" and "4", 
key "" at index "4" and "5". Find more at https://v20.angular.dev/errors/NG0955'
[1A[2KChrome Headless 144.0.0.0 (Windows 10): Executed 441 of 767[31m (160 FAILED)[39m (skipped 2) (0 secs / 6.583 secs)
[1A[2KWARN: [36m'NG0955: The provided track expression resulted in duplicated keys for a given collection. Adjust the tracking expression such that it uniquely identifies all the items in the collection. Duplicated keys were: 
key "" at index "0" and "1". Find more at https://v20.angular.dev/errors/NG0955'[39m
Chrome Headless 144.0.0.0 (Windows 10): Executed 441 of 767[31m (160 FAILED)[39m (skipped 2) (0 secs / 6.583 secs)
WARN: 'NG0955: The provided track expression resulted in duplicated keys for a given collection. Adjust the tracking expression such that it uniquely identifies all the items in the collection. Duplicated keys were: 
key "" at index "0" and "1". Find more at https://v20.angular.dev/errors/NG0955'
[1A[2KWARN: [36m'NG0955: The provided track expression resulted in duplicated keys for a given collection. Adjust the tracking expression such that it uniquely identifies all the items in the collection. Duplicated keys were: 
key "" at index "0" and "1", 
key "" at index "1" and "2". Find more at https://v20.angular.dev/errors/NG0955'[39m
Chrome Headless 144.0.0.0 (Windows 10): Executed 441 of 767[31m (160 FAILED)[39m (skipped 2) (0 secs / 6.583 secs)
WARN: 'NG0955: The provided track expression resulted in duplicated keys for a given collection. Adjust the tracking expression such that it uniquely identifies all the items in the collection. Duplicated keys were: 
key "" at index "0" and "1", 
key "" at index "1" and "2". Find more at https://v20.angular.dev/errors/NG0955'
[1A[2KWARN: [36m'NG0955: The provided track expression resulted in duplicated keys for a given collection. Adjust the tracking expression such that it uniquely identifies all the items in the collection. Duplicated keys were: 
key "" at index "0" and "1", 
key "" at index "1" and "2", 
key "" at index "2" and "3". Find more at https://v20.angular.dev/errors/NG0955'[39m
Chrome Headless 144.0.0.0 (Windows 10): Executed 441 of 767[31m (160 FAILED)[39m (skipped 2) (0 secs / 6.583 secs)
WARN: 'NG0955: The provided track expression resulted in duplicated keys for a given collection. Adjust the tracking expression such that it uniquely identifies all the items in the collection. Duplicated keys were: 
key "" at index "0" and "1", 
key "" at index "1" and "2", 
key "" at index "2" and "3". Find more at https://v20.angular.dev/errors/NG0955'
[1A[2KWARN: [36m'NG0955: The provided track expression resulted in duplicated keys for a given collection. Adjust the tracking expression such that it uniquely identifies all the items in the collection. Duplicated keys were: 
key "" at index "0" and "1", 
key "" at index "1" and "2", 
key "" at index "2" and "3", 
key "" at index "3" and "4". Find more at https://v20.angular.dev/errors/NG0955'[39m
Chrome Headless 144.0.0.0 (Windows 10): Executed 441 of 767[31m (160 FAILED)[39m (skipped 2) (0 secs / 6.583 secs)
WARN: 'NG0955: The provided track expression resulted in duplicated keys for a given collection. Adjust the tracking expression such that it uniquely identifies all the items in the collection. Duplicated keys were: 
key "" at index "0" and "1", 
key "" at index "1" and "2", 
key "" at index "2" and "3", 
key "" at index "3" and "4". Find more at https://v20.angular.dev/errors/NG0955'
[1A[2KWARN: [36m'NG0955: The provided track expression resulted in duplicated keys for a given collection. Adjust the tracking expression such that it uniquely identifies all the items in the collection. Duplicated keys were: 
key "" at index "0" and "1", 
key "" at index "1" and "2", 
key "" at index "2" and "3", 
key "" at index "3" and "4", 
key "" at index "4" and "5". Find more at https://v20.angular.dev/errors/NG0955'[39m
Chrome Headless 144.0.0.0 (Windows 10): Executed 441 of 767[31m (160 FAILED)[39m (skipped 2) (0 secs / 6.583 secs)
WARN: 'NG0955: The provided track expression resulted in duplicated keys for a given collection. Adjust the tracking expression such that it uniquely identifies all the items in the collection. Duplicated keys were: 
key "" at index "0" and "1", 
key "" at index "1" and "2", 
key "" at index "2" and "3", 
key "" at index "3" and "4", 
key "" at index "4" and "5". Find more at https://v20.angular.dev/errors/NG0955'
[1A[2KChrome Headless 144.0.0.0 (Windows 10): Executed 442 of 767[31m (160 FAILED)[39m (skipped 2) (0 secs / 6.607 secs)
[1A[2KWARN: [36m'NG0955: The provided track expression resulted in duplicated keys for a given collection. Adjust the tracking expression such that it uniquely identifies all the items in the collection. Duplicated keys were: 
key "" at index "0" and "1". Find more at https://v20.angular.dev/errors/NG0955'[39m
Chrome Headless 144.0.0.0 (Windows 10): Executed 442 of 767[31m (160 FAILED)[39m (skipped 2) (0 secs / 6.607 secs)
WARN: 'NG0955: The provided track expression resulted in duplicated keys for a given collection. Adjust the tracking expression such that it uniquely identifies all the items in the collection. Duplicated keys were: 
key "" at index "0" and "1". Find more at https://v20.angular.dev/errors/NG0955'
[1A[2KWARN: [36m'NG0955: The provided track expression resulted in duplicated keys for a given collection. Adjust the tracking expression such that it uniquely identifies all the items in the collection. Duplicated keys were: 
key "" at index "0" and "1", 
key "" at index "1" and "2". Find more at https://v20.angular.dev/errors/NG0955'[39m
Chrome Headless 144.0.0.0 (Windows 10): Executed 442 of 767[31m (160 FAILED)[39m (skipped 2) (0 secs / 6.607 secs)
WARN: 'NG0955: The provided track expression resulted in duplicated keys for a given collection. Adjust the tracking expression such that it uniquely identifies all the items in the collection. Duplicated keys were: 
key "" at index "0" and "1", 
key "" at index "1" and "2". Find more at https://v20.angular.dev/errors/NG0955'
[1A[2KWARN: [36m'NG0955: The provided track expression resulted in duplicated keys for a given collection. Adjust the tracking expression such that it uniquely identifies all the items in the collection. Duplicated keys were: 
key "" at index "0" and "1", 
key "" at index "1" and "2", 
key "" at index "2" and "3". Find more at https://v20.angular.dev/errors/NG0955'[39m
Chrome Headless 144.0.0.0 (Windows 10): Executed 442 of 767[31m (160 FAILED)[39m (skipped 2) (0 secs / 6.607 secs)
WARN: 'NG0955: The provided track expression resulted in duplicated keys for a given collection. Adjust the tracking expression such that it uniquely identifies all the items in the collection. Duplicated keys were: 
key "" at index "0" and "1", 
key "" at index "1" and "2", 
key "" at index "2" and "3". Find more at https://v20.angular.dev/errors/NG0955'
[1A[2KWARN: [36m'NG0955: The provided track expression resulted in duplicated keys for a given collection. Adjust the tracking expression such that it uniquely identifies all the items in the collection. Duplicated keys were: 
key "" at index "0" and "1", 
key "" at index "1" and "2", 
key "" at index "2" and "3", 
key "" at index "3" and "4". Find more at https://v20.angular.dev/errors/NG0955'[39m
Chrome Headless 144.0.0.0 (Windows 10): Executed 442 of 767[31m (160 FAILED)[39m (skipped 2) (0 secs / 6.607 secs)
WARN: 'NG0955: The provided track expression resulted in duplicated keys for a given collection. Adjust the tracking expression such that it uniquely identifies all the items in the collection. Duplicated keys were: 
key "" at index "0" and "1", 
key "" at index "1" and "2", 
key "" at index "2" and "3", 
key "" at index "3" and "4". Find more at https://v20.angular.dev/errors/NG0955'
[1A[2KWARN: [36m'NG0955: The provided track expression resulted in duplicated keys for a given collection. Adjust the tracking expression such that it uniquely identifies all the items in the collection. Duplicated keys were: 
key "" at index "0" and "1", 
key "" at index "1" and "2", 
key "" at index "2" and "3", 
key "" at index "3" and "4", 
key "" at index "4" and "5". Find more at https://v20.angular.dev/errors/NG0955'[39m
Chrome Headless 144.0.0.0 (Windows 10): Executed 442 of 767[31m (160 FAILED)[39m (skipped 2) (0 secs / 6.607 secs)
WARN: 'NG0955: The provided track expression resulted in duplicated keys for a given collection. Adjust the tracking expression such that it uniquely identifies all the items in the collection. Duplicated keys were: 
key "" at index "0" and "1", 
key "" at index "1" and "2", 
key "" at index "2" and "3", 
key "" at index "3" and "4", 
key "" at index "4" and "5". Find more at https://v20.angular.dev/errors/NG0955'
[1A[2KChrome Headless 144.0.0.0 (Windows 10): Executed 443 of 767[31m (160 FAILED)[39m (skipped 2) (0 secs / 6.626 secs)
[1A[2KWARN: [36m'NG0955: The provided track expression resulted in duplicated keys for a given collection. Adjust the tracking expression such that it uniquely identifies all the items in the collection. Duplicated keys were: 
key "" at index "0" and "1". Find more at https://v20.angular.dev/errors/NG0955'[39m
Chrome Headless 144.0.0.0 (Windows 10): Executed 443 of 767[31m (160 FAILED)[39m (skipped 2) (0 secs / 6.626 secs)
WARN: 'NG0955: The provided track expression resulted in duplicated keys for a given collection. Adjust the tracking expression such that it uniquely identifies all the items in the collection. Duplicated keys were: 
key "" at index "0" and "1". Find more at https://v20.angular.dev/errors/NG0955'
[1A[2KWARN: [36m'NG0955: The provided track expression resulted in duplicated keys for a given collection. Adjust the tracking expression such that it uniquely identifies all the items in the collection. Duplicated keys were: 
key "" at index "0" and "1", 
key "" at index "1" and "2". Find more at https://v20.angular.dev/errors/NG0955'[39m
Chrome Headless 144.0.0.0 (Windows 10): Executed 443 of 767[31m (160 FAILED)[39m (skipped 2) (0 secs / 6.626 secs)
WARN: 'NG0955: The provided track expression resulted in duplicated keys for a given collection. Adjust the tracking expression such that it uniquely identifies all the items in the collection. Duplicated keys were: 
key "" at index "0" and "1", 
key "" at index "1" and "2". Find more at https://v20.angular.dev/errors/NG0955'
[1A[2KWARN: [36m'NG0955: The provided track expression resulted in duplicated keys for a given collection. Adjust the tracking expression such that it uniquely identifies all the items in the collection. Duplicated keys were: 
key "" at index "0" and "1", 
key "" at index "1" and "2", 
key "" at index "2" and "3". Find more at https://v20.angular.dev/errors/NG0955'[39m
Chrome Headless 144.0.0.0 (Windows 10): Executed 443 of 767[31m (160 FAILED)[39m (skipped 2) (0 secs / 6.626 secs)
WARN: 'NG0955: The provided track expression resulted in duplicated keys for a given collection. Adjust the tracking expression such that it uniquely identifies all the items in the collection. Duplicated keys were: 
key "" at index "0" and "1", 
key "" at index "1" and "2", 
key "" at index "2" and "3". Find more at https://v20.angular.dev/errors/NG0955'
[1A[2KWARN: [36m'NG0955: The provided track expression resulted in duplicated keys for a given collection. Adjust the tracking expression such that it uniquely identifies all the items in the collection. Duplicated keys were: 
key "" at index "0" and "1", 
key "" at index "1" and "2", 
key "" at index "2" and "3", 
key "" at index "3" and "4". Find more at https://v20.angular.dev/errors/NG0955'[39m
Chrome Headless 144.0.0.0 (Windows 10): Executed 443 of 767[31m (160 FAILED)[39m (skipped 2) (0 secs / 6.626 secs)
WARN: 'NG0955: The provided track expression resulted in duplicated keys for a given collection. Adjust the tracking expression such that it uniquely identifies all the items in the collection. Duplicated keys were: 
key "" at index "0" and "1", 
key "" at index "1" and "2", 
key "" at index "2" and "3", 
key "" at index "3" and "4". Find more at https://v20.angular.dev/errors/NG0955'
[1A[2KWARN: [36m'NG0955: The provided track expression resulted in duplicated keys for a given collection. Adjust the tracking expression such that it uniquely identifies all the items in the collection. Duplicated keys were: 
key "" at index "0" and "1", 
key "" at index "1" and "2", 
key "" at index "2" and "3", 
key "" at index "3" and "4", 
key "" at index "4" and "5". Find more at https://v20.angular.dev/errors/NG0955'[39m
Chrome Headless 144.0.0.0 (Windows 10): Executed 443 of 767[31m (160 FAILED)[39m (skipped 2) (0 secs / 6.626 secs)
WARN: 'NG0955: The provided track expression resulted in duplicated keys for a given collection. Adjust the tracking expression such that it uniquely identifies all the items in the collection. Duplicated keys were: 
key "" at index "0" and "1", 
key "" at index "1" and "2", 
key "" at index "2" and "3", 
key "" at index "3" and "4", 
key "" at index "4" and "5". Find more at https://v20.angular.dev/errors/NG0955'
[1A[2KChrome Headless 144.0.0.0 (Windows 10): Executed 444 of 767[31m (160 FAILED)[39m (skipped 2) (0 secs / 6.646 secs)
[1A[2KWARN: [36m'NG0955: The provided track expression resulted in duplicated keys for a given collection. Adjust the tracking expression such that it uniquely identifies all the items in the collection. Duplicated keys were: 
key "" at index "0" and "1". Find more at https://v20.angular.dev/errors/NG0955'[39m
Chrome Headless 144.0.0.0 (Windows 10): Executed 444 of 767[31m (160 FAILED)[39m (skipped 2) (0 secs / 6.646 secs)
WARN: 'NG0955: The provided track expression resulted in duplicated keys for a given collection. Adjust the tracking expression such that it uniquely identifies all the items in the collection. Duplicated keys were: 
key "" at index "0" and "1". Find more at https://v20.angular.dev/errors/NG0955'
[1A[2KWARN: [36m'NG0955: The provided track expression resulted in duplicated keys for a given collection. Adjust the tracking expression such that it uniquely identifies all the items in the collection. Duplicated keys were: 
key "" at index "0" and "1", 
key "" at index "1" and "2". Find more at https://v20.angular.dev/errors/NG0955'[39m
Chrome Headless 144.0.0.0 (Windows 10): Executed 444 of 767[31m (160 FAILED)[39m (skipped 2) (0 secs / 6.646 secs)
WARN: 'NG0955: The provided track expression resulted in duplicated keys for a given collection. Adjust the tracking expression such that it uniquely identifies all the items in the collection. Duplicated keys were: 
key "" at index "0" and "1", 
key "" at index "1" and "2". Find more at https://v20.angular.dev/errors/NG0955'
[1A[2KWARN: [36m'NG0955: The provided track expression resulted in duplicated keys for a given collection. Adjust the tracking expression such that it uniquely identifies all the items in the collection. Duplicated keys were: 
key "" at index "0" and "1", 
key "" at index "1" and "2", 
key "" at index "2" and "3". Find more at https://v20.angular.dev/errors/NG0955'[39m
Chrome Headless 144.0.0.0 (Windows 10): Executed 444 of 767[31m (160 FAILED)[39m (skipped 2) (0 secs / 6.646 secs)
WARN: 'NG0955: The provided track expression resulted in duplicated keys for a given collection. Adjust the tracking expression such that it uniquely identifies all the items in the collection. Duplicated keys were: 
key "" at index "0" and "1", 
key "" at index "1" and "2", 
key "" at index "2" and "3". Find more at https://v20.angular.dev/errors/NG0955'
[1A[2KWARN: [36m'NG0955: The provided track expression resulted in duplicated keys for a given collection. Adjust the tracking expression such that it uniquely identifies all the items in the collection. Duplicated keys were: 
key "" at index "0" and "1", 
key "" at index "1" and "2", 
key "" at index "2" and "3", 
key "" at index "3" and "4". Find more at https://v20.angular.dev/errors/NG0955'[39m
Chrome Headless 144.0.0.0 (Windows 10): Executed 444 of 767[31m (160 FAILED)[39m (skipped 2) (0 secs / 6.646 secs)
WARN: 'NG0955: The provided track expression resulted in duplicated keys for a given collection. Adjust the tracking expression such that it uniquely identifies all the items in the collection. Duplicated keys were: 
key "" at index "0" and "1", 
key "" at index "1" and "2", 
key "" at index "2" and "3", 
key "" at index "3" and "4". Find more at https://v20.angular.dev/errors/NG0955'
[1A[2KWARN: [36m'NG0955: The provided track expression resulted in duplicated keys for a given collection. Adjust the tracking expression such that it uniquely identifies all the items in the collection. Duplicated keys were: 
key "" at index "0" and "1", 
key "" at index "1" and "2", 
key "" at index "2" and "3", 
key "" at index "3" and "4", 
key "" at index "4" and "5". Find more at https://v20.angular.dev/errors/NG0955'[39m
Chrome Headless 144.0.0.0 (Windows 10): Executed 444 of 767[31m (160 FAILED)[39m (skipped 2) (0 secs / 6.646 secs)
WARN: 'NG0955: The provided track expression resulted in duplicated keys for a given collection. Adjust the tracking expression such that it uniquely identifies all the items in the collection. Duplicated keys were: 
key "" at index "0" and "1", 
key "" at index "1" and "2", 
key "" at index "2" and "3", 
key "" at index "3" and "4", 
key "" at index "4" and "5". Find more at https://v20.angular.dev/errors/NG0955'
[1A[2KChrome Headless 144.0.0.0 (Windows 10): Executed 445 of 767[31m (160 FAILED)[39m (skipped 2) (0 secs / 6.673 secs)
[1A[2KWARN: [36m'NG0955: The provided track expression resulted in duplicated keys for a given collection. Adjust the tracking expression such that it uniquely identifies all the items in the collection. Duplicated keys were: 
key "" at index "0" and "1". Find more at https://v20.angular.dev/errors/NG0955'[39m
Chrome Headless 144.0.0.0 (Windows 10): Executed 445 of 767[31m (160 FAILED)[39m (skipped 2) (0 secs / 6.673 secs)
WARN: 'NG0955: The provided track expression resulted in duplicated keys for a given collection. Adjust the tracking expression such that it uniquely identifies all the items in the collection. Duplicated keys were: 
key "" at index "0" and "1". Find more at https://v20.angular.dev/errors/NG0955'
[1A[2KWARN: [36m'NG0955: The provided track expression resulted in duplicated keys for a given collection. Adjust the tracking expression such that it uniquely identifies all the items in the collection. Duplicated keys were: 
key "" at index "0" and "1", 
key "" at index "1" and "2". Find more at https://v20.angular.dev/errors/NG0955'[39m
Chrome Headless 144.0.0.0 (Windows 10): Executed 445 of 767[31m (160 FAILED)[39m (skipped 2) (0 secs / 6.673 secs)
WARN: 'NG0955: The provided track expression resulted in duplicated keys for a given collection. Adjust the tracking expression such that it uniquely identifies all the items in the collection. Duplicated keys were: 
key "" at index "0" and "1", 
key "" at index "1" and "2". Find more at https://v20.angular.dev/errors/NG0955'
[1A[2KWARN: [36m'NG0955: The provided track expression resulted in duplicated keys for a given collection. Adjust the tracking expression such that it uniquely identifies all the items in the collection. Duplicated keys were: 
key "" at index "0" and "1", 
key "" at index "1" and "2", 
key "" at index "2" and "3". Find more at https://v20.angular.dev/errors/NG0955'[39m
Chrome Headless 144.0.0.0 (Windows 10): Executed 445 of 767[31m (160 FAILED)[39m (skipped 2) (0 secs / 6.673 secs)
WARN: 'NG0955: The provided track expression resulted in duplicated keys for a given collection. Adjust the tracking expression such that it uniquely identifies all the items in the collection. Duplicated keys were: 
key "" at index "0" and "1", 
key "" at index "1" and "2", 
key "" at index "2" and "3". Find more at https://v20.angular.dev/errors/NG0955'
[1A[2KWARN: [36m'NG0955: The provided track expression resulted in duplicated keys for a given collection. Adjust the tracking expression such that it uniquely identifies all the items in the collection. Duplicated keys were: 
key "" at index "0" and "1", 
key "" at index "1" and "2", 
key "" at index "2" and "3", 
key "" at index "3" and "4". Find more at https://v20.angular.dev/errors/NG0955'[39m
Chrome Headless 144.0.0.0 (Windows 10): Executed 445 of 767[31m (160 FAILED)[39m (skipped 2) (0 secs / 6.673 secs)
WARN: 'NG0955: The provided track expression resulted in duplicated keys for a given collection. Adjust the tracking expression such that it uniquely identifies all the items in the collection. Duplicated keys were: 
key "" at index "0" and "1", 
key "" at index "1" and "2", 
key "" at index "2" and "3", 
key "" at index "3" and "4". Find more at https://v20.angular.dev/errors/NG0955'
[1A[2KWARN: [36m'NG0955: The provided track expression resulted in duplicated keys for a given collection. Adjust the tracking expression such that it uniquely identifies all the items in the collection. Duplicated keys were: 
key "" at index "0" and "1", 
key "" at index "1" and "2", 
key "" at index "2" and "3", 
key "" at index "3" and "4", 
key "" at index "4" and "5". Find more at https://v20.angular.dev/errors/NG0955'[39m
Chrome Headless 144.0.0.0 (Windows 10): Executed 445 of 767[31m (160 FAILED)[39m (skipped 2) (0 secs / 6.673 secs)
WARN: 'NG0955: The provided track expression resulted in duplicated keys for a given collection. Adjust the tracking expression such that it uniquely identifies all the items in the collection. Duplicated keys were: 
key "" at index "0" and "1", 
key "" at index "1" and "2", 
key "" at index "2" and "3", 
key "" at index "3" and "4", 
key "" at index "4" and "5". Find more at https://v20.angular.dev/errors/NG0955'
[1A[2KChrome Headless 144.0.0.0 (Windows 10): Executed 446 of 767[31m (160 FAILED)[39m (skipped 2) (0 secs / 6.692 secs)
[1A[2KWARN: [36m'NG0955: The provided track expression resulted in duplicated keys for a given collection. Adjust the tracking expression such that it uniquely identifies all the items in the collection. Duplicated keys were: 
key "" at index "0" and "1". Find more at https://v20.angular.dev/errors/NG0955'[39m
Chrome Headless 144.0.0.0 (Windows 10): Executed 446 of 767[31m (160 FAILED)[39m (skipped 2) (0 secs / 6.692 secs)
WARN: 'NG0955: The provided track expression resulted in duplicated keys for a given collection. Adjust the tracking expression such that it uniquely identifies all the items in the collection. Duplicated keys were: 
key "" at index "0" and "1". Find more at https://v20.angular.dev/errors/NG0955'
[1A[2KWARN: [36m'NG0955: The provided track expression resulted in duplicated keys for a given collection. Adjust the tracking expression such that it uniquely identifies all the items in the collection. Duplicated keys were: 
key "" at index "0" and "1", 
key "" at index "1" and "2". Find more at https://v20.angular.dev/errors/NG0955'[39m
Chrome Headless 144.0.0.0 (Windows 10): Executed 446 of 767[31m (160 FAILED)[39m (skipped 2) (0 secs / 6.692 secs)
WARN: 'NG0955: The provided track expression resulted in duplicated keys for a given collection. Adjust the tracking expression such that it uniquely identifies all the items in the collection. Duplicated keys were: 
key "" at index "0" and "1", 
key "" at index "1" and "2". Find more at https://v20.angular.dev/errors/NG0955'
[1A[2KWARN: [36m'NG0955: The provided track expression resulted in duplicated keys for a given collection. Adjust the tracking expression such that it uniquely identifies all the items in the collection. Duplicated keys were: 
key "" at index "0" and "1", 
key "" at index "1" and "2", 
key "" at index "2" and "3". Find more at https://v20.angular.dev/errors/NG0955'[39m
Chrome Headless 144.0.0.0 (Windows 10): Executed 446 of 767[31m (160 FAILED)[39m (skipped 2) (0 secs / 6.692 secs)
WARN: 'NG0955: The provided track expression resulted in duplicated keys for a given collection. Adjust the tracking expression such that it uniquely identifies all the items in the collection. Duplicated keys were: 
key "" at index "0" and "1", 
key "" at index "1" and "2", 
key "" at index "2" and "3". Find more at https://v20.angular.dev/errors/NG0955'
[1A[2KWARN: [36m'NG0955: The provided track expression resulted in duplicated keys for a given collection. Adjust the tracking expression such that it uniquely identifies all the items in the collection. Duplicated keys were: 
key "" at index "0" and "1", 
key "" at index "1" and "2", 
key "" at index "2" and "3", 
key "" at index "3" and "4". Find more at https://v20.angular.dev/errors/NG0955'[39m
Chrome Headless 144.0.0.0 (Windows 10): Executed 446 of 767[31m (160 FAILED)[39m (skipped 2) (0 secs / 6.692 secs)
WARN: 'NG0955: The provided track expression resulted in duplicated keys for a given collection. Adjust the tracking expression such that it uniquely identifies all the items in the collection. Duplicated keys were: 
key "" at index "0" and "1", 
key "" at index "1" and "2", 
key "" at index "2" and "3", 
key "" at index "3" and "4". Find more at https://v20.angular.dev/errors/NG0955'
[1A[2KWARN: [36m'NG0955: The provided track expression resulted in duplicated keys for a given collection. Adjust the tracking expression such that it uniquely identifies all the items in the collection. Duplicated keys were: 
key "" at index "0" and "1", 
key "" at index "1" and "2", 
key "" at index "2" and "3", 
key "" at index "3" and "4", 
key "" at index "4" and "5". Find more at https://v20.angular.dev/errors/NG0955'[39m
Chrome Headless 144.0.0.0 (Windows 10): Executed 446 of 767[31m (160 FAILED)[39m (skipped 2) (0 secs / 6.692 secs)
WARN: 'NG0955: The provided track expression resulted in duplicated keys for a given collection. Adjust the tracking expression such that it uniquely identifies all the items in the collection. Duplicated keys were: 
key "" at index "0" and "1", 
key "" at index "1" and "2", 
key "" at index "2" and "3", 
key "" at index "3" and "4", 
key "" at index "4" and "5". Find more at https://v20.angular.dev/errors/NG0955'
[1A[2KChrome Headless 144.0.0.0 (Windows 10): Executed 447 of 767[31m (160 FAILED)[39m (skipped 2) (0 secs / 6.709 secs)
[1A[2KChrome Headless 144.0.0.0 (Windows 10): Executed 448 of 767[31m (160 FAILED)[39m (skipped 2) (0 secs / 6.712 secs)
[1A[2KChrome Headless 144.0.0.0 (Windows 10): Executed 449 of 767[31m (160 FAILED)[39m (skipped 2) (0 secs / 6.714 secs)
[1A[2KChrome Headless 144.0.0.0 (Windows 10): Executed 450 of 767[31m (160 FAILED)[39m (skipped 2) (0 secs / 6.715 secs)
[1A[2KChrome Headless 144.0.0.0 (Windows 10): Executed 451 of 767[31m (160 FAILED)[39m (skipped 2) (0 secs / 6.715 secs)
[1A[2KChrome Headless 144.0.0.0 (Windows 10): Executed 452 of 767[31m (160 FAILED)[39m (skipped 2) (0 secs / 6.715 secs)
[1A[2KChrome Headless 144.0.0.0 (Windows 10): Executed 453 of 767[31m (160 FAILED)[39m (skipped 2) (0 secs / 6.716 secs)
[1A[2KChrome Headless 144.0.0.0 (Windows 10): Executed 454 of 767[31m (160 FAILED)[39m (skipped 2) (0 secs / 6.718 secs)
[1A[2KChrome Headless 144.0.0.0 (Windows 10): Executed 455 of 767[31m (160 FAILED)[39m (skipped 2) (0 secs / 6.72 secs)
[1A[2KChrome Headless 144.0.0.0 (Windows 10): Executed 456 of 767[31m (160 FAILED)[39m (skipped 2) (0 secs / 6.722 secs)
[1A[2KChrome Headless 144.0.0.0 (Windows 10): Executed 457 of 767[31m (160 FAILED)[39m (skipped 2) (0 secs / 6.724 secs)
[1A[2KChrome Headless 144.0.0.0 (Windows 10): Executed 458 of 767[31m (160 FAILED)[39m (skipped 2) (0 secs / 6.726 secs)
[1A[2KChrome Headless 144.0.0.0 (Windows 10): Executed 459 of 767[31m (160 FAILED)[39m (skipped 2) (0 secs / 6.727 secs)
[1A[2KChrome Headless 144.0.0.0 (Windows 10): Executed 460 of 767[31m (160 FAILED)[39m (skipped 2) (0 secs / 6.728 secs)
[1A[2K[31mChrome Headless 144.0.0.0 (Windows 10) DeliveryMethodComponent should log errors from address service directly to browser console FAILED[39m
	Failed: Errors during JIT compilation of template for DeliveryMethodComponent: Unexpected closing block. The block may have been closed earlier. If you meant to write the } character, you should use the "&#125;" HTML entity instead. ("
	</main>
	=======
	    [ERROR ->]}
	    <div class="spacer-row"></div>
	    <div>
	"): ng:///DeliveryMethodComponent/template.html@71:4, Unexpected closing tag "div". It may happen when the tag has already been closed by another tag. For more info see https://www.w3.org/TR/html5/syntax.html#closing-elements-that-have-implied-end-tags ("
	      </button>
	    </div>
	  [ERROR ->]</div>
	</mat-card>
	>>>>>>> upstream/develop
	"): ng:///DeliveryMethodComponent/template.html@116:2, Unexpected closing tag "mat-card". It may happen when the tag has already been closed by another tag. For more info see https://www.w3.org/TR/html5/syntax.html#closing-elements-that-have-implied-end-tags ("
	    </div>
	  </div>
	[ERROR ->]</mat-card>
	>>>>>>> upstream/develop
	"): ng:///DeliveryMethodComponent/template.html@117:0
	    at parseJitTemplate (node_modules/@angular/compiler/fesm2022/compiler.mjs:32326:15)
	    at CompilerFacadeImpl.compileComponent (node_modules/@angular/compiler/fesm2022/compiler.mjs:32000:52)
	    at DeliveryMethodComponent.╔╡cmp (node_modules/@angular/core/fesm2022/debug_node.mjs:30245:47)
	    at getComponentDef (node_modules/@angular/core/fesm2022/testing.mjs:1605:18)
	    at isStandaloneComponent (node_modules/@angular/core/fesm2022/testing.mjs:1601:17)
	    at queueTypesFromModulesArrayRecur (node_modules/@angular/core/fesm2022/testing.mjs:1325:26)
	    at TestBedCompiler.queueTypesFromModulesArray (node_modules/@angular/core/fesm2022/testing.mjs:1348:9)
	    at TestBedCompiler.configureTestingModule (node_modules/@angular/core/fesm2022/testing.mjs:856:18)
	    at TestBedImpl.configureTestingModule (node_modules/@angular/core/fesm2022/testing.mjs:1993:23)
	    at TestBedImpl.configureTestingModule (node_modules/@angular/core/fesm2022/testing.mjs:1805:37)
Chrome Headless 144.0.0.0 (Windows 10): Executed 461 of 767[31m (161 FAILED)[39m (skipped 2) (0 secs / 6.734 secs)
Chrome Headless 144.0.0.0 (Windows 10) DeliveryMethodComponent should log errors from address service directly to browser console FAILED
	Failed: Errors during JIT compilation of template for DeliveryMethodComponent: Unexpected closing block. The block may have been closed earlier. If you meant to write the } character, you should use the "&#125;" HTML entity instead. ("
	</main>
	=======
	    [ERROR ->]}
	    <div class="spacer-row"></div>
	    <div>
	"): ng:///DeliveryMethodComponent/template.html@71:4, Unexpected closing tag "div". It may happen when the tag has already been closed by another tag. For more info see https://www.w3.org/TR/html5/syntax.html#closing-elements-that-have-implied-end-tags ("
	      </button>
	    </div>
	  [ERROR ->]</div>
	</mat-card>
	>>>>>>> upstream/develop
	"): ng:///DeliveryMethodComponent/template.html@116:2, Unexpected closing tag "mat-card". It may happen when the tag has already been closed by another tag. For more info see https://www.w3.org/TR/html5/syntax.html#closing-elements-that-have-implied-end-tags ("
	    </div>
	  </div>
	[ERROR ->]</mat-card>
	>>>>>>> upstream/develop
	"): ng:///DeliveryMethodComponent/template.html@117:0
	    at parseJitTemplate (node_modules/@angular/compiler/fesm2022/compiler.mjs:32326:15)
	    at CompilerFacadeImpl.compileComponent (node_modules/@angular/compiler/fesm2022/compiler.mjs:32000:52)
	    at DeliveryMethodComponent.╔╡cmp (node_modules/@angular/core/fesm2022/debug_node.mjs:30245:47)
	    at getComponentDef (node_modules/@angular/core/fesm2022/testing.mjs:1605:18)
	    at isStandaloneComponent (node_modules/@angular/core/fesm2022/testing.mjs:1601:17)
	    at queueTypesFromModulesArrayRecur (node_modules/@angular/core/fesm2022/testing.mjs:1325:26)
	    at TestBedCompiler.queueTypesFromModulesArray (node_modules/@angular/core/fesm2022/testing.mjs:1348:9)
	    at TestBedCompiler.configureTestingModule (node_modules/@angular/core/fesm2022/testing.mjs:856:18)
	    at TestBedImpl.configureTestingModule (node_modules/@angular/core/fesm2022/testing.mjs:1993:23)
	    at TestBedImpl.configureTestingModule (node_modules/@angular/core/fesm2022/testing.mjs:1805:37)
[1A[2K[31mChrome Headless 144.0.0.0 (Windows 10) DeliveryMethodComponent should log errors from delivery service directly to browser console FAILED[39m
	Failed: Errors during JIT compilation of template for DeliveryMethodComponent: Unexpected closing block. The block may have been closed earlier. If you meant to write the } character, you should use the "&#125;" HTML entity instead. ("
	</main>
	=======
	    [ERROR ->]}
	    <div class="spacer-row"></div>
	    <div>
	"): ng:///DeliveryMethodComponent/template.html@71:4, Unexpected closing tag "div". It may happen when the tag has already been closed by another tag. For more info see https://www.w3.org/TR/html5/syntax.html#closing-elements-that-have-implied-end-tags ("
	      </button>
	    </div>
	  [ERROR ->]</div>
	</mat-card>
	>>>>>>> upstream/develop
	"): ng:///DeliveryMethodComponent/template.html@116:2, Unexpected closing tag "mat-card". It may happen when the tag has already been closed by another tag. For more info see https://www.w3.org/TR/html5/syntax.html#closing-elements-that-have-implied-end-tags ("
	    </div>
	  </div>
	[ERROR ->]</mat-card>
	>>>>>>> upstream/develop
	"): ng:///DeliveryMethodComponent/template.html@117:0
	    at parseJitTemplate (node_modules/@angular/compiler/fesm2022/compiler.mjs:32326:15)
	    at CompilerFacadeImpl.compileComponent (node_modules/@angular/compiler/fesm2022/compiler.mjs:32000:52)
	    at DeliveryMethodComponent.╔╡cmp (node_modules/@angular/core/fesm2022/debug_node.mjs:30245:47)
	    at getComponentDef (node_modules/@angular/core/fesm2022/testing.mjs:1605:18)
	    at isStandaloneComponent (node_modules/@angular/core/fesm2022/testing.mjs:1601:17)
	    at queueTypesFromModulesArrayRecur (node_modules/@angular/core/fesm2022/testing.mjs:1325:26)
	    at TestBedCompiler.queueTypesFromModulesArray (node_modules/@angular/core/fesm2022/testing.mjs:1348:9)
	    at TestBedCompiler.configureTestingModule (node_modules/@angular/core/fesm2022/testing.mjs:856:18)
	    at TestBedImpl.configureTestingModule (node_modules/@angular/core/fesm2022/testing.mjs:1993:23)
	    at TestBedImpl.configureTestingModule (node_modules/@angular/core/fesm2022/testing.mjs:1805:37)
Chrome Headless 144.0.0.0 (Windows 10): Executed 462 of 767[31m (162 FAILED)[39m (skipped 2) (0 secs / 6.736 secs)
Chrome Headless 144.0.0.0 (Windows 10) DeliveryMethodComponent should log errors from delivery service directly to browser console FAILED
	Failed: Errors during JIT compilation of template for DeliveryMethodComponent: Unexpected closing block. The block may have been closed earlier. If you meant to write the } character, you should use the "&#125;" HTML entity instead. ("
	</main>
	=======
	    [ERROR ->]}
	    <div class="spacer-row"></div>
	    <div>
	"): ng:///DeliveryMethodComponent/template.html@71:4, Unexpected closing tag "div". It may happen when the tag has already been closed by another tag. For more info see https://www.w3.org/TR/html5/syntax.html#closing-elements-that-have-implied-end-tags ("
	      </button>
	    </div>
	  [ERROR ->]</div>
	</mat-card>
	>>>>>>> upstream/develop
	"): ng:///DeliveryMethodComponent/template.html@116:2, Unexpected closing tag "mat-card". It may happen when the tag has already been closed by another tag. For more info see https://www.w3.org/TR/html5/syntax.html#closing-elements-that-have-implied-end-tags ("
	    </div>
	  </div>
	[ERROR ->]</mat-card>
	>>>>>>> upstream/develop
	"): ng:///DeliveryMethodComponent/template.html@117:0
	    at parseJitTemplate (node_modules/@angular/compiler/fesm2022/compiler.mjs:32326:15)
	    at CompilerFacadeImpl.compileComponent (node_modules/@angular/compiler/fesm2022/compiler.mjs:32000:52)
	    at DeliveryMethodComponent.╔╡cmp (node_modules/@angular/core/fesm2022/debug_node.mjs:30245:47)
	    at getComponentDef (node_modules/@angular/core/fesm2022/testing.mjs:1605:18)
	    at isStandaloneComponent (node_modules/@angular/core/fesm2022/testing.mjs:1601:17)
	    at queueTypesFromModulesArrayRecur (node_modules/@angular/core/fesm2022/testing.mjs:1325:26)
	    at TestBedCompiler.queueTypesFromModulesArray (node_modules/@angular/core/fesm2022/testing.mjs:1348:9)
	    at TestBedCompiler.configureTestingModule (node_modules/@angular/core/fesm2022/testing.mjs:856:18)
	    at TestBedImpl.configureTestingModule (node_modules/@angular/core/fesm2022/testing.mjs:1993:23)
	    at TestBedImpl.configureTestingModule (node_modules/@angular/core/fesm2022/testing.mjs:1805:37)
[1A[2K[31mChrome Headless 144.0.0.0 (Windows 10) DeliveryMethodComponent should create FAILED[39m
	Failed: Errors during JIT compilation of template for DeliveryMethodComponent: Unexpected closing block. The block may have been closed earlier. If you meant to write the } character, you should use the "&#125;" HTML entity instead. ("
	</main>
	=======
	    [ERROR ->]}
	    <div class="spacer-row"></div>
	    <div>
	"): ng:///DeliveryMethodComponent/template.html@71:4, Unexpected closing tag "div". It may happen when the tag has already been closed by another tag. For more info see https://www.w3.org/TR/html5/syntax.html#closing-elements-that-have-implied-end-tags ("
	      </button>
	    </div>
	  [ERROR ->]</div>
	</mat-card>
	>>>>>>> upstream/develop
	"): ng:///DeliveryMethodComponent/template.html@116:2, Unexpected closing tag "mat-card". It may happen when the tag has already been closed by another tag. For more info see https://www.w3.org/TR/html5/syntax.html#closing-elements-that-have-implied-end-tags ("
	    </div>
	  </div>
	[ERROR ->]</mat-card>
	>>>>>>> upstream/develop
	"): ng:///DeliveryMethodComponent/template.html@117:0
	    at parseJitTemplate (node_modules/@angular/compiler/fesm2022/compiler.mjs:32326:15)
	    at CompilerFacadeImpl.compileComponent (node_modules/@angular/compiler/fesm2022/compiler.mjs:32000:52)
	    at DeliveryMethodComponent.╔╡cmp (node_modules/@angular/core/fesm2022/debug_node.mjs:30245:47)
	    at getComponentDef (node_modules/@angular/core/fesm2022/testing.mjs:1605:18)
	    at isStandaloneComponent (node_modules/@angular/core/fesm2022/testing.mjs:1601:17)
	    at queueTypesFromModulesArrayRecur (node_modules/@angular/core/fesm2022/testing.mjs:1325:26)
	    at TestBedCompiler.queueTypesFromModulesArray (node_modules/@angular/core/fesm2022/testing.mjs:1348:9)
	    at TestBedCompiler.configureTestingModule (node_modules/@angular/core/fesm2022/testing.mjs:856:18)
	    at TestBedImpl.configureTestingModule (node_modules/@angular/core/fesm2022/testing.mjs:1993:23)
	    at TestBedImpl.configureTestingModule (node_modules/@angular/core/fesm2022/testing.mjs:1805:37)
Chrome Headless 144.0.0.0 (Windows 10): Executed 463 of 767[31m (163 FAILED)[39m (skipped 2) (0 secs / 6.739 secs)
Chrome Headless 144.0.0.0 (Windows 10) DeliveryMethodComponent should create FAILED
	Failed: Errors during JIT compilation of template for DeliveryMethodComponent: Unexpected closing block. The block may have been closed earlier. If you meant to write the } character, you should use the "&#125;" HTML entity instead. ("
	</main>
	=======
	    [ERROR ->]}
	    <div class="spacer-row"></div>
	    <div>
	"): ng:///DeliveryMethodComponent/template.html@71:4, Unexpected closing tag "div". It may happen when the tag has already been closed by another tag. For more info see https://www.w3.org/TR/html5/syntax.html#closing-elements-that-have-implied-end-tags ("
	      </button>
	    </div>
	  [ERROR ->]</div>
	</mat-card>
	>>>>>>> upstream/develop
	"): ng:///DeliveryMethodComponent/template.html@116:2, Unexpected closing tag "mat-card". It may happen when the tag has already been closed by another tag. For more info see https://www.w3.org/TR/html5/syntax.html#closing-elements-that-have-implied-end-tags ("
	    </div>
	  </div>
	[ERROR ->]</mat-card>
	>>>>>>> upstream/develop
	"): ng:///DeliveryMethodComponent/template.html@117:0
	    at parseJitTemplate (node_modules/@angular/compiler/fesm2022/compiler.mjs:32326:15)
	    at CompilerFacadeImpl.compileComponent (node_modules/@angular/compiler/fesm2022/compiler.mjs:32000:52)
	    at DeliveryMethodComponent.╔╡cmp (node_modules/@angular/core/fesm2022/debug_node.mjs:30245:47)
	    at getComponentDef (node_modules/@angular/core/fesm2022/testing.mjs:1605:18)
	    at isStandaloneComponent (node_modules/@angular/core/fesm2022/testing.mjs:1601:17)
	    at queueTypesFromModulesArrayRecur (node_modules/@angular/core/fesm2022/testing.mjs:1325:26)
	    at TestBedCompiler.queueTypesFromModulesArray (node_modules/@angular/core/fesm2022/testing.mjs:1348:9)
	    at TestBedCompiler.configureTestingModule (node_modules/@angular/core/fesm2022/testing.mjs:856:18)
	    at TestBedImpl.configureTestingModule (node_modules/@angular/core/fesm2022/testing.mjs:1993:23)
	    at TestBedImpl.configureTestingModule (node_modules/@angular/core/fesm2022/testing.mjs:1805:37)
[1A[2K[31mChrome Headless 144.0.0.0 (Windows 10) DeliveryMethodComponent should store delivery method id on selectMethod FAILED[39m
	Failed: Errors during JIT compilation of template for DeliveryMethodComponent: Unexpected closing block. The block may have been closed earlier. If you meant to write the } character, you should use the "&#125;" HTML entity instead. ("
	</main>
	=======
	    [ERROR ->]}
	    <div class="spacer-row"></div>
	    <div>
	"): ng:///DeliveryMethodComponent/template.html@71:4, Unexpected closing tag "div". It may happen when the tag has already been closed by another tag. For more info see https://www.w3.org/TR/html5/syntax.html#closing-elements-that-have-implied-end-tags ("
	      </button>
	    </div>
	  [ERROR ->]</div>
	</mat-card>
	>>>>>>> upstream/develop
	"): ng:///DeliveryMethodComponent/template.html@116:2, Unexpected closing tag "mat-card". It may happen when the tag has already been closed by another tag. For more info see https://www.w3.org/TR/html5/syntax.html#closing-elements-that-have-implied-end-tags ("
	    </div>
	  </div>
	[ERROR ->]</mat-card>
	>>>>>>> upstream/develop
	"): ng:///DeliveryMethodComponent/template.html@117:0
	    at parseJitTemplate (node_modules/@angular/compiler/fesm2022/compiler.mjs:32326:15)
	    at CompilerFacadeImpl.compileComponent (node_modules/@angular/compiler/fesm2022/compiler.mjs:32000:52)
	    at DeliveryMethodComponent.╔╡cmp (node_modules/@angular/core/fesm2022/debug_node.mjs:30245:47)
	    at getComponentDef (node_modules/@angular/core/fesm2022/testing.mjs:1605:18)
	    at isStandaloneComponent (node_modules/@angular/core/fesm2022/testing.mjs:1601:17)
	    at queueTypesFromModulesArrayRecur (node_modules/@angular/core/fesm2022/testing.mjs:1325:26)
	    at TestBedCompiler.queueTypesFromModulesArray (node_modules/@angular/core/fesm2022/testing.mjs:1348:9)
	    at TestBedCompiler.configureTestingModule (node_modules/@angular/core/fesm2022/testing.mjs:856:18)
	    at TestBedImpl.configureTestingModule (node_modules/@angular/core/fesm2022/testing.mjs:1993:23)
	    at TestBedImpl.configureTestingModule (node_modules/@angular/core/fesm2022/testing.mjs:1805:37)
Chrome Headless 144.0.0.0 (Windows 10): Executed 464 of 767[31m (164 FAILED)[39m (skipped 2) (0 secs / 6.741 secs)
Chrome Headless 144.0.0.0 (Windows 10) DeliveryMethodComponent should store delivery method id on selectMethod FAILED
	Failed: Errors during JIT compilation of template for DeliveryMethodComponent: Unexpected closing block. The block may have been closed earlier. If you meant to write the } character, you should use the "&#125;" HTML entity instead. ("
	</main>
	=======
	    [ERROR ->]}
	    <div class="spacer-row"></div>
	    <div>
	"): ng:///DeliveryMethodComponent/template.html@71:4, Unexpected closing tag "div". It may happen when the tag has already been closed by another tag. For more info see https://www.w3.org/TR/html5/syntax.html#closing-elements-that-have-implied-end-tags ("
	      </button>
	    </div>
	  [ERROR ->]</div>
	</mat-card>
	>>>>>>> upstream/develop
	"): ng:///DeliveryMethodComponent/template.html@116:2, Unexpected closing tag "mat-card". It may happen when the tag has already been closed by another tag. For more info see https://www.w3.org/TR/html5/syntax.html#closing-elements-that-have-implied-end-tags ("
	    </div>
	  </div>
	[ERROR ->]</mat-card>
	>>>>>>> upstream/develop
	"): ng:///DeliveryMethodComponent/template.html@117:0
	    at parseJitTemplate (node_modules/@angular/compiler/fesm2022/compiler.mjs:32326:15)
	    at CompilerFacadeImpl.compileComponent (node_modules/@angular/compiler/fesm2022/compiler.mjs:32000:52)
	    at DeliveryMethodComponent.╔╡cmp (node_modules/@angular/core/fesm2022/debug_node.mjs:30245:47)
	    at getComponentDef (node_modules/@angular/core/fesm2022/testing.mjs:1605:18)
	    at isStandaloneComponent (node_modules/@angular/core/fesm2022/testing.mjs:1601:17)
	    at queueTypesFromModulesArrayRecur (node_modules/@angular/core/fesm2022/testing.mjs:1325:26)
	    at TestBedCompiler.queueTypesFromModulesArray (node_modules/@angular/core/fesm2022/testing.mjs:1348:9)
	    at TestBedCompiler.configureTestingModule (node_modules/@angular/core/fesm2022/testing.mjs:856:18)
	    at TestBedImpl.configureTestingModule (node_modules/@angular/core/fesm2022/testing.mjs:1993:23)
	    at TestBedImpl.configureTestingModule (node_modules/@angular/core/fesm2022/testing.mjs:1805:37)
[1A[2K[31mChrome Headless 144.0.0.0 (Windows 10) DeliveryMethodComponent should store address id in session storage FAILED[39m
	Failed: Errors during JIT compilation of template for DeliveryMethodComponent: Unexpected closing block. The block may have been closed earlier. If you meant to write the } character, you should use the "&#125;" HTML entity instead. ("
	</main>
	=======
	    [ERROR ->]}
	    <div class="spacer-row"></div>
	    <div>
	"): ng:///DeliveryMethodComponent/template.html@71:4, Unexpected closing tag "div". It may happen when the tag has already been closed by another tag. For more info see https://www.w3.org/TR/html5/syntax.html#closing-elements-that-have-implied-end-tags ("
	      </button>
	    </div>
	  [ERROR ->]</div>
	</mat-card>
	>>>>>>> upstream/develop
	"): ng:///DeliveryMethodComponent/template.html@116:2, Unexpected closing tag "mat-card". It may happen when the tag has already been closed by another tag. For more info see https://www.w3.org/TR/html5/syntax.html#closing-elements-that-have-implied-end-tags ("
	    </div>
	  </div>
	[ERROR ->]</mat-card>
	>>>>>>> upstream/develop
	"): ng:///DeliveryMethodComponent/template.html@117:0
	    at parseJitTemplate (node_modules/@angular/compiler/fesm2022/compiler.mjs:32326:15)
	    at CompilerFacadeImpl.compileComponent (node_modules/@angular/compiler/fesm2022/compiler.mjs:32000:52)
	    at DeliveryMethodComponent.╔╡cmp (node_modules/@angular/core/fesm2022/debug_node.mjs:30245:47)
	    at getComponentDef (node_modules/@angular/core/fesm2022/testing.mjs:1605:18)
	    at isStandaloneComponent (node_modules/@angular/core/fesm2022/testing.mjs:1601:17)
	    at queueTypesFromModulesArrayRecur (node_modules/@angular/core/fesm2022/testing.mjs:1325:26)
	    at TestBedCompiler.queueTypesFromModulesArray (node_modules/@angular/core/fesm2022/testing.mjs:1348:9)
	    at TestBedCompiler.configureTestingModule (node_modules/@angular/core/fesm2022/testing.mjs:856:18)
	    at TestBedImpl.configureTestingModule (node_modules/@angular/core/fesm2022/testing.mjs:1993:23)
	    at TestBedImpl.configureTestingModule (node_modules/@angular/core/fesm2022/testing.mjs:1805:37)
Chrome Headless 144.0.0.0 (Windows 10): Executed 465 of 767[31m (165 FAILED)[39m (skipped 2) (0 secs / 6.748 secs)
Chrome Headless 144.0.0.0 (Windows 10) DeliveryMethodComponent should store address id in session storage FAILED
	Failed: Errors during JIT compilation of template for DeliveryMethodComponent: Unexpected closing block. The block may have been closed earlier. If you meant to write the } character, you should use the "&#125;" HTML entity instead. ("
	</main>
	=======
	    [ERROR ->]}
	    <div class="spacer-row"></div>
	    <div>
	"): ng:///DeliveryMethodComponent/template.html@71:4, Unexpected closing tag "div". It may happen when the tag has already been closed by another tag. For more info see https://www.w3.org/TR/html5/syntax.html#closing-elements-that-have-implied-end-tags ("
	      </button>
	    </div>
	  [ERROR ->]</div>
	</mat-card>
	>>>>>>> upstream/develop
	"): ng:///DeliveryMethodComponent/template.html@116:2, Unexpected closing tag "mat-card". It may happen when the tag has already been closed by another tag. For more info see https://www.w3.org/TR/html5/syntax.html#closing-elements-that-have-implied-end-tags ("
	    </div>
	  </div>
	[ERROR ->]</mat-card>
	>>>>>>> upstream/develop
	"): ng:///DeliveryMethodComponent/template.html@117:0
	    at parseJitTemplate (node_modules/@angular/compiler/fesm2022/compiler.mjs:32326:15)
	    at CompilerFacadeImpl.compileComponent (node_modules/@angular/compiler/fesm2022/compiler.mjs:32000:52)
	    at DeliveryMethodComponent.╔╡cmp (node_modules/@angular/core/fesm2022/debug_node.mjs:30245:47)
	    at getComponentDef (node_modules/@angular/core/fesm2022/testing.mjs:1605:18)
	    at isStandaloneComponent (node_modules/@angular/core/fesm2022/testing.mjs:1601:17)
	    at queueTypesFromModulesArrayRecur (node_modules/@angular/core/fesm2022/testing.mjs:1325:26)
	    at TestBedCompiler.queueTypesFromModulesArray (node_modules/@angular/core/fesm2022/testing.mjs:1348:9)
	    at TestBedCompiler.configureTestingModule (node_modules/@angular/core/fesm2022/testing.mjs:856:18)
	    at TestBedImpl.configureTestingModule (node_modules/@angular/core/fesm2022/testing.mjs:1993:23)
	    at TestBedImpl.configureTestingModule (node_modules/@angular/core/fesm2022/testing.mjs:1805:37)
[1A[2K[31mChrome Headless 144.0.0.0 (Windows 10) DeliveryMethodComponent should hold address on ngOnInit FAILED[39m
	Failed: Errors during JIT compilation of template for DeliveryMethodComponent: Unexpected closing block. The block may have been closed earlier. If you meant to write the } character, you should use the "&#125;" HTML entity instead. ("
	</main>
	=======
	    [ERROR ->]}
	    <div class="spacer-row"></div>
	    <div>
	"): ng:///DeliveryMethodComponent/template.html@71:4, Unexpected closing tag "div". It may happen when the tag has already been closed by another tag. For more info see https://www.w3.org/TR/html5/syntax.html#closing-elements-that-have-implied-end-tags ("
	      </button>
	    </div>
	  [ERROR ->]</div>
	</mat-card>
	>>>>>>> upstream/develop
	"): ng:///DeliveryMethodComponent/template.html@116:2, Unexpected closing tag "mat-card". It may happen when the tag has already been closed by another tag. For more info see https://www.w3.org/TR/html5/syntax.html#closing-elements-that-have-implied-end-tags ("
	    </div>
	  </div>
	[ERROR ->]</mat-card>
	>>>>>>> upstream/develop
	"): ng:///DeliveryMethodComponent/template.html@117:0
	    at parseJitTemplate (node_modules/@angular/compiler/fesm2022/compiler.mjs:32326:15)
	    at CompilerFacadeImpl.compileComponent (node_modules/@angular/compiler/fesm2022/compiler.mjs:32000:52)
	    at DeliveryMethodComponent.╔╡cmp (node_modules/@angular/core/fesm2022/debug_node.mjs:30245:47)
	    at getComponentDef (node_modules/@angular/core/fesm2022/testing.mjs:1605:18)
	    at isStandaloneComponent (node_modules/@angular/core/fesm2022/testing.mjs:1601:17)
	    at queueTypesFromModulesArrayRecur (node_modules/@angular/core/fesm2022/testing.mjs:1325:26)
	    at TestBedCompiler.queueTypesFromModulesArray (node_modules/@angular/core/fesm2022/testing.mjs:1348:9)
	    at TestBedCompiler.configureTestingModule (node_modules/@angular/core/fesm2022/testing.mjs:856:18)
	    at TestBedImpl.configureTestingModule (node_modules/@angular/core/fesm2022/testing.mjs:1993:23)
	    at TestBedImpl.configureTestingModule (node_modules/@angular/core/fesm2022/testing.mjs:1805:37)
Chrome Headless 144.0.0.0 (Windows 10): Executed 466 of 767[31m (166 FAILED)[39m (skipped 2) (0 secs / 6.751 secs)
Chrome Headless 144.0.0.0 (Windows 10) DeliveryMethodComponent should hold address on ngOnInit FAILED
	Failed: Errors during JIT compilation of template for DeliveryMethodComponent: Unexpected closing block. The block may have been closed earlier. If you meant to write the } character, you should use the "&#125;" HTML entity instead. ("
	</main>
	=======
	    [ERROR ->]}
	    <div class="spacer-row"></div>
	    <div>
	"): ng:///DeliveryMethodComponent/template.html@71:4, Unexpected closing tag "div". It may happen when the tag has already been closed by another tag. For more info see https://www.w3.org/TR/html5/syntax.html#closing-elements-that-have-implied-end-tags ("
	      </button>
	    </div>
	  [ERROR ->]</div>
	</mat-card>
	>>>>>>> upstream/develop
	"): ng:///DeliveryMethodComponent/template.html@116:2, Unexpected closing tag "mat-card". It may happen when the tag has already been closed by another tag. For more info see https://www.w3.org/TR/html5/syntax.html#closing-elements-that-have-implied-end-tags ("
	    </div>
	  </div>
	[ERROR ->]</mat-card>
	>>>>>>> upstream/develop
	"): ng:///DeliveryMethodComponent/template.html@117:0
	    at parseJitTemplate (node_modules/@angular/compiler/fesm2022/compiler.mjs:32326:15)
	    at CompilerFacadeImpl.compileComponent (node_modules/@angular/compiler/fesm2022/compiler.mjs:32000:52)
	    at DeliveryMethodComponent.╔╡cmp (node_modules/@angular/core/fesm2022/debug_node.mjs:30245:47)
	    at getComponentDef (node_modules/@angular/core/fesm2022/testing.mjs:1605:18)
	    at isStandaloneComponent (node_modules/@angular/core/fesm2022/testing.mjs:1601:17)
	    at queueTypesFromModulesArrayRecur (node_modules/@angular/core/fesm2022/testing.mjs:1325:26)
	    at TestBedCompiler.queueTypesFromModulesArray (node_modules/@angular/core/fesm2022/testing.mjs:1348:9)
	    at TestBedCompiler.configureTestingModule (node_modules/@angular/core/fesm2022/testing.mjs:856:18)
	    at TestBedImpl.configureTestingModule (node_modules/@angular/core/fesm2022/testing.mjs:1993:23)
	    at TestBedImpl.configureTestingModule (node_modules/@angular/core/fesm2022/testing.mjs:1805:37)
[1A[2K[31mChrome Headless 144.0.0.0 (Windows 10) DeliveryMethodComponent should hold delivery methods on ngOnInit FAILED[39m
	Failed: Errors during JIT compilation of template for DeliveryMethodComponent: Unexpected closing block. The block may have been closed earlier. If you meant to write the } character, you should use the "&#125;" HTML entity instead. ("
	</main>
	=======
	    [ERROR ->]}
	    <div class="spacer-row"></div>
	    <div>
	"): ng:///DeliveryMethodComponent/template.html@71:4, Unexpected closing tag "div". It may happen when the tag has already been closed by another tag. For more info see https://www.w3.org/TR/html5/syntax.html#closing-elements-that-have-implied-end-tags ("
	      </button>
	    </div>
	  [ERROR ->]</div>
	</mat-card>
	>>>>>>> upstream/develop
	"): ng:///DeliveryMethodComponent/template.html@116:2, Unexpected closing tag "mat-card". It may happen when the tag has already been closed by another tag. For more info see https://www.w3.org/TR/html5/syntax.html#closing-elements-that-have-implied-end-tags ("
	    </div>
	  </div>
	[ERROR ->]</mat-card>
	>>>>>>> upstream/develop
	"): ng:///DeliveryMethodComponent/template.html@117:0
	    at parseJitTemplate (node_modules/@angular/compiler/fesm2022/compiler.mjs:32326:15)
	    at CompilerFacadeImpl.compileComponent (node_modules/@angular/compiler/fesm2022/compiler.mjs:32000:52)
	    at DeliveryMethodComponent.╔╡cmp (node_modules/@angular/core/fesm2022/debug_node.mjs:30245:47)
	    at getComponentDef (node_modules/@angular/core/fesm2022/testing.mjs:1605:18)
	    at isStandaloneComponent (node_modules/@angular/core/fesm2022/testing.mjs:1601:17)
	    at queueTypesFromModulesArrayRecur (node_modules/@angular/core/fesm2022/testing.mjs:1325:26)
	    at TestBedCompiler.queueTypesFromModulesArray (node_modules/@angular/core/fesm2022/testing.mjs:1348:9)
	    at TestBedCompiler.configureTestingModule (node_modules/@angular/core/fesm2022/testing.mjs:856:18)
	    at TestBedImpl.configureTestingModule (node_modules/@angular/core/fesm2022/testing.mjs:1993:23)
	    at TestBedImpl.configureTestingModule (node_modules/@angular/core/fesm2022/testing.mjs:1805:37)
Chrome Headless 144.0.0.0 (Windows 10): Executed 467 of 767[31m (167 FAILED)[39m (skipped 2) (0 secs / 6.754 secs)
Chrome Headless 144.0.0.0 (Windows 10) DeliveryMethodComponent should hold delivery methods on ngOnInit FAILED
	Failed: Errors during JIT compilation of template for DeliveryMethodComponent: Unexpected closing block. The block may have been closed earlier. If you meant to write the } character, you should use the "&#125;" HTML entity instead. ("
	</main>
	=======
	    [ERROR ->]}
	    <div class="spacer-row"></div>
	    <div>
	"): ng:///DeliveryMethodComponent/template.html@71:4, Unexpected closing tag "div". It may happen when the tag has already been closed by another tag. For more info see https://www.w3.org/TR/html5/syntax.html#closing-elements-that-have-implied-end-tags ("
	      </button>
	    </div>
	  [ERROR ->]</div>
	</mat-card>
	>>>>>>> upstream/develop
	"): ng:///DeliveryMethodComponent/template.html@116:2, Unexpected closing tag "mat-card". It may happen when the tag has already been closed by another tag. For more info see https://www.w3.org/TR/html5/syntax.html#closing-elements-that-have-implied-end-tags ("
	    </div>
	  </div>
	[ERROR ->]</mat-card>
	>>>>>>> upstream/develop
	"): ng:///DeliveryMethodComponent/template.html@117:0
	    at parseJitTemplate (node_modules/@angular/compiler/fesm2022/compiler.mjs:32326:15)
	    at CompilerFacadeImpl.compileComponent (node_modules/@angular/compiler/fesm2022/compiler.mjs:32000:52)
	    at DeliveryMethodComponent.╔╡cmp (node_modules/@angular/core/fesm2022/debug_node.mjs:30245:47)
	    at getComponentDef (node_modules/@angular/core/fesm2022/testing.mjs:1605:18)
	    at isStandaloneComponent (node_modules/@angular/core/fesm2022/testing.mjs:1601:17)
	    at queueTypesFromModulesArrayRecur (node_modules/@angular/core/fesm2022/testing.mjs:1325:26)
	    at TestBedCompiler.queueTypesFromModulesArray (node_modules/@angular/core/fesm2022/testing.mjs:1348:9)
	    at TestBedCompiler.configureTestingModule (node_modules/@angular/core/fesm2022/testing.mjs:856:18)
	    at TestBedImpl.configureTestingModule (node_modules/@angular/core/fesm2022/testing.mjs:1993:23)
	    at TestBedImpl.configureTestingModule (node_modules/@angular/core/fesm2022/testing.mjs:1805:37)
[1A[2K[31mChrome Headless 144.0.0.0 (Windows 10) TokenSaleComponent should log error on failure in retrieving configuration from backend FAILED[39m
	Failed: Errors during JIT compilation of template for TokenSaleComponent: Unexpected closing tag "section". It may happen when the tag has already been closed by another tag. For more info see https://www.w3.org/TR/html5/syntax.html#closing-elements-that-have-implied-end-tags ("
	            amet, consetetur.
	          </p>
	        [ERROR ->]</section>
	      </section>
	      <section class="faq-container align-self-lt-md-center">
	"): ng:///TokenSaleComponent/template.html@100:8, Unexpected closing tag "div". It may happen when the tag has already been closed by another tag. For more info see https://www.w3.org/TR/html5/syntax.html#closing-elements-that-have-implied-end-tags ("
	        </div>
	      </mat-card>
	    [ERROR ->]</div>
	    <img src="assets/public/images/padding/56px.png"/>
	  </div>
	"): ng:///TokenSaleComponent/template.html@190:4, Unexpected closing tag "div". It may happen when the tag has already been closed by another tag. For more info see https://www.w3.org/TR/html5/syntax.html#closing-elements-that-have-implied-end-tags ("
	    </div>
	    <img src="assets/public/images/padding/56px.png"/>
	  [ERROR ->]</div>
	</mat-card>
	>>>>>>> upstream/develop
	"): ng:///TokenSaleComponent/template.html@192:2, Unexpected closing tag "mat-card". It may happen when the tag has already been closed by another tag. For more info see https://www.w3.org/TR/html5/syntax.html#closing-elements-that-have-implied-end-tags ("
	    <img src="assets/public/images/padding/56px.png"/>
	  </div>
	[ERROR ->]</mat-card>
	>>>>>>> upstream/develop
	"): ng:///TokenSaleComponent/template.html@193:0
	    at parseJitTemplate (node_modules/@angular/compiler/fesm2022/compiler.mjs:32326:15)
	    at CompilerFacadeImpl.compileComponent (node_modules/@angular/compiler/fesm2022/compiler.mjs:32000:52)
	    at TokenSaleComponent.╔╡cmp (node_modules/@angular/core/fesm2022/debug_node.mjs:30245:47)
	    at getComponentDef (node_modules/@angular/core/fesm2022/testing.mjs:1605:18)
	    at isStandaloneComponent (node_modules/@angular/core/fesm2022/testing.mjs:1601:17)
	    at queueTypesFromModulesArrayRecur (node_modules/@angular/core/fesm2022/testing.mjs:1325:26)
	    at TestBedCompiler.queueTypesFromModulesArray (node_modules/@angular/core/fesm2022/testing.mjs:1348:9)
	    at TestBedCompiler.configureTestingModule (node_modules/@angular/core/fesm2022/testing.mjs:856:18)
	    at TestBedImpl.configureTestingModule (node_modules/@angular/core/fesm2022/testing.mjs:1993:23)
	    at TestBedImpl.configureTestingModule (node_modules/@angular/core/fesm2022/testing.mjs:1805:37)
Chrome Headless 144.0.0.0 (Windows 10): Executed 468 of 767[31m (168 FAILED)[39m (skipped 2) (0 secs / 6.762 secs)
Chrome Headless 144.0.0.0 (Windows 10) TokenSaleComponent should log error on failure in retrieving configuration from backend FAILED
	Failed: Errors during JIT compilation of template for TokenSaleComponent: Unexpected closing tag "section". It may happen when the tag has already been closed by another tag. For more info see https://www.w3.org/TR/html5/syntax.html#closing-elements-that-have-implied-end-tags ("
	            amet, consetetur.
	          </p>
	        [ERROR ->]</section>
	      </section>
	      <section class="faq-container align-self-lt-md-center">
	"): ng:///TokenSaleComponent/template.html@100:8, Unexpected closing tag "div". It may happen when the tag has already been closed by another tag. For more info see https://www.w3.org/TR/html5/syntax.html#closing-elements-that-have-implied-end-tags ("
	        </div>
	      </mat-card>
	    [ERROR ->]</div>
	    <img src="assets/public/images/padding/56px.png"/>
	  </div>
	"): ng:///TokenSaleComponent/template.html@190:4, Unexpected closing tag "div". It may happen when the tag has already been closed by another tag. For more info see https://www.w3.org/TR/html5/syntax.html#closing-elements-that-have-implied-end-tags ("
	    </div>
	    <img src="assets/public/images/padding/56px.png"/>
	  [ERROR ->]</div>
	</mat-card>
	>>>>>>> upstream/develop
	"): ng:///TokenSaleComponent/template.html@192:2, Unexpected closing tag "mat-card". It may happen when the tag has already been closed by another tag. For more info see https://www.w3.org/TR/html5/syntax.html#closing-elements-that-have-implied-end-tags ("
	    <img src="assets/public/images/padding/56px.png"/>
	  </div>
	[ERROR ->]</mat-card>
	>>>>>>> upstream/develop
	"): ng:///TokenSaleComponent/template.html@193:0
	    at parseJitTemplate (node_modules/@angular/compiler/fesm2022/compiler.mjs:32326:15)
	    at CompilerFacadeImpl.compileComponent (node_modules/@angular/compiler/fesm2022/compiler.mjs:32000:52)
	    at TokenSaleComponent.╔╡cmp (node_modules/@angular/core/fesm2022/debug_node.mjs:30245:47)
	    at getComponentDef (node_modules/@angular/core/fesm2022/testing.mjs:1605:18)
	    at isStandaloneComponent (node_modules/@angular/core/fesm2022/testing.mjs:1601:17)
	    at queueTypesFromModulesArrayRecur (node_modules/@angular/core/fesm2022/testing.mjs:1325:26)
	    at TestBedCompiler.queueTypesFromModulesArray (node_modules/@angular/core/fesm2022/testing.mjs:1348:9)
	    at TestBedCompiler.configureTestingModule (node_modules/@angular/core/fesm2022/testing.mjs:856:18)
	    at TestBedImpl.configureTestingModule (node_modules/@angular/core/fesm2022/testing.mjs:1993:23)
	    at TestBedImpl.configureTestingModule (node_modules/@angular/core/fesm2022/testing.mjs:1805:37)
[1A[2K[31mChrome Headless 144.0.0.0 (Windows 10) TokenSaleComponent should set altcoinName as obtained from configuration FAILED[39m
	Failed: Errors during JIT compilation of template for TokenSaleComponent: Unexpected closing tag "section". It may happen when the tag has already been closed by another tag. For more info see https://www.w3.org/TR/html5/syntax.html#closing-elements-that-have-implied-end-tags ("
	            amet, consetetur.
	          </p>
	        [ERROR ->]</section>
	      </section>
	      <section class="faq-container align-self-lt-md-center">
	"): ng:///TokenSaleComponent/template.html@100:8, Unexpected closing tag "div". It may happen when the tag has already been closed by another tag. For more info see https://www.w3.org/TR/html5/syntax.html#closing-elements-that-have-implied-end-tags ("
	        </div>
	      </mat-card>
	    [ERROR ->]</div>
	    <img src="assets/public/images/padding/56px.png"/>
	  </div>
	"): ng:///TokenSaleComponent/template.html@190:4, Unexpected closing tag "div". It may happen when the tag has already been closed by another tag. For more info see https://www.w3.org/TR/html5/syntax.html#closing-elements-that-have-implied-end-tags ("
	    </div>
	    <img src="assets/public/images/padding/56px.png"/>
	  [ERROR ->]</div>
	</mat-card>
	>>>>>>> upstream/develop
	"): ng:///TokenSaleComponent/template.html@192:2, Unexpected closing tag "mat-card". It may happen when the tag has already been closed by another tag. For more info see https://www.w3.org/TR/html5/syntax.html#closing-elements-that-have-implied-end-tags ("
	    <img src="assets/public/images/padding/56px.png"/>
	  </div>
	[ERROR ->]</mat-card>
	>>>>>>> upstream/develop
	"): ng:///TokenSaleComponent/template.html@193:0
	    at parseJitTemplate (node_modules/@angular/compiler/fesm2022/compiler.mjs:32326:15)
	    at CompilerFacadeImpl.compileComponent (node_modules/@angular/compiler/fesm2022/compiler.mjs:32000:52)
	    at TokenSaleComponent.╔╡cmp (node_modules/@angular/core/fesm2022/debug_node.mjs:30245:47)
	    at getComponentDef (node_modules/@angular/core/fesm2022/testing.mjs:1605:18)
	    at isStandaloneComponent (node_modules/@angular/core/fesm2022/testing.mjs:1601:17)
	    at queueTypesFromModulesArrayRecur (node_modules/@angular/core/fesm2022/testing.mjs:1325:26)
	    at TestBedCompiler.queueTypesFromModulesArray (node_modules/@angular/core/fesm2022/testing.mjs:1348:9)
	    at TestBedCompiler.configureTestingModule (node_modules/@angular/core/fesm2022/testing.mjs:856:18)
	    at TestBedImpl.configureTestingModule (node_modules/@angular/core/fesm2022/testing.mjs:1993:23)
	    at TestBedImpl.configureTestingModule (node_modules/@angular/core/fesm2022/testing.mjs:1805:37)
Chrome Headless 144.0.0.0 (Windows 10): Executed 469 of 767[31m (169 FAILED)[39m (skipped 2) (0 secs / 6.764 secs)
Chrome Headless 144.0.0.0 (Windows 10) TokenSaleComponent should set altcoinName as obtained from configuration FAILED
	Failed: Errors during JIT compilation of template for TokenSaleComponent: Unexpected closing tag "section". It may happen when the tag has already been closed by another tag. For more info see https://www.w3.org/TR/html5/syntax.html#closing-elements-that-have-implied-end-tags ("
	            amet, consetetur.
	          </p>
	        [ERROR ->]</section>
	      </section>
	      <section class="faq-container align-self-lt-md-center">
	"): ng:///TokenSaleComponent/template.html@100:8, Unexpected closing tag "div". It may happen when the tag has already been closed by another tag. For more info see https://www.w3.org/TR/html5/syntax.html#closing-elements-that-have-implied-end-tags ("
	        </div>
	      </mat-card>
	    [ERROR ->]</div>
	    <img src="assets/public/images/padding/56px.png"/>
	  </div>
	"): ng:///TokenSaleComponent/template.html@190:4, Unexpected closing tag "div". It may happen when the tag has already been closed by another tag. For more info see https://www.w3.org/TR/html5/syntax.html#closing-elements-that-have-implied-end-tags ("
	    </div>
	    <img src="assets/public/images/padding/56px.png"/>
	  [ERROR ->]</div>
	</mat-card>
	>>>>>>> upstream/develop
	"): ng:///TokenSaleComponent/template.html@192:2, Unexpected closing tag "mat-card". It may happen when the tag has already been closed by another tag. For more info see https://www.w3.org/TR/html5/syntax.html#closing-elements-that-have-implied-end-tags ("
	    <img src="assets/public/images/padding/56px.png"/>
	  </div>
	[ERROR ->]</mat-card>
	>>>>>>> upstream/develop
	"): ng:///TokenSaleComponent/template.html@193:0
	    at parseJitTemplate (node_modules/@angular/compiler/fesm2022/compiler.mjs:32326:15)
	    at CompilerFacadeImpl.compileComponent (node_modules/@angular/compiler/fesm2022/compiler.mjs:32000:52)
	    at TokenSaleComponent.╔╡cmp (node_modules/@angular/core/fesm2022/debug_node.mjs:30245:47)
	    at getComponentDef (node_modules/@angular/core/fesm2022/testing.mjs:1605:18)
	    at isStandaloneComponent (node_modules/@angular/core/fesm2022/testing.mjs:1601:17)
	    at queueTypesFromModulesArrayRecur (node_modules/@angular/core/fesm2022/testing.mjs:1325:26)
	    at TestBedCompiler.queueTypesFromModulesArray (node_modules/@angular/core/fesm2022/testing.mjs:1348:9)
	    at TestBedCompiler.configureTestingModule (node_modules/@angular/core/fesm2022/testing.mjs:856:18)
	    at TestBedImpl.configureTestingModule (node_modules/@angular/core/fesm2022/testing.mjs:1993:23)
	    at TestBedImpl.configureTestingModule (node_modules/@angular/core/fesm2022/testing.mjs:1805:37)
[1A[2K[31mChrome Headless 144.0.0.0 (Windows 10) TokenSaleComponent should create FAILED[39m
	Failed: Errors during JIT compilation of template for TokenSaleComponent: Unexpected closing tag "section". It may happen when the tag has already been closed by another tag. For more info see https://www.w3.org/TR/html5/syntax.html#closing-elements-that-have-implied-end-tags ("
	            amet, consetetur.
	          </p>
	        [ERROR ->]</section>
	      </section>
	      <section class="faq-container align-self-lt-md-center">
	"): ng:///TokenSaleComponent/template.html@100:8, Unexpected closing tag "div". It may happen when the tag has already been closed by another tag. For more info see https://www.w3.org/TR/html5/syntax.html#closing-elements-that-have-implied-end-tags ("
	        </div>
	      </mat-card>
	    [ERROR ->]</div>
	    <img src="assets/public/images/padding/56px.png"/>
	  </div>
	"): ng:///TokenSaleComponent/template.html@190:4, Unexpected closing tag "div". It may happen when the tag has already been closed by another tag. For more info see https://www.w3.org/TR/html5/syntax.html#closing-elements-that-have-implied-end-tags ("
	    </div>
	    <img src="assets/public/images/padding/56px.png"/>
	  [ERROR ->]</div>
	</mat-card>
	>>>>>>> upstream/develop
	"): ng:///TokenSaleComponent/template.html@192:2, Unexpected closing tag "mat-card". It may happen when the tag has already been closed by another tag. For more info see https://www.w3.org/TR/html5/syntax.html#closing-elements-that-have-implied-end-tags ("
	    <img src="assets/public/images/padding/56px.png"/>
	  </div>
	[ERROR ->]</mat-card>
	>>>>>>> upstream/develop
	"): ng:///TokenSaleComponent/template.html@193:0
	    at parseJitTemplate (node_modules/@angular/compiler/fesm2022/compiler.mjs:32326:15)
	    at CompilerFacadeImpl.compileComponent (node_modules/@angular/compiler/fesm2022/compiler.mjs:32000:52)
	    at TokenSaleComponent.╔╡cmp (node_modules/@angular/core/fesm2022/debug_node.mjs:30245:47)
	    at getComponentDef (node_modules/@angular/core/fesm2022/testing.mjs:1605:18)
	    at isStandaloneComponent (node_modules/@angular/core/fesm2022/testing.mjs:1601:17)
	    at queueTypesFromModulesArrayRecur (node_modules/@angular/core/fesm2022/testing.mjs:1325:26)
	    at TestBedCompiler.queueTypesFromModulesArray (node_modules/@angular/core/fesm2022/testing.mjs:1348:9)
	    at TestBedCompiler.configureTestingModule (node_modules/@angular/core/fesm2022/testing.mjs:856:18)
	    at TestBedImpl.configureTestingModule (node_modules/@angular/core/fesm2022/testing.mjs:1993:23)
	    at TestBedImpl.configureTestingModule (node_modules/@angular/core/fesm2022/testing.mjs:1805:37)
Chrome Headless 144.0.0.0 (Windows 10): Executed 470 of 767[31m (170 FAILED)[39m (skipped 2) (0 secs / 6.767 secs)
Chrome Headless 144.0.0.0 (Windows 10) TokenSaleComponent should create FAILED
	Failed: Errors during JIT compilation of template for TokenSaleComponent: Unexpected closing tag "section". It may happen when the tag has already been closed by another tag. For more info see https://www.w3.org/TR/html5/syntax.html#closing-elements-that-have-implied-end-tags ("
	            amet, consetetur.
	          </p>
	        [ERROR ->]</section>
	      </section>
	      <section class="faq-container align-self-lt-md-center">
	"): ng:///TokenSaleComponent/template.html@100:8, Unexpected closing tag "div". It may happen when the tag has already been closed by another tag. For more info see https://www.w3.org/TR/html5/syntax.html#closing-elements-that-have-implied-end-tags ("
	        </div>
	      </mat-card>
	    [ERROR ->]</div>
	    <img src="assets/public/images/padding/56px.png"/>
	  </div>
	"): ng:///TokenSaleComponent/template.html@190:4, Unexpected closing tag "div". It may happen when the tag has already been closed by another tag. For more info see https://www.w3.org/TR/html5/syntax.html#closing-elements-that-have-implied-end-tags ("
	    </div>
	    <img src="assets/public/images/padding/56px.png"/>
	  [ERROR ->]</div>
	</mat-card>
	>>>>>>> upstream/develop
	"): ng:///TokenSaleComponent/template.html@192:2, Unexpected closing tag "mat-card". It may happen when the tag has already been closed by another tag. For more info see https://www.w3.org/TR/html5/syntax.html#closing-elements-that-have-implied-end-tags ("
	    <img src="assets/public/images/padding/56px.png"/>
	  </div>
	[ERROR ->]</mat-card>
	>>>>>>> upstream/develop
	"): ng:///TokenSaleComponent/template.html@193:0
	    at parseJitTemplate (node_modules/@angular/compiler/fesm2022/compiler.mjs:32326:15)
	    at CompilerFacadeImpl.compileComponent (node_modules/@angular/compiler/fesm2022/compiler.mjs:32000:52)
	    at TokenSaleComponent.╔╡cmp (node_modules/@angular/core/fesm2022/debug_node.mjs:30245:47)
	    at getComponentDef (node_modules/@angular/core/fesm2022/testing.mjs:1605:18)
	    at isStandaloneComponent (node_modules/@angular/core/fesm2022/testing.mjs:1601:17)
	    at queueTypesFromModulesArrayRecur (node_modules/@angular/core/fesm2022/testing.mjs:1325:26)
	    at TestBedCompiler.queueTypesFromModulesArray (node_modules/@angular/core/fesm2022/testing.mjs:1348:9)
	    at TestBedCompiler.configureTestingModule (node_modules/@angular/core/fesm2022/testing.mjs:856:18)
	    at TestBedImpl.configureTestingModule (node_modules/@angular/core/fesm2022/testing.mjs:1993:23)
	    at TestBedImpl.configureTestingModule (node_modules/@angular/core/fesm2022/testing.mjs:1805:37)
[1A[2KChrome Headless 144.0.0.0 (Windows 10): Executed 471 of 767[31m (170 FAILED)[39m (skipped 2) (0 secs / 6.775 secs)
[1A[2KChrome Headless 144.0.0.0 (Windows 10): Executed 472 of 767[31m (170 FAILED)[39m (skipped 2) (0 secs / 6.778 secs)
[1A[2KChrome Headless 144.0.0.0 (Windows 10): Executed 473 of 767[31m (170 FAILED)[39m (skipped 2) (0 secs / 6.78 secs)
[1A[2KChrome Headless 144.0.0.0 (Windows 10): Executed 474 of 767[31m (170 FAILED)[39m (skipped 2) (0 secs / 6.799 secs)
[1A[2KChrome Headless 144.0.0.0 (Windows 10): Executed 475 of 767[31m (170 FAILED)[39m (skipped 2) (0 secs / 6.818 secs)
[1A[2KChrome Headless 144.0.0.0 (Windows 10): Executed 476 of 767[31m (170 FAILED)[39m (skipped 2) (0 secs / 6.819 secs)
[1A[2KChrome Headless 144.0.0.0 (Windows 10): Executed 477 of 767[31m (170 FAILED)[39m (skipped 2) (0 secs / 6.819 secs)
[1A[2KChrome Headless 144.0.0.0 (Windows 10): Executed 478 of 767[31m (170 FAILED)[39m (skipped 2) (0 secs / 6.819 secs)
[1A[2KChrome Headless 144.0.0.0 (Windows 10): Executed 479 of 767[31m (170 FAILED)[39m (skipped 2) (0 secs / 6.819 secs)
[1A[2KChrome Headless 144.0.0.0 (Windows 10): Executed 480 of 767[31m (170 FAILED)[39m (skipped 2) (0 secs / 6.82 secs)
[1A[2KChrome Headless 144.0.0.0 (Windows 10): Executed 481 of 767[31m (170 FAILED)[39m (skipped 2) (0 secs / 6.821 secs)
[1A[2KChrome Headless 144.0.0.0 (Windows 10): Executed 482 of 767[31m (170 FAILED)[39m (skipped 2) (0 secs / 6.822 secs)
[1A[2KChrome Headless 144.0.0.0 (Windows 10): Executed 483 of 767[31m (170 FAILED)[39m (skipped 2) (0 secs / 6.822 secs)
[1A[2KChrome Headless 144.0.0.0 (Windows 10): Executed 484 of 767[31m (170 FAILED)[39m (skipped 2) (0 secs / 6.822 secs)
[1A[2KChrome Headless 144.0.0.0 (Windows 10): Executed 485 of 767[31m (170 FAILED)[39m (skipped 2) (0 secs / 6.823 secs)
[1A[2KChrome Headless 144.0.0.0 (Windows 10): Executed 486 of 767[31m (170 FAILED)[39m (skipped 2) (0 secs / 6.823 secs)
[1A[2KChrome Headless 144.0.0.0 (Windows 10): Executed 487 of 767[31m (170 FAILED)[39m (skipped 2) (0 secs / 6.824 secs)
[1A[2KChrome Headless 144.0.0.0 (Windows 10): Executed 488 of 767[31m (170 FAILED)[39m (skipped 2) (0 secs / 6.825 secs)
[1A[2KChrome Headless 144.0.0.0 (Windows 10): Executed 489 of 767[31m (170 FAILED)[39m (skipped 2) (0 secs / 6.826 secs)
[1A[2KChrome Headless 144.0.0.0 (Windows 10): Executed 490 of 767[31m (170 FAILED)[39m (skipped 2) (0 secs / 6.828 secs)
[1A[2KChrome Headless 144.0.0.0 (Windows 10): Executed 491 of 767[31m (170 FAILED)[39m (skipped 2) (0 secs / 6.83 secs)
[1A[2KChrome Headless 144.0.0.0 (Windows 10): Executed 492 of 767[31m (170 FAILED)[39m (skipped 2) (0 secs / 6.832 secs)
[1A[2KChrome Headless 144.0.0.0 (Windows 10): Executed 493 of 767[31m (170 FAILED)[39m (skipped 2) (0 secs / 6.834 secs)
[1A[2KChrome Headless 144.0.0.0 (Windows 10): Executed 494 of 767[31m (170 FAILED)[39m (skipped 2) (0 secs / 6.835 secs)
[1A[2KWARN: [36m'Spec 'LocalBackupService should not restore language from an outdated backup version' has no expectations.'[39m
Chrome Headless 144.0.0.0 (Windows 10): Executed 494 of 767[31m (170 FAILED)[39m (skipped 2) (0 secs / 6.835 secs)
WARN: 'Spec 'LocalBackupService should not restore language from an outdated backup version' has no expectations.'
[1A[2KChrome Headless 144.0.0.0 (Windows 10): Executed 495 of 767[31m (170 FAILED)[39m (skipped 2) (0 secs / 6.838 secs)
[1A[2KWARN: [36m'Spec 'LocalBackupService should restore language from backup file' has no expectations.'[39m
Chrome Headless 144.0.0.0 (Windows 10): Executed 495 of 767[31m (170 FAILED)[39m (skipped 2) (0 secs / 6.838 secs)
WARN: 'Spec 'LocalBackupService should restore language from backup file' has no expectations.'
[1A[2KChrome Headless 144.0.0.0 (Windows 10): Executed 496 of 767[31m (170 FAILED)[39m (skipped 2) (0 secs / 6.845 secs)
[1A[2KChrome Headless 144.0.0.0 (Windows 10): Executed 497 of 767[31m (170 FAILED)[39m (skipped 2) (0 secs / 6.848 secs)
[1A[2KChrome Headless 144.0.0.0 (Windows 10): Executed 498 of 767[31m (170 FAILED)[39m (skipped 2) (0 secs / 6.849 secs)
[1A[2KChrome Headless 144.0.0.0 (Windows 10): Executed 499 of 767[31m (170 FAILED)[39m (skipped 2) (0 secs / 6.851 secs)
[1A[2K[31mChrome Headless 144.0.0.0 (Windows 10) DataExportComponent should compile FAILED[39m
	Failed: Errors during JIT compilation of template for DataExportComponent: Unexpected closing block. The block may have been closed earlier. If you meant to write the } character, you should use the "&#125;" HTML entity instead. ("
	              </mat-form-field>
	            </div>
	          [ERROR ->]}
	        </div>
	        <button type="submit" id="submitButton" color="primary" mat-raised-button "): ng:///DataExportComponent/template.html@82:10, Unexpected closing tag "div". It may happen when the tag has already been closed by another tag. For more info see https://www.w3.org/TR/html5/syntax.html#closing-elements-that-have-implied-end-tags ("
	            </div>
	          }
	        [ERROR ->]</div>
	        <button type="submit" id="submitButton" color="primary" mat-raised-button (click)="sa"): ng:///DataExportComponent/template.html@83:8, Unexpected closing tag "div". It may happen when the tag has already been closed by another tag. For more info see https://www.w3.org/TR/html5/syntax.html#closing-elements-that-have-implied-end-tags ("
	          <span translate>DATA_EXPORT_HINT</span>
	        </p>
	      [ERROR ->]</div>
	    </mat-card>
	  </div>
	"): ng:///DataExportComponent/template.html@93:6, Unexpected closing tag "mat-card". It may happen when the tag has already been closed by another tag. For more info see https://www.w3.org/TR/html5/syntax.html#closing-elements-that-have-implied-end-tags ("
	        </p>
	      </div>
	    [ERROR ->]</mat-card>
	  </div>
	>>>>>>> upstream/develop
	"): ng:///DataExportComponent/template.html@94:4, Unexpected closing tag "div". It may happen when the tag has already been closed by another tag. For more info see https://www.w3.org/TR/html5/syntax.html#closing-elements-that-have-implied-end-tags ("
	      </div>
	    </mat-card>
	  [ERROR ->]</div>
	>>>>>>> upstream/develop
	"): ng:///DataExportComponent/template.html@95:2
	    at parseJitTemplate (node_modules/@angular/compiler/fesm2022/compiler.mjs:32326:15)
	    at CompilerFacadeImpl.compileComponent (node_modules/@angular/compiler/fesm2022/compiler.mjs:32000:52)
	    at DataExportComponent.╔╡cmp (node_modules/@angular/core/fesm2022/debug_node.mjs:30245:47)
	    at getComponentDef (node_modules/@angular/core/fesm2022/testing.mjs:1605:18)
	    at isStandaloneComponent (node_modules/@angular/core/fesm2022/testing.mjs:1601:17)
	    at queueTypesFromModulesArrayRecur (node_modules/@angular/core/fesm2022/testing.mjs:1325:26)
	    at TestBedCompiler.queueTypesFromModulesArray (node_modules/@angular/core/fesm2022/testing.mjs:1348:9)
	    at TestBedCompiler.configureTestingModule (node_modules/@angular/core/fesm2022/testing.mjs:856:18)
	    at TestBedImpl.configureTestingModule (node_modules/@angular/core/fesm2022/testing.mjs:1993:23)
	    at TestBedImpl.configureTestingModule (node_modules/@angular/core/fesm2022/testing.mjs:1805:37)
Chrome Headless 144.0.0.0 (Windows 10): Executed 500 of 767[31m (171 FAILED)[39m (skipped 2) (0 secs / 6.864 secs)
Chrome Headless 144.0.0.0 (Windows 10) DataExportComponent should compile FAILED
	Failed: Errors during JIT compilation of template for DataExportComponent: Unexpected closing block. The block may have been closed earlier. If you meant to write the } character, you should use the "&#125;" HTML entity instead. ("
	              </mat-form-field>
	            </div>
	          [ERROR ->]}
	        </div>
	        <button type="submit" id="submitButton" color="primary" mat-raised-button "): ng:///DataExportComponent/template.html@82:10, Unexpected closing tag "div". It may happen when the tag has already been closed by another tag. For more info see https://www.w3.org/TR/html5/syntax.html#closing-elements-that-have-implied-end-tags ("
	            </div>
	          }
	        [ERROR ->]</div>
	        <button type="submit" id="submitButton" color="primary" mat-raised-button (click)="sa"): ng:///DataExportComponent/template.html@83:8, Unexpected closing tag "div". It may happen when the tag has already been closed by another tag. For more info see https://www.w3.org/TR/html5/syntax.html#closing-elements-that-have-implied-end-tags ("
	          <span translate>DATA_EXPORT_HINT</span>
	        </p>
	      [ERROR ->]</div>
	    </mat-card>
	  </div>
	"): ng:///DataExportComponent/template.html@93:6, Unexpected closing tag "mat-card". It may happen when the tag has already been closed by another tag. For more info see https://www.w3.org/TR/html5/syntax.html#closing-elements-that-have-implied-end-tags ("
	        </p>
	      </div>
	    [ERROR ->]</mat-card>
	  </div>
	>>>>>>> upstream/develop
	"): ng:///DataExportComponent/template.html@94:4, Unexpected closing tag "div". It may happen when the tag has already been closed by another tag. For more info see https://www.w3.org/TR/html5/syntax.html#closing-elements-that-have-implied-end-tags ("
	      </div>
	    </mat-card>
	  [ERROR ->]</div>
	>>>>>>> upstream/develop
	"): ng:///DataExportComponent/template.html@95:2
	    at parseJitTemplate (node_modules/@angular/compiler/fesm2022/compiler.mjs:32326:15)
	    at CompilerFacadeImpl.compileComponent (node_modules/@angular/compiler/fesm2022/compiler.mjs:32000:52)
	    at DataExportComponent.╔╡cmp (node_modules/@angular/core/fesm2022/debug_node.mjs:30245:47)
	    at getComponentDef (node_modules/@angular/core/fesm2022/testing.mjs:1605:18)
	    at isStandaloneComponent (node_modules/@angular/core/fesm2022/testing.mjs:1601:17)
	    at queueTypesFromModulesArrayRecur (node_modules/@angular/core/fesm2022/testing.mjs:1325:26)
	    at TestBedCompiler.queueTypesFromModulesArray (node_modules/@angular/core/fesm2022/testing.mjs:1348:9)
	    at TestBedCompiler.configureTestingModule (node_modules/@angular/core/fesm2022/testing.mjs:856:18)
	    at TestBedImpl.configureTestingModule (node_modules/@angular/core/fesm2022/testing.mjs:1993:23)
	    at TestBedImpl.configureTestingModule (node_modules/@angular/core/fesm2022/testing.mjs:1805:37)
[1A[2K[31mChrome Headless 144.0.0.0 (Windows 10) DataExportComponent should be compulsory to select export format FAILED[39m
	Failed: Errors during JIT compilation of template for DataExportComponent: Unexpected closing block. The block may have been closed earlier. If you meant to write the } character, you should use the "&#125;" HTML entity instead. ("
	              </mat-form-field>
	            </div>
	          [ERROR ->]}
	        </div>
	        <button type="submit" id="submitButton" color="primary" mat-raised-button "): ng:///DataExportComponent/template.html@82:10, Unexpected closing tag "div". It may happen when the tag has already been closed by another tag. For more info see https://www.w3.org/TR/html5/syntax.html#closing-elements-that-have-implied-end-tags ("
	            </div>
	          }
	        [ERROR ->]</div>
	        <button type="submit" id="submitButton" color="primary" mat-raised-button (click)="sa"): ng:///DataExportComponent/template.html@83:8, Unexpected closing tag "div". It may happen when the tag has already been closed by another tag. For more info see https://www.w3.org/TR/html5/syntax.html#closing-elements-that-have-implied-end-tags ("
	          <span translate>DATA_EXPORT_HINT</span>
	        </p>
	      [ERROR ->]</div>
	    </mat-card>
	  </div>
	"): ng:///DataExportComponent/template.html@93:6, Unexpected closing tag "mat-card". It may happen when the tag has already been closed by another tag. For more info see https://www.w3.org/TR/html5/syntax.html#closing-elements-that-have-implied-end-tags ("
	        </p>
	      </div>
	    [ERROR ->]</mat-card>
	  </div>
	>>>>>>> upstream/develop
	"): ng:///DataExportComponent/template.html@94:4, Unexpected closing tag "div". It may happen when the tag has already been closed by another tag. For more info see https://www.w3.org/TR/html5/syntax.html#closing-elements-that-have-implied-end-tags ("
	      </div>
	    </mat-card>
	  [ERROR ->]</div>
	>>>>>>> upstream/develop
	"): ng:///DataExportComponent/template.html@95:2
	    at parseJitTemplate (node_modules/@angular/compiler/fesm2022/compiler.mjs:32326:15)
	    at CompilerFacadeImpl.compileComponent (node_modules/@angular/compiler/fesm2022/compiler.mjs:32000:52)
	    at DataExportComponent.╔╡cmp (node_modules/@angular/core/fesm2022/debug_node.mjs:30245:47)
	    at getComponentDef (node_modules/@angular/core/fesm2022/testing.mjs:1605:18)
	    at isStandaloneComponent (node_modules/@angular/core/fesm2022/testing.mjs:1601:17)
	    at queueTypesFromModulesArrayRecur (node_modules/@angular/core/fesm2022/testing.mjs:1325:26)
	    at TestBedCompiler.queueTypesFromModulesArray (node_modules/@angular/core/fesm2022/testing.mjs:1348:9)
	    at TestBedCompiler.configureTestingModule (node_modules/@angular/core/fesm2022/testing.mjs:856:18)
	    at TestBedImpl.configureTestingModule (node_modules/@angular/core/fesm2022/testing.mjs:1993:23)
	    at TestBedImpl.configureTestingModule (node_modules/@angular/core/fesm2022/testing.mjs:1805:37)
Chrome Headless 144.0.0.0 (Windows 10): Executed 501 of 767[31m (172 FAILED)[39m (skipped 2) (0 secs / 6.867 secs)
Chrome Headless 144.0.0.0 (Windows 10) DataExportComponent should be compulsory to select export format FAILED
	Failed: Errors during JIT compilation of template for DataExportComponent: Unexpected closing block. The block may have been closed earlier. If you meant to write the } character, you should use the "&#125;" HTML entity instead. ("
	              </mat-form-field>
	            </div>
	          [ERROR ->]}
	        </div>
	        <button type="submit" id="submitButton" color="primary" mat-raised-button "): ng:///DataExportComponent/template.html@82:10, Unexpected closing tag "div". It may happen when the tag has already been closed by another tag. For more info see https://www.w3.org/TR/html5/syntax.html#closing-elements-that-have-implied-end-tags ("
	            </div>
	          }
	        [ERROR ->]</div>
	        <button type="submit" id="submitButton" color="primary" mat-raised-button (click)="sa"): ng:///DataExportComponent/template.html@83:8, Unexpected closing tag "div". It may happen when the tag has already been closed by another tag. For more info see https://www.w3.org/TR/html5/syntax.html#closing-elements-that-have-implied-end-tags ("
	          <span translate>DATA_EXPORT_HINT</span>
	        </p>
	      [ERROR ->]</div>
	    </mat-card>
	  </div>
	"): ng:///DataExportComponent/template.html@93:6, Unexpected closing tag "mat-card". It may happen when the tag has already been closed by another tag. For more info see https://www.w3.org/TR/html5/syntax.html#closing-elements-that-have-implied-end-tags ("
	        </p>
	      </div>
	    [ERROR ->]</mat-card>
	  </div>
	>>>>>>> upstream/develop
	"): ng:///DataExportComponent/template.html@94:4, Unexpected closing tag "div". It may happen when the tag has already been closed by another tag. For more info see https://www.w3.org/TR/html5/syntax.html#closing-elements-that-have-implied-end-tags ("
	      </div>
	    </mat-card>
	  [ERROR ->]</div>
	>>>>>>> upstream/develop
	"): ng:///DataExportComponent/template.html@95:2
	    at parseJitTemplate (node_modules/@angular/compiler/fesm2022/compiler.mjs:32326:15)
	    at CompilerFacadeImpl.compileComponent (node_modules/@angular/compiler/fesm2022/compiler.mjs:32000:52)
	    at DataExportComponent.╔╡cmp (node_modules/@angular/core/fesm2022/debug_node.mjs:30245:47)
	    at getComponentDef (node_modules/@angular/core/fesm2022/testing.mjs:1605:18)
	    at isStandaloneComponent (node_modules/@angular/core/fesm2022/testing.mjs:1601:17)
	    at queueTypesFromModulesArrayRecur (node_modules/@angular/core/fesm2022/testing.mjs:1325:26)
	    at TestBedCompiler.queueTypesFromModulesArray (node_modules/@angular/core/fesm2022/testing.mjs:1348:9)
	    at TestBedCompiler.configureTestingModule (node_modules/@angular/core/fesm2022/testing.mjs:856:18)
	    at TestBedImpl.configureTestingModule (node_modules/@angular/core/fesm2022/testing.mjs:1993:23)
	    at TestBedImpl.configureTestingModule (node_modules/@angular/core/fesm2022/testing.mjs:1805:37)
[1A[2K[31mChrome Headless 144.0.0.0 (Windows 10) DataExportComponent should clear the form and display error if exporting data fails FAILED[39m
	Failed: Errors during JIT compilation of template for DataExportComponent: Unexpected closing block. The block may have been closed earlier. If you meant to write the } character, you should use the "&#125;" HTML entity instead. ("
	              </mat-form-field>
	            </div>
	          [ERROR ->]}
	        </div>
	        <button type="submit" id="submitButton" color="primary" mat-raised-button "): ng:///DataExportComponent/template.html@82:10, Unexpected closing tag "div". It may happen when the tag has already been closed by another tag. For more info see https://www.w3.org/TR/html5/syntax.html#closing-elements-that-have-implied-end-tags ("
	            </div>
	          }
	        [ERROR ->]</div>
	        <button type="submit" id="submitButton" color="primary" mat-raised-button (click)="sa"): ng:///DataExportComponent/template.html@83:8, Unexpected closing tag "div". It may happen when the tag has already been closed by another tag. For more info see https://www.w3.org/TR/html5/syntax.html#closing-elements-that-have-implied-end-tags ("
	          <span translate>DATA_EXPORT_HINT</span>
	        </p>
	      [ERROR ->]</div>
	    </mat-card>
	  </div>
	"): ng:///DataExportComponent/template.html@93:6, Unexpected closing tag "mat-card". It may happen when the tag has already been closed by another tag. For more info see https://www.w3.org/TR/html5/syntax.html#closing-elements-that-have-implied-end-tags ("
	        </p>
	      </div>
	    [ERROR ->]</mat-card>
	  </div>
	>>>>>>> upstream/develop
	"): ng:///DataExportComponent/template.html@94:4, Unexpected closing tag "div". It may happen when the tag has already been closed by another tag. For more info see https://www.w3.org/TR/html5/syntax.html#closing-elements-that-have-implied-end-tags ("
	      </div>
	    </mat-card>
	  [ERROR ->]</div>
	>>>>>>> upstream/develop
	"): ng:///DataExportComponent/template.html@95:2
	    at parseJitTemplate (node_modules/@angular/compiler/fesm2022/compiler.mjs:32326:15)
	    at CompilerFacadeImpl.compileComponent (node_modules/@angular/compiler/fesm2022/compiler.mjs:32000:52)
	    at DataExportComponent.╔╡cmp (node_modules/@angular/core/fesm2022/debug_node.mjs:30245:47)
	    at getComponentDef (node_modules/@angular/core/fesm2022/testing.mjs:1605:18)
	    at isStandaloneComponent (node_modules/@angular/core/fesm2022/testing.mjs:1601:17)
	    at queueTypesFromModulesArrayRecur (node_modules/@angular/core/fesm2022/testing.mjs:1325:26)
	    at TestBedCompiler.queueTypesFromModulesArray (node_modules/@angular/core/fesm2022/testing.mjs:1348:9)
	    at TestBedCompiler.configureTestingModule (node_modules/@angular/core/fesm2022/testing.mjs:856:18)
	    at TestBedImpl.configureTestingModule (node_modules/@angular/core/fesm2022/testing.mjs:1993:23)
	    at TestBedImpl.configureTestingModule (node_modules/@angular/core/fesm2022/testing.mjs:1805:37)
Chrome Headless 144.0.0.0 (Windows 10): Executed 502 of 767[31m (173 FAILED)[39m (skipped 2) (0 secs / 6.87 secs)
Chrome Headless 144.0.0.0 (Windows 10) DataExportComponent should clear the form and display error if exporting data fails FAILED
	Failed: Errors during JIT compilation of template for DataExportComponent: Unexpected closing block. The block may have been closed earlier. If you meant to write the } character, you should use the "&#125;" HTML entity instead. ("
	              </mat-form-field>
	            </div>
	          [ERROR ->]}
	        </div>
	        <button type="submit" id="submitButton" color="primary" mat-raised-button "): ng:///DataExportComponent/template.html@82:10, Unexpected closing tag "div". It may happen when the tag has already been closed by another tag. For more info see https://www.w3.org/TR/html5/syntax.html#closing-elements-that-have-implied-end-tags ("
	            </div>
	          }
	        [ERROR ->]</div>
	        <button type="submit" id="submitButton" color="primary" mat-raised-button (click)="sa"): ng:///DataExportComponent/template.html@83:8, Unexpected closing tag "div". It may happen when the tag has already been closed by another tag. For more info see https://www.w3.org/TR/html5/syntax.html#closing-elements-that-have-implied-end-tags ("
	          <span translate>DATA_EXPORT_HINT</span>
	        </p>
	      [ERROR ->]</div>
	    </mat-card>
	  </div>
	"): ng:///DataExportComponent/template.html@93:6, Unexpected closing tag "mat-card". It may happen when the tag has already been closed by another tag. For more info see https://www.w3.org/TR/html5/syntax.html#closing-elements-that-have-implied-end-tags ("
	        </p>
	      </div>
	    [ERROR ->]</mat-card>
	  </div>
	>>>>>>> upstream/develop
	"): ng:///DataExportComponent/template.html@94:4, Unexpected closing tag "div". It may happen when the tag has already been closed by another tag. For more info see https://www.w3.org/TR/html5/syntax.html#closing-elements-that-have-implied-end-tags ("
	      </div>
	    </mat-card>
	  [ERROR ->]</div>
	>>>>>>> upstream/develop
	"): ng:///DataExportComponent/template.html@95:2
	    at parseJitTemplate (node_modules/@angular/compiler/fesm2022/compiler.mjs:32326:15)
	    at CompilerFacadeImpl.compileComponent (node_modules/@angular/compiler/fesm2022/compiler.mjs:32000:52)
	    at DataExportComponent.╔╡cmp (node_modules/@angular/core/fesm2022/debug_node.mjs:30245:47)
	    at getComponentDef (node_modules/@angular/core/fesm2022/testing.mjs:1605:18)
	    at isStandaloneComponent (node_modules/@angular/core/fesm2022/testing.mjs:1601:17)
	    at queueTypesFromModulesArrayRecur (node_modules/@angular/core/fesm2022/testing.mjs:1325:26)
	    at TestBedCompiler.queueTypesFromModulesArray (node_modules/@angular/core/fesm2022/testing.mjs:1348:9)
	    at TestBedCompiler.configureTestingModule (node_modules/@angular/core/fesm2022/testing.mjs:856:18)
	    at TestBedImpl.configureTestingModule (node_modules/@angular/core/fesm2022/testing.mjs:1993:23)
	    at TestBedImpl.configureTestingModule (node_modules/@angular/core/fesm2022/testing.mjs:1805:37)
[1A[2K[31mChrome Headless 144.0.0.0 (Windows 10) DataExportComponent should reinitizalise form by calling resetForm FAILED[39m
	Failed: Errors during JIT compilation of template for DataExportComponent: Unexpected closing block. The block may have been closed earlier. If you meant to write the } character, you should use the "&#125;" HTML entity instead. ("
	              </mat-form-field>
	            </div>
	          [ERROR ->]}
	        </div>
	        <button type="submit" id="submitButton" color="primary" mat-raised-button "): ng:///DataExportComponent/template.html@82:10, Unexpected closing tag "div". It may happen when the tag has already been closed by another tag. For more info see https://www.w3.org/TR/html5/syntax.html#closing-elements-that-have-implied-end-tags ("
	            </div>
	          }
	        [ERROR ->]</div>
	        <button type="submit" id="submitButton" color="primary" mat-raised-button (click)="sa"): ng:///DataExportComponent/template.html@83:8, Unexpected closing tag "div". It may happen when the tag has already been closed by another tag. For more info see https://www.w3.org/TR/html5/syntax.html#closing-elements-that-have-implied-end-tags ("
	          <span translate>DATA_EXPORT_HINT</span>
	        </p>
	      [ERROR ->]</div>
	    </mat-card>
	  </div>
	"): ng:///DataExportComponent/template.html@93:6, Unexpected closing tag "mat-card". It may happen when the tag has already been closed by another tag. For more info see https://www.w3.org/TR/html5/syntax.html#closing-elements-that-have-implied-end-tags ("
	        </p>
	      </div>
	    [ERROR ->]</mat-card>
	  </div>
	>>>>>>> upstream/develop
	"): ng:///DataExportComponent/template.html@94:4, Unexpected closing tag "div". It may happen when the tag has already been closed by another tag. For more info see https://www.w3.org/TR/html5/syntax.html#closing-elements-that-have-implied-end-tags ("
	      </div>
	    </mat-card>
	  [ERROR ->]</div>
	>>>>>>> upstream/develop
	"): ng:///DataExportComponent/template.html@95:2
	    at parseJitTemplate (node_modules/@angular/compiler/fesm2022/compiler.mjs:32326:15)
	    at CompilerFacadeImpl.compileComponent (node_modules/@angular/compiler/fesm2022/compiler.mjs:32000:52)
	    at DataExportComponent.╔╡cmp (node_modules/@angular/core/fesm2022/debug_node.mjs:30245:47)
	    at getComponentDef (node_modules/@angular/core/fesm2022/testing.mjs:1605:18)
	    at isStandaloneComponent (node_modules/@angular/core/fesm2022/testing.mjs:1601:17)
	    at queueTypesFromModulesArrayRecur (node_modules/@angular/core/fesm2022/testing.mjs:1325:26)
	    at TestBedCompiler.queueTypesFromModulesArray (node_modules/@angular/core/fesm2022/testing.mjs:1348:9)
	    at TestBedCompiler.configureTestingModule (node_modules/@angular/core/fesm2022/testing.mjs:856:18)
	    at TestBedImpl.configureTestingModule (node_modules/@angular/core/fesm2022/testing.mjs:1993:23)
	    at TestBedImpl.configureTestingModule (node_modules/@angular/core/fesm2022/testing.mjs:1805:37)
Chrome Headless 144.0.0.0 (Windows 10): Executed 503 of 767[31m (174 FAILED)[39m (skipped 2) (0 secs / 6.874 secs)
Chrome Headless 144.0.0.0 (Windows 10) DataExportComponent should reinitizalise form by calling resetForm FAILED
	Failed: Errors during JIT compilation of template for DataExportComponent: Unexpected closing block. The block may have been closed earlier. If you meant to write the } character, you should use the "&#125;" HTML entity instead. ("
	              </mat-form-field>
	            </div>
	          [ERROR ->]}
	        </div>
	        <button type="submit" id="submitButton" color="primary" mat-raised-button "): ng:///DataExportComponent/template.html@82:10, Unexpected closing tag "div". It may happen when the tag has already been closed by another tag. For more info see https://www.w3.org/TR/html5/syntax.html#closing-elements-that-have-implied-end-tags ("
	            </div>
	          }
	        [ERROR ->]</div>
	        <button type="submit" id="submitButton" color="primary" mat-raised-button (click)="sa"): ng:///DataExportComponent/template.html@83:8, Unexpected closing tag "div". It may happen when the tag has already been closed by another tag. For more info see https://www.w3.org/TR/html5/syntax.html#closing-elements-that-have-implied-end-tags ("
	          <span translate>DATA_EXPORT_HINT</span>
	        </p>
	      [ERROR ->]</div>
	    </mat-card>
	  </div>
	"): ng:///DataExportComponent/template.html@93:6, Unexpected closing tag "mat-card". It may happen when the tag has already been closed by another tag. For more info see https://www.w3.org/TR/html5/syntax.html#closing-elements-that-have-implied-end-tags ("
	        </p>
	      </div>
	    [ERROR ->]</mat-card>
	  </div>
	>>>>>>> upstream/develop
	"): ng:///DataExportComponent/template.html@94:4, Unexpected closing tag "div". It may happen when the tag has already been closed by another tag. For more info see https://www.w3.org/TR/html5/syntax.html#closing-elements-that-have-implied-end-tags ("
	      </div>
	    </mat-card>
	  [ERROR ->]</div>
	>>>>>>> upstream/develop
	"): ng:///DataExportComponent/template.html@95:2
	    at parseJitTemplate (node_modules/@angular/compiler/fesm2022/compiler.mjs:32326:15)
	    at CompilerFacadeImpl.compileComponent (node_modules/@angular/compiler/fesm2022/compiler.mjs:32000:52)
	    at DataExportComponent.╔╡cmp (node_modules/@angular/core/fesm2022/debug_node.mjs:30245:47)
	    at getComponentDef (node_modules/@angular/core/fesm2022/testing.mjs:1605:18)
	    at isStandaloneComponent (node_modules/@angular/core/fesm2022/testing.mjs:1601:17)
	    at queueTypesFromModulesArrayRecur (node_modules/@angular/core/fesm2022/testing.mjs:1325:26)
	    at TestBedCompiler.queueTypesFromModulesArray (node_modules/@angular/core/fesm2022/testing.mjs:1348:9)
	    at TestBedCompiler.configureTestingModule (node_modules/@angular/core/fesm2022/testing.mjs:856:18)
	    at TestBedImpl.configureTestingModule (node_modules/@angular/core/fesm2022/testing.mjs:1993:23)
	    at TestBedImpl.configureTestingModule (node_modules/@angular/core/fesm2022/testing.mjs:1805:37)
[1A[2K[31mChrome Headless 144.0.0.0 (Windows 10) DataExportComponent should be compulsory to answer the captcha when captcha is present FAILED[39m
	Failed: Errors during JIT compilation of template for DataExportComponent: Unexpected closing block. The block may have been closed earlier. If you meant to write the } character, you should use the "&#125;" HTML entity instead. ("
	              </mat-form-field>
	            </div>
	          [ERROR ->]}
	        </div>
	        <button type="submit" id="submitButton" color="primary" mat-raised-button "): ng:///DataExportComponent/template.html@82:10, Unexpected closing tag "div". It may happen when the tag has already been closed by another tag. For more info see https://www.w3.org/TR/html5/syntax.html#closing-elements-that-have-implied-end-tags ("
	            </div>
	          }
	        [ERROR ->]</div>
	        <button type="submit" id="submitButton" color="primary" mat-raised-button (click)="sa"): ng:///DataExportComponent/template.html@83:8, Unexpected closing tag "div". It may happen when the tag has already been closed by another tag. For more info see https://www.w3.org/TR/html5/syntax.html#closing-elements-that-have-implied-end-tags ("
	          <span translate>DATA_EXPORT_HINT</span>
	        </p>
	      [ERROR ->]</div>
	    </mat-card>
	  </div>
	"): ng:///DataExportComponent/template.html@93:6, Unexpected closing tag "mat-card". It may happen when the tag has already been closed by another tag. For more info see https://www.w3.org/TR/html5/syntax.html#closing-elements-that-have-implied-end-tags ("
	        </p>
	      </div>
	    [ERROR ->]</mat-card>
	  </div>
	>>>>>>> upstream/develop
	"): ng:///DataExportComponent/template.html@94:4, Unexpected closing tag "div". It may happen when the tag has already been closed by another tag. For more info see https://www.w3.org/TR/html5/syntax.html#closing-elements-that-have-implied-end-tags ("
	      </div>
	    </mat-card>
	  [ERROR ->]</div>
	>>>>>>> upstream/develop
	"): ng:///DataExportComponent/template.html@95:2
	    at parseJitTemplate (node_modules/@angular/compiler/fesm2022/compiler.mjs:32326:15)
	    at CompilerFacadeImpl.compileComponent (node_modules/@angular/compiler/fesm2022/compiler.mjs:32000:52)
	    at DataExportComponent.╔╡cmp (node_modules/@angular/core/fesm2022/debug_node.mjs:30245:47)
	    at getComponentDef (node_modules/@angular/core/fesm2022/testing.mjs:1605:18)
	    at isStandaloneComponent (node_modules/@angular/core/fesm2022/testing.mjs:1601:17)
	    at queueTypesFromModulesArrayRecur (node_modules/@angular/core/fesm2022/testing.mjs:1325:26)
	    at TestBedCompiler.queueTypesFromModulesArray (node_modules/@angular/core/fesm2022/testing.mjs:1348:9)
	    at TestBedCompiler.configureTestingModule (node_modules/@angular/core/fesm2022/testing.mjs:856:18)
	    at TestBedImpl.configureTestingModule (node_modules/@angular/core/fesm2022/testing.mjs:1993:23)
	    at TestBedImpl.configureTestingModule (node_modules/@angular/core/fesm2022/testing.mjs:1805:37)
Chrome Headless 144.0.0.0 (Windows 10): Executed 504 of 767[31m (175 FAILED)[39m (skipped 2) (0 secs / 6.876 secs)
Chrome Headless 144.0.0.0 (Windows 10) DataExportComponent should be compulsory to answer the captcha when captcha is present FAILED
	Failed: Errors during JIT compilation of template for DataExportComponent: Unexpected closing block. The block may have been closed earlier. If you meant to write the } character, you should use the "&#125;" HTML entity instead. ("
	              </mat-form-field>
	            </div>
	          [ERROR ->]}
	        </div>
	        <button type="submit" id="submitButton" color="primary" mat-raised-button "): ng:///DataExportComponent/template.html@82:10, Unexpected closing tag "div". It may happen when the tag has already been closed by another tag. For more info see https://www.w3.org/TR/html5/syntax.html#closing-elements-that-have-implied-end-tags ("
	            </div>
	          }
	        [ERROR ->]</div>
	        <button type="submit" id="submitButton" color="primary" mat-raised-button (click)="sa"): ng:///DataExportComponent/template.html@83:8, Unexpected closing tag "div". It may happen when the tag has already been closed by another tag. For more info see https://www.w3.org/TR/html5/syntax.html#closing-elements-that-have-implied-end-tags ("
	          <span translate>DATA_EXPORT_HINT</span>
	        </p>
	      [ERROR ->]</div>
	    </mat-card>
	  </div>
	"): ng:///DataExportComponent/template.html@93:6, Unexpected closing tag "mat-card". It may happen when the tag has already been closed by another tag. For more info see https://www.w3.org/TR/html5/syntax.html#closing-elements-that-have-implied-end-tags ("
	        </p>
	      </div>
	    [ERROR ->]</mat-card>
	  </div>
	>>>>>>> upstream/develop
	"): ng:///DataExportComponent/template.html@94:4, Unexpected closing tag "div". It may happen when the tag has already been closed by another tag. For more info see https://www.w3.org/TR/html5/syntax.html#closing-elements-that-have-implied-end-tags ("
	      </div>
	    </mat-card>
	  [ERROR ->]</div>
	>>>>>>> upstream/develop
	"): ng:///DataExportComponent/template.html@95:2
	    at parseJitTemplate (node_modules/@angular/compiler/fesm2022/compiler.mjs:32326:15)
	    at CompilerFacadeImpl.compileComponent (node_modules/@angular/compiler/fesm2022/compiler.mjs:32000:52)
	    at DataExportComponent.╔╡cmp (node_modules/@angular/core/fesm2022/debug_node.mjs:30245:47)
	    at getComponentDef (node_modules/@angular/core/fesm2022/testing.mjs:1605:18)
	    at isStandaloneComponent (node_modules/@angular/core/fesm2022/testing.mjs:1601:17)
	    at queueTypesFromModulesArrayRecur (node_modules/@angular/core/fesm2022/testing.mjs:1325:26)
	    at TestBedCompiler.queueTypesFromModulesArray (node_modules/@angular/core/fesm2022/testing.mjs:1348:9)
	    at TestBedCompiler.configureTestingModule (node_modules/@angular/core/fesm2022/testing.mjs:856:18)
	    at TestBedImpl.configureTestingModule (node_modules/@angular/core/fesm2022/testing.mjs:1993:23)
	    at TestBedImpl.configureTestingModule (node_modules/@angular/core/fesm2022/testing.mjs:1805:37)
[1A[2K[31mChrome Headless 144.0.0.0 (Windows 10) DataExportComponent should store the captcha on getting new captcha FAILED[39m
	Failed: Errors during JIT compilation of template for DataExportComponent: Unexpected closing block. The block may have been closed earlier. If you meant to write the } character, you should use the "&#125;" HTML entity instead. ("
	              </mat-form-field>
	            </div>
	          [ERROR ->]}
	        </div>
	        <button type="submit" id="submitButton" color="primary" mat-raised-button "): ng:///DataExportComponent/template.html@82:10, Unexpected closing tag "div". It may happen when the tag has already been closed by another tag. For more info see https://www.w3.org/TR/html5/syntax.html#closing-elements-that-have-implied-end-tags ("
	            </div>
	          }
	        [ERROR ->]</div>
	        <button type="submit" id="submitButton" color="primary" mat-raised-button (click)="sa"): ng:///DataExportComponent/template.html@83:8, Unexpected closing tag "div". It may happen when the tag has already been closed by another tag. For more info see https://www.w3.org/TR/html5/syntax.html#closing-elements-that-have-implied-end-tags ("
	          <span translate>DATA_EXPORT_HINT</span>
	        </p>
	      [ERROR ->]</div>
	    </mat-card>
	  </div>
	"): ng:///DataExportComponent/template.html@93:6, Unexpected closing tag "mat-card". It may happen when the tag has already been closed by another tag. For more info see https://www.w3.org/TR/html5/syntax.html#closing-elements-that-have-implied-end-tags ("
	        </p>
	      </div>
	    [ERROR ->]</mat-card>
	  </div>
	>>>>>>> upstream/develop
	"): ng:///DataExportComponent/template.html@94:4, Unexpected closing tag "div". It may happen when the tag has already been closed by another tag. For more info see https://www.w3.org/TR/html5/syntax.html#closing-elements-that-have-implied-end-tags ("
	      </div>
	    </mat-card>
	  [ERROR ->]</div>
	>>>>>>> upstream/develop
	"): ng:///DataExportComponent/template.html@95:2
	    at parseJitTemplate (node_modules/@angular/compiler/fesm2022/compiler.mjs:32326:15)
	    at CompilerFacadeImpl.compileComponent (node_modules/@angular/compiler/fesm2022/compiler.mjs:32000:52)
	    at DataExportComponent.╔╡cmp (node_modules/@angular/core/fesm2022/debug_node.mjs:30245:47)
	    at getComponentDef (node_modules/@angular/core/fesm2022/testing.mjs:1605:18)
	    at isStandaloneComponent (node_modules/@angular/core/fesm2022/testing.mjs:1601:17)
	    at queueTypesFromModulesArrayRecur (node_modules/@angular/core/fesm2022/testing.mjs:1325:26)
	    at TestBedCompiler.queueTypesFromModulesArray (node_modules/@angular/core/fesm2022/testing.mjs:1348:9)
	    at TestBedCompiler.configureTestingModule (node_modules/@angular/core/fesm2022/testing.mjs:856:18)
	    at TestBedImpl.configureTestingModule (node_modules/@angular/core/fesm2022/testing.mjs:1993:23)
	    at TestBedImpl.configureTestingModule (node_modules/@angular/core/fesm2022/testing.mjs:1805:37)
Chrome Headless 144.0.0.0 (Windows 10): Executed 505 of 767[31m (176 FAILED)[39m (skipped 2) (0 secs / 6.877 secs)
Chrome Headless 144.0.0.0 (Windows 10) DataExportComponent should store the captcha on getting new captcha FAILED
	Failed: Errors during JIT compilation of template for DataExportComponent: Unexpected closing block. The block may have been closed earlier. If you meant to write the } character, you should use the "&#125;" HTML entity instead. ("
	              </mat-form-field>
	            </div>
	          [ERROR ->]}
	        </div>
	        <button type="submit" id="submitButton" color="primary" mat-raised-button "): ng:///DataExportComponent/template.html@82:10, Unexpected closing tag "div". It may happen when the tag has already been closed by another tag. For more info see https://www.w3.org/TR/html5/syntax.html#closing-elements-that-have-implied-end-tags ("
	            </div>
	          }
	        [ERROR ->]</div>
	        <button type="submit" id="submitButton" color="primary" mat-raised-button (click)="sa"): ng:///DataExportComponent/template.html@83:8, Unexpected closing tag "div". It may happen when the tag has already been closed by another tag. For more info see https://www.w3.org/TR/html5/syntax.html#closing-elements-that-have-implied-end-tags ("
	          <span translate>DATA_EXPORT_HINT</span>
	        </p>
	      [ERROR ->]</div>
	    </mat-card>
	  </div>
	"): ng:///DataExportComponent/template.html@93:6, Unexpected closing tag "mat-card". It may happen when the tag has already been closed by another tag. For more info see https://www.w3.org/TR/html5/syntax.html#closing-elements-that-have-implied-end-tags ("
	        </p>
	      </div>
	    [ERROR ->]</mat-card>
	  </div>
	>>>>>>> upstream/develop
	"): ng:///DataExportComponent/template.html@94:4, Unexpected closing tag "div". It may happen when the tag has already been closed by another tag. For more info see https://www.w3.org/TR/html5/syntax.html#closing-elements-that-have-implied-end-tags ("
	      </div>
	    </mat-card>
	  [ERROR ->]</div>
	>>>>>>> upstream/develop
	"): ng:///DataExportComponent/template.html@95:2
	    at parseJitTemplate (node_modules/@angular/compiler/fesm2022/compiler.mjs:32326:15)
	    at CompilerFacadeImpl.compileComponent (node_modules/@angular/compiler/fesm2022/compiler.mjs:32000:52)
	    at DataExportComponent.╔╡cmp (node_modules/@angular/core/fesm2022/debug_node.mjs:30245:47)
	    at getComponentDef (node_modules/@angular/core/fesm2022/testing.mjs:1605:18)
	    at isStandaloneComponent (node_modules/@angular/core/fesm2022/testing.mjs:1601:17)
	    at queueTypesFromModulesArrayRecur (node_modules/@angular/core/fesm2022/testing.mjs:1325:26)
	    at TestBedCompiler.queueTypesFromModulesArray (node_modules/@angular/core/fesm2022/testing.mjs:1348:9)
	    at TestBedCompiler.configureTestingModule (node_modules/@angular/core/fesm2022/testing.mjs:856:18)
	    at TestBedImpl.configureTestingModule (node_modules/@angular/core/fesm2022/testing.mjs:1993:23)
	    at TestBedImpl.configureTestingModule (node_modules/@angular/core/fesm2022/testing.mjs:1805:37)
[1A[2K[31mChrome Headless 144.0.0.0 (Windows 10) DataExportComponent should show the confirmation and fetch user data and reset data export form on requesting data export FAILED[39m
	Failed: Errors during JIT compilation of template for DataExportComponent: Unexpected closing block. The block may have been closed earlier. If you meant to write the } character, you should use the "&#125;" HTML entity instead. ("
	              </mat-form-field>
	            </div>
	          [ERROR ->]}
	        </div>
	        <button type="submit" id="submitButton" color="primary" mat-raised-button "): ng:///DataExportComponent/template.html@82:10, Unexpected closing tag "div". It may happen when the tag has already been closed by another tag. For more info see https://www.w3.org/TR/html5/syntax.html#closing-elements-that-have-implied-end-tags ("
	            </div>
	          }
	        [ERROR ->]</div>
	        <button type="submit" id="submitButton" color="primary" mat-raised-button (click)="sa"): ng:///DataExportComponent/template.html@83:8, Unexpected closing tag "div". It may happen when the tag has already been closed by another tag. For more info see https://www.w3.org/TR/html5/syntax.html#closing-elements-that-have-implied-end-tags ("
	          <span translate>DATA_EXPORT_HINT</span>
	        </p>
	      [ERROR ->]</div>
	    </mat-card>
	  </div>
	"): ng:///DataExportComponent/template.html@93:6, Unexpected closing tag "mat-card". It may happen when the tag has already been closed by another tag. For more info see https://www.w3.org/TR/html5/syntax.html#closing-elements-that-have-implied-end-tags ("
	        </p>
	      </div>
	    [ERROR ->]</mat-card>
	  </div>
	>>>>>>> upstream/develop
	"): ng:///DataExportComponent/template.html@94:4, Unexpected closing tag "div". It may happen when the tag has already been closed by another tag. For more info see https://www.w3.org/TR/html5/syntax.html#closing-elements-that-have-implied-end-tags ("
	      </div>
	    </mat-card>
	  [ERROR ->]</div>
	>>>>>>> upstream/develop
	"): ng:///DataExportComponent/template.html@95:2
	    at parseJitTemplate (node_modules/@angular/compiler/fesm2022/compiler.mjs:32326:15)
	    at CompilerFacadeImpl.compileComponent (node_modules/@angular/compiler/fesm2022/compiler.mjs:32000:52)
	    at DataExportComponent.╔╡cmp (node_modules/@angular/core/fesm2022/debug_node.mjs:30245:47)
	    at getComponentDef (node_modules/@angular/core/fesm2022/testing.mjs:1605:18)
	    at isStandaloneComponent (node_modules/@angular/core/fesm2022/testing.mjs:1601:17)
	    at queueTypesFromModulesArrayRecur (node_modules/@angular/core/fesm2022/testing.mjs:1325:26)
	    at TestBedCompiler.queueTypesFromModulesArray (node_modules/@angular/core/fesm2022/testing.mjs:1348:9)
	    at TestBedCompiler.configureTestingModule (node_modules/@angular/core/fesm2022/testing.mjs:856:18)
	    at TestBedImpl.configureTestingModule (node_modules/@angular/core/fesm2022/testing.mjs:1993:23)
	    at TestBedImpl.configureTestingModule (node_modules/@angular/core/fesm2022/testing.mjs:1805:37)
Chrome Headless 144.0.0.0 (Windows 10): Executed 506 of 767[31m (177 FAILED)[39m (skipped 2) (0 secs / 6.878 secs)
Chrome Headless 144.0.0.0 (Windows 10) DataExportComponent should show the confirmation and fetch user data and reset data export form on requesting data export FAILED
	Failed: Errors during JIT compilation of template for DataExportComponent: Unexpected closing block. The block may have been closed earlier. If you meant to write the } character, you should use the "&#125;" HTML entity instead. ("
	              </mat-form-field>
	            </div>
	          [ERROR ->]}
	        </div>
	        <button type="submit" id="submitButton" color="primary" mat-raised-button "): ng:///DataExportComponent/template.html@82:10, Unexpected closing tag "div". It may happen when the tag has already been closed by another tag. For more info see https://www.w3.org/TR/html5/syntax.html#closing-elements-that-have-implied-end-tags ("
	            </div>
	          }
	        [ERROR ->]</div>
	        <button type="submit" id="submitButton" color="primary" mat-raised-button (click)="sa"): ng:///DataExportComponent/template.html@83:8, Unexpected closing tag "div". It may happen when the tag has already been closed by another tag. For more info see https://www.w3.org/TR/html5/syntax.html#closing-elements-that-have-implied-end-tags ("
	          <span translate>DATA_EXPORT_HINT</span>
	        </p>
	      [ERROR ->]</div>
	    </mat-card>
	  </div>
	"): ng:///DataExportComponent/template.html@93:6, Unexpected closing tag "mat-card". It may happen when the tag has already been closed by another tag. For more info see https://www.w3.org/TR/html5/syntax.html#closing-elements-that-have-implied-end-tags ("
	        </p>
	      </div>
	    [ERROR ->]</mat-card>
	  </div>
	>>>>>>> upstream/develop
	"): ng:///DataExportComponent/template.html@94:4, Unexpected closing tag "div". It may happen when the tag has already been closed by another tag. For more info see https://www.w3.org/TR/html5/syntax.html#closing-elements-that-have-implied-end-tags ("
	      </div>
	    </mat-card>
	  [ERROR ->]</div>
	>>>>>>> upstream/develop
	"): ng:///DataExportComponent/template.html@95:2
	    at parseJitTemplate (node_modules/@angular/compiler/fesm2022/compiler.mjs:32326:15)
	    at CompilerFacadeImpl.compileComponent (node_modules/@angular/compiler/fesm2022/compiler.mjs:32000:52)
	    at DataExportComponent.╔╡cmp (node_modules/@angular/core/fesm2022/debug_node.mjs:30245:47)
	    at getComponentDef (node_modules/@angular/core/fesm2022/testing.mjs:1605:18)
	    at isStandaloneComponent (node_modules/@angular/core/fesm2022/testing.mjs:1601:17)
	    at queueTypesFromModulesArrayRecur (node_modules/@angular/core/fesm2022/testing.mjs:1325:26)
	    at TestBedCompiler.queueTypesFromModulesArray (node_modules/@angular/core/fesm2022/testing.mjs:1348:9)
	    at TestBedCompiler.configureTestingModule (node_modules/@angular/core/fesm2022/testing.mjs:856:18)
	    at TestBedImpl.configureTestingModule (node_modules/@angular/core/fesm2022/testing.mjs:1993:23)
	    at TestBedImpl.configureTestingModule (node_modules/@angular/core/fesm2022/testing.mjs:1805:37)
[1A[2KChrome Headless 144.0.0.0 (Windows 10): Executed 507 of 767[31m (177 FAILED)[39m (skipped 2) (0 secs / 6.905 secs)
[1A[2KChrome Headless 144.0.0.0 (Windows 10): Executed 508 of 767[31m (177 FAILED)[39m (skipped 2) (0 secs / 6.913 secs)
[1A[2KChrome Headless 144.0.0.0 (Windows 10): Executed 509 of 767[31m (177 FAILED)[39m (skipped 2) (0 secs / 6.921 secs)
[1A[2KChrome Headless 144.0.0.0 (Windows 10): Executed 510 of 767[31m (177 FAILED)[39m (skipped 2) (0 secs / 6.927 secs)
[1A[2KChrome Headless 144.0.0.0 (Windows 10): Executed 511 of 767[31m (177 FAILED)[39m (skipped 2) (0 secs / 6.934 secs)
[1A[2KChrome Headless 144.0.0.0 (Windows 10): Executed 512 of 767[31m (177 FAILED)[39m (skipped 2) (0 secs / 6.941 secs)
[1A[2KChrome Headless 144.0.0.0 (Windows 10): Executed 513 of 767[31m (177 FAILED)[39m (skipped 2) (0 secs / 6.947 secs)
[1A[2KChrome Headless 144.0.0.0 (Windows 10): Executed 514 of 767[31m (177 FAILED)[39m (skipped 2) (0 secs / 6.951 secs)
[1A[2KChrome Headless 144.0.0.0 (Windows 10): Executed 515 of 767[31m (177 FAILED)[39m (skipped 2) (0 secs / 6.954 secs)
[1A[2KChrome Headless 144.0.0.0 (Windows 10): Executed 516 of 767[31m (177 FAILED)[39m (skipped 2) (0 secs / 6.956 secs)
[1A[2KChrome Headless 144.0.0.0 (Windows 10): Executed 517 of 767[31m (177 FAILED)[39m (skipped 2) (0 secs / 6.957 secs)
[1A[2KChrome Headless 144.0.0.0 (Windows 10): Executed 518 of 767[31m (177 FAILED)[39m (skipped 2) (0 secs / 6.958 secs)
[1A[2KChrome Headless 144.0.0.0 (Windows 10): Executed 519 of 767[31m (177 FAILED)[39m (skipped 2) (0 secs / 6.96 secs)
[1A[2KChrome Headless 144.0.0.0 (Windows 10): Executed 520 of 767[31m (177 FAILED)[39m (skipped 2) (0 secs / 6.961 secs)
[1A[2KChrome Headless 144.0.0.0 (Windows 10): Executed 521 of 767[31m (177 FAILED)[39m (skipped 2) (0 secs / 6.962 secs)
[1A[2KChrome Headless 144.0.0.0 (Windows 10): Executed 522 of 767[31m (177 FAILED)[39m (skipped 2) (0 secs / 6.964 secs)
[1A[2KChrome Headless 144.0.0.0 (Windows 10): Executed 523 of 767[31m (177 FAILED)[39m (skipped 2) (0 secs / 6.965 secs)
[1A[2K[31mChrome Headless 144.0.0.0 (Windows 10) AddressSelectComponent should create FAILED[39m
	Failed: Errors during JIT compilation of template for DeliveryMethodComponent: Unexpected closing block. The block may have been closed earlier. If you meant to write the } character, you should use the "&#125;" HTML entity instead. ("
	</main>
	=======
	    [ERROR ->]}
	    <div class="spacer-row"></div>
	    <div>
	"): ng:///DeliveryMethodComponent/template.html@71:4, Unexpected closing tag "div". It may happen when the tag has already been closed by another tag. For more info see https://www.w3.org/TR/html5/syntax.html#closing-elements-that-have-implied-end-tags ("
	      </button>
	    </div>
	  [ERROR ->]</div>
	</mat-card>
	>>>>>>> upstream/develop
	"): ng:///DeliveryMethodComponent/template.html@116:2, Unexpected closing tag "mat-card". It may happen when the tag has already been closed by another tag. For more info see https://www.w3.org/TR/html5/syntax.html#closing-elements-that-have-implied-end-tags ("
	    </div>
	  </div>
	[ERROR ->]</mat-card>
	>>>>>>> upstream/develop
	"): ng:///DeliveryMethodComponent/template.html@117:0
	    at parseJitTemplate (node_modules/@angular/compiler/fesm2022/compiler.mjs:32326:15)
	    at CompilerFacadeImpl.compileComponent (node_modules/@angular/compiler/fesm2022/compiler.mjs:32000:52)
	    at DeliveryMethodComponent.╔╡cmp (node_modules/@angular/core/fesm2022/debug_node.mjs:30245:47)
	    at getComponentDef (node_modules/@angular/core/fesm2022/testing.mjs:1605:18)
	    at isStandaloneComponent (node_modules/@angular/core/fesm2022/testing.mjs:1601:17)
	    at queueTypesFromModulesArrayRecur (node_modules/@angular/core/fesm2022/testing.mjs:1325:26)
	    at TestBedCompiler.queueTypesFromModulesArray (node_modules/@angular/core/fesm2022/testing.mjs:1348:9)
	    at TestBedCompiler.configureTestingModule (node_modules/@angular/core/fesm2022/testing.mjs:856:18)
	    at TestBedImpl.configureTestingModule (node_modules/@angular/core/fesm2022/testing.mjs:1993:23)
	    at TestBedImpl.configureTestingModule (node_modules/@angular/core/fesm2022/testing.mjs:1805:37)
Chrome Headless 144.0.0.0 (Windows 10): Executed 524 of 767[31m (178 FAILED)[39m (skipped 2) (0 secs / 6.973 secs)
Chrome Headless 144.0.0.0 (Windows 10) AddressSelectComponent should create FAILED
	Failed: Errors during JIT compilation of template for DeliveryMethodComponent: Unexpected closing block. The block may have been closed earlier. If you meant to write the } character, you should use the "&#125;" HTML entity instead. ("
	</main>
	=======
	    [ERROR ->]}
	    <div class="spacer-row"></div>
	    <div>
	"): ng:///DeliveryMethodComponent/template.html@71:4, Unexpected closing tag "div". It may happen when the tag has already been closed by another tag. For more info see https://www.w3.org/TR/html5/syntax.html#closing-elements-that-have-implied-end-tags ("
	      </button>
	    </div>
	  [ERROR ->]</div>
	</mat-card>
	>>>>>>> upstream/develop
	"): ng:///DeliveryMethodComponent/template.html@116:2, Unexpected closing tag "mat-card". It may happen when the tag has already been closed by another tag. For more info see https://www.w3.org/TR/html5/syntax.html#closing-elements-that-have-implied-end-tags ("
	    </div>
	  </div>
	[ERROR ->]</mat-card>
	>>>>>>> upstream/develop
	"): ng:///DeliveryMethodComponent/template.html@117:0
	    at parseJitTemplate (node_modules/@angular/compiler/fesm2022/compiler.mjs:32326:15)
	    at CompilerFacadeImpl.compileComponent (node_modules/@angular/compiler/fesm2022/compiler.mjs:32000:52)
	    at DeliveryMethodComponent.╔╡cmp (node_modules/@angular/core/fesm2022/debug_node.mjs:30245:47)
	    at getComponentDef (node_modules/@angular/core/fesm2022/testing.mjs:1605:18)
	    at isStandaloneComponent (node_modules/@angular/core/fesm2022/testing.mjs:1601:17)
	    at queueTypesFromModulesArrayRecur (node_modules/@angular/core/fesm2022/testing.mjs:1325:26)
	    at TestBedCompiler.queueTypesFromModulesArray (node_modules/@angular/core/fesm2022/testing.mjs:1348:9)
	    at TestBedCompiler.configureTestingModule (node_modules/@angular/core/fesm2022/testing.mjs:856:18)
	    at TestBedImpl.configureTestingModule (node_modules/@angular/core/fesm2022/testing.mjs:1993:23)
	    at TestBedImpl.configureTestingModule (node_modules/@angular/core/fesm2022/testing.mjs:1805:37)
[1A[2K[31mChrome Headless 144.0.0.0 (Windows 10) AddressSelectComponent should store address id on calling getMessage FAILED[39m
	Failed: Errors during JIT compilation of template for DeliveryMethodComponent: Unexpected closing block. The block may have been closed earlier. If you meant to write the } character, you should use the "&#125;" HTML entity instead. ("
	</main>
	=======
	    [ERROR ->]}
	    <div class="spacer-row"></div>
	    <div>
	"): ng:///DeliveryMethodComponent/template.html@71:4, Unexpected closing tag "div". It may happen when the tag has already been closed by another tag. For more info see https://www.w3.org/TR/html5/syntax.html#closing-elements-that-have-implied-end-tags ("
	      </button>
	    </div>
	  [ERROR ->]</div>
	</mat-card>
	>>>>>>> upstream/develop
	"): ng:///DeliveryMethodComponent/template.html@116:2, Unexpected closing tag "mat-card". It may happen when the tag has already been closed by another tag. For more info see https://www.w3.org/TR/html5/syntax.html#closing-elements-that-have-implied-end-tags ("
	    </div>
	  </div>
	[ERROR ->]</mat-card>
	>>>>>>> upstream/develop
	"): ng:///DeliveryMethodComponent/template.html@117:0
	    at parseJitTemplate (node_modules/@angular/compiler/fesm2022/compiler.mjs:32326:15)
	    at CompilerFacadeImpl.compileComponent (node_modules/@angular/compiler/fesm2022/compiler.mjs:32000:52)
	    at DeliveryMethodComponent.╔╡cmp (node_modules/@angular/core/fesm2022/debug_node.mjs:30245:47)
	    at getComponentDef (node_modules/@angular/core/fesm2022/testing.mjs:1605:18)
	    at isStandaloneComponent (node_modules/@angular/core/fesm2022/testing.mjs:1601:17)
	    at queueTypesFromModulesArrayRecur (node_modules/@angular/core/fesm2022/testing.mjs:1325:26)
	    at TestBedCompiler.queueTypesFromModulesArray (node_modules/@angular/core/fesm2022/testing.mjs:1348:9)
	    at TestBedCompiler.configureTestingModule (node_modules/@angular/core/fesm2022/testing.mjs:856:18)
	    at TestBedImpl.configureTestingModule (node_modules/@angular/core/fesm2022/testing.mjs:1993:23)
	    at TestBedImpl.configureTestingModule (node_modules/@angular/core/fesm2022/testing.mjs:1805:37)
Chrome Headless 144.0.0.0 (Windows 10): Executed 525 of 767[31m (179 FAILED)[39m (skipped 2) (0 secs / 6.975 secs)
Chrome Headless 144.0.0.0 (Windows 10) AddressSelectComponent should store address id on calling getMessage FAILED
	Failed: Errors during JIT compilation of template for DeliveryMethodComponent: Unexpected closing block. The block may have been closed earlier. If you meant to write the } character, you should use the "&#125;" HTML entity instead. ("
	</main>
	=======
	    [ERROR ->]}
	    <div class="spacer-row"></div>
	    <div>
	"): ng:///DeliveryMethodComponent/template.html@71:4, Unexpected closing tag "div". It may happen when the tag has already been closed by another tag. For more info see https://www.w3.org/TR/html5/syntax.html#closing-elements-that-have-implied-end-tags ("
	      </button>
	    </div>
	  [ERROR ->]</div>
	</mat-card>
	>>>>>>> upstream/develop
	"): ng:///DeliveryMethodComponent/template.html@116:2, Unexpected closing tag "mat-card". It may happen when the tag has already been closed by another tag. For more info see https://www.w3.org/TR/html5/syntax.html#closing-elements-that-have-implied-end-tags ("
	    </div>
	  </div>
	[ERROR ->]</mat-card>
	>>>>>>> upstream/develop
	"): ng:///DeliveryMethodComponent/template.html@117:0
	    at parseJitTemplate (node_modules/@angular/compiler/fesm2022/compiler.mjs:32326:15)
	    at CompilerFacadeImpl.compileComponent (node_modules/@angular/compiler/fesm2022/compiler.mjs:32000:52)
	    at DeliveryMethodComponent.╔╡cmp (node_modules/@angular/core/fesm2022/debug_node.mjs:30245:47)
	    at getComponentDef (node_modules/@angular/core/fesm2022/testing.mjs:1605:18)
	    at isStandaloneComponent (node_modules/@angular/core/fesm2022/testing.mjs:1601:17)
	    at queueTypesFromModulesArrayRecur (node_modules/@angular/core/fesm2022/testing.mjs:1325:26)
	    at TestBedCompiler.queueTypesFromModulesArray (node_modules/@angular/core/fesm2022/testing.mjs:1348:9)
	    at TestBedCompiler.configureTestingModule (node_modules/@angular/core/fesm2022/testing.mjs:856:18)
	    at TestBedImpl.configureTestingModule (node_modules/@angular/core/fesm2022/testing.mjs:1993:23)
	    at TestBedImpl.configureTestingModule (node_modules/@angular/core/fesm2022/testing.mjs:1805:37)
[1A[2K[31mChrome Headless 144.0.0.0 (Windows 10) AppComponent should create the app FAILED[39m
	Failed: Errors during JIT compilation of template for NavbarComponent: Unexpected closing tag "nav". It may happen when the tag has already been closed by another tag. For more info see https://www.w3.org/TR/html5/syntax.html#closing-elements-that-have-implied-end-tags ("
	      </mat-menu>
	
	    [ERROR ->]</nav>
	  </mat-toolbar>
	</header>"): ng:///NavbarComponent/template.html@307:4
	    at parseJitTemplate (node_modules/@angular/compiler/fesm2022/compiler.mjs:32326:15)
	    at CompilerFacadeImpl.compileComponent (node_modules/@angular/compiler/fesm2022/compiler.mjs:32000:52)
	    at NavbarComponent.╔╡cmp (node_modules/@angular/core/fesm2022/debug_node.mjs:30245:47)
	    at getComponentDef (node_modules/@angular/core/fesm2022/testing.mjs:1605:18)
	    at isStandaloneComponent (node_modules/@angular/core/fesm2022/testing.mjs:1601:17)
	    at queueTypesFromModulesArrayRecur (node_modules/@angular/core/fesm2022/testing.mjs:1325:26)
	    at TestBedCompiler.queueTypesFromModulesArray (node_modules/@angular/core/fesm2022/testing.mjs:1348:9)
	    at TestBedCompiler.configureTestingModule (node_modules/@angular/core/fesm2022/testing.mjs:856:18)
	    at TestBedImpl.configureTestingModule (node_modules/@angular/core/fesm2022/testing.mjs:1993:23)
	    at TestBedImpl.configureTestingModule (node_modules/@angular/core/fesm2022/testing.mjs:1805:37)
Chrome Headless 144.0.0.0 (Windows 10): Executed 526 of 767[31m (180 FAILED)[39m (skipped 2) (0 secs / 6.978 secs)
Chrome Headless 144.0.0.0 (Windows 10) AppComponent should create the app FAILED
	Failed: Errors during JIT compilation of template for NavbarComponent: Unexpected closing tag "nav". It may happen when the tag has already been closed by another tag. For more info see https://www.w3.org/TR/html5/syntax.html#closing-elements-that-have-implied-end-tags ("
	      </mat-menu>
	
	    [ERROR ->]</nav>
	  </mat-toolbar>
	</header>"): ng:///NavbarComponent/template.html@307:4
	    at parseJitTemplate (node_modules/@angular/compiler/fesm2022/compiler.mjs:32326:15)
	    at CompilerFacadeImpl.compileComponent (node_modules/@angular/compiler/fesm2022/compiler.mjs:32000:52)
	    at NavbarComponent.╔╡cmp (node_modules/@angular/core/fesm2022/debug_node.mjs:30245:47)
	    at getComponentDef (node_modules/@angular/core/fesm2022/testing.mjs:1605:18)
	    at isStandaloneComponent (node_modules/@angular/core/fesm2022/testing.mjs:1601:17)
	    at queueTypesFromModulesArrayRecur (node_modules/@angular/core/fesm2022/testing.mjs:1325:26)
	    at TestBedCompiler.queueTypesFromModulesArray (node_modules/@angular/core/fesm2022/testing.mjs:1348:9)
	    at TestBedCompiler.configureTestingModule (node_modules/@angular/core/fesm2022/testing.mjs:856:18)
	    at TestBedImpl.configureTestingModule (node_modules/@angular/core/fesm2022/testing.mjs:1993:23)
	    at TestBedImpl.configureTestingModule (node_modules/@angular/core/fesm2022/testing.mjs:1805:37)
[1A[2K[31mChrome Headless 144.0.0.0 (Windows 10) ContactComponent should hold the anonymized email of the currently logged in user FAILED[39m
	Failed: Errors during JIT compilation of template for ContactComponent: Unexpected closing tag "section". It may happen when the tag has already been closed by another tag. For more info see https://www.w3.org/TR/html5/syntax.html#closing-elements-that-have-implied-end-tags ("
	>>>>>>> upstream/develop
	          </mat-slider>
	        [ERROR ->]</section>
	
	<<<<<<< HEAD
	"): ng:///ContactComponent/template.html@50:8, Unexpected closing tag "form". It may happen when the tag has already been closed by another tag. For more info see https://www.w3.org/TR/html5/syntax.html#closing-elements-that-have-implied-end-tags ("
	        </mat-form-field>
	
	      [ERROR ->]</form>
	
	      <button type="submit" id="submitButton" mat-raised-button color="primary"
	"): ng:///ContactComponent/template.html@88:6
	    at parseJitTemplate (node_modules/@angular/compiler/fesm2022/compiler.mjs:32326:15)
	    at CompilerFacadeImpl.compileComponent (node_modules/@angular/compiler/fesm2022/compiler.mjs:32000:52)
	    at ContactComponent.╔╡cmp (node_modules/@angular/core/fesm2022/debug_node.mjs:30245:47)
	    at getComponentDef (node_modules/@angular/core/fesm2022/testing.mjs:1605:18)
	    at isStandaloneComponent (node_modules/@angular/core/fesm2022/testing.mjs:1601:17)
	    at queueTypesFromModulesArrayRecur (node_modules/@angular/core/fesm2022/testing.mjs:1325:26)
	    at TestBedCompiler.queueTypesFromModulesArray (node_modules/@angular/core/fesm2022/testing.mjs:1348:9)
	    at TestBedCompiler.configureTestingModule (node_modules/@angular/core/fesm2022/testing.mjs:856:18)
	    at TestBedImpl.configureTestingModule (node_modules/@angular/core/fesm2022/testing.mjs:1993:23)
	    at TestBedImpl.configureTestingModule (node_modules/@angular/core/fesm2022/testing.mjs:1805:37)
Chrome Headless 144.0.0.0 (Windows 10): Executed 527 of 767[31m (181 FAILED)[39m (skipped 2) (0 secs / 6.98 secs)
Chrome Headless 144.0.0.0 (Windows 10) ContactComponent should hold the anonymized email of the currently logged in user FAILED
	Failed: Errors during JIT compilation of template for ContactComponent: Unexpected closing tag "section". It may happen when the tag has already been closed by another tag. For more info see https://www.w3.org/TR/html5/syntax.html#closing-elements-that-have-implied-end-tags ("
	>>>>>>> upstream/develop
	          </mat-slider>
	        [ERROR ->]</section>
	
	<<<<<<< HEAD
	"): ng:///ContactComponent/template.html@50:8, Unexpected closing tag "form". It may happen when the tag has already been closed by another tag. For more info see https://www.w3.org/TR/html5/syntax.html#closing-elements-that-have-implied-end-tags ("
	        </mat-form-field>
	
	      [ERROR ->]</form>
	
	      <button type="submit" id="submitButton" mat-raised-button color="primary"
	"): ng:///ContactComponent/template.html@88:6
	    at parseJitTemplate (node_modules/@angular/compiler/fesm2022/compiler.mjs:32326:15)
	    at CompilerFacadeImpl.compileComponent (node_modules/@angular/compiler/fesm2022/compiler.mjs:32000:52)
	    at ContactComponent.╔╡cmp (node_modules/@angular/core/fesm2022/debug_node.mjs:30245:47)
	    at getComponentDef (node_modules/@angular/core/fesm2022/testing.mjs:1605:18)
	    at isStandaloneComponent (node_modules/@angular/core/fesm2022/testing.mjs:1601:17)
	    at queueTypesFromModulesArrayRecur (node_modules/@angular/core/fesm2022/testing.mjs:1325:26)
	    at TestBedCompiler.queueTypesFromModulesArray (node_modules/@angular/core/fesm2022/testing.mjs:1348:9)
	    at TestBedCompiler.configureTestingModule (node_modules/@angular/core/fesm2022/testing.mjs:856:18)
	    at TestBedImpl.configureTestingModule (node_modules/@angular/core/fesm2022/testing.mjs:1993:23)
	    at TestBedImpl.configureTestingModule (node_modules/@angular/core/fesm2022/testing.mjs:1805:37)
[1A[2K[31mChrome Headless 144.0.0.0 (Windows 10) ContactComponent should populate the feedback object and send it via the feedback service on saving FAILED[39m
	Failed: Errors during JIT compilation of template for ContactComponent: Unexpected closing tag "section". It may happen when the tag has already been closed by another tag. For more info see https://www.w3.org/TR/html5/syntax.html#closing-elements-that-have-implied-end-tags ("
	>>>>>>> upstream/develop
	          </mat-slider>
	        [ERROR ->]</section>
	
	<<<<<<< HEAD
	"): ng:///ContactComponent/template.html@50:8, Unexpected closing tag "form". It may happen when the tag has already been closed by another tag. For more info see https://www.w3.org/TR/html5/syntax.html#closing-elements-that-have-implied-end-tags ("
	        </mat-form-field>
	
	      [ERROR ->]</form>
	
	      <button type="submit" id="submitButton" mat-raised-button color="primary"
	"): ng:///ContactComponent/template.html@88:6
	    at parseJitTemplate (node_modules/@angular/compiler/fesm2022/compiler.mjs:32326:15)
	    at CompilerFacadeImpl.compileComponent (node_modules/@angular/compiler/fesm2022/compiler.mjs:32000:52)
	    at ContactComponent.╔╡cmp (node_modules/@angular/core/fesm2022/debug_node.mjs:30245:47)
	    at getComponentDef (node_modules/@angular/core/fesm2022/testing.mjs:1605:18)
	    at isStandaloneComponent (node_modules/@angular/core/fesm2022/testing.mjs:1601:17)
	    at queueTypesFromModulesArrayRecur (node_modules/@angular/core/fesm2022/testing.mjs:1325:26)
	    at TestBedCompiler.queueTypesFromModulesArray (node_modules/@angular/core/fesm2022/testing.mjs:1348:9)
	    at TestBedCompiler.configureTestingModule (node_modules/@angular/core/fesm2022/testing.mjs:856:18)
	    at TestBedImpl.configureTestingModule (node_modules/@angular/core/fesm2022/testing.mjs:1993:23)
	    at TestBedImpl.configureTestingModule (node_modules/@angular/core/fesm2022/testing.mjs:1805:37)
Chrome Headless 144.0.0.0 (Windows 10): Executed 528 of 767[31m (182 FAILED)[39m (skipped 2) (0 secs / 6.983 secs)
Chrome Headless 144.0.0.0 (Windows 10) ContactComponent should populate the feedback object and send it via the feedback service on saving FAILED
	Failed: Errors during JIT compilation of template for ContactComponent: Unexpected closing tag "section". It may happen when the tag has already been closed by another tag. For more info see https://www.w3.org/TR/html5/syntax.html#closing-elements-that-have-implied-end-tags ("
	>>>>>>> upstream/develop
	          </mat-slider>
	        [ERROR ->]</section>
	
	<<<<<<< HEAD
	"): ng:///ContactComponent/template.html@50:8, Unexpected closing tag "form". It may happen when the tag has already been closed by another tag. For more info see https://www.w3.org/TR/html5/syntax.html#closing-elements-that-have-implied-end-tags ("
	        </mat-form-field>
	
	      [ERROR ->]</form>
	
	      <button type="submit" id="submitButton" mat-raised-button color="primary"
	"): ng:///ContactComponent/template.html@88:6
	    at parseJitTemplate (node_modules/@angular/compiler/fesm2022/compiler.mjs:32326:15)
	    at CompilerFacadeImpl.compileComponent (node_modules/@angular/compiler/fesm2022/compiler.mjs:32000:52)
	    at ContactComponent.╔╡cmp (node_modules/@angular/core/fesm2022/debug_node.mjs:30245:47)
	    at getComponentDef (node_modules/@angular/core/fesm2022/testing.mjs:1605:18)
	    at isStandaloneComponent (node_modules/@angular/core/fesm2022/testing.mjs:1601:17)
	    at queueTypesFromModulesArrayRecur (node_modules/@angular/core/fesm2022/testing.mjs:1325:26)
	    at TestBedCompiler.queueTypesFromModulesArray (node_modules/@angular/core/fesm2022/testing.mjs:1348:9)
	    at TestBedCompiler.configureTestingModule (node_modules/@angular/core/fesm2022/testing.mjs:856:18)
	    at TestBedImpl.configureTestingModule (node_modules/@angular/core/fesm2022/testing.mjs:1993:23)
	    at TestBedImpl.configureTestingModule (node_modules/@angular/core/fesm2022/testing.mjs:1805:37)
[1A[2K[31mChrome Headless 144.0.0.0 (Windows 10) ContactComponent should display thank-you message and reset feedback form on saving feedback FAILED[39m
	Failed: Errors during JIT compilation of template for ContactComponent: Unexpected closing tag "section". It may happen when the tag has already been closed by another tag. For more info see https://www.w3.org/TR/html5/syntax.html#closing-elements-that-have-implied-end-tags ("
	>>>>>>> upstream/develop
	          </mat-slider>
	        [ERROR ->]</section>
	
	<<<<<<< HEAD
	"): ng:///ContactComponent/template.html@50:8, Unexpected closing tag "form". It may happen when the tag has already been closed by another tag. For more info see https://www.w3.org/TR/html5/syntax.html#closing-elements-that-have-implied-end-tags ("
	        </mat-form-field>
	
	      [ERROR ->]</form>
	
	      <button type="submit" id="submitButton" mat-raised-button color="primary"
	"): ng:///ContactComponent/template.html@88:6
	    at parseJitTemplate (node_modules/@angular/compiler/fesm2022/compiler.mjs:32326:15)
	    at CompilerFacadeImpl.compileComponent (node_modules/@angular/compiler/fesm2022/compiler.mjs:32000:52)
	    at ContactComponent.╔╡cmp (node_modules/@angular/core/fesm2022/debug_node.mjs:30245:47)
	    at getComponentDef (node_modules/@angular/core/fesm2022/testing.mjs:1605:18)
	    at isStandaloneComponent (node_modules/@angular/core/fesm2022/testing.mjs:1601:17)
	    at queueTypesFromModulesArrayRecur (node_modules/@angular/core/fesm2022/testing.mjs:1325:26)
	    at TestBedCompiler.queueTypesFromModulesArray (node_modules/@angular/core/fesm2022/testing.mjs:1348:9)
	    at TestBedCompiler.configureTestingModule (node_modules/@angular/core/fesm2022/testing.mjs:856:18)
	    at TestBedImpl.configureTestingModule (node_modules/@angular/core/fesm2022/testing.mjs:1993:23)
	    at TestBedImpl.configureTestingModule (node_modules/@angular/core/fesm2022/testing.mjs:1805:37)
Chrome Headless 144.0.0.0 (Windows 10): Executed 529 of 767[31m (183 FAILED)[39m (skipped 2) (0 secs / 6.985 secs)
Chrome Headless 144.0.0.0 (Windows 10) ContactComponent should display thank-you message and reset feedback form on saving feedback FAILED
	Failed: Errors during JIT compilation of template for ContactComponent: Unexpected closing tag "section". It may happen when the tag has already been closed by another tag. For more info see https://www.w3.org/TR/html5/syntax.html#closing-elements-that-have-implied-end-tags ("
	>>>>>>> upstream/develop
	          </mat-slider>
	        [ERROR ->]</section>
	
	<<<<<<< HEAD
	"): ng:///ContactComponent/template.html@50:8, Unexpected closing tag "form". It may happen when the tag has already been closed by another tag. For more info see https://www.w3.org/TR/html5/syntax.html#closing-elements-that-have-implied-end-tags ("
	        </mat-form-field>
	
	      [ERROR ->]</form>
	
	      <button type="submit" id="submitButton" mat-raised-button color="primary"
	"): ng:///ContactComponent/template.html@88:6
	    at parseJitTemplate (node_modules/@angular/compiler/fesm2022/compiler.mjs:32326:15)
	    at CompilerFacadeImpl.compileComponent (node_modules/@angular/compiler/fesm2022/compiler.mjs:32000:52)
	    at ContactComponent.╔╡cmp (node_modules/@angular/core/fesm2022/debug_node.mjs:30245:47)
	    at getComponentDef (node_modules/@angular/core/fesm2022/testing.mjs:1605:18)
	    at isStandaloneComponent (node_modules/@angular/core/fesm2022/testing.mjs:1601:17)
	    at queueTypesFromModulesArrayRecur (node_modules/@angular/core/fesm2022/testing.mjs:1325:26)
	    at TestBedCompiler.queueTypesFromModulesArray (node_modules/@angular/core/fesm2022/testing.mjs:1348:9)
	    at TestBedCompiler.configureTestingModule (node_modules/@angular/core/fesm2022/testing.mjs:856:18)
	    at TestBedImpl.configureTestingModule (node_modules/@angular/core/fesm2022/testing.mjs:1993:23)
	    at TestBedImpl.configureTestingModule (node_modules/@angular/core/fesm2022/testing.mjs:1805:37)
[1A[2K[31mChrome Headless 144.0.0.0 (Windows 10) ContactComponent should hold anonymous placeholder for email if current user is not logged in FAILED[39m
	Failed: Errors during JIT compilation of template for ContactComponent: Unexpected closing tag "section". It may happen when the tag has already been closed by another tag. For more info see https://www.w3.org/TR/html5/syntax.html#closing-elements-that-have-implied-end-tags ("
	>>>>>>> upstream/develop
	          </mat-slider>
	        [ERROR ->]</section>
	
	<<<<<<< HEAD
	"): ng:///ContactComponent/template.html@50:8, Unexpected closing tag "form". It may happen when the tag has already been closed by another tag. For more info see https://www.w3.org/TR/html5/syntax.html#closing-elements-that-have-implied-end-tags ("
	        </mat-form-field>
	
	      [ERROR ->]</form>
	
	      <button type="submit" id="submitButton" mat-raised-button color="primary"
	"): ng:///ContactComponent/template.html@88:6
	    at parseJitTemplate (node_modules/@angular/compiler/fesm2022/compiler.mjs:32326:15)
	    at CompilerFacadeImpl.compileComponent (node_modules/@angular/compiler/fesm2022/compiler.mjs:32000:52)
	    at ContactComponent.╔╡cmp (node_modules/@angular/core/fesm2022/debug_node.mjs:30245:47)
	    at getComponentDef (node_modules/@angular/core/fesm2022/testing.mjs:1605:18)
	    at isStandaloneComponent (node_modules/@angular/core/fesm2022/testing.mjs:1601:17)
	    at queueTypesFromModulesArrayRecur (node_modules/@angular/core/fesm2022/testing.mjs:1325:26)
	    at TestBedCompiler.queueTypesFromModulesArray (node_modules/@angular/core/fesm2022/testing.mjs:1348:9)
	    at TestBedCompiler.configureTestingModule (node_modules/@angular/core/fesm2022/testing.mjs:856:18)
	    at TestBedImpl.configureTestingModule (node_modules/@angular/core/fesm2022/testing.mjs:1993:23)
	    at TestBedImpl.configureTestingModule (node_modules/@angular/core/fesm2022/testing.mjs:1805:37)
Chrome Headless 144.0.0.0 (Windows 10): Executed 530 of 767[31m (184 FAILED)[39m (skipped 2) (0 secs / 6.988 secs)
Chrome Headless 144.0.0.0 (Windows 10) ContactComponent should hold anonymous placeholder for email if current user is not logged in FAILED
	Failed: Errors during JIT compilation of template for ContactComponent: Unexpected closing tag "section". It may happen when the tag has already been closed by another tag. For more info see https://www.w3.org/TR/html5/syntax.html#closing-elements-that-have-implied-end-tags ("
	>>>>>>> upstream/develop
	          </mat-slider>
	        [ERROR ->]</section>
	
	<<<<<<< HEAD
	"): ng:///ContactComponent/template.html@50:8, Unexpected closing tag "form". It may happen when the tag has already been closed by another tag. For more info see https://www.w3.org/TR/html5/syntax.html#closing-elements-that-have-implied-end-tags ("
	        </mat-form-field>
	
	      [ERROR ->]</form>
	
	      <button type="submit" id="submitButton" mat-raised-button color="primary"
	"): ng:///ContactComponent/template.html@88:6
	    at parseJitTemplate (node_modules/@angular/compiler/fesm2022/compiler.mjs:32326:15)
	    at CompilerFacadeImpl.compileComponent (node_modules/@angular/compiler/fesm2022/compiler.mjs:32000:52)
	    at ContactComponent.╔╡cmp (node_modules/@angular/core/fesm2022/debug_node.mjs:30245:47)
	    at getComponentDef (node_modules/@angular/core/fesm2022/testing.mjs:1605:18)
	    at isStandaloneComponent (node_modules/@angular/core/fesm2022/testing.mjs:1601:17)
	    at queueTypesFromModulesArrayRecur (node_modules/@angular/core/fesm2022/testing.mjs:1325:26)
	    at TestBedCompiler.queueTypesFromModulesArray (node_modules/@angular/core/fesm2022/testing.mjs:1348:9)
	    at TestBedCompiler.configureTestingModule (node_modules/@angular/core/fesm2022/testing.mjs:856:18)
	    at TestBedImpl.configureTestingModule (node_modules/@angular/core/fesm2022/testing.mjs:1993:23)
	    at TestBedImpl.configureTestingModule (node_modules/@angular/core/fesm2022/testing.mjs:1805:37)
[1A[2K[31mChrome Headless 144.0.0.0 (Windows 10) ContactComponent should clear the form display error if saving feedback fails FAILED[39m
	Failed: Errors during JIT compilation of template for ContactComponent: Unexpected closing tag "section". It may happen when the tag has already been closed by another tag. For more info see https://www.w3.org/TR/html5/syntax.html#closing-elements-that-have-implied-end-tags ("
	>>>>>>> upstream/develop
	          </mat-slider>
	        [ERROR ->]</section>
	
	<<<<<<< HEAD
	"): ng:///ContactComponent/template.html@50:8, Unexpected closing tag "form". It may happen when the tag has already been closed by another tag. For more info see https://www.w3.org/TR/html5/syntax.html#closing-elements-that-have-implied-end-tags ("
	        </mat-form-field>
	
	      [ERROR ->]</form>
	
	      <button type="submit" id="submitButton" mat-raised-button color="primary"
	"): ng:///ContactComponent/template.html@88:6
	    at parseJitTemplate (node_modules/@angular/compiler/fesm2022/compiler.mjs:32326:15)
	    at CompilerFacadeImpl.compileComponent (node_modules/@angular/compiler/fesm2022/compiler.mjs:32000:52)
	    at ContactComponent.╔╡cmp (node_modules/@angular/core/fesm2022/debug_node.mjs:30245:47)
	    at getComponentDef (node_modules/@angular/core/fesm2022/testing.mjs:1605:18)
	    at isStandaloneComponent (node_modules/@angular/core/fesm2022/testing.mjs:1601:17)
	    at queueTypesFromModulesArrayRecur (node_modules/@angular/core/fesm2022/testing.mjs:1325:26)
	    at TestBedCompiler.queueTypesFromModulesArray (node_modules/@angular/core/fesm2022/testing.mjs:1348:9)
	    at TestBedCompiler.configureTestingModule (node_modules/@angular/core/fesm2022/testing.mjs:856:18)
	    at TestBedImpl.configureTestingModule (node_modules/@angular/core/fesm2022/testing.mjs:1993:23)
	    at TestBedImpl.configureTestingModule (node_modules/@angular/core/fesm2022/testing.mjs:1805:37)
Chrome Headless 144.0.0.0 (Windows 10): Executed 531 of 767[31m (185 FAILED)[39m (skipped 2) (0 secs / 6.991 secs)
Chrome Headless 144.0.0.0 (Windows 10) ContactComponent should clear the form display error if saving feedback fails FAILED
	Failed: Errors during JIT compilation of template for ContactComponent: Unexpected closing tag "section". It may happen when the tag has already been closed by another tag. For more info see https://www.w3.org/TR/html5/syntax.html#closing-elements-that-have-implied-end-tags ("
	>>>>>>> upstream/develop
	          </mat-slider>
	        [ERROR ->]</section>
	
	<<<<<<< HEAD
	"): ng:///ContactComponent/template.html@50:8, Unexpected closing tag "form". It may happen when the tag has already been closed by another tag. For more info see https://www.w3.org/TR/html5/syntax.html#closing-elements-that-have-implied-end-tags ("
	        </mat-form-field>
	
	      [ERROR ->]</form>
	
	      <button type="submit" id="submitButton" mat-raised-button color="primary"
	"): ng:///ContactComponent/template.html@88:6
	    at parseJitTemplate (node_modules/@angular/compiler/fesm2022/compiler.mjs:32326:15)
	    at CompilerFacadeImpl.compileComponent (node_modules/@angular/compiler/fesm2022/compiler.mjs:32000:52)
	    at ContactComponent.╔╡cmp (node_modules/@angular/core/fesm2022/debug_node.mjs:30245:47)
	    at getComponentDef (node_modules/@angular/core/fesm2022/testing.mjs:1605:18)
	    at isStandaloneComponent (node_modules/@angular/core/fesm2022/testing.mjs:1601:17)
	    at queueTypesFromModulesArrayRecur (node_modules/@angular/core/fesm2022/testing.mjs:1325:26)
	    at TestBedCompiler.queueTypesFromModulesArray (node_modules/@angular/core/fesm2022/testing.mjs:1348:9)
	    at TestBedCompiler.configureTestingModule (node_modules/@angular/core/fesm2022/testing.mjs:856:18)
	    at TestBedImpl.configureTestingModule (node_modules/@angular/core/fesm2022/testing.mjs:1993:23)
	    at TestBedImpl.configureTestingModule (node_modules/@angular/core/fesm2022/testing.mjs:1805:37)
[1A[2K[31mChrome Headless 144.0.0.0 (Windows 10) ContactComponent should be compulsory to provide feedback FAILED[39m
	Failed: Errors during JIT compilation of template for ContactComponent: Unexpected closing tag "section". It may happen when the tag has already been closed by another tag. For more info see https://www.w3.org/TR/html5/syntax.html#closing-elements-that-have-implied-end-tags ("
	>>>>>>> upstream/develop
	          </mat-slider>
	        [ERROR ->]</section>
	
	<<<<<<< HEAD
	"): ng:///ContactComponent/template.html@50:8, Unexpected closing tag "form". It may happen when the tag has already been closed by another tag. For more info see https://www.w3.org/TR/html5/syntax.html#closing-elements-that-have-implied-end-tags ("
	        </mat-form-field>
	
	      [ERROR ->]</form>
	
	      <button type="submit" id="submitButton" mat-raised-button color="primary"
	"): ng:///ContactComponent/template.html@88:6
	    at parseJitTemplate (node_modules/@angular/compiler/fesm2022/compiler.mjs:32326:15)
	    at CompilerFacadeImpl.compileComponent (node_modules/@angular/compiler/fesm2022/compiler.mjs:32000:52)
	    at ContactComponent.╔╡cmp (node_modules/@angular/core/fesm2022/debug_node.mjs:30245:47)
	    at getComponentDef (node_modules/@angular/core/fesm2022/testing.mjs:1605:18)
	    at isStandaloneComponent (node_modules/@angular/core/fesm2022/testing.mjs:1601:17)
	    at queueTypesFromModulesArrayRecur (node_modules/@angular/core/fesm2022/testing.mjs:1325:26)
	    at TestBedCompiler.queueTypesFromModulesArray (node_modules/@angular/core/fesm2022/testing.mjs:1348:9)
	    at TestBedCompiler.configureTestingModule (node_modules/@angular/core/fesm2022/testing.mjs:856:18)
	    at TestBedImpl.configureTestingModule (node_modules/@angular/core/fesm2022/testing.mjs:1993:23)
	    at TestBedImpl.configureTestingModule (node_modules/@angular/core/fesm2022/testing.mjs:1805:37)
Chrome Headless 144.0.0.0 (Windows 10): Executed 532 of 767[31m (186 FAILED)[39m (skipped 2) (0 secs / 6.999 secs)
Chrome Headless 144.0.0.0 (Windows 10) ContactComponent should be compulsory to provide feedback FAILED
	Failed: Errors during JIT compilation of template for ContactComponent: Unexpected closing tag "section". It may happen when the tag has already been closed by another tag. For more info see https://www.w3.org/TR/html5/syntax.html#closing-elements-that-have-implied-end-tags ("
	>>>>>>> upstream/develop
	          </mat-slider>
	        [ERROR ->]</section>
	
	<<<<<<< HEAD
	"): ng:///ContactComponent/template.html@50:8, Unexpected closing tag "form". It may happen when the tag has already been closed by another tag. For more info see https://www.w3.org/TR/html5/syntax.html#closing-elements-that-have-implied-end-tags ("
	        </mat-form-field>
	
	      [ERROR ->]</form>
	
	      <button type="submit" id="submitButton" mat-raised-button color="primary"
	"): ng:///ContactComponent/template.html@88:6
	    at parseJitTemplate (node_modules/@angular/compiler/fesm2022/compiler.mjs:32326:15)
	    at CompilerFacadeImpl.compileComponent (node_modules/@angular/compiler/fesm2022/compiler.mjs:32000:52)
	    at ContactComponent.╔╡cmp (node_modules/@angular/core/fesm2022/debug_node.mjs:30245:47)
	    at getComponentDef (node_modules/@angular/core/fesm2022/testing.mjs:1605:18)
	    at isStandaloneComponent (node_modules/@angular/core/fesm2022/testing.mjs:1601:17)
	    at queueTypesFromModulesArrayRecur (node_modules/@angular/core/fesm2022/testing.mjs:1325:26)
	    at TestBedCompiler.queueTypesFromModulesArray (node_modules/@angular/core/fesm2022/testing.mjs:1348:9)
	    at TestBedCompiler.configureTestingModule (node_modules/@angular/core/fesm2022/testing.mjs:856:18)
	    at TestBedImpl.configureTestingModule (node_modules/@angular/core/fesm2022/testing.mjs:1993:23)
	    at TestBedImpl.configureTestingModule (node_modules/@angular/core/fesm2022/testing.mjs:1805:37)
[1A[2K[31mChrome Headless 144.0.0.0 (Windows 10) ContactComponent author formControl should be disabled FAILED[39m
	Failed: Errors during JIT compilation of template for ContactComponent: Unexpected closing tag "section". It may happen when the tag has already been closed by another tag. For more info see https://www.w3.org/TR/html5/syntax.html#closing-elements-that-have-implied-end-tags ("
	>>>>>>> upstream/develop
	          </mat-slider>
	        [ERROR ->]</section>
	
	<<<<<<< HEAD
	"): ng:///ContactComponent/template.html@50:8, Unexpected closing tag "form". It may happen when the tag has already been closed by another tag. For more info see https://www.w3.org/TR/html5/syntax.html#closing-elements-that-have-implied-end-tags ("
	        </mat-form-field>
	
	      [ERROR ->]</form>
	
	      <button type="submit" id="submitButton" mat-raised-button color="primary"
	"): ng:///ContactComponent/template.html@88:6
	    at parseJitTemplate (node_modules/@angular/compiler/fesm2022/compiler.mjs:32326:15)
	    at CompilerFacadeImpl.compileComponent (node_modules/@angular/compiler/fesm2022/compiler.mjs:32000:52)
	    at ContactComponent.╔╡cmp (node_modules/@angular/core/fesm2022/debug_node.mjs:30245:47)
	    at getComponentDef (node_modules/@angular/core/fesm2022/testing.mjs:1605:18)
	    at isStandaloneComponent (node_modules/@angular/core/fesm2022/testing.mjs:1601:17)
	    at queueTypesFromModulesArrayRecur (node_modules/@angular/core/fesm2022/testing.mjs:1325:26)
	    at TestBedCompiler.queueTypesFromModulesArray (node_modules/@angular/core/fesm2022/testing.mjs:1348:9)
	    at TestBedCompiler.configureTestingModule (node_modules/@angular/core/fesm2022/testing.mjs:856:18)
	    at TestBedImpl.configureTestingModule (node_modules/@angular/core/fesm2022/testing.mjs:1993:23)
	    at TestBedImpl.configureTestingModule (node_modules/@angular/core/fesm2022/testing.mjs:1805:37)
Chrome Headless 144.0.0.0 (Windows 10): Executed 533 of 767[31m (187 FAILED)[39m (skipped 2) (0 secs / 7.002 secs)
Chrome Headless 144.0.0.0 (Windows 10) ContactComponent author formControl should be disabled FAILED
	Failed: Errors during JIT compilation of template for ContactComponent: Unexpected closing tag "section". It may happen when the tag has already been closed by another tag. For more info see https://www.w3.org/TR/html5/syntax.html#closing-elements-that-have-implied-end-tags ("
	>>>>>>> upstream/develop
	          </mat-slider>
	        [ERROR ->]</section>
	
	<<<<<<< HEAD
	"): ng:///ContactComponent/template.html@50:8, Unexpected closing tag "form". It may happen when the tag has already been closed by another tag. For more info see https://www.w3.org/TR/html5/syntax.html#closing-elements-that-have-implied-end-tags ("
	        </mat-form-field>
	
	      [ERROR ->]</form>
	
	      <button type="submit" id="submitButton" mat-raised-button color="primary"
	"): ng:///ContactComponent/template.html@88:6
	    at parseJitTemplate (node_modules/@angular/compiler/fesm2022/compiler.mjs:32326:15)
	    at CompilerFacadeImpl.compileComponent (node_modules/@angular/compiler/fesm2022/compiler.mjs:32000:52)
	    at ContactComponent.╔╡cmp (node_modules/@angular/core/fesm2022/debug_node.mjs:30245:47)
	    at getComponentDef (node_modules/@angular/core/fesm2022/testing.mjs:1605:18)
	    at isStandaloneComponent (node_modules/@angular/core/fesm2022/testing.mjs:1601:17)
	    at queueTypesFromModulesArrayRecur (node_modules/@angular/core/fesm2022/testing.mjs:1325:26)
	    at TestBedCompiler.queueTypesFromModulesArray (node_modules/@angular/core/fesm2022/testing.mjs:1348:9)
	    at TestBedCompiler.configureTestingModule (node_modules/@angular/core/fesm2022/testing.mjs:856:18)
	    at TestBedImpl.configureTestingModule (node_modules/@angular/core/fesm2022/testing.mjs:1993:23)
	    at TestBedImpl.configureTestingModule (node_modules/@angular/core/fesm2022/testing.mjs:1805:37)
[1A[2K[31mChrome Headless 144.0.0.0 (Windows 10) ContactComponent should display 5-star thank-you message and reset feedback form on saving 5-star feedback FAILED[39m
	Failed: Errors during JIT compilation of template for ContactComponent: Unexpected closing tag "section". It may happen when the tag has already been closed by another tag. For more info see https://www.w3.org/TR/html5/syntax.html#closing-elements-that-have-implied-end-tags ("
	>>>>>>> upstream/develop
	          </mat-slider>
	        [ERROR ->]</section>
	
	<<<<<<< HEAD
	"): ng:///ContactComponent/template.html@50:8, Unexpected closing tag "form". It may happen when the tag has already been closed by another tag. For more info see https://www.w3.org/TR/html5/syntax.html#closing-elements-that-have-implied-end-tags ("
	        </mat-form-field>
	
	      [ERROR ->]</form>
	
	      <button type="submit" id="submitButton" mat-raised-button color="primary"
	"): ng:///ContactComponent/template.html@88:6
	    at parseJitTemplate (node_modules/@angular/compiler/fesm2022/compiler.mjs:32326:15)
	    at CompilerFacadeImpl.compileComponent (node_modules/@angular/compiler/fesm2022/compiler.mjs:32000:52)
	    at ContactComponent.╔╡cmp (node_modules/@angular/core/fesm2022/debug_node.mjs:30245:47)
	    at getComponentDef (node_modules/@angular/core/fesm2022/testing.mjs:1605:18)
	    at isStandaloneComponent (node_modules/@angular/core/fesm2022/testing.mjs:1601:17)
	    at queueTypesFromModulesArrayRecur (node_modules/@angular/core/fesm2022/testing.mjs:1325:26)
	    at TestBedCompiler.queueTypesFromModulesArray (node_modules/@angular/core/fesm2022/testing.mjs:1348:9)
	    at TestBedCompiler.configureTestingModule (node_modules/@angular/core/fesm2022/testing.mjs:856:18)
	    at TestBedImpl.configureTestingModule (node_modules/@angular/core/fesm2022/testing.mjs:1993:23)
	    at TestBedImpl.configureTestingModule (node_modules/@angular/core/fesm2022/testing.mjs:1805:37)
Chrome Headless 144.0.0.0 (Windows 10): Executed 534 of 767[31m (188 FAILED)[39m (skipped 2) (0 secs / 7.004 secs)
Chrome Headless 144.0.0.0 (Windows 10) ContactComponent should display 5-star thank-you message and reset feedback form on saving 5-star feedback FAILED
	Failed: Errors during JIT compilation of template for ContactComponent: Unexpected closing tag "section". It may happen when the tag has already been closed by another tag. For more info see https://www.w3.org/TR/html5/syntax.html#closing-elements-that-have-implied-end-tags ("
	>>>>>>> upstream/develop
	          </mat-slider>
	        [ERROR ->]</section>
	
	<<<<<<< HEAD
	"): ng:///ContactComponent/template.html@50:8, Unexpected closing tag "form". It may happen when the tag has already been closed by another tag. For more info see https://www.w3.org/TR/html5/syntax.html#closing-elements-that-have-implied-end-tags ("
	        </mat-form-field>
	
	      [ERROR ->]</form>
	
	      <button type="submit" id="submitButton" mat-raised-button color="primary"
	"): ng:///ContactComponent/template.html@88:6
	    at parseJitTemplate (node_modules/@angular/compiler/fesm2022/compiler.mjs:32326:15)
	    at CompilerFacadeImpl.compileComponent (node_modules/@angular/compiler/fesm2022/compiler.mjs:32000:52)
	    at ContactComponent.╔╡cmp (node_modules/@angular/core/fesm2022/debug_node.mjs:30245:47)
	    at getComponentDef (node_modules/@angular/core/fesm2022/testing.mjs:1605:18)
	    at isStandaloneComponent (node_modules/@angular/core/fesm2022/testing.mjs:1601:17)
	    at queueTypesFromModulesArrayRecur (node_modules/@angular/core/fesm2022/testing.mjs:1325:26)
	    at TestBedCompiler.queueTypesFromModulesArray (node_modules/@angular/core/fesm2022/testing.mjs:1348:9)
	    at TestBedCompiler.configureTestingModule (node_modules/@angular/core/fesm2022/testing.mjs:856:18)
	    at TestBedImpl.configureTestingModule (node_modules/@angular/core/fesm2022/testing.mjs:1993:23)
	    at TestBedImpl.configureTestingModule (node_modules/@angular/core/fesm2022/testing.mjs:1805:37)
[1A[2K[31mChrome Headless 144.0.0.0 (Windows 10) ContactComponent should clear the feedback object if saving feedback fails FAILED[39m
	Failed: Errors during JIT compilation of template for ContactComponent: Unexpected closing tag "section". It may happen when the tag has already been closed by another tag. For more info see https://www.w3.org/TR/html5/syntax.html#closing-elements-that-have-implied-end-tags ("
	>>>>>>> upstream/develop
	          </mat-slider>
	        [ERROR ->]</section>
	
	<<<<<<< HEAD
	"): ng:///ContactComponent/template.html@50:8, Unexpected closing tag "form". It may happen when the tag has already been closed by another tag. For more info see https://www.w3.org/TR/html5/syntax.html#closing-elements-that-have-implied-end-tags ("
	        </mat-form-field>
	
	      [ERROR ->]</form>
	
	      <button type="submit" id="submitButton" mat-raised-button color="primary"
	"): ng:///ContactComponent/template.html@88:6
	    at parseJitTemplate (node_modules/@angular/compiler/fesm2022/compiler.mjs:32326:15)
	    at CompilerFacadeImpl.compileComponent (node_modules/@angular/compiler/fesm2022/compiler.mjs:32000:52)
	    at ContactComponent.╔╡cmp (node_modules/@angular/core/fesm2022/debug_node.mjs:30245:47)
	    at getComponentDef (node_modules/@angular/core/fesm2022/testing.mjs:1605:18)
	    at isStandaloneComponent (node_modules/@angular/core/fesm2022/testing.mjs:1601:17)
	    at queueTypesFromModulesArrayRecur (node_modules/@angular/core/fesm2022/testing.mjs:1325:26)
	    at TestBedCompiler.queueTypesFromModulesArray (node_modules/@angular/core/fesm2022/testing.mjs:1348:9)
	    at TestBedCompiler.configureTestingModule (node_modules/@angular/core/fesm2022/testing.mjs:856:18)
	    at TestBedImpl.configureTestingModule (node_modules/@angular/core/fesm2022/testing.mjs:1993:23)
	    at TestBedImpl.configureTestingModule (node_modules/@angular/core/fesm2022/testing.mjs:1805:37)
Chrome Headless 144.0.0.0 (Windows 10): Executed 535 of 767[31m (189 FAILED)[39m (skipped 2) (0 secs / 7.006 secs)
Chrome Headless 144.0.0.0 (Windows 10) ContactComponent should clear the feedback object if saving feedback fails FAILED
	Failed: Errors during JIT compilation of template for ContactComponent: Unexpected closing tag "section". It may happen when the tag has already been closed by another tag. For more info see https://www.w3.org/TR/html5/syntax.html#closing-elements-that-have-implied-end-tags ("
	>>>>>>> upstream/develop
	          </mat-slider>
	        [ERROR ->]</section>
	
	<<<<<<< HEAD
	"): ng:///ContactComponent/template.html@50:8, Unexpected closing tag "form". It may happen when the tag has already been closed by another tag. For more info see https://www.w3.org/TR/html5/syntax.html#closing-elements-that-have-implied-end-tags ("
	        </mat-form-field>
	
	      [ERROR ->]</form>
	
	      <button type="submit" id="submitButton" mat-raised-button color="primary"
	"): ng:///ContactComponent/template.html@88:6
	    at parseJitTemplate (node_modules/@angular/compiler/fesm2022/compiler.mjs:32326:15)
	    at CompilerFacadeImpl.compileComponent (node_modules/@angular/compiler/fesm2022/compiler.mjs:32000:52)
	    at ContactComponent.╔╡cmp (node_modules/@angular/core/fesm2022/debug_node.mjs:30245:47)
	    at getComponentDef (node_modules/@angular/core/fesm2022/testing.mjs:1605:18)
	    at isStandaloneComponent (node_modules/@angular/core/fesm2022/testing.mjs:1601:17)
	    at queueTypesFromModulesArrayRecur (node_modules/@angular/core/fesm2022/testing.mjs:1325:26)
	    at TestBedCompiler.queueTypesFromModulesArray (node_modules/@angular/core/fesm2022/testing.mjs:1348:9)
	    at TestBedCompiler.configureTestingModule (node_modules/@angular/core/fesm2022/testing.mjs:856:18)
	    at TestBedImpl.configureTestingModule (node_modules/@angular/core/fesm2022/testing.mjs:1993:23)
	    at TestBedImpl.configureTestingModule (node_modules/@angular/core/fesm2022/testing.mjs:1805:37)
[1A[2K[31mChrome Headless 144.0.0.0 (Windows 10) ContactComponent should reinitizalise forms by calling resetForm FAILED[39m
	Failed: Errors during JIT compilation of template for ContactComponent: Unexpected closing tag "section". It may happen when the tag has already been closed by another tag. For more info see https://www.w3.org/TR/html5/syntax.html#closing-elements-that-have-implied-end-tags ("
	>>>>>>> upstream/develop
	          </mat-slider>
	        [ERROR ->]</section>
	
	<<<<<<< HEAD
	"): ng:///ContactComponent/template.html@50:8, Unexpected closing tag "form". It may happen when the tag has already been closed by another tag. For more info see https://www.w3.org/TR/html5/syntax.html#closing-elements-that-have-implied-end-tags ("
	        </mat-form-field>
	
	      [ERROR ->]</form>
	
	      <button type="submit" id="submitButton" mat-raised-button color="primary"
	"): ng:///ContactComponent/template.html@88:6
	    at parseJitTemplate (node_modules/@angular/compiler/fesm2022/compiler.mjs:32326:15)
	    at CompilerFacadeImpl.compileComponent (node_modules/@angular/compiler/fesm2022/compiler.mjs:32000:52)
	    at ContactComponent.╔╡cmp (node_modules/@angular/core/fesm2022/debug_node.mjs:30245:47)
	    at getComponentDef (node_modules/@angular/core/fesm2022/testing.mjs:1605:18)
	    at isStandaloneComponent (node_modules/@angular/core/fesm2022/testing.mjs:1601:17)
	    at queueTypesFromModulesArrayRecur (node_modules/@angular/core/fesm2022/testing.mjs:1325:26)
	    at TestBedCompiler.queueTypesFromModulesArray (node_modules/@angular/core/fesm2022/testing.mjs:1348:9)
	    at TestBedCompiler.configureTestingModule (node_modules/@angular/core/fesm2022/testing.mjs:856:18)
	    at TestBedImpl.configureTestingModule (node_modules/@angular/core/fesm2022/testing.mjs:1993:23)
	    at TestBedImpl.configureTestingModule (node_modules/@angular/core/fesm2022/testing.mjs:1805:37)
Chrome Headless 144.0.0.0 (Windows 10): Executed 536 of 767[31m (190 FAILED)[39m (skipped 2) (0 secs / 7.007 secs)
Chrome Headless 144.0.0.0 (Windows 10) ContactComponent should reinitizalise forms by calling resetForm FAILED
	Failed: Errors during JIT compilation of template for ContactComponent: Unexpected closing tag "section". It may happen when the tag has already been closed by another tag. For more info see https://www.w3.org/TR/html5/syntax.html#closing-elements-that-have-implied-end-tags ("
	>>>>>>> upstream/develop
	          </mat-slider>
	        [ERROR ->]</section>
	
	<<<<<<< HEAD
	"): ng:///ContactComponent/template.html@50:8, Unexpected closing tag "form". It may happen when the tag has already been closed by another tag. For more info see https://www.w3.org/TR/html5/syntax.html#closing-elements-that-have-implied-end-tags ("
	        </mat-form-field>
	
	      [ERROR ->]</form>
	
	      <button type="submit" id="submitButton" mat-raised-button color="primary"
	"): ng:///ContactComponent/template.html@88:6
	    at parseJitTemplate (node_modules/@angular/compiler/fesm2022/compiler.mjs:32326:15)
	    at CompilerFacadeImpl.compileComponent (node_modules/@angular/compiler/fesm2022/compiler.mjs:32000:52)
	    at ContactComponent.╔╡cmp (node_modules/@angular/core/fesm2022/debug_node.mjs:30245:47)
	    at getComponentDef (node_modules/@angular/core/fesm2022/testing.mjs:1605:18)
	    at isStandaloneComponent (node_modules/@angular/core/fesm2022/testing.mjs:1601:17)
	    at queueTypesFromModulesArrayRecur (node_modules/@angular/core/fesm2022/testing.mjs:1325:26)
	    at TestBedCompiler.queueTypesFromModulesArray (node_modules/@angular/core/fesm2022/testing.mjs:1348:9)
	    at TestBedCompiler.configureTestingModule (node_modules/@angular/core/fesm2022/testing.mjs:856:18)
	    at TestBedImpl.configureTestingModule (node_modules/@angular/core/fesm2022/testing.mjs:1993:23)
	    at TestBedImpl.configureTestingModule (node_modules/@angular/core/fesm2022/testing.mjs:1805:37)
[1A[2K[31mChrome Headless 144.0.0.0 (Windows 10) ContactComponent should create FAILED[39m
	Failed: Errors during JIT compilation of template for ContactComponent: Unexpected closing tag "section". It may happen when the tag has already been closed by another tag. For more info see https://www.w3.org/TR/html5/syntax.html#closing-elements-that-have-implied-end-tags ("
	>>>>>>> upstream/develop
	          </mat-slider>
	        [ERROR ->]</section>
	
	<<<<<<< HEAD
	"): ng:///ContactComponent/template.html@50:8, Unexpected closing tag "form". It may happen when the tag has already been closed by another tag. For more info see https://www.w3.org/TR/html5/syntax.html#closing-elements-that-have-implied-end-tags ("
	        </mat-form-field>
	
	      [ERROR ->]</form>
	
	      <button type="submit" id="submitButton" mat-raised-button color="primary"
	"): ng:///ContactComponent/template.html@88:6
	    at parseJitTemplate (node_modules/@angular/compiler/fesm2022/compiler.mjs:32326:15)
	    at CompilerFacadeImpl.compileComponent (node_modules/@angular/compiler/fesm2022/compiler.mjs:32000:52)
	    at ContactComponent.╔╡cmp (node_modules/@angular/core/fesm2022/debug_node.mjs:30245:47)
	    at getComponentDef (node_modules/@angular/core/fesm2022/testing.mjs:1605:18)
	    at isStandaloneComponent (node_modules/@angular/core/fesm2022/testing.mjs:1601:17)
	    at queueTypesFromModulesArrayRecur (node_modules/@angular/core/fesm2022/testing.mjs:1325:26)
	    at TestBedCompiler.queueTypesFromModulesArray (node_modules/@angular/core/fesm2022/testing.mjs:1348:9)
	    at TestBedCompiler.configureTestingModule (node_modules/@angular/core/fesm2022/testing.mjs:856:18)
	    at TestBedImpl.configureTestingModule (node_modules/@angular/core/fesm2022/testing.mjs:1993:23)
	    at TestBedImpl.configureTestingModule (node_modules/@angular/core/fesm2022/testing.mjs:1805:37)
Chrome Headless 144.0.0.0 (Windows 10): Executed 537 of 767[31m (191 FAILED)[39m (skipped 2) (0 secs / 7.009 secs)
Chrome Headless 144.0.0.0 (Windows 10) ContactComponent should create FAILED
	Failed: Errors during JIT compilation of template for ContactComponent: Unexpected closing tag "section". It may happen when the tag has already been closed by another tag. For more info see https://www.w3.org/TR/html5/syntax.html#closing-elements-that-have-implied-end-tags ("
	>>>>>>> upstream/develop
	          </mat-slider>
	        [ERROR ->]</section>
	
	<<<<<<< HEAD
	"): ng:///ContactComponent/template.html@50:8, Unexpected closing tag "form". It may happen when the tag has already been closed by another tag. For more info see https://www.w3.org/TR/html5/syntax.html#closing-elements-that-have-implied-end-tags ("
	        </mat-form-field>
	
	      [ERROR ->]</form>
	
	      <button type="submit" id="submitButton" mat-raised-button color="primary"
	"): ng:///ContactComponent/template.html@88:6
	    at parseJitTemplate (node_modules/@angular/compiler/fesm2022/compiler.mjs:32326:15)
	    at CompilerFacadeImpl.compileComponent (node_modules/@angular/compiler/fesm2022/compiler.mjs:32000:52)
	    at ContactComponent.╔╡cmp (node_modules/@angular/core/fesm2022/debug_node.mjs:30245:47)
	    at getComponentDef (node_modules/@angular/core/fesm2022/testing.mjs:1605:18)
	    at isStandaloneComponent (node_modules/@angular/core/fesm2022/testing.mjs:1601:17)
	    at queueTypesFromModulesArrayRecur (node_modules/@angular/core/fesm2022/testing.mjs:1325:26)
	    at TestBedCompiler.queueTypesFromModulesArray (node_modules/@angular/core/fesm2022/testing.mjs:1348:9)
	    at TestBedCompiler.configureTestingModule (node_modules/@angular/core/fesm2022/testing.mjs:856:18)
	    at TestBedImpl.configureTestingModule (node_modules/@angular/core/fesm2022/testing.mjs:1993:23)
	    at TestBedImpl.configureTestingModule (node_modules/@angular/core/fesm2022/testing.mjs:1805:37)
[1A[2K[31mChrome Headless 144.0.0.0 (Windows 10) ContactComponent should be compulsory to answer the captcha FAILED[39m
	Failed: Errors during JIT compilation of template for ContactComponent: Unexpected closing tag "section". It may happen when the tag has already been closed by another tag. For more info see https://www.w3.org/TR/html5/syntax.html#closing-elements-that-have-implied-end-tags ("
	>>>>>>> upstream/develop
	          </mat-slider>
	        [ERROR ->]</section>
	
	<<<<<<< HEAD
	"): ng:///ContactComponent/template.html@50:8, Unexpected closing tag "form". It may happen when the tag has already been closed by another tag. For more info see https://www.w3.org/TR/html5/syntax.html#closing-elements-that-have-implied-end-tags ("
	        </mat-form-field>
	
	      [ERROR ->]</form>
	
	      <button type="submit" id="submitButton" mat-raised-button color="primary"
	"): ng:///ContactComponent/template.html@88:6
	    at parseJitTemplate (node_modules/@angular/compiler/fesm2022/compiler.mjs:32326:15)
	    at CompilerFacadeImpl.compileComponent (node_modules/@angular/compiler/fesm2022/compiler.mjs:32000:52)
	    at ContactComponent.╔╡cmp (node_modules/@angular/core/fesm2022/debug_node.mjs:30245:47)
	    at getComponentDef (node_modules/@angular/core/fesm2022/testing.mjs:1605:18)
	    at isStandaloneComponent (node_modules/@angular/core/fesm2022/testing.mjs:1601:17)
	    at queueTypesFromModulesArrayRecur (node_modules/@angular/core/fesm2022/testing.mjs:1325:26)
	    at TestBedCompiler.queueTypesFromModulesArray (node_modules/@angular/core/fesm2022/testing.mjs:1348:9)
	    at TestBedCompiler.configureTestingModule (node_modules/@angular/core/fesm2022/testing.mjs:856:18)
	    at TestBedImpl.configureTestingModule (node_modules/@angular/core/fesm2022/testing.mjs:1993:23)
	    at TestBedImpl.configureTestingModule (node_modules/@angular/core/fesm2022/testing.mjs:1805:37)
Chrome Headless 144.0.0.0 (Windows 10): Executed 538 of 767[31m (192 FAILED)[39m (skipped 2) (0 secs / 7.011 secs)
Chrome Headless 144.0.0.0 (Windows 10) ContactComponent should be compulsory to answer the captcha FAILED
	Failed: Errors during JIT compilation of template for ContactComponent: Unexpected closing tag "section". It may happen when the tag has already been closed by another tag. For more info see https://www.w3.org/TR/html5/syntax.html#closing-elements-that-have-implied-end-tags ("
	>>>>>>> upstream/develop
	          </mat-slider>
	        [ERROR ->]</section>
	
	<<<<<<< HEAD
	"): ng:///ContactComponent/template.html@50:8, Unexpected closing tag "form". It may happen when the tag has already been closed by another tag. For more info see https://www.w3.org/TR/html5/syntax.html#closing-elements-that-have-implied-end-tags ("
	        </mat-form-field>
	
	      [ERROR ->]</form>
	
	      <button type="submit" id="submitButton" mat-raised-button color="primary"
	"): ng:///ContactComponent/template.html@88:6
	    at parseJitTemplate (node_modules/@angular/compiler/fesm2022/compiler.mjs:32326:15)
	    at CompilerFacadeImpl.compileComponent (node_modules/@angular/compiler/fesm2022/compiler.mjs:32000:52)
	    at ContactComponent.╔╡cmp (node_modules/@angular/core/fesm2022/debug_node.mjs:30245:47)
	    at getComponentDef (node_modules/@angular/core/fesm2022/testing.mjs:1605:18)
	    at isStandaloneComponent (node_modules/@angular/core/fesm2022/testing.mjs:1601:17)
	    at queueTypesFromModulesArrayRecur (node_modules/@angular/core/fesm2022/testing.mjs:1325:26)
	    at TestBedCompiler.queueTypesFromModulesArray (node_modules/@angular/core/fesm2022/testing.mjs:1348:9)
	    at TestBedCompiler.configureTestingModule (node_modules/@angular/core/fesm2022/testing.mjs:856:18)
	    at TestBedImpl.configureTestingModule (node_modules/@angular/core/fesm2022/testing.mjs:1993:23)
	    at TestBedImpl.configureTestingModule (node_modules/@angular/core/fesm2022/testing.mjs:1805:37)
[1A[2K[31mChrome Headless 144.0.0.0 (Windows 10) ContactComponent should store the captcha and the captchaId on getting new captcha FAILED[39m
	Failed: Errors during JIT compilation of template for ContactComponent: Unexpected closing tag "section". It may happen when the tag has already been closed by another tag. For more info see https://www.w3.org/TR/html5/syntax.html#closing-elements-that-have-implied-end-tags ("
	>>>>>>> upstream/develop
	          </mat-slider>
	        [ERROR ->]</section>
	
	<<<<<<< HEAD
	"): ng:///ContactComponent/template.html@50:8, Unexpected closing tag "form". It may happen when the tag has already been closed by another tag. For more info see https://www.w3.org/TR/html5/syntax.html#closing-elements-that-have-implied-end-tags ("
	        </mat-form-field>
	
	      [ERROR ->]</form>
	
	      <button type="submit" id="submitButton" mat-raised-button color="primary"
	"): ng:///ContactComponent/template.html@88:6
	    at parseJitTemplate (node_modules/@angular/compiler/fesm2022/compiler.mjs:32326:15)
	    at CompilerFacadeImpl.compileComponent (node_modules/@angular/compiler/fesm2022/compiler.mjs:32000:52)
	    at ContactComponent.╔╡cmp (node_modules/@angular/core/fesm2022/debug_node.mjs:30245:47)
	    at getComponentDef (node_modules/@angular/core/fesm2022/testing.mjs:1605:18)
	    at isStandaloneComponent (node_modules/@angular/core/fesm2022/testing.mjs:1601:17)
	    at queueTypesFromModulesArrayRecur (node_modules/@angular/core/fesm2022/testing.mjs:1325:26)
	    at TestBedCompiler.queueTypesFromModulesArray (node_modules/@angular/core/fesm2022/testing.mjs:1348:9)
	    at TestBedCompiler.configureTestingModule (node_modules/@angular/core/fesm2022/testing.mjs:856:18)
	    at TestBedImpl.configureTestingModule (node_modules/@angular/core/fesm2022/testing.mjs:1993:23)
	    at TestBedImpl.configureTestingModule (node_modules/@angular/core/fesm2022/testing.mjs:1805:37)
Chrome Headless 144.0.0.0 (Windows 10): Executed 539 of 767[31m (193 FAILED)[39m (skipped 2) (0 secs / 7.012 secs)
Chrome Headless 144.0.0.0 (Windows 10) ContactComponent should store the captcha and the captchaId on getting new captcha FAILED
	Failed: Errors during JIT compilation of template for ContactComponent: Unexpected closing tag "section". It may happen when the tag has already been closed by another tag. For more info see https://www.w3.org/TR/html5/syntax.html#closing-elements-that-have-implied-end-tags ("
	>>>>>>> upstream/develop
	          </mat-slider>
	        [ERROR ->]</section>
	
	<<<<<<< HEAD
	"): ng:///ContactComponent/template.html@50:8, Unexpected closing tag "form". It may happen when the tag has already been closed by another tag. For more info see https://www.w3.org/TR/html5/syntax.html#closing-elements-that-have-implied-end-tags ("
	        </mat-form-field>
	
	      [ERROR ->]</form>
	
	      <button type="submit" id="submitButton" mat-raised-button color="primary"
	"): ng:///ContactComponent/template.html@88:6
	    at parseJitTemplate (node_modules/@angular/compiler/fesm2022/compiler.mjs:32326:15)
	    at CompilerFacadeImpl.compileComponent (node_modules/@angular/compiler/fesm2022/compiler.mjs:32000:52)
	    at ContactComponent.╔╡cmp (node_modules/@angular/core/fesm2022/debug_node.mjs:30245:47)
	    at getComponentDef (node_modules/@angular/core/fesm2022/testing.mjs:1605:18)
	    at isStandaloneComponent (node_modules/@angular/core/fesm2022/testing.mjs:1601:17)
	    at queueTypesFromModulesArrayRecur (node_modules/@angular/core/fesm2022/testing.mjs:1325:26)
	    at TestBedCompiler.queueTypesFromModulesArray (node_modules/@angular/core/fesm2022/testing.mjs:1348:9)
	    at TestBedCompiler.configureTestingModule (node_modules/@angular/core/fesm2022/testing.mjs:856:18)
	    at TestBedImpl.configureTestingModule (node_modules/@angular/core/fesm2022/testing.mjs:1993:23)
	    at TestBedImpl.configureTestingModule (node_modules/@angular/core/fesm2022/testing.mjs:1805:37)
[1A[2K[31mChrome Headless 144.0.0.0 (Windows 10) ContactComponent should hold the user id of the currently logged in user FAILED[39m
	Failed: Errors during JIT compilation of template for ContactComponent: Unexpected closing tag "section". It may happen when the tag has already been closed by another tag. For more info see https://www.w3.org/TR/html5/syntax.html#closing-elements-that-have-implied-end-tags ("
	>>>>>>> upstream/develop
	          </mat-slider>
	        [ERROR ->]</section>
	
	<<<<<<< HEAD
	"): ng:///ContactComponent/template.html@50:8, Unexpected closing tag "form". It may happen when the tag has already been closed by another tag. For more info see https://www.w3.org/TR/html5/syntax.html#closing-elements-that-have-implied-end-tags ("
	        </mat-form-field>
	
	      [ERROR ->]</form>
	
	      <button type="submit" id="submitButton" mat-raised-button color="primary"
	"): ng:///ContactComponent/template.html@88:6
	    at parseJitTemplate (node_modules/@angular/compiler/fesm2022/compiler.mjs:32326:15)
	    at CompilerFacadeImpl.compileComponent (node_modules/@angular/compiler/fesm2022/compiler.mjs:32000:52)
	    at ContactComponent.╔╡cmp (node_modules/@angular/core/fesm2022/debug_node.mjs:30245:47)
	    at getComponentDef (node_modules/@angular/core/fesm2022/testing.mjs:1605:18)
	    at isStandaloneComponent (node_modules/@angular/core/fesm2022/testing.mjs:1601:17)
	    at queueTypesFromModulesArrayRecur (node_modules/@angular/core/fesm2022/testing.mjs:1325:26)
	    at TestBedCompiler.queueTypesFromModulesArray (node_modules/@angular/core/fesm2022/testing.mjs:1348:9)
	    at TestBedCompiler.configureTestingModule (node_modules/@angular/core/fesm2022/testing.mjs:856:18)
	    at TestBedImpl.configureTestingModule (node_modules/@angular/core/fesm2022/testing.mjs:1993:23)
	    at TestBedImpl.configureTestingModule (node_modules/@angular/core/fesm2022/testing.mjs:1805:37)
Chrome Headless 144.0.0.0 (Windows 10): Executed 540 of 767[31m (194 FAILED)[39m (skipped 2) (0 secs / 7.021 secs)
Chrome Headless 144.0.0.0 (Windows 10) ContactComponent should hold the user id of the currently logged in user FAILED
	Failed: Errors during JIT compilation of template for ContactComponent: Unexpected closing tag "section". It may happen when the tag has already been closed by another tag. For more info see https://www.w3.org/TR/html5/syntax.html#closing-elements-that-have-implied-end-tags ("
	>>>>>>> upstream/develop
	          </mat-slider>
	        [ERROR ->]</section>
	
	<<<<<<< HEAD
	"): ng:///ContactComponent/template.html@50:8, Unexpected closing tag "form". It may happen when the tag has already been closed by another tag. For more info see https://www.w3.org/TR/html5/syntax.html#closing-elements-that-have-implied-end-tags ("
	        </mat-form-field>
	
	      [ERROR ->]</form>
	
	      <button type="submit" id="submitButton" mat-raised-button color="primary"
	"): ng:///ContactComponent/template.html@88:6
	    at parseJitTemplate (node_modules/@angular/compiler/fesm2022/compiler.mjs:32326:15)
	    at CompilerFacadeImpl.compileComponent (node_modules/@angular/compiler/fesm2022/compiler.mjs:32000:52)
	    at ContactComponent.╔╡cmp (node_modules/@angular/core/fesm2022/debug_node.mjs:30245:47)
	    at getComponentDef (node_modules/@angular/core/fesm2022/testing.mjs:1605:18)
	    at isStandaloneComponent (node_modules/@angular/core/fesm2022/testing.mjs:1601:17)
	    at queueTypesFromModulesArrayRecur (node_modules/@angular/core/fesm2022/testing.mjs:1325:26)
	    at TestBedCompiler.queueTypesFromModulesArray (node_modules/@angular/core/fesm2022/testing.mjs:1348:9)
	    at TestBedCompiler.configureTestingModule (node_modules/@angular/core/fesm2022/testing.mjs:856:18)
	    at TestBedImpl.configureTestingModule (node_modules/@angular/core/fesm2022/testing.mjs:1993:23)
	    at TestBedImpl.configureTestingModule (node_modules/@angular/core/fesm2022/testing.mjs:1805:37)
[1A[2K[31mChrome Headless 144.0.0.0 (Windows 10) ContactComponent should hold no user id if current user is not logged in FAILED[39m
	Failed: Errors during JIT compilation of template for ContactComponent: Unexpected closing tag "section". It may happen when the tag has already been closed by another tag. For more info see https://www.w3.org/TR/html5/syntax.html#closing-elements-that-have-implied-end-tags ("
	>>>>>>> upstream/develop
	          </mat-slider>
	        [ERROR ->]</section>
	
	<<<<<<< HEAD
	"): ng:///ContactComponent/template.html@50:8, Unexpected closing tag "form". It may happen when the tag has already been closed by another tag. For more info see https://www.w3.org/TR/html5/syntax.html#closing-elements-that-have-implied-end-tags ("
	        </mat-form-field>
	
	      [ERROR ->]</form>
	
	      <button type="submit" id="submitButton" mat-raised-button color="primary"
	"): ng:///ContactComponent/template.html@88:6
	    at parseJitTemplate (node_modules/@angular/compiler/fesm2022/compiler.mjs:32326:15)
	    at CompilerFacadeImpl.compileComponent (node_modules/@angular/compiler/fesm2022/compiler.mjs:32000:52)
	    at ContactComponent.╔╡cmp (node_modules/@angular/core/fesm2022/debug_node.mjs:30245:47)
	    at getComponentDef (node_modules/@angular/core/fesm2022/testing.mjs:1605:18)
	    at isStandaloneComponent (node_modules/@angular/core/fesm2022/testing.mjs:1601:17)
	    at queueTypesFromModulesArrayRecur (node_modules/@angular/core/fesm2022/testing.mjs:1325:26)
	    at TestBedCompiler.queueTypesFromModulesArray (node_modules/@angular/core/fesm2022/testing.mjs:1348:9)
	    at TestBedCompiler.configureTestingModule (node_modules/@angular/core/fesm2022/testing.mjs:856:18)
	    at TestBedImpl.configureTestingModule (node_modules/@angular/core/fesm2022/testing.mjs:1993:23)
	    at TestBedImpl.configureTestingModule (node_modules/@angular/core/fesm2022/testing.mjs:1805:37)
Chrome Headless 144.0.0.0 (Windows 10): Executed 541 of 767[31m (195 FAILED)[39m (skipped 2) (0 secs / 7.023 secs)
Chrome Headless 144.0.0.0 (Windows 10) ContactComponent should hold no user id if current user is not logged in FAILED
	Failed: Errors during JIT compilation of template for ContactComponent: Unexpected closing tag "section". It may happen when the tag has already been closed by another tag. For more info see https://www.w3.org/TR/html5/syntax.html#closing-elements-that-have-implied-end-tags ("
	>>>>>>> upstream/develop
	          </mat-slider>
	        [ERROR ->]</section>
	
	<<<<<<< HEAD
	"): ng:///ContactComponent/template.html@50:8, Unexpected closing tag "form". It may happen when the tag has already been closed by another tag. For more info see https://www.w3.org/TR/html5/syntax.html#closing-elements-that-have-implied-end-tags ("
	        </mat-form-field>
	
	      [ERROR ->]</form>
	
	      <button type="submit" id="submitButton" mat-raised-button color="primary"
	"): ng:///ContactComponent/template.html@88:6
	    at parseJitTemplate (node_modules/@angular/compiler/fesm2022/compiler.mjs:32326:15)
	    at CompilerFacadeImpl.compileComponent (node_modules/@angular/compiler/fesm2022/compiler.mjs:32000:52)
	    at ContactComponent.╔╡cmp (node_modules/@angular/core/fesm2022/debug_node.mjs:30245:47)
	    at getComponentDef (node_modules/@angular/core/fesm2022/testing.mjs:1605:18)
	    at isStandaloneComponent (node_modules/@angular/core/fesm2022/testing.mjs:1601:17)
	    at queueTypesFromModulesArrayRecur (node_modules/@angular/core/fesm2022/testing.mjs:1325:26)
	    at TestBedCompiler.queueTypesFromModulesArray (node_modules/@angular/core/fesm2022/testing.mjs:1348:9)
	    at TestBedCompiler.configureTestingModule (node_modules/@angular/core/fesm2022/testing.mjs:856:18)
	    at TestBedImpl.configureTestingModule (node_modules/@angular/core/fesm2022/testing.mjs:1993:23)
	    at TestBedImpl.configureTestingModule (node_modules/@angular/core/fesm2022/testing.mjs:1805:37)
[1A[2K[31mChrome Headless 144.0.0.0 (Windows 10) ContactComponent feedback should not be more than 160 characters FAILED[39m
	Failed: Errors during JIT compilation of template for ContactComponent: Unexpected closing tag "section". It may happen when the tag has already been closed by another tag. For more info see https://www.w3.org/TR/html5/syntax.html#closing-elements-that-have-implied-end-tags ("
	>>>>>>> upstream/develop
	          </mat-slider>
	        [ERROR ->]</section>
	
	<<<<<<< HEAD
	"): ng:///ContactComponent/template.html@50:8, Unexpected closing tag "form". It may happen when the tag has already been closed by another tag. For more info see https://www.w3.org/TR/html5/syntax.html#closing-elements-that-have-implied-end-tags ("
	        </mat-form-field>
	
	      [ERROR ->]</form>
	
	      <button type="submit" id="submitButton" mat-raised-button color="primary"
	"): ng:///ContactComponent/template.html@88:6
	    at parseJitTemplate (node_modules/@angular/compiler/fesm2022/compiler.mjs:32326:15)
	    at CompilerFacadeImpl.compileComponent (node_modules/@angular/compiler/fesm2022/compiler.mjs:32000:52)
	    at ContactComponent.╔╡cmp (node_modules/@angular/core/fesm2022/debug_node.mjs:30245:47)
	    at getComponentDef (node_modules/@angular/core/fesm2022/testing.mjs:1605:18)
	    at isStandaloneComponent (node_modules/@angular/core/fesm2022/testing.mjs:1601:17)
	    at queueTypesFromModulesArrayRecur (node_modules/@angular/core/fesm2022/testing.mjs:1325:26)
	    at TestBedCompiler.queueTypesFromModulesArray (node_modules/@angular/core/fesm2022/testing.mjs:1348:9)
	    at TestBedCompiler.configureTestingModule (node_modules/@angular/core/fesm2022/testing.mjs:856:18)
	    at TestBedImpl.configureTestingModule (node_modules/@angular/core/fesm2022/testing.mjs:1993:23)
	    at TestBedImpl.configureTestingModule (node_modules/@angular/core/fesm2022/testing.mjs:1805:37)
Chrome Headless 144.0.0.0 (Windows 10): Executed 542 of 767[31m (196 FAILED)[39m (skipped 2) (0 secs / 7.024 secs)
Chrome Headless 144.0.0.0 (Windows 10) ContactComponent feedback should not be more than 160 characters FAILED
	Failed: Errors during JIT compilation of template for ContactComponent: Unexpected closing tag "section". It may happen when the tag has already been closed by another tag. For more info see https://www.w3.org/TR/html5/syntax.html#closing-elements-that-have-implied-end-tags ("
	>>>>>>> upstream/develop
	          </mat-slider>
	        [ERROR ->]</section>
	
	<<<<<<< HEAD
	"): ng:///ContactComponent/template.html@50:8, Unexpected closing tag "form". It may happen when the tag has already been closed by another tag. For more info see https://www.w3.org/TR/html5/syntax.html#closing-elements-that-have-implied-end-tags ("
	        </mat-form-field>
	
	      [ERROR ->]</form>
	
	      <button type="submit" id="submitButton" mat-raised-button color="primary"
	"): ng:///ContactComponent/template.html@88:6
	    at parseJitTemplate (node_modules/@angular/compiler/fesm2022/compiler.mjs:32326:15)
	    at CompilerFacadeImpl.compileComponent (node_modules/@angular/compiler/fesm2022/compiler.mjs:32000:52)
	    at ContactComponent.╔╡cmp (node_modules/@angular/core/fesm2022/debug_node.mjs:30245:47)
	    at getComponentDef (node_modules/@angular/core/fesm2022/testing.mjs:1605:18)
	    at isStandaloneComponent (node_modules/@angular/core/fesm2022/testing.mjs:1601:17)
	    at queueTypesFromModulesArrayRecur (node_modules/@angular/core/fesm2022/testing.mjs:1325:26)
	    at TestBedCompiler.queueTypesFromModulesArray (node_modules/@angular/core/fesm2022/testing.mjs:1348:9)
	    at TestBedCompiler.configureTestingModule (node_modules/@angular/core/fesm2022/testing.mjs:856:18)
	    at TestBedImpl.configureTestingModule (node_modules/@angular/core/fesm2022/testing.mjs:1993:23)
	    at TestBedImpl.configureTestingModule (node_modules/@angular/core/fesm2022/testing.mjs:1805:37)
[1A[2K[31mChrome Headless 144.0.0.0 (Windows 10) ContactComponent should miss feedback object if retrieving currently logged in user fails FAILED[39m
	Failed: Errors during JIT compilation of template for ContactComponent: Unexpected closing tag "section". It may happen when the tag has already been closed by another tag. For more info see https://www.w3.org/TR/html5/syntax.html#closing-elements-that-have-implied-end-tags ("
	>>>>>>> upstream/develop
	          </mat-slider>
	        [ERROR ->]</section>
	
	<<<<<<< HEAD
	"): ng:///ContactComponent/template.html@50:8, Unexpected closing tag "form". It may happen when the tag has already been closed by another tag. For more info see https://www.w3.org/TR/html5/syntax.html#closing-elements-that-have-implied-end-tags ("
	        </mat-form-field>
	
	      [ERROR ->]</form>
	
	      <button type="submit" id="submitButton" mat-raised-button color="primary"
	"): ng:///ContactComponent/template.html@88:6
	    at parseJitTemplate (node_modules/@angular/compiler/fesm2022/compiler.mjs:32326:15)
	    at CompilerFacadeImpl.compileComponent (node_modules/@angular/compiler/fesm2022/compiler.mjs:32000:52)
	    at ContactComponent.╔╡cmp (node_modules/@angular/core/fesm2022/debug_node.mjs:30245:47)
	    at getComponentDef (node_modules/@angular/core/fesm2022/testing.mjs:1605:18)
	    at isStandaloneComponent (node_modules/@angular/core/fesm2022/testing.mjs:1601:17)
	    at queueTypesFromModulesArrayRecur (node_modules/@angular/core/fesm2022/testing.mjs:1325:26)
	    at TestBedCompiler.queueTypesFromModulesArray (node_modules/@angular/core/fesm2022/testing.mjs:1348:9)
	    at TestBedCompiler.configureTestingModule (node_modules/@angular/core/fesm2022/testing.mjs:856:18)
	    at TestBedImpl.configureTestingModule (node_modules/@angular/core/fesm2022/testing.mjs:1993:23)
	    at TestBedImpl.configureTestingModule (node_modules/@angular/core/fesm2022/testing.mjs:1805:37)
Chrome Headless 144.0.0.0 (Windows 10): Executed 543 of 767[31m (197 FAILED)[39m (skipped 2) (0 secs / 7.025 secs)
Chrome Headless 144.0.0.0 (Windows 10) ContactComponent should miss feedback object if retrieving currently logged in user fails FAILED
	Failed: Errors during JIT compilation of template for ContactComponent: Unexpected closing tag "section". It may happen when the tag has already been closed by another tag. For more info see https://www.w3.org/TR/html5/syntax.html#closing-elements-that-have-implied-end-tags ("
	>>>>>>> upstream/develop
	          </mat-slider>
	        [ERROR ->]</section>
	
	<<<<<<< HEAD
	"): ng:///ContactComponent/template.html@50:8, Unexpected closing tag "form". It may happen when the tag has already been closed by another tag. For more info see https://www.w3.org/TR/html5/syntax.html#closing-elements-that-have-implied-end-tags ("
	        </mat-form-field>
	
	      [ERROR ->]</form>
	
	      <button type="submit" id="submitButton" mat-raised-button color="primary"
	"): ng:///ContactComponent/template.html@88:6
	    at parseJitTemplate (node_modules/@angular/compiler/fesm2022/compiler.mjs:32326:15)
	    at CompilerFacadeImpl.compileComponent (node_modules/@angular/compiler/fesm2022/compiler.mjs:32000:52)
	    at ContactComponent.╔╡cmp (node_modules/@angular/core/fesm2022/debug_node.mjs:30245:47)
	    at getComponentDef (node_modules/@angular/core/fesm2022/testing.mjs:1605:18)
	    at isStandaloneComponent (node_modules/@angular/core/fesm2022/testing.mjs:1601:17)
	    at queueTypesFromModulesArrayRecur (node_modules/@angular/core/fesm2022/testing.mjs:1325:26)
	    at TestBedCompiler.queueTypesFromModulesArray (node_modules/@angular/core/fesm2022/testing.mjs:1348:9)
	    at TestBedCompiler.configureTestingModule (node_modules/@angular/core/fesm2022/testing.mjs:856:18)
	    at TestBedImpl.configureTestingModule (node_modules/@angular/core/fesm2022/testing.mjs:1993:23)
	    at TestBedImpl.configureTestingModule (node_modules/@angular/core/fesm2022/testing.mjs:1805:37)
[1A[2K[31mChrome Headless 144.0.0.0 (Windows 10) ContactComponent should log the error if retrieving currently logged in user fails FAILED[39m
	Failed: Errors during JIT compilation of template for ContactComponent: Unexpected closing tag "section". It may happen when the tag has already been closed by another tag. For more info see https://www.w3.org/TR/html5/syntax.html#closing-elements-that-have-implied-end-tags ("
	>>>>>>> upstream/develop
	          </mat-slider>
	        [ERROR ->]</section>
	
	<<<<<<< HEAD
	"): ng:///ContactComponent/template.html@50:8, Unexpected closing tag "form". It may happen when the tag has already been closed by another tag. For more info see https://www.w3.org/TR/html5/syntax.html#closing-elements-that-have-implied-end-tags ("
	        </mat-form-field>
	
	      [ERROR ->]</form>
	
	      <button type="submit" id="submitButton" mat-raised-button color="primary"
	"): ng:///ContactComponent/template.html@88:6
	    at parseJitTemplate (node_modules/@angular/compiler/fesm2022/compiler.mjs:32326:15)
	    at CompilerFacadeImpl.compileComponent (node_modules/@angular/compiler/fesm2022/compiler.mjs:32000:52)
	    at ContactComponent.╔╡cmp (node_modules/@angular/core/fesm2022/debug_node.mjs:30245:47)
	    at getComponentDef (node_modules/@angular/core/fesm2022/testing.mjs:1605:18)
	    at isStandaloneComponent (node_modules/@angular/core/fesm2022/testing.mjs:1601:17)
	    at queueTypesFromModulesArrayRecur (node_modules/@angular/core/fesm2022/testing.mjs:1325:26)
	    at TestBedCompiler.queueTypesFromModulesArray (node_modules/@angular/core/fesm2022/testing.mjs:1348:9)
	    at TestBedCompiler.configureTestingModule (node_modules/@angular/core/fesm2022/testing.mjs:856:18)
	    at TestBedImpl.configureTestingModule (node_modules/@angular/core/fesm2022/testing.mjs:1993:23)
	    at TestBedImpl.configureTestingModule (node_modules/@angular/core/fesm2022/testing.mjs:1805:37)
Chrome Headless 144.0.0.0 (Windows 10): Executed 544 of 767[31m (198 FAILED)[39m (skipped 2) (0 secs / 7.027 secs)
Chrome Headless 144.0.0.0 (Windows 10) ContactComponent should log the error if retrieving currently logged in user fails FAILED
	Failed: Errors during JIT compilation of template for ContactComponent: Unexpected closing tag "section". It may happen when the tag has already been closed by another tag. For more info see https://www.w3.org/TR/html5/syntax.html#closing-elements-that-have-implied-end-tags ("
	>>>>>>> upstream/develop
	          </mat-slider>
	        [ERROR ->]</section>
	
	<<<<<<< HEAD
	"): ng:///ContactComponent/template.html@50:8, Unexpected closing tag "form". It may happen when the tag has already been closed by another tag. For more info see https://www.w3.org/TR/html5/syntax.html#closing-elements-that-have-implied-end-tags ("
	        </mat-form-field>
	
	      [ERROR ->]</form>
	
	      <button type="submit" id="submitButton" mat-raised-button color="primary"
	"): ng:///ContactComponent/template.html@88:6
	    at parseJitTemplate (node_modules/@angular/compiler/fesm2022/compiler.mjs:32326:15)
	    at CompilerFacadeImpl.compileComponent (node_modules/@angular/compiler/fesm2022/compiler.mjs:32000:52)
	    at ContactComponent.╔╡cmp (node_modules/@angular/core/fesm2022/debug_node.mjs:30245:47)
	    at getComponentDef (node_modules/@angular/core/fesm2022/testing.mjs:1605:18)
	    at isStandaloneComponent (node_modules/@angular/core/fesm2022/testing.mjs:1601:17)
	    at queueTypesFromModulesArrayRecur (node_modules/@angular/core/fesm2022/testing.mjs:1325:26)
	    at TestBedCompiler.queueTypesFromModulesArray (node_modules/@angular/core/fesm2022/testing.mjs:1348:9)
	    at TestBedCompiler.configureTestingModule (node_modules/@angular/core/fesm2022/testing.mjs:856:18)
	    at TestBedImpl.configureTestingModule (node_modules/@angular/core/fesm2022/testing.mjs:1993:23)
	    at TestBedImpl.configureTestingModule (node_modules/@angular/core/fesm2022/testing.mjs:1805:37)
[1A[2KChrome Headless 144.0.0.0 (Windows 10): Executed 545 of 767[31m (198 FAILED)[39m (skipped 2) (0 secs / 7.029 secs)
[1A[2KChrome Headless 144.0.0.0 (Windows 10): Executed 546 of 767[31m (198 FAILED)[39m (skipped 2) (0 secs / 7.03 secs)
[1A[2KChrome Headless 144.0.0.0 (Windows 10): Executed 547 of 767[31m (198 FAILED)[39m (skipped 2) (0 secs / 7.031 secs)
[1A[2K[31mChrome Headless 144.0.0.0 (Windows 10) ProductDetailsComponent should refresh reviews after posting a review FAILED[39m
	Failed: Errors during JIT compilation of template for ProductDetailsComponent: Opening tag "button" not terminated. ("
	      </button>
	
	      [ERROR ->]<button type="submit" id="submitButton" [disabled]="!textPut.value.trim()" mat-raised-button color="p"): ng:///ProductDetailsComponent/template.html@111:6, Unexpected closing tag "button". It may happen when the tag has already been closed by another tag. For more info see https://www.w3.org/TR/html5/syntax.html#closing-elements-that-have-implied-end-tags ("
	        <mat-icon>send</mat-icon>
	        <span>{{'BTN_SUBMIT' | translate}}</span>
	      [ERROR ->]</button>
	    </mat-dialog-actions>
	  </section>
	"): ng:///ProductDetailsComponent/template.html@121:6
	    at parseJitTemplate (node_modules/@angular/compiler/fesm2022/compiler.mjs:32326:15)
	    at CompilerFacadeImpl.compileComponent (node_modules/@angular/compiler/fesm2022/compiler.mjs:32000:52)
	    at ProductDetailsComponent.╔╡cmp (node_modules/@angular/core/fesm2022/debug_node.mjs:30245:47)
	    at getComponentDef (node_modules/@angular/core/fesm2022/testing.mjs:1605:18)
	    at isStandaloneComponent (node_modules/@angular/core/fesm2022/testing.mjs:1601:17)
	    at queueTypesFromModulesArrayRecur (node_modules/@angular/core/fesm2022/testing.mjs:1325:26)
	    at TestBedCompiler.queueTypesFromModulesArray (node_modules/@angular/core/fesm2022/testing.mjs:1348:9)
	    at TestBedCompiler.configureTestingModule (node_modules/@angular/core/fesm2022/testing.mjs:856:18)
	    at TestBedImpl.configureTestingModule (node_modules/@angular/core/fesm2022/testing.mjs:1993:23)
	    at TestBedImpl.configureTestingModule (node_modules/@angular/core/fesm2022/testing.mjs:1805:37)
Chrome Headless 144.0.0.0 (Windows 10): Executed 548 of 767[31m (199 FAILED)[39m (skipped 2) (0 secs / 7.033 secs)
Chrome Headless 144.0.0.0 (Windows 10) ProductDetailsComponent should refresh reviews after posting a review FAILED
	Failed: Errors during JIT compilation of template for ProductDetailsComponent: Opening tag "button" not terminated. ("
	      </button>
	
	      [ERROR ->]<button type="submit" id="submitButton" [disabled]="!textPut.value.trim()" mat-raised-button color="p"): ng:///ProductDetailsComponent/template.html@111:6, Unexpected closing tag "button". It may happen when the tag has already been closed by another tag. For more info see https://www.w3.org/TR/html5/syntax.html#closing-elements-that-have-implied-end-tags ("
	        <mat-icon>send</mat-icon>
	        <span>{{'BTN_SUBMIT' | translate}}</span>
	      [ERROR ->]</button>
	    </mat-dialog-actions>
	  </section>
	"): ng:///ProductDetailsComponent/template.html@121:6
	    at parseJitTemplate (node_modules/@angular/compiler/fesm2022/compiler.mjs:32326:15)
	    at CompilerFacadeImpl.compileComponent (node_modules/@angular/compiler/fesm2022/compiler.mjs:32000:52)
	    at ProductDetailsComponent.╔╡cmp (node_modules/@angular/core/fesm2022/debug_node.mjs:30245:47)
	    at getComponentDef (node_modules/@angular/core/fesm2022/testing.mjs:1605:18)
	    at isStandaloneComponent (node_modules/@angular/core/fesm2022/testing.mjs:1601:17)
	    at queueTypesFromModulesArrayRecur (node_modules/@angular/core/fesm2022/testing.mjs:1325:26)
	    at TestBedCompiler.queueTypesFromModulesArray (node_modules/@angular/core/fesm2022/testing.mjs:1348:9)
	    at TestBedCompiler.configureTestingModule (node_modules/@angular/core/fesm2022/testing.mjs:856:18)
	    at TestBedImpl.configureTestingModule (node_modules/@angular/core/fesm2022/testing.mjs:1993:23)
	    at TestBedImpl.configureTestingModule (node_modules/@angular/core/fesm2022/testing.mjs:1805:37)
[1A[2K[31mChrome Headless 144.0.0.0 (Windows 10) ProductDetailsComponent should refresh reviews of product after editing a review FAILED[39m
	Failed: Errors during JIT compilation of template for ProductDetailsComponent: Opening tag "button" not terminated. ("
	      </button>
	
	      [ERROR ->]<button type="submit" id="submitButton" [disabled]="!textPut.value.trim()" mat-raised-button color="p"): ng:///ProductDetailsComponent/template.html@111:6, Unexpected closing tag "button". It may happen when the tag has already been closed by another tag. For more info see https://www.w3.org/TR/html5/syntax.html#closing-elements-that-have-implied-end-tags ("
	        <mat-icon>send</mat-icon>
	        <span>{{'BTN_SUBMIT' | translate}}</span>
	      [ERROR ->]</button>
	    </mat-dialog-actions>
	  </section>
	"): ng:///ProductDetailsComponent/template.html@121:6
	    at parseJitTemplate (node_modules/@angular/compiler/fesm2022/compiler.mjs:32326:15)
	    at CompilerFacadeImpl.compileComponent (node_modules/@angular/compiler/fesm2022/compiler.mjs:32000:52)
	    at ProductDetailsComponent.╔╡cmp (node_modules/@angular/core/fesm2022/debug_node.mjs:30245:47)
	    at getComponentDef (node_modules/@angular/core/fesm2022/testing.mjs:1605:18)
	    at isStandaloneComponent (node_modules/@angular/core/fesm2022/testing.mjs:1601:17)
	    at queueTypesFromModulesArrayRecur (node_modules/@angular/core/fesm2022/testing.mjs:1325:26)
	    at TestBedCompiler.queueTypesFromModulesArray (node_modules/@angular/core/fesm2022/testing.mjs:1348:9)
	    at TestBedCompiler.configureTestingModule (node_modules/@angular/core/fesm2022/testing.mjs:856:18)
	    at TestBedImpl.configureTestingModule (node_modules/@angular/core/fesm2022/testing.mjs:1993:23)
	    at TestBedImpl.configureTestingModule (node_modules/@angular/core/fesm2022/testing.mjs:1805:37)
Chrome Headless 144.0.0.0 (Windows 10): Executed 549 of 767[31m (200 FAILED)[39m (skipped 2) (0 secs / 7.034 secs)
Chrome Headless 144.0.0.0 (Windows 10) ProductDetailsComponent should refresh reviews of product after editing a review FAILED
	Failed: Errors during JIT compilation of template for ProductDetailsComponent: Opening tag "button" not terminated. ("
	      </button>
	
	      [ERROR ->]<button type="submit" id="submitButton" [disabled]="!textPut.value.trim()" mat-raised-button color="p"): ng:///ProductDetailsComponent/template.html@111:6, Unexpected closing tag "button". It may happen when the tag has already been closed by another tag. For more info see https://www.w3.org/TR/html5/syntax.html#closing-elements-that-have-implied-end-tags ("
	        <mat-icon>send</mat-icon>
	        <span>{{'BTN_SUBMIT' | translate}}</span>
	      [ERROR ->]</button>
	    </mat-dialog-actions>
	  </section>
	"): ng:///ProductDetailsComponent/template.html@121:6
	    at parseJitTemplate (node_modules/@angular/compiler/fesm2022/compiler.mjs:32326:15)
	    at CompilerFacadeImpl.compileComponent (node_modules/@angular/compiler/fesm2022/compiler.mjs:32000:52)
	    at ProductDetailsComponent.╔╡cmp (node_modules/@angular/core/fesm2022/debug_node.mjs:30245:47)
	    at getComponentDef (node_modules/@angular/core/fesm2022/testing.mjs:1605:18)
	    at isStandaloneComponent (node_modules/@angular/core/fesm2022/testing.mjs:1601:17)
	    at queueTypesFromModulesArrayRecur (node_modules/@angular/core/fesm2022/testing.mjs:1325:26)
	    at TestBedCompiler.queueTypesFromModulesArray (node_modules/@angular/core/fesm2022/testing.mjs:1348:9)
	    at TestBedCompiler.configureTestingModule (node_modules/@angular/core/fesm2022/testing.mjs:856:18)
	    at TestBedImpl.configureTestingModule (node_modules/@angular/core/fesm2022/testing.mjs:1993:23)
	    at TestBedImpl.configureTestingModule (node_modules/@angular/core/fesm2022/testing.mjs:1805:37)
[1A[2K[31mChrome Headless 144.0.0.0 (Windows 10) ProductDetailsComponent should open a modal dialog with review editor FAILED[39m
	Failed: Errors during JIT compilation of template for ProductDetailsComponent: Opening tag "button" not terminated. ("
	      </button>
	
	      [ERROR ->]<button type="submit" id="submitButton" [disabled]="!textPut.value.trim()" mat-raised-button color="p"): ng:///ProductDetailsComponent/template.html@111:6, Unexpected closing tag "button". It may happen when the tag has already been closed by another tag. For more info see https://www.w3.org/TR/html5/syntax.html#closing-elements-that-have-implied-end-tags ("
	        <mat-icon>send</mat-icon>
	        <span>{{'BTN_SUBMIT' | translate}}</span>
	      [ERROR ->]</button>
	    </mat-dialog-actions>
	  </section>
	"): ng:///ProductDetailsComponent/template.html@121:6
	    at parseJitTemplate (node_modules/@angular/compiler/fesm2022/compiler.mjs:32326:15)
	    at CompilerFacadeImpl.compileComponent (node_modules/@angular/compiler/fesm2022/compiler.mjs:32000:52)
	    at ProductDetailsComponent.╔╡cmp (node_modules/@angular/core/fesm2022/debug_node.mjs:30245:47)
	    at getComponentDef (node_modules/@angular/core/fesm2022/testing.mjs:1605:18)
	    at isStandaloneComponent (node_modules/@angular/core/fesm2022/testing.mjs:1601:17)
	    at queueTypesFromModulesArrayRecur (node_modules/@angular/core/fesm2022/testing.mjs:1325:26)
	    at TestBedCompiler.queueTypesFromModulesArray (node_modules/@angular/core/fesm2022/testing.mjs:1348:9)
	    at TestBedCompiler.configureTestingModule (node_modules/@angular/core/fesm2022/testing.mjs:856:18)
	    at TestBedImpl.configureTestingModule (node_modules/@angular/core/fesm2022/testing.mjs:1993:23)
	    at TestBedImpl.configureTestingModule (node_modules/@angular/core/fesm2022/testing.mjs:1805:37)
Chrome Headless 144.0.0.0 (Windows 10): Executed 550 of 767[31m (201 FAILED)[39m (skipped 2) (0 secs / 7.04 secs)
Chrome Headless 144.0.0.0 (Windows 10) ProductDetailsComponent should open a modal dialog with review editor FAILED
	Failed: Errors during JIT compilation of template for ProductDetailsComponent: Opening tag "button" not terminated. ("
	      </button>
	
	      [ERROR ->]<button type="submit" id="submitButton" [disabled]="!textPut.value.trim()" mat-raised-button color="p"): ng:///ProductDetailsComponent/template.html@111:6, Unexpected closing tag "button". It may happen when the tag has already been closed by another tag. For more info see https://www.w3.org/TR/html5/syntax.html#closing-elements-that-have-implied-end-tags ("
	        <mat-icon>send</mat-icon>
	        <span>{{'BTN_SUBMIT' | translate}}</span>
	      [ERROR ->]</button>
	    </mat-dialog-actions>
	  </section>
	"): ng:///ProductDetailsComponent/template.html@121:6
	    at parseJitTemplate (node_modules/@angular/compiler/fesm2022/compiler.mjs:32326:15)
	    at CompilerFacadeImpl.compileComponent (node_modules/@angular/compiler/fesm2022/compiler.mjs:32000:52)
	    at ProductDetailsComponent.╔╡cmp (node_modules/@angular/core/fesm2022/debug_node.mjs:30245:47)
	    at getComponentDef (node_modules/@angular/core/fesm2022/testing.mjs:1605:18)
	    at isStandaloneComponent (node_modules/@angular/core/fesm2022/testing.mjs:1601:17)
	    at queueTypesFromModulesArrayRecur (node_modules/@angular/core/fesm2022/testing.mjs:1325:26)
	    at TestBedCompiler.queueTypesFromModulesArray (node_modules/@angular/core/fesm2022/testing.mjs:1348:9)
	    at TestBedCompiler.configureTestingModule (node_modules/@angular/core/fesm2022/testing.mjs:856:18)
	    at TestBedImpl.configureTestingModule (node_modules/@angular/core/fesm2022/testing.mjs:1993:23)
	    at TestBedImpl.configureTestingModule (node_modules/@angular/core/fesm2022/testing.mjs:1805:37)
[1A[2K[31mChrome Headless 144.0.0.0 (Windows 10) ProductDetailsComponent should log errors when posting review directly to browser console FAILED[39m
	Failed: Errors during JIT compilation of template for ProductDetailsComponent: Opening tag "button" not terminated. ("
	      </button>
	
	      [ERROR ->]<button type="submit" id="submitButton" [disabled]="!textPut.value.trim()" mat-raised-button color="p"): ng:///ProductDetailsComponent/template.html@111:6, Unexpected closing tag "button". It may happen when the tag has already been closed by another tag. For more info see https://www.w3.org/TR/html5/syntax.html#closing-elements-that-have-implied-end-tags ("
	        <mat-icon>send</mat-icon>
	        <span>{{'BTN_SUBMIT' | translate}}</span>
	      [ERROR ->]</button>
	    </mat-dialog-actions>
	  </section>
	"): ng:///ProductDetailsComponent/template.html@121:6
	    at parseJitTemplate (node_modules/@angular/compiler/fesm2022/compiler.mjs:32326:15)
	    at CompilerFacadeImpl.compileComponent (node_modules/@angular/compiler/fesm2022/compiler.mjs:32000:52)
	    at ProductDetailsComponent.╔╡cmp (node_modules/@angular/core/fesm2022/debug_node.mjs:30245:47)
	    at getComponentDef (node_modules/@angular/core/fesm2022/testing.mjs:1605:18)
	    at isStandaloneComponent (node_modules/@angular/core/fesm2022/testing.mjs:1601:17)
	    at queueTypesFromModulesArrayRecur (node_modules/@angular/core/fesm2022/testing.mjs:1325:26)
	    at TestBedCompiler.queueTypesFromModulesArray (node_modules/@angular/core/fesm2022/testing.mjs:1348:9)
	    at TestBedCompiler.configureTestingModule (node_modules/@angular/core/fesm2022/testing.mjs:856:18)
	    at TestBedImpl.configureTestingModule (node_modules/@angular/core/fesm2022/testing.mjs:1993:23)
	    at TestBedImpl.configureTestingModule (node_modules/@angular/core/fesm2022/testing.mjs:1805:37)
Chrome Headless 144.0.0.0 (Windows 10): Executed 551 of 767[31m (202 FAILED)[39m (skipped 2) (0 secs / 7.043 secs)
Chrome Headless 144.0.0.0 (Windows 10) ProductDetailsComponent should log errors when posting review directly to browser console FAILED
	Failed: Errors during JIT compilation of template for ProductDetailsComponent: Opening tag "button" not terminated. ("
	      </button>
	
	      [ERROR ->]<button type="submit" id="submitButton" [disabled]="!textPut.value.trim()" mat-raised-button color="p"): ng:///ProductDetailsComponent/template.html@111:6, Unexpected closing tag "button". It may happen when the tag has already been closed by another tag. For more info see https://www.w3.org/TR/html5/syntax.html#closing-elements-that-have-implied-end-tags ("
	        <mat-icon>send</mat-icon>
	        <span>{{'BTN_SUBMIT' | translate}}</span>
	      [ERROR ->]</button>
	    </mat-dialog-actions>
	  </section>
	"): ng:///ProductDetailsComponent/template.html@121:6
	    at parseJitTemplate (node_modules/@angular/compiler/fesm2022/compiler.mjs:32326:15)
	    at CompilerFacadeImpl.compileComponent (node_modules/@angular/compiler/fesm2022/compiler.mjs:32000:52)
	    at ProductDetailsComponent.╔╡cmp (node_modules/@angular/core/fesm2022/debug_node.mjs:30245:47)
	    at getComponentDef (node_modules/@angular/core/fesm2022/testing.mjs:1605:18)
	    at isStandaloneComponent (node_modules/@angular/core/fesm2022/testing.mjs:1601:17)
	    at queueTypesFromModulesArrayRecur (node_modules/@angular/core/fesm2022/testing.mjs:1325:26)
	    at TestBedCompiler.queueTypesFromModulesArray (node_modules/@angular/core/fesm2022/testing.mjs:1348:9)
	    at TestBedCompiler.configureTestingModule (node_modules/@angular/core/fesm2022/testing.mjs:856:18)
	    at TestBedImpl.configureTestingModule (node_modules/@angular/core/fesm2022/testing.mjs:1993:23)
	    at TestBedImpl.configureTestingModule (node_modules/@angular/core/fesm2022/testing.mjs:1805:37)
[1A[2K[31mChrome Headless 144.0.0.0 (Windows 10) ProductDetailsComponent should log errors when retrieving user directly to browser console FAILED[39m
	Failed: Errors during JIT compilation of template for ProductDetailsComponent: Opening tag "button" not terminated. ("
	      </button>
	
	      [ERROR ->]<button type="submit" id="submitButton" [disabled]="!textPut.value.trim()" mat-raised-button color="p"): ng:///ProductDetailsComponent/template.html@111:6, Unexpected closing tag "button". It may happen when the tag has already been closed by another tag. For more info see https://www.w3.org/TR/html5/syntax.html#closing-elements-that-have-implied-end-tags ("
	        <mat-icon>send</mat-icon>
	        <span>{{'BTN_SUBMIT' | translate}}</span>
	      [ERROR ->]</button>
	    </mat-dialog-actions>
	  </section>
	"): ng:///ProductDetailsComponent/template.html@121:6
	    at parseJitTemplate (node_modules/@angular/compiler/fesm2022/compiler.mjs:32326:15)
	    at CompilerFacadeImpl.compileComponent (node_modules/@angular/compiler/fesm2022/compiler.mjs:32000:52)
	    at ProductDetailsComponent.╔╡cmp (node_modules/@angular/core/fesm2022/debug_node.mjs:30245:47)
	    at getComponentDef (node_modules/@angular/core/fesm2022/testing.mjs:1605:18)
	    at isStandaloneComponent (node_modules/@angular/core/fesm2022/testing.mjs:1601:17)
	    at queueTypesFromModulesArrayRecur (node_modules/@angular/core/fesm2022/testing.mjs:1325:26)
	    at TestBedCompiler.queueTypesFromModulesArray (node_modules/@angular/core/fesm2022/testing.mjs:1348:9)
	    at TestBedCompiler.configureTestingModule (node_modules/@angular/core/fesm2022/testing.mjs:856:18)
	    at TestBedImpl.configureTestingModule (node_modules/@angular/core/fesm2022/testing.mjs:1993:23)
	    at TestBedImpl.configureTestingModule (node_modules/@angular/core/fesm2022/testing.mjs:1805:37)
Chrome Headless 144.0.0.0 (Windows 10): Executed 552 of 767[31m (203 FAILED)[39m (skipped 2) (0 secs / 7.045 secs)
Chrome Headless 144.0.0.0 (Windows 10) ProductDetailsComponent should log errors when retrieving user directly to browser console FAILED
	Failed: Errors during JIT compilation of template for ProductDetailsComponent: Opening tag "button" not terminated. ("
	      </button>
	
	      [ERROR ->]<button type="submit" id="submitButton" [disabled]="!textPut.value.trim()" mat-raised-button color="p"): ng:///ProductDetailsComponent/template.html@111:6, Unexpected closing tag "button". It may happen when the tag has already been closed by another tag. For more info see https://www.w3.org/TR/html5/syntax.html#closing-elements-that-have-implied-end-tags ("
	        <mat-icon>send</mat-icon>
	        <span>{{'BTN_SUBMIT' | translate}}</span>
	      [ERROR ->]</button>
	    </mat-dialog-actions>
	  </section>
	"): ng:///ProductDetailsComponent/template.html@121:6
	    at parseJitTemplate (node_modules/@angular/compiler/fesm2022/compiler.mjs:32326:15)
	    at CompilerFacadeImpl.compileComponent (node_modules/@angular/compiler/fesm2022/compiler.mjs:32000:52)
	    at ProductDetailsComponent.╔╡cmp (node_modules/@angular/core/fesm2022/debug_node.mjs:30245:47)
	    at getComponentDef (node_modules/@angular/core/fesm2022/testing.mjs:1605:18)
	    at isStandaloneComponent (node_modules/@angular/core/fesm2022/testing.mjs:1601:17)
	    at queueTypesFromModulesArrayRecur (node_modules/@angular/core/fesm2022/testing.mjs:1325:26)
	    at TestBedCompiler.queueTypesFromModulesArray (node_modules/@angular/core/fesm2022/testing.mjs:1348:9)
	    at TestBedCompiler.configureTestingModule (node_modules/@angular/core/fesm2022/testing.mjs:856:18)
	    at TestBedImpl.configureTestingModule (node_modules/@angular/core/fesm2022/testing.mjs:1993:23)
	    at TestBedImpl.configureTestingModule (node_modules/@angular/core/fesm2022/testing.mjs:1805:37)
[1A[2K[31mChrome Headless 144.0.0.0 (Windows 10) ProductDetailsComponent should post review with user email as author FAILED[39m
	Failed: Errors during JIT compilation of template for ProductDetailsComponent: Opening tag "button" not terminated. ("
	      </button>
	
	      [ERROR ->]<button type="submit" id="submitButton" [disabled]="!textPut.value.trim()" mat-raised-button color="p"): ng:///ProductDetailsComponent/template.html@111:6, Unexpected closing tag "button". It may happen when the tag has already been closed by another tag. For more info see https://www.w3.org/TR/html5/syntax.html#closing-elements-that-have-implied-end-tags ("
	        <mat-icon>send</mat-icon>
	        <span>{{'BTN_SUBMIT' | translate}}</span>
	      [ERROR ->]</button>
	    </mat-dialog-actions>
	  </section>
	"): ng:///ProductDetailsComponent/template.html@121:6
	    at parseJitTemplate (node_modules/@angular/compiler/fesm2022/compiler.mjs:32326:15)
	    at CompilerFacadeImpl.compileComponent (node_modules/@angular/compiler/fesm2022/compiler.mjs:32000:52)
	    at ProductDetailsComponent.╔╡cmp (node_modules/@angular/core/fesm2022/debug_node.mjs:30245:47)
	    at getComponentDef (node_modules/@angular/core/fesm2022/testing.mjs:1605:18)
	    at isStandaloneComponent (node_modules/@angular/core/fesm2022/testing.mjs:1601:17)
	    at queueTypesFromModulesArrayRecur (node_modules/@angular/core/fesm2022/testing.mjs:1325:26)
	    at TestBedCompiler.queueTypesFromModulesArray (node_modules/@angular/core/fesm2022/testing.mjs:1348:9)
	    at TestBedCompiler.configureTestingModule (node_modules/@angular/core/fesm2022/testing.mjs:856:18)
	    at TestBedImpl.configureTestingModule (node_modules/@angular/core/fesm2022/testing.mjs:1993:23)
	    at TestBedImpl.configureTestingModule (node_modules/@angular/core/fesm2022/testing.mjs:1805:37)
Chrome Headless 144.0.0.0 (Windows 10): Executed 553 of 767[31m (204 FAILED)[39m (skipped 2) (0 secs / 7.047 secs)
Chrome Headless 144.0.0.0 (Windows 10) ProductDetailsComponent should post review with user email as author FAILED
	Failed: Errors during JIT compilation of template for ProductDetailsComponent: Opening tag "button" not terminated. ("
	      </button>
	
	      [ERROR ->]<button type="submit" id="submitButton" [disabled]="!textPut.value.trim()" mat-raised-button color="p"): ng:///ProductDetailsComponent/template.html@111:6, Unexpected closing tag "button". It may happen when the tag has already been closed by another tag. For more info see https://www.w3.org/TR/html5/syntax.html#closing-elements-that-have-implied-end-tags ("
	        <mat-icon>send</mat-icon>
	        <span>{{'BTN_SUBMIT' | translate}}</span>
	      [ERROR ->]</button>
	    </mat-dialog-actions>
	  </section>
	"): ng:///ProductDetailsComponent/template.html@121:6
	    at parseJitTemplate (node_modules/@angular/compiler/fesm2022/compiler.mjs:32326:15)
	    at CompilerFacadeImpl.compileComponent (node_modules/@angular/compiler/fesm2022/compiler.mjs:32000:52)
	    at ProductDetailsComponent.╔╡cmp (node_modules/@angular/core/fesm2022/debug_node.mjs:30245:47)
	    at getComponentDef (node_modules/@angular/core/fesm2022/testing.mjs:1605:18)
	    at isStandaloneComponent (node_modules/@angular/core/fesm2022/testing.mjs:1601:17)
	    at queueTypesFromModulesArrayRecur (node_modules/@angular/core/fesm2022/testing.mjs:1325:26)
	    at TestBedCompiler.queueTypesFromModulesArray (node_modules/@angular/core/fesm2022/testing.mjs:1348:9)
	    at TestBedCompiler.configureTestingModule (node_modules/@angular/core/fesm2022/testing.mjs:856:18)
	    at TestBedImpl.configureTestingModule (node_modules/@angular/core/fesm2022/testing.mjs:1993:23)
	    at TestBedImpl.configureTestingModule (node_modules/@angular/core/fesm2022/testing.mjs:1805:37)
[1A[2K[31mChrome Headless 144.0.0.0 (Windows 10) ProductDetailsComponent should post anonymous review if no user email is returned FAILED[39m
	Failed: Errors during JIT compilation of template for ProductDetailsComponent: Opening tag "button" not terminated. ("
	      </button>
	
	      [ERROR ->]<button type="submit" id="submitButton" [disabled]="!textPut.value.trim()" mat-raised-button color="p"): ng:///ProductDetailsComponent/template.html@111:6, Unexpected closing tag "button". It may happen when the tag has already been closed by another tag. For more info see https://www.w3.org/TR/html5/syntax.html#closing-elements-that-have-implied-end-tags ("
	        <mat-icon>send</mat-icon>
	        <span>{{'BTN_SUBMIT' | translate}}</span>
	      [ERROR ->]</button>
	    </mat-dialog-actions>
	  </section>
	"): ng:///ProductDetailsComponent/template.html@121:6
	    at parseJitTemplate (node_modules/@angular/compiler/fesm2022/compiler.mjs:32326:15)
	    at CompilerFacadeImpl.compileComponent (node_modules/@angular/compiler/fesm2022/compiler.mjs:32000:52)
	    at ProductDetailsComponent.╔╡cmp (node_modules/@angular/core/fesm2022/debug_node.mjs:30245:47)
	    at getComponentDef (node_modules/@angular/core/fesm2022/testing.mjs:1605:18)
	    at isStandaloneComponent (node_modules/@angular/core/fesm2022/testing.mjs:1601:17)
	    at queueTypesFromModulesArrayRecur (node_modules/@angular/core/fesm2022/testing.mjs:1325:26)
	    at TestBedCompiler.queueTypesFromModulesArray (node_modules/@angular/core/fesm2022/testing.mjs:1348:9)
	    at TestBedCompiler.configureTestingModule (node_modules/@angular/core/fesm2022/testing.mjs:856:18)
	    at TestBedImpl.configureTestingModule (node_modules/@angular/core/fesm2022/testing.mjs:1993:23)
	    at TestBedImpl.configureTestingModule (node_modules/@angular/core/fesm2022/testing.mjs:1805:37)
Chrome Headless 144.0.0.0 (Windows 10): Executed 554 of 767[31m (205 FAILED)[39m (skipped 2) (0 secs / 7.049 secs)
Chrome Headless 144.0.0.0 (Windows 10) ProductDetailsComponent should post anonymous review if no user email is returned FAILED
	Failed: Errors during JIT compilation of template for ProductDetailsComponent: Opening tag "button" not terminated. ("
	      </button>
	
	      [ERROR ->]<button type="submit" id="submitButton" [disabled]="!textPut.value.trim()" mat-raised-button color="p"): ng:///ProductDetailsComponent/template.html@111:6, Unexpected closing tag "button". It may happen when the tag has already been closed by another tag. For more info see https://www.w3.org/TR/html5/syntax.html#closing-elements-that-have-implied-end-tags ("
	        <mat-icon>send</mat-icon>
	        <span>{{'BTN_SUBMIT' | translate}}</span>
	      [ERROR ->]</button>
	    </mat-dialog-actions>
	  </section>
	"): ng:///ProductDetailsComponent/template.html@121:6
	    at parseJitTemplate (node_modules/@angular/compiler/fesm2022/compiler.mjs:32326:15)
	    at CompilerFacadeImpl.compileComponent (node_modules/@angular/compiler/fesm2022/compiler.mjs:32000:52)
	    at ProductDetailsComponent.╔╡cmp (node_modules/@angular/core/fesm2022/debug_node.mjs:30245:47)
	    at getComponentDef (node_modules/@angular/core/fesm2022/testing.mjs:1605:18)
	    at isStandaloneComponent (node_modules/@angular/core/fesm2022/testing.mjs:1601:17)
	    at queueTypesFromModulesArrayRecur (node_modules/@angular/core/fesm2022/testing.mjs:1325:26)
	    at TestBedCompiler.queueTypesFromModulesArray (node_modules/@angular/core/fesm2022/testing.mjs:1348:9)
	    at TestBedCompiler.configureTestingModule (node_modules/@angular/core/fesm2022/testing.mjs:856:18)
	    at TestBedImpl.configureTestingModule (node_modules/@angular/core/fesm2022/testing.mjs:1993:23)
	    at TestBedImpl.configureTestingModule (node_modules/@angular/core/fesm2022/testing.mjs:1805:37)
[1A[2K[31mChrome Headless 144.0.0.0 (Windows 10) ProductDetailsComponent should create FAILED[39m
	Failed: Errors during JIT compilation of template for ProductDetailsComponent: Opening tag "button" not terminated. ("
	      </button>
	
	      [ERROR ->]<button type="submit" id="submitButton" [disabled]="!textPut.value.trim()" mat-raised-button color="p"): ng:///ProductDetailsComponent/template.html@111:6, Unexpected closing tag "button". It may happen when the tag has already been closed by another tag. For more info see https://www.w3.org/TR/html5/syntax.html#closing-elements-that-have-implied-end-tags ("
	        <mat-icon>send</mat-icon>
	        <span>{{'BTN_SUBMIT' | translate}}</span>
	      [ERROR ->]</button>
	    </mat-dialog-actions>
	  </section>
	"): ng:///ProductDetailsComponent/template.html@121:6
	    at parseJitTemplate (node_modules/@angular/compiler/fesm2022/compiler.mjs:32326:15)
	    at CompilerFacadeImpl.compileComponent (node_modules/@angular/compiler/fesm2022/compiler.mjs:32000:52)
	    at ProductDetailsComponent.╔╡cmp (node_modules/@angular/core/fesm2022/debug_node.mjs:30245:47)
	    at getComponentDef (node_modules/@angular/core/fesm2022/testing.mjs:1605:18)
	    at isStandaloneComponent (node_modules/@angular/core/fesm2022/testing.mjs:1601:17)
	    at queueTypesFromModulesArrayRecur (node_modules/@angular/core/fesm2022/testing.mjs:1325:26)
	    at TestBedCompiler.queueTypesFromModulesArray (node_modules/@angular/core/fesm2022/testing.mjs:1348:9)
	    at TestBedCompiler.configureTestingModule (node_modules/@angular/core/fesm2022/testing.mjs:856:18)
	    at TestBedImpl.configureTestingModule (node_modules/@angular/core/fesm2022/testing.mjs:1993:23)
	    at TestBedImpl.configureTestingModule (node_modules/@angular/core/fesm2022/testing.mjs:1805:37)
Chrome Headless 144.0.0.0 (Windows 10): Executed 555 of 767[31m (206 FAILED)[39m (skipped 2) (0 secs / 7.05 secs)
Chrome Headless 144.0.0.0 (Windows 10) ProductDetailsComponent should create FAILED
	Failed: Errors during JIT compilation of template for ProductDetailsComponent: Opening tag "button" not terminated. ("
	      </button>
	
	      [ERROR ->]<button type="submit" id="submitButton" [disabled]="!textPut.value.trim()" mat-raised-button color="p"): ng:///ProductDetailsComponent/template.html@111:6, Unexpected closing tag "button". It may happen when the tag has already been closed by another tag. For more info see https://www.w3.org/TR/html5/syntax.html#closing-elements-that-have-implied-end-tags ("
	        <mat-icon>send</mat-icon>
	        <span>{{'BTN_SUBMIT' | translate}}</span>
	      [ERROR ->]</button>
	    </mat-dialog-actions>
	  </section>
	"): ng:///ProductDetailsComponent/template.html@121:6
	    at parseJitTemplate (node_modules/@angular/compiler/fesm2022/compiler.mjs:32326:15)
	    at CompilerFacadeImpl.compileComponent (node_modules/@angular/compiler/fesm2022/compiler.mjs:32000:52)
	    at ProductDetailsComponent.╔╡cmp (node_modules/@angular/core/fesm2022/debug_node.mjs:30245:47)
	    at getComponentDef (node_modules/@angular/core/fesm2022/testing.mjs:1605:18)
	    at isStandaloneComponent (node_modules/@angular/core/fesm2022/testing.mjs:1601:17)
	    at queueTypesFromModulesArrayRecur (node_modules/@angular/core/fesm2022/testing.mjs:1325:26)
	    at TestBedCompiler.queueTypesFromModulesArray (node_modules/@angular/core/fesm2022/testing.mjs:1348:9)
	    at TestBedCompiler.configureTestingModule (node_modules/@angular/core/fesm2022/testing.mjs:856:18)
	    at TestBedImpl.configureTestingModule (node_modules/@angular/core/fesm2022/testing.mjs:1993:23)
	    at TestBedImpl.configureTestingModule (node_modules/@angular/core/fesm2022/testing.mjs:1805:37)
[1A[2KChrome Headless 144.0.0.0 (Windows 10): Executed 556 of 767[31m (206 FAILED)[39m (skipped 2) (0 secs / 7.052 secs)
[1A[2KChrome Headless 144.0.0.0 (Windows 10): Executed 557 of 767[31m (206 FAILED)[39m (skipped 2) (0 secs / 7.054 secs)
[1A[2KChrome Headless 144.0.0.0 (Windows 10): Executed 558 of 767[31m (206 FAILED)[39m (skipped 2) (0 secs / 7.056 secs)
[1A[2KChrome Headless 144.0.0.0 (Windows 10): Executed 559 of 767[31m (206 FAILED)[39m (skipped 2) (0 secs / 7.058 secs)
[1A[2KChrome Headless 144.0.0.0 (Windows 10): Executed 560 of 767[31m (206 FAILED)[39m (skipped 2) (0 secs / 7.059 secs)
[1A[2KChrome Headless 144.0.0.0 (Windows 10): Executed 561 of 767[31m (206 FAILED)[39m (skipped 2) (0 secs / 7.061 secs)
[1A[2KChrome Headless 144.0.0.0 (Windows 10): Executed 562 of 767[31m (206 FAILED)[39m (skipped 2) (0 secs / 7.062 secs)
[1A[2KChrome Headless 144.0.0.0 (Windows 10): Executed 563 of 767[31m (206 FAILED)[39m (skipped 2) (0 secs / 7.064 secs)
[1A[2KChrome Headless 144.0.0.0 (Windows 10): Executed 564 of 767[31m (206 FAILED)[39m (skipped 2) (0 secs / 7.066 secs)
[1A[2KChrome Headless 144.0.0.0 (Windows 10): Executed 565 of 767[31m (206 FAILED)[39m (skipped 2) (0 secs / 7.068 secs)
[1A[2KChrome Headless 144.0.0.0 (Windows 10): Executed 566 of 767[31m (206 FAILED)[39m (skipped 2) (0 secs / 7.07 secs)
[1A[2KChrome Headless 144.0.0.0 (Windows 10): Executed 567 of 767[31m (206 FAILED)[39m (skipped 2) (0 secs / 7.071 secs)
[1A[2KChrome Headless 144.0.0.0 (Windows 10): Executed 568 of 767[31m (206 FAILED)[39m (skipped 2) (0 secs / 7.072 secs)
[1A[2KChrome Headless 144.0.0.0 (Windows 10): Executed 569 of 767[31m (206 FAILED)[39m (skipped 2) (0 secs / 7.073 secs)
[1A[2KChrome Headless 144.0.0.0 (Windows 10): Executed 570 of 767[31m (206 FAILED)[39m (skipped 2) (0 secs / 7.075 secs)
[1A[2KChrome Headless 144.0.0.0 (Windows 10): Executed 571 of 767[31m (206 FAILED)[39m (skipped 2) (0 secs / 7.076 secs)
[1A[2KChrome Headless 144.0.0.0 (Windows 10): Executed 572 of 767[31m (206 FAILED)[39m (skipped 2) (0 secs / 7.111 secs)
[1A[2KChrome Headless 144.0.0.0 (Windows 10): Executed 573 of 767[31m (206 FAILED)[39m (skipped 2) (0 secs / 7.138 secs)
[1A[2KChrome Headless 144.0.0.0 (Windows 10): Executed 574 of 767[31m (206 FAILED)[39m (skipped 2) (0 secs / 7.168 secs)
[1A[2KChrome Headless 144.0.0.0 (Windows 10): Executed 575 of 767[31m (206 FAILED)[39m (skipped 2) (0 secs / 7.224 secs)
[1A[2KChrome Headless 144.0.0.0 (Windows 10): Executed 576 of 767[31m (206 FAILED)[39m (skipped 2) (0 secs / 7.271 secs)
[1A[2KChrome Headless 144.0.0.0 (Windows 10): Executed 577 of 767[31m (206 FAILED)[39m (skipped 2) (0 secs / 7.3 secs)
[1A[2KChrome Headless 144.0.0.0 (Windows 10): Executed 578 of 767[31m (206 FAILED)[39m (skipped 2) (0 secs / 7.343 secs)
[1A[2KChrome Headless 144.0.0.0 (Windows 10): Executed 579 of 767[31m (206 FAILED)[39m (skipped 2) (0 secs / 7.366 secs)
[1A[2KChrome Headless 144.0.0.0 (Windows 10): Executed 580 of 767[31m (206 FAILED)[39m (skipped 2) (0 secs / 7.41 secs)
[1A[2KChrome Headless 144.0.0.0 (Windows 10): Executed 581 of 767[31m (206 FAILED)[39m (skipped 2) (0 secs / 7.462 secs)
[1A[2KChrome Headless 144.0.0.0 (Windows 10): Executed 582 of 767[31m (206 FAILED)[39m (skipped 2) (0 secs / 7.491 secs)
[1A[2KChrome Headless 144.0.0.0 (Windows 10): Executed 583 of 767[31m (206 FAILED)[39m (skipped 2) (0 secs / 7.518 secs)
[1A[2KChrome Headless 144.0.0.0 (Windows 10): Executed 584 of 767[31m (206 FAILED)[39m (skipped 2) (0 secs / 7.555 secs)
[1A[2KChrome Headless 144.0.0.0 (Windows 10): Executed 585 of 767[31m (206 FAILED)[39m (skipped 2) (0 secs / 7.593 secs)
[1A[2KChrome Headless 144.0.0.0 (Windows 10): Executed 586 of 767[31m (206 FAILED)[39m (skipped 2) (0 secs / 7.619 secs)
[1A[2KChrome Headless 144.0.0.0 (Windows 10): Executed 587 of 767[31m (206 FAILED)[39m (skipped 2) (0 secs / 7.621 secs)
[1A[2KChrome Headless 144.0.0.0 (Windows 10): Executed 588 of 767[31m (206 FAILED)[39m (skipped 2) (0 secs / 7.622 secs)
[1A[2KChrome Headless 144.0.0.0 (Windows 10): Executed 589 of 767[31m (206 FAILED)[39m (skipped 2) (0 secs / 7.624 secs)
[1A[2KChrome Headless 144.0.0.0 (Windows 10): Executed 590 of 767[31m (206 FAILED)[39m (skipped 2) (0 secs / 7.626 secs)
[1A[2K[31mChrome Headless 144.0.0.0 (Windows 10) CodeSnippetComponent Fix It lock icon is red and "locked" when no fixes are available FAILED[39m
	Failed: Errors during JIT compilation of template for CodeSnippetComponent: Unexpected closing tag "section". It may happen when the tag has already been closed by another tag. For more info see https://www.w3.org/TR/html5/syntax.html#closing-elements-that-have-implied-end-tags ("
	      </button>
	      }
	    [ERROR ->]</section>
	  </section>
	</mat-dialog-actions>"): ng:///CodeSnippetComponent/template.html@108:4
	    at parseJitTemplate (node_modules/@angular/compiler/fesm2022/compiler.mjs:32326:15)
	    at CompilerFacadeImpl.compileComponent (node_modules/@angular/compiler/fesm2022/compiler.mjs:32000:52)
	    at CodeSnippetComponent.╔╡cmp (node_modules/@angular/core/fesm2022/debug_node.mjs:30245:47)
	    at getComponentDef (node_modules/@angular/core/fesm2022/testing.mjs:1605:18)
	    at isStandaloneComponent (node_modules/@angular/core/fesm2022/testing.mjs:1601:17)
	    at queueTypesFromModulesArrayRecur (node_modules/@angular/core/fesm2022/testing.mjs:1325:26)
	    at TestBedCompiler.queueTypesFromModulesArray (node_modules/@angular/core/fesm2022/testing.mjs:1348:9)
	    at TestBedCompiler.configureTestingModule (node_modules/@angular/core/fesm2022/testing.mjs:856:18)
	    at TestBedImpl.configureTestingModule (node_modules/@angular/core/fesm2022/testing.mjs:1993:23)
	    at TestBedImpl.configureTestingModule (node_modules/@angular/core/fesm2022/testing.mjs:1805:37)
Chrome Headless 144.0.0.0 (Windows 10): Executed 591 of 767[31m (207 FAILED)[39m (skipped 2) (0 secs / 7.628 secs)
Chrome Headless 144.0.0.0 (Windows 10) CodeSnippetComponent Fix It lock icon is red and "locked" when no fixes are available FAILED
	Failed: Errors during JIT compilation of template for CodeSnippetComponent: Unexpected closing tag "section". It may happen when the tag has already been closed by another tag. For more info see https://www.w3.org/TR/html5/syntax.html#closing-elements-that-have-implied-end-tags ("
	      </button>
	      }
	    [ERROR ->]</section>
	  </section>
	</mat-dialog-actions>"): ng:///CodeSnippetComponent/template.html@108:4
	    at parseJitTemplate (node_modules/@angular/compiler/fesm2022/compiler.mjs:32326:15)
	    at CompilerFacadeImpl.compileComponent (node_modules/@angular/compiler/fesm2022/compiler.mjs:32000:52)
	    at CodeSnippetComponent.╔╡cmp (node_modules/@angular/core/fesm2022/debug_node.mjs:30245:47)
	    at getComponentDef (node_modules/@angular/core/fesm2022/testing.mjs:1605:18)
	    at isStandaloneComponent (node_modules/@angular/core/fesm2022/testing.mjs:1601:17)
	    at queueTypesFromModulesArrayRecur (node_modules/@angular/core/fesm2022/testing.mjs:1325:26)
	    at TestBedCompiler.queueTypesFromModulesArray (node_modules/@angular/core/fesm2022/testing.mjs:1348:9)
	    at TestBedCompiler.configureTestingModule (node_modules/@angular/core/fesm2022/testing.mjs:856:18)
	    at TestBedImpl.configureTestingModule (node_modules/@angular/core/fesm2022/testing.mjs:1993:23)
	    at TestBedImpl.configureTestingModule (node_modules/@angular/core/fesm2022/testing.mjs:1805:37)
[1A[2K[31mChrome Headless 144.0.0.0 (Windows 10) CodeSnippetComponent Find It lock icon is green and "lock_open" when "Find It" phase is solved FAILED[39m
	Failed: Errors during JIT compilation of template for CodeSnippetComponent: Unexpected closing tag "section". It may happen when the tag has already been closed by another tag. For more info see https://www.w3.org/TR/html5/syntax.html#closing-elements-that-have-implied-end-tags ("
	      </button>
	      }
	    [ERROR ->]</section>
	  </section>
	</mat-dialog-actions>"): ng:///CodeSnippetComponent/template.html@108:4
	    at parseJitTemplate (node_modules/@angular/compiler/fesm2022/compiler.mjs:32326:15)
	    at CompilerFacadeImpl.compileComponent (node_modules/@angular/compiler/fesm2022/compiler.mjs:32000:52)
	    at CodeSnippetComponent.╔╡cmp (node_modules/@angular/core/fesm2022/debug_node.mjs:30245:47)
	    at getComponentDef (node_modules/@angular/core/fesm2022/testing.mjs:1605:18)
	    at isStandaloneComponent (node_modules/@angular/core/fesm2022/testing.mjs:1601:17)
	    at queueTypesFromModulesArrayRecur (node_modules/@angular/core/fesm2022/testing.mjs:1325:26)
	    at TestBedCompiler.queueTypesFromModulesArray (node_modules/@angular/core/fesm2022/testing.mjs:1348:9)
	    at TestBedCompiler.configureTestingModule (node_modules/@angular/core/fesm2022/testing.mjs:856:18)
	    at TestBedImpl.configureTestingModule (node_modules/@angular/core/fesm2022/testing.mjs:1993:23)
	    at TestBedImpl.configureTestingModule (node_modules/@angular/core/fesm2022/testing.mjs:1805:37)
Chrome Headless 144.0.0.0 (Windows 10): Executed 592 of 767[31m (208 FAILED)[39m (skipped 3) (0 secs / 7.63 secs)
Chrome Headless 144.0.0.0 (Windows 10) CodeSnippetComponent Find It lock icon is green and "lock_open" when "Find It" phase is solved FAILED
	Failed: Errors during JIT compilation of template for CodeSnippetComponent: Unexpected closing tag "section". It may happen when the tag has already been closed by another tag. For more info see https://www.w3.org/TR/html5/syntax.html#closing-elements-that-have-implied-end-tags ("
	      </button>
	      }
	    [ERROR ->]</section>
	  </section>
	</mat-dialog-actions>"): ng:///CodeSnippetComponent/template.html@108:4
	    at parseJitTemplate (node_modules/@angular/compiler/fesm2022/compiler.mjs:32326:15)
	    at CompilerFacadeImpl.compileComponent (node_modules/@angular/compiler/fesm2022/compiler.mjs:32000:52)
	    at CodeSnippetComponent.╔╡cmp (node_modules/@angular/core/fesm2022/debug_node.mjs:30245:47)
	    at getComponentDef (node_modules/@angular/core/fesm2022/testing.mjs:1605:18)
	    at isStandaloneComponent (node_modules/@angular/core/fesm2022/testing.mjs:1601:17)
	    at queueTypesFromModulesArrayRecur (node_modules/@angular/core/fesm2022/testing.mjs:1325:26)
	    at TestBedCompiler.queueTypesFromModulesArray (node_modules/@angular/core/fesm2022/testing.mjs:1348:9)
	    at TestBedCompiler.configureTestingModule (node_modules/@angular/core/fesm2022/testing.mjs:856:18)
	    at TestBedImpl.configureTestingModule (node_modules/@angular/core/fesm2022/testing.mjs:1993:23)
	    at TestBedImpl.configureTestingModule (node_modules/@angular/core/fesm2022/testing.mjs:1805:37)
[1A[2K[31mChrome Headless 144.0.0.0 (Windows 10) CodeSnippetComponent result icon is "send" when choice is not yet submitted FAILED[39m
	Failed: Errors during JIT compilation of template for CodeSnippetComponent: Unexpected closing tag "section". It may happen when the tag has already been closed by another tag. For more info see https://www.w3.org/TR/html5/syntax.html#closing-elements-that-have-implied-end-tags ("
	      </button>
	      }
	    [ERROR ->]</section>
	  </section>
	</mat-dialog-actions>"): ng:///CodeSnippetComponent/template.html@108:4
	    at parseJitTemplate (node_modules/@angular/compiler/fesm2022/compiler.mjs:32326:15)
	    at CompilerFacadeImpl.compileComponent (node_modules/@angular/compiler/fesm2022/compiler.mjs:32000:52)
	    at CodeSnippetComponent.╔╡cmp (node_modules/@angular/core/fesm2022/debug_node.mjs:30245:47)
	    at getComponentDef (node_modules/@angular/core/fesm2022/testing.mjs:1605:18)
	    at isStandaloneComponent (node_modules/@angular/core/fesm2022/testing.mjs:1601:17)
	    at queueTypesFromModulesArrayRecur (node_modules/@angular/core/fesm2022/testing.mjs:1325:26)
	    at TestBedCompiler.queueTypesFromModulesArray (node_modules/@angular/core/fesm2022/testing.mjs:1348:9)
	    at TestBedCompiler.configureTestingModule (node_modules/@angular/core/fesm2022/testing.mjs:856:18)
	    at TestBedImpl.configureTestingModule (node_modules/@angular/core/fesm2022/testing.mjs:1993:23)
	    at TestBedImpl.configureTestingModule (node_modules/@angular/core/fesm2022/testing.mjs:1805:37)
Chrome Headless 144.0.0.0 (Windows 10): Executed 593 of 767[31m (209 FAILED)[39m (skipped 3) (0 secs / 7.637 secs)
Chrome Headless 144.0.0.0 (Windows 10) CodeSnippetComponent result icon is "send" when choice is not yet submitted FAILED
	Failed: Errors during JIT compilation of template for CodeSnippetComponent: Unexpected closing tag "section". It may happen when the tag has already been closed by another tag. For more info see https://www.w3.org/TR/html5/syntax.html#closing-elements-that-have-implied-end-tags ("
	      </button>
	      }
	    [ERROR ->]</section>
	  </section>
	</mat-dialog-actions>"): ng:///CodeSnippetComponent/template.html@108:4
	    at parseJitTemplate (node_modules/@angular/compiler/fesm2022/compiler.mjs:32326:15)
	    at CompilerFacadeImpl.compileComponent (node_modules/@angular/compiler/fesm2022/compiler.mjs:32000:52)
	    at CodeSnippetComponent.╔╡cmp (node_modules/@angular/core/fesm2022/debug_node.mjs:30245:47)
	    at getComponentDef (node_modules/@angular/core/fesm2022/testing.mjs:1605:18)
	    at isStandaloneComponent (node_modules/@angular/core/fesm2022/testing.mjs:1601:17)
	    at queueTypesFromModulesArrayRecur (node_modules/@angular/core/fesm2022/testing.mjs:1325:26)
	    at TestBedCompiler.queueTypesFromModulesArray (node_modules/@angular/core/fesm2022/testing.mjs:1348:9)
	    at TestBedCompiler.configureTestingModule (node_modules/@angular/core/fesm2022/testing.mjs:856:18)
	    at TestBedImpl.configureTestingModule (node_modules/@angular/core/fesm2022/testing.mjs:1993:23)
	    at TestBedImpl.configureTestingModule (node_modules/@angular/core/fesm2022/testing.mjs:1805:37)
[1A[2K[31mChrome Headless 144.0.0.0 (Windows 10) CodeSnippetComponent selected code fix is set in component FAILED[39m
	Failed: Errors during JIT compilation of template for CodeSnippetComponent: Unexpected closing tag "section". It may happen when the tag has already been closed by another tag. For more info see https://www.w3.org/TR/html5/syntax.html#closing-elements-that-have-implied-end-tags ("
	      </button>
	      }
	    [ERROR ->]</section>
	  </section>
	</mat-dialog-actions>"): ng:///CodeSnippetComponent/template.html@108:4
	    at parseJitTemplate (node_modules/@angular/compiler/fesm2022/compiler.mjs:32326:15)
	    at CompilerFacadeImpl.compileComponent (node_modules/@angular/compiler/fesm2022/compiler.mjs:32000:52)
	    at CodeSnippetComponent.╔╡cmp (node_modules/@angular/core/fesm2022/debug_node.mjs:30245:47)
	    at getComponentDef (node_modules/@angular/core/fesm2022/testing.mjs:1605:18)
	    at isStandaloneComponent (node_modules/@angular/core/fesm2022/testing.mjs:1601:17)
	    at queueTypesFromModulesArrayRecur (node_modules/@angular/core/fesm2022/testing.mjs:1325:26)
	    at TestBedCompiler.queueTypesFromModulesArray (node_modules/@angular/core/fesm2022/testing.mjs:1348:9)
	    at TestBedCompiler.configureTestingModule (node_modules/@angular/core/fesm2022/testing.mjs:856:18)
	    at TestBedImpl.configureTestingModule (node_modules/@angular/core/fesm2022/testing.mjs:1993:23)
	    at TestBedImpl.configureTestingModule (node_modules/@angular/core/fesm2022/testing.mjs:1805:37)
Chrome Headless 144.0.0.0 (Windows 10): Executed 594 of 767[31m (210 FAILED)[39m (skipped 3) (0 secs / 7.64 secs)
Chrome Headless 144.0.0.0 (Windows 10) CodeSnippetComponent selected code fix is set in component FAILED
	Failed: Errors during JIT compilation of template for CodeSnippetComponent: Unexpected closing tag "section". It may happen when the tag has already been closed by another tag. For more info see https://www.w3.org/TR/html5/syntax.html#closing-elements-that-have-implied-end-tags ("
	      </button>
	      }
	    [ERROR ->]</section>
	  </section>
	</mat-dialog-actions>"): ng:///CodeSnippetComponent/template.html@108:4
	    at parseJitTemplate (node_modules/@angular/compiler/fesm2022/compiler.mjs:32326:15)
	    at CompilerFacadeImpl.compileComponent (node_modules/@angular/compiler/fesm2022/compiler.mjs:32000:52)
	    at CodeSnippetComponent.╔╡cmp (node_modules/@angular/core/fesm2022/debug_node.mjs:30245:47)
	    at getComponentDef (node_modules/@angular/core/fesm2022/testing.mjs:1605:18)
	    at isStandaloneComponent (node_modules/@angular/core/fesm2022/testing.mjs:1601:17)
	    at queueTypesFromModulesArrayRecur (node_modules/@angular/core/fesm2022/testing.mjs:1325:26)
	    at TestBedCompiler.queueTypesFromModulesArray (node_modules/@angular/core/fesm2022/testing.mjs:1348:9)
	    at TestBedCompiler.configureTestingModule (node_modules/@angular/core/fesm2022/testing.mjs:856:18)
	    at TestBedImpl.configureTestingModule (node_modules/@angular/core/fesm2022/testing.mjs:1993:23)
	    at TestBedImpl.configureTestingModule (node_modules/@angular/core/fesm2022/testing.mjs:1805:37)
[1A[2K[31mChrome Headless 144.0.0.0 (Windows 10) CodeSnippetComponent Find It and Fix It lock icons are red and "locked" by default when unsolved FAILED[39m
	Failed: Errors during JIT compilation of template for CodeSnippetComponent: Unexpected closing tag "section". It may happen when the tag has already been closed by another tag. For more info see https://www.w3.org/TR/html5/syntax.html#closing-elements-that-have-implied-end-tags ("
	      </button>
	      }
	    [ERROR ->]</section>
	  </section>
	</mat-dialog-actions>"): ng:///CodeSnippetComponent/template.html@108:4
	    at parseJitTemplate (node_modules/@angular/compiler/fesm2022/compiler.mjs:32326:15)
	    at CompilerFacadeImpl.compileComponent (node_modules/@angular/compiler/fesm2022/compiler.mjs:32000:52)
	    at CodeSnippetComponent.╔╡cmp (node_modules/@angular/core/fesm2022/debug_node.mjs:30245:47)
	    at getComponentDef (node_modules/@angular/core/fesm2022/testing.mjs:1605:18)
	    at isStandaloneComponent (node_modules/@angular/core/fesm2022/testing.mjs:1601:17)
	    at queueTypesFromModulesArrayRecur (node_modules/@angular/core/fesm2022/testing.mjs:1325:26)
	    at TestBedCompiler.queueTypesFromModulesArray (node_modules/@angular/core/fesm2022/testing.mjs:1348:9)
	    at TestBedCompiler.configureTestingModule (node_modules/@angular/core/fesm2022/testing.mjs:856:18)
	    at TestBedImpl.configureTestingModule (node_modules/@angular/core/fesm2022/testing.mjs:1993:23)
	    at TestBedImpl.configureTestingModule (node_modules/@angular/core/fesm2022/testing.mjs:1805:37)
Chrome Headless 144.0.0.0 (Windows 10): Executed 595 of 767[31m (211 FAILED)[39m (skipped 3) (0 secs / 7.642 secs)
Chrome Headless 144.0.0.0 (Windows 10) CodeSnippetComponent Find It and Fix It lock icons are red and "locked" by default when unsolved FAILED
	Failed: Errors during JIT compilation of template for CodeSnippetComponent: Unexpected closing tag "section". It may happen when the tag has already been closed by another tag. For more info see https://www.w3.org/TR/html5/syntax.html#closing-elements-that-have-implied-end-tags ("
	      </button>
	      }
	    [ERROR ->]</section>
	  </section>
	</mat-dialog-actions>"): ng:///CodeSnippetComponent/template.html@108:4
	    at parseJitTemplate (node_modules/@angular/compiler/fesm2022/compiler.mjs:32326:15)
	    at CompilerFacadeImpl.compileComponent (node_modules/@angular/compiler/fesm2022/compiler.mjs:32000:52)
	    at CodeSnippetComponent.╔╡cmp (node_modules/@angular/core/fesm2022/debug_node.mjs:30245:47)
	    at getComponentDef (node_modules/@angular/core/fesm2022/testing.mjs:1605:18)
	    at isStandaloneComponent (node_modules/@angular/core/fesm2022/testing.mjs:1601:17)
	    at queueTypesFromModulesArrayRecur (node_modules/@angular/core/fesm2022/testing.mjs:1325:26)
	    at TestBedCompiler.queueTypesFromModulesArray (node_modules/@angular/core/fesm2022/testing.mjs:1348:9)
	    at TestBedCompiler.configureTestingModule (node_modules/@angular/core/fesm2022/testing.mjs:856:18)
	    at TestBedImpl.configureTestingModule (node_modules/@angular/core/fesm2022/testing.mjs:1993:23)
	    at TestBedImpl.configureTestingModule (node_modules/@angular/core/fesm2022/testing.mjs:1805:37)
[1A[2K[31mChrome Headless 144.0.0.0 (Windows 10) CodeSnippetComponent Default status and icons should reflect both challenge phases yet unsolved FAILED[39m
	Failed: Errors during JIT compilation of template for CodeSnippetComponent: Unexpected closing tag "section". It may happen when the tag has already been closed by another tag. For more info see https://www.w3.org/TR/html5/syntax.html#closing-elements-that-have-implied-end-tags ("
	      </button>
	      }
	    [ERROR ->]</section>
	  </section>
	</mat-dialog-actions>"): ng:///CodeSnippetComponent/template.html@108:4
	    at parseJitTemplate (node_modules/@angular/compiler/fesm2022/compiler.mjs:32326:15)
	    at CompilerFacadeImpl.compileComponent (node_modules/@angular/compiler/fesm2022/compiler.mjs:32000:52)
	    at CodeSnippetComponent.╔╡cmp (node_modules/@angular/core/fesm2022/debug_node.mjs:30245:47)
	    at getComponentDef (node_modules/@angular/core/fesm2022/testing.mjs:1605:18)
	    at isStandaloneComponent (node_modules/@angular/core/fesm2022/testing.mjs:1601:17)
	    at queueTypesFromModulesArrayRecur (node_modules/@angular/core/fesm2022/testing.mjs:1325:26)
	    at TestBedCompiler.queueTypesFromModulesArray (node_modules/@angular/core/fesm2022/testing.mjs:1348:9)
	    at TestBedCompiler.configureTestingModule (node_modules/@angular/core/fesm2022/testing.mjs:856:18)
	    at TestBedImpl.configureTestingModule (node_modules/@angular/core/fesm2022/testing.mjs:1993:23)
	    at TestBedImpl.configureTestingModule (node_modules/@angular/core/fesm2022/testing.mjs:1805:37)
Chrome Headless 144.0.0.0 (Windows 10): Executed 596 of 767[31m (212 FAILED)[39m (skipped 3) (0 secs / 7.644 secs)
Chrome Headless 144.0.0.0 (Windows 10) CodeSnippetComponent Default status and icons should reflect both challenge phases yet unsolved FAILED
	Failed: Errors during JIT compilation of template for CodeSnippetComponent: Unexpected closing tag "section". It may happen when the tag has already been closed by another tag. For more info see https://www.w3.org/TR/html5/syntax.html#closing-elements-that-have-implied-end-tags ("
	      </button>
	      }
	    [ERROR ->]</section>
	  </section>
	</mat-dialog-actions>"): ng:///CodeSnippetComponent/template.html@108:4
	    at parseJitTemplate (node_modules/@angular/compiler/fesm2022/compiler.mjs:32326:15)
	    at CompilerFacadeImpl.compileComponent (node_modules/@angular/compiler/fesm2022/compiler.mjs:32000:52)
	    at CodeSnippetComponent.╔╡cmp (node_modules/@angular/core/fesm2022/debug_node.mjs:30245:47)
	    at getComponentDef (node_modules/@angular/core/fesm2022/testing.mjs:1605:18)
	    at isStandaloneComponent (node_modules/@angular/core/fesm2022/testing.mjs:1601:17)
	    at queueTypesFromModulesArrayRecur (node_modules/@angular/core/fesm2022/testing.mjs:1325:26)
	    at TestBedCompiler.queueTypesFromModulesArray (node_modules/@angular/core/fesm2022/testing.mjs:1348:9)
	    at TestBedCompiler.configureTestingModule (node_modules/@angular/core/fesm2022/testing.mjs:856:18)
	    at TestBedImpl.configureTestingModule (node_modules/@angular/core/fesm2022/testing.mjs:1993:23)
	    at TestBedImpl.configureTestingModule (node_modules/@angular/core/fesm2022/testing.mjs:1805:37)
[1A[2K[31mChrome Headless 144.0.0.0 (Windows 10) CodeSnippetComponent should set status and icons for solved "Find It" phase FAILED[39m
	Failed: Errors during JIT compilation of template for CodeSnippetComponent: Unexpected closing tag "section". It may happen when the tag has already been closed by another tag. For more info see https://www.w3.org/TR/html5/syntax.html#closing-elements-that-have-implied-end-tags ("
	      </button>
	      }
	    [ERROR ->]</section>
	  </section>
	</mat-dialog-actions>"): ng:///CodeSnippetComponent/template.html@108:4
	    at parseJitTemplate (node_modules/@angular/compiler/fesm2022/compiler.mjs:32326:15)
	    at CompilerFacadeImpl.compileComponent (node_modules/@angular/compiler/fesm2022/compiler.mjs:32000:52)
	    at CodeSnippetComponent.╔╡cmp (node_modules/@angular/core/fesm2022/debug_node.mjs:30245:47)
	    at getComponentDef (node_modules/@angular/core/fesm2022/testing.mjs:1605:18)
	    at isStandaloneComponent (node_modules/@angular/core/fesm2022/testing.mjs:1601:17)
	    at queueTypesFromModulesArrayRecur (node_modules/@angular/core/fesm2022/testing.mjs:1325:26)
	    at TestBedCompiler.queueTypesFromModulesArray (node_modules/@angular/core/fesm2022/testing.mjs:1348:9)
	    at TestBedCompiler.configureTestingModule (node_modules/@angular/core/fesm2022/testing.mjs:856:18)
	    at TestBedImpl.configureTestingModule (node_modules/@angular/core/fesm2022/testing.mjs:1993:23)
	    at TestBedImpl.configureTestingModule (node_modules/@angular/core/fesm2022/testing.mjs:1805:37)
Chrome Headless 144.0.0.0 (Windows 10): Executed 597 of 767[31m (213 FAILED)[39m (skipped 3) (0 secs / 7.649 secs)
Chrome Headless 144.0.0.0 (Windows 10) CodeSnippetComponent should set status and icons for solved "Find It" phase FAILED
	Failed: Errors during JIT compilation of template for CodeSnippetComponent: Unexpected closing tag "section". It may happen when the tag has already been closed by another tag. For more info see https://www.w3.org/TR/html5/syntax.html#closing-elements-that-have-implied-end-tags ("
	      </button>
	      }
	    [ERROR ->]</section>
	  </section>
	</mat-dialog-actions>"): ng:///CodeSnippetComponent/template.html@108:4
	    at parseJitTemplate (node_modules/@angular/compiler/fesm2022/compiler.mjs:32326:15)
	    at CompilerFacadeImpl.compileComponent (node_modules/@angular/compiler/fesm2022/compiler.mjs:32000:52)
	    at CodeSnippetComponent.╔╡cmp (node_modules/@angular/core/fesm2022/debug_node.mjs:30245:47)
	    at getComponentDef (node_modules/@angular/core/fesm2022/testing.mjs:1605:18)
	    at isStandaloneComponent (node_modules/@angular/core/fesm2022/testing.mjs:1601:17)
	    at queueTypesFromModulesArrayRecur (node_modules/@angular/core/fesm2022/testing.mjs:1325:26)
	    at TestBedCompiler.queueTypesFromModulesArray (node_modules/@angular/core/fesm2022/testing.mjs:1348:9)
	    at TestBedCompiler.configureTestingModule (node_modules/@angular/core/fesm2022/testing.mjs:856:18)
	    at TestBedImpl.configureTestingModule (node_modules/@angular/core/fesm2022/testing.mjs:1993:23)
	    at TestBedImpl.configureTestingModule (node_modules/@angular/core/fesm2022/testing.mjs:1805:37)
[1A[2K[31mChrome Headless 144.0.0.0 (Windows 10) CodeSnippetComponent should create FAILED[39m
	Failed: Errors during JIT compilation of template for CodeSnippetComponent: Unexpected closing tag "section". It may happen when the tag has already been closed by another tag. For more info see https://www.w3.org/TR/html5/syntax.html#closing-elements-that-have-implied-end-tags ("
	      </button>
	      }
	    [ERROR ->]</section>
	  </section>
	</mat-dialog-actions>"): ng:///CodeSnippetComponent/template.html@108:4
	    at parseJitTemplate (node_modules/@angular/compiler/fesm2022/compiler.mjs:32326:15)
	    at CompilerFacadeImpl.compileComponent (node_modules/@angular/compiler/fesm2022/compiler.mjs:32000:52)
	    at CodeSnippetComponent.╔╡cmp (node_modules/@angular/core/fesm2022/debug_node.mjs:30245:47)
	    at getComponentDef (node_modules/@angular/core/fesm2022/testing.mjs:1605:18)
	    at isStandaloneComponent (node_modules/@angular/core/fesm2022/testing.mjs:1601:17)
	    at queueTypesFromModulesArrayRecur (node_modules/@angular/core/fesm2022/testing.mjs:1325:26)
	    at TestBedCompiler.queueTypesFromModulesArray (node_modules/@angular/core/fesm2022/testing.mjs:1348:9)
	    at TestBedCompiler.configureTestingModule (node_modules/@angular/core/fesm2022/testing.mjs:856:18)
	    at TestBedImpl.configureTestingModule (node_modules/@angular/core/fesm2022/testing.mjs:1993:23)
	    at TestBedImpl.configureTestingModule (node_modules/@angular/core/fesm2022/testing.mjs:1805:37)
Chrome Headless 144.0.0.0 (Windows 10): Executed 598 of 767[31m (214 FAILED)[39m (skipped 3) (0 secs / 7.651 secs)
Chrome Headless 144.0.0.0 (Windows 10) CodeSnippetComponent should create FAILED
	Failed: Errors during JIT compilation of template for CodeSnippetComponent: Unexpected closing tag "section". It may happen when the tag has already been closed by another tag. For more info see https://www.w3.org/TR/html5/syntax.html#closing-elements-that-have-implied-end-tags ("
	      </button>
	      }
	    [ERROR ->]</section>
	  </section>
	</mat-dialog-actions>"): ng:///CodeSnippetComponent/template.html@108:4
	    at parseJitTemplate (node_modules/@angular/compiler/fesm2022/compiler.mjs:32326:15)
	    at CompilerFacadeImpl.compileComponent (node_modules/@angular/compiler/fesm2022/compiler.mjs:32000:52)
	    at CodeSnippetComponent.╔╡cmp (node_modules/@angular/core/fesm2022/debug_node.mjs:30245:47)
	    at getComponentDef (node_modules/@angular/core/fesm2022/testing.mjs:1605:18)
	    at isStandaloneComponent (node_modules/@angular/core/fesm2022/testing.mjs:1601:17)
	    at queueTypesFromModulesArrayRecur (node_modules/@angular/core/fesm2022/testing.mjs:1325:26)
	    at TestBedCompiler.queueTypesFromModulesArray (node_modules/@angular/core/fesm2022/testing.mjs:1348:9)
	    at TestBedCompiler.configureTestingModule (node_modules/@angular/core/fesm2022/testing.mjs:856:18)
	    at TestBedImpl.configureTestingModule (node_modules/@angular/core/fesm2022/testing.mjs:1993:23)
	    at TestBedImpl.configureTestingModule (node_modules/@angular/core/fesm2022/testing.mjs:1805:37)
[1A[2K[31mChrome Headless 144.0.0.0 (Windows 10) CodeSnippetComponent selecting a code fix clears previous explanation FAILED[39m
	Failed: Errors during JIT compilation of template for CodeSnippetComponent: Unexpected closing tag "section". It may happen when the tag has already been closed by another tag. For more info see https://www.w3.org/TR/html5/syntax.html#closing-elements-that-have-implied-end-tags ("
	      </button>
	      }
	    [ERROR ->]</section>
	  </section>
	</mat-dialog-actions>"): ng:///CodeSnippetComponent/template.html@108:4
	    at parseJitTemplate (node_modules/@angular/compiler/fesm2022/compiler.mjs:32326:15)
	    at CompilerFacadeImpl.compileComponent (node_modules/@angular/compiler/fesm2022/compiler.mjs:32000:52)
	    at CodeSnippetComponent.╔╡cmp (node_modules/@angular/core/fesm2022/debug_node.mjs:30245:47)
	    at getComponentDef (node_modules/@angular/core/fesm2022/testing.mjs:1605:18)
	    at isStandaloneComponent (node_modules/@angular/core/fesm2022/testing.mjs:1601:17)
	    at queueTypesFromModulesArrayRecur (node_modules/@angular/core/fesm2022/testing.mjs:1325:26)
	    at TestBedCompiler.queueTypesFromModulesArray (node_modules/@angular/core/fesm2022/testing.mjs:1348:9)
	    at TestBedCompiler.configureTestingModule (node_modules/@angular/core/fesm2022/testing.mjs:856:18)
	    at TestBedImpl.configureTestingModule (node_modules/@angular/core/fesm2022/testing.mjs:1993:23)
	    at TestBedImpl.configureTestingModule (node_modules/@angular/core/fesm2022/testing.mjs:1805:37)
Chrome Headless 144.0.0.0 (Windows 10): Executed 599 of 767[31m (215 FAILED)[39m (skipped 3) (0 secs / 7.653 secs)
Chrome Headless 144.0.0.0 (Windows 10) CodeSnippetComponent selecting a code fix clears previous explanation FAILED
	Failed: Errors during JIT compilation of template for CodeSnippetComponent: Unexpected closing tag "section". It may happen when the tag has already been closed by another tag. For more info see https://www.w3.org/TR/html5/syntax.html#closing-elements-that-have-implied-end-tags ("
	      </button>
	      }
	    [ERROR ->]</section>
	  </section>
	</mat-dialog-actions>"): ng:///CodeSnippetComponent/template.html@108:4
	    at parseJitTemplate (node_modules/@angular/compiler/fesm2022/compiler.mjs:32326:15)
	    at CompilerFacadeImpl.compileComponent (node_modules/@angular/compiler/fesm2022/compiler.mjs:32000:52)
	    at CodeSnippetComponent.╔╡cmp (node_modules/@angular/core/fesm2022/debug_node.mjs:30245:47)
	    at getComponentDef (node_modules/@angular/core/fesm2022/testing.mjs:1605:18)
	    at isStandaloneComponent (node_modules/@angular/core/fesm2022/testing.mjs:1601:17)
	    at queueTypesFromModulesArrayRecur (node_modules/@angular/core/fesm2022/testing.mjs:1325:26)
	    at TestBedCompiler.queueTypesFromModulesArray (node_modules/@angular/core/fesm2022/testing.mjs:1348:9)
	    at TestBedCompiler.configureTestingModule (node_modules/@angular/core/fesm2022/testing.mjs:856:18)
	    at TestBedImpl.configureTestingModule (node_modules/@angular/core/fesm2022/testing.mjs:1993:23)
	    at TestBedImpl.configureTestingModule (node_modules/@angular/core/fesm2022/testing.mjs:1805:37)
[1A[2K[31mChrome Headless 144.0.0.0 (Windows 10) CodeSnippetComponent should set the retrieved snippet FAILED[39m
	Failed: Errors during JIT compilation of template for CodeSnippetComponent: Unexpected closing tag "section". It may happen when the tag has already been closed by another tag. For more info see https://www.w3.org/TR/html5/syntax.html#closing-elements-that-have-implied-end-tags ("
	      </button>
	      }
	    [ERROR ->]</section>
	  </section>
	</mat-dialog-actions>"): ng:///CodeSnippetComponent/template.html@108:4
	    at parseJitTemplate (node_modules/@angular/compiler/fesm2022/compiler.mjs:32326:15)
	    at CompilerFacadeImpl.compileComponent (node_modules/@angular/compiler/fesm2022/compiler.mjs:32000:52)
	    at CodeSnippetComponent.╔╡cmp (node_modules/@angular/core/fesm2022/debug_node.mjs:30245:47)
	    at getComponentDef (node_modules/@angular/core/fesm2022/testing.mjs:1605:18)
	    at isStandaloneComponent (node_modules/@angular/core/fesm2022/testing.mjs:1601:17)
	    at queueTypesFromModulesArrayRecur (node_modules/@angular/core/fesm2022/testing.mjs:1325:26)
	    at TestBedCompiler.queueTypesFromModulesArray (node_modules/@angular/core/fesm2022/testing.mjs:1348:9)
	    at TestBedCompiler.configureTestingModule (node_modules/@angular/core/fesm2022/testing.mjs:856:18)
	    at TestBedImpl.configureTestingModule (node_modules/@angular/core/fesm2022/testing.mjs:1993:23)
	    at TestBedImpl.configureTestingModule (node_modules/@angular/core/fesm2022/testing.mjs:1805:37)
Chrome Headless 144.0.0.0 (Windows 10): Executed 600 of 767[31m (216 FAILED)[39m (skipped 3) (0 secs / 7.656 secs)
Chrome Headless 144.0.0.0 (Windows 10) CodeSnippetComponent should set the retrieved snippet FAILED
	Failed: Errors during JIT compilation of template for CodeSnippetComponent: Unexpected closing tag "section". It may happen when the tag has already been closed by another tag. For more info see https://www.w3.org/TR/html5/syntax.html#closing-elements-that-have-implied-end-tags ("
	      </button>
	      }
	    [ERROR ->]</section>
	  </section>
	</mat-dialog-actions>"): ng:///CodeSnippetComponent/template.html@108:4
	    at parseJitTemplate (node_modules/@angular/compiler/fesm2022/compiler.mjs:32326:15)
	    at CompilerFacadeImpl.compileComponent (node_modules/@angular/compiler/fesm2022/compiler.mjs:32000:52)
	    at CodeSnippetComponent.╔╡cmp (node_modules/@angular/core/fesm2022/debug_node.mjs:30245:47)
	    at getComponentDef (node_modules/@angular/core/fesm2022/testing.mjs:1605:18)
	    at isStandaloneComponent (node_modules/@angular/core/fesm2022/testing.mjs:1601:17)
	    at queueTypesFromModulesArrayRecur (node_modules/@angular/core/fesm2022/testing.mjs:1325:26)
	    at TestBedCompiler.queueTypesFromModulesArray (node_modules/@angular/core/fesm2022/testing.mjs:1348:9)
	    at TestBedCompiler.configureTestingModule (node_modules/@angular/core/fesm2022/testing.mjs:856:18)
	    at TestBedImpl.configureTestingModule (node_modules/@angular/core/fesm2022/testing.mjs:1993:23)
	    at TestBedImpl.configureTestingModule (node_modules/@angular/core/fesm2022/testing.mjs:1805:37)
[1A[2K[31mChrome Headless 144.0.0.0 (Windows 10) CodeSnippetComponent result icon is red "clear" when wrong answer has been submitted FAILED[39m
	Failed: Errors during JIT compilation of template for CodeSnippetComponent: Unexpected closing tag "section". It may happen when the tag has already been closed by another tag. For more info see https://www.w3.org/TR/html5/syntax.html#closing-elements-that-have-implied-end-tags ("
	      </button>
	      }
	    [ERROR ->]</section>
	  </section>
	</mat-dialog-actions>"): ng:///CodeSnippetComponent/template.html@108:4
	    at parseJitTemplate (node_modules/@angular/compiler/fesm2022/compiler.mjs:32326:15)
	    at CompilerFacadeImpl.compileComponent (node_modules/@angular/compiler/fesm2022/compiler.mjs:32000:52)
	    at CodeSnippetComponent.╔╡cmp (node_modules/@angular/core/fesm2022/debug_node.mjs:30245:47)
	    at getComponentDef (node_modules/@angular/core/fesm2022/testing.mjs:1605:18)
	    at isStandaloneComponent (node_modules/@angular/core/fesm2022/testing.mjs:1601:17)
	    at queueTypesFromModulesArrayRecur (node_modules/@angular/core/fesm2022/testing.mjs:1325:26)
	    at TestBedCompiler.queueTypesFromModulesArray (node_modules/@angular/core/fesm2022/testing.mjs:1348:9)
	    at TestBedCompiler.configureTestingModule (node_modules/@angular/core/fesm2022/testing.mjs:856:18)
	    at TestBedImpl.configureTestingModule (node_modules/@angular/core/fesm2022/testing.mjs:1993:23)
	    at TestBedImpl.configureTestingModule (node_modules/@angular/core/fesm2022/testing.mjs:1805:37)
Chrome Headless 144.0.0.0 (Windows 10): Executed 601 of 767[31m (217 FAILED)[39m (skipped 3) (0 secs / 7.659 secs)
Chrome Headless 144.0.0.0 (Windows 10) CodeSnippetComponent result icon is red "clear" when wrong answer has been submitted FAILED
	Failed: Errors during JIT compilation of template for CodeSnippetComponent: Unexpected closing tag "section". It may happen when the tag has already been closed by another tag. For more info see https://www.w3.org/TR/html5/syntax.html#closing-elements-that-have-implied-end-tags ("
	      </button>
	      }
	    [ERROR ->]</section>
	  </section>
	</mat-dialog-actions>"): ng:///CodeSnippetComponent/template.html@108:4
	    at parseJitTemplate (node_modules/@angular/compiler/fesm2022/compiler.mjs:32326:15)
	    at CompilerFacadeImpl.compileComponent (node_modules/@angular/compiler/fesm2022/compiler.mjs:32000:52)
	    at CodeSnippetComponent.╔╡cmp (node_modules/@angular/core/fesm2022/debug_node.mjs:30245:47)
	    at getComponentDef (node_modules/@angular/core/fesm2022/testing.mjs:1605:18)
	    at isStandaloneComponent (node_modules/@angular/core/fesm2022/testing.mjs:1601:17)
	    at queueTypesFromModulesArrayRecur (node_modules/@angular/core/fesm2022/testing.mjs:1325:26)
	    at TestBedCompiler.queueTypesFromModulesArray (node_modules/@angular/core/fesm2022/testing.mjs:1348:9)
	    at TestBedCompiler.configureTestingModule (node_modules/@angular/core/fesm2022/testing.mjs:856:18)
	    at TestBedImpl.configureTestingModule (node_modules/@angular/core/fesm2022/testing.mjs:1993:23)
	    at TestBedImpl.configureTestingModule (node_modules/@angular/core/fesm2022/testing.mjs:1805:37)
[1A[2K[31mChrome Headless 144.0.0.0 (Windows 10) CodeSnippetComponent result icon is green "check" when right answer has been submitted FAILED[39m
	Failed: Errors during JIT compilation of template for CodeSnippetComponent: Unexpected closing tag "section". It may happen when the tag has already been closed by another tag. For more info see https://www.w3.org/TR/html5/syntax.html#closing-elements-that-have-implied-end-tags ("
	      </button>
	      }
	    [ERROR ->]</section>
	  </section>
	</mat-dialog-actions>"): ng:///CodeSnippetComponent/template.html@108:4
	    at parseJitTemplate (node_modules/@angular/compiler/fesm2022/compiler.mjs:32326:15)
	    at CompilerFacadeImpl.compileComponent (node_modules/@angular/compiler/fesm2022/compiler.mjs:32000:52)
	    at CodeSnippetComponent.╔╡cmp (node_modules/@angular/core/fesm2022/debug_node.mjs:30245:47)
	    at getComponentDef (node_modules/@angular/core/fesm2022/testing.mjs:1605:18)
	    at isStandaloneComponent (node_modules/@angular/core/fesm2022/testing.mjs:1601:17)
	    at queueTypesFromModulesArrayRecur (node_modules/@angular/core/fesm2022/testing.mjs:1325:26)
	    at TestBedCompiler.queueTypesFromModulesArray (node_modules/@angular/core/fesm2022/testing.mjs:1348:9)
	    at TestBedCompiler.configureTestingModule (node_modules/@angular/core/fesm2022/testing.mjs:856:18)
	    at TestBedImpl.configureTestingModule (node_modules/@angular/core/fesm2022/testing.mjs:1993:23)
	    at TestBedImpl.configureTestingModule (node_modules/@angular/core/fesm2022/testing.mjs:1805:37)
Chrome Headless 144.0.0.0 (Windows 10): Executed 602 of 767[31m (218 FAILED)[39m (skipped 3) (0 secs / 7.667 secs)
Chrome Headless 144.0.0.0 (Windows 10) CodeSnippetComponent result icon is green "check" when right answer has been submitted FAILED
	Failed: Errors during JIT compilation of template for CodeSnippetComponent: Unexpected closing tag "section". It may happen when the tag has already been closed by another tag. For more info see https://www.w3.org/TR/html5/syntax.html#closing-elements-that-have-implied-end-tags ("
	      </button>
	      }
	    [ERROR ->]</section>
	  </section>
	</mat-dialog-actions>"): ng:///CodeSnippetComponent/template.html@108:4
	    at parseJitTemplate (node_modules/@angular/compiler/fesm2022/compiler.mjs:32326:15)
	    at CompilerFacadeImpl.compileComponent (node_modules/@angular/compiler/fesm2022/compiler.mjs:32000:52)
	    at CodeSnippetComponent.╔╡cmp (node_modules/@angular/core/fesm2022/debug_node.mjs:30245:47)
	    at getComponentDef (node_modules/@angular/core/fesm2022/testing.mjs:1605:18)
	    at isStandaloneComponent (node_modules/@angular/core/fesm2022/testing.mjs:1601:17)
	    at queueTypesFromModulesArrayRecur (node_modules/@angular/core/fesm2022/testing.mjs:1325:26)
	    at TestBedCompiler.queueTypesFromModulesArray (node_modules/@angular/core/fesm2022/testing.mjs:1348:9)
	    at TestBedCompiler.configureTestingModule (node_modules/@angular/core/fesm2022/testing.mjs:856:18)
	    at TestBedImpl.configureTestingModule (node_modules/@angular/core/fesm2022/testing.mjs:1993:23)
	    at TestBedImpl.configureTestingModule (node_modules/@angular/core/fesm2022/testing.mjs:1805:37)
[1A[2K[31mChrome Headless 144.0.0.0 (Windows 10) CodeSnippetComponent selected code lines are set in component FAILED[39m
	Failed: Errors during JIT compilation of template for CodeSnippetComponent: Unexpected closing tag "section". It may happen when the tag has already been closed by another tag. For more info see https://www.w3.org/TR/html5/syntax.html#closing-elements-that-have-implied-end-tags ("
	      </button>
	      }
	    [ERROR ->]</section>
	  </section>
	</mat-dialog-actions>"): ng:///CodeSnippetComponent/template.html@108:4
	    at parseJitTemplate (node_modules/@angular/compiler/fesm2022/compiler.mjs:32326:15)
	    at CompilerFacadeImpl.compileComponent (node_modules/@angular/compiler/fesm2022/compiler.mjs:32000:52)
	    at CodeSnippetComponent.╔╡cmp (node_modules/@angular/core/fesm2022/debug_node.mjs:30245:47)
	    at getComponentDef (node_modules/@angular/core/fesm2022/testing.mjs:1605:18)
	    at isStandaloneComponent (node_modules/@angular/core/fesm2022/testing.mjs:1601:17)
	    at queueTypesFromModulesArrayRecur (node_modules/@angular/core/fesm2022/testing.mjs:1325:26)
	    at TestBedCompiler.queueTypesFromModulesArray (node_modules/@angular/core/fesm2022/testing.mjs:1348:9)
	    at TestBedCompiler.configureTestingModule (node_modules/@angular/core/fesm2022/testing.mjs:856:18)
	    at TestBedImpl.configureTestingModule (node_modules/@angular/core/fesm2022/testing.mjs:1993:23)
	    at TestBedImpl.configureTestingModule (node_modules/@angular/core/fesm2022/testing.mjs:1805:37)
Chrome Headless 144.0.0.0 (Windows 10): Executed 603 of 767[31m (219 FAILED)[39m (skipped 3) (0 secs / 7.669 secs)
Chrome Headless 144.0.0.0 (Windows 10) CodeSnippetComponent selected code lines are set in component FAILED
	Failed: Errors during JIT compilation of template for CodeSnippetComponent: Unexpected closing tag "section". It may happen when the tag has already been closed by another tag. For more info see https://www.w3.org/TR/html5/syntax.html#closing-elements-that-have-implied-end-tags ("
	      </button>
	      }
	    [ERROR ->]</section>
	  </section>
	</mat-dialog-actions>"): ng:///CodeSnippetComponent/template.html@108:4
	    at parseJitTemplate (node_modules/@angular/compiler/fesm2022/compiler.mjs:32326:15)
	    at CompilerFacadeImpl.compileComponent (node_modules/@angular/compiler/fesm2022/compiler.mjs:32000:52)
	    at CodeSnippetComponent.╔╡cmp (node_modules/@angular/core/fesm2022/debug_node.mjs:30245:47)
	    at getComponentDef (node_modules/@angular/core/fesm2022/testing.mjs:1605:18)
	    at isStandaloneComponent (node_modules/@angular/core/fesm2022/testing.mjs:1601:17)
	    at queueTypesFromModulesArrayRecur (node_modules/@angular/core/fesm2022/testing.mjs:1325:26)
	    at TestBedCompiler.queueTypesFromModulesArray (node_modules/@angular/core/fesm2022/testing.mjs:1348:9)
	    at TestBedCompiler.configureTestingModule (node_modules/@angular/core/fesm2022/testing.mjs:856:18)
	    at TestBedImpl.configureTestingModule (node_modules/@angular/core/fesm2022/testing.mjs:1993:23)
	    at TestBedImpl.configureTestingModule (node_modules/@angular/core/fesm2022/testing.mjs:1805:37)
[1A[2K[31mChrome Headless 144.0.0.0 (Windows 10) CodeSnippetComponent should set an error on snippet retrieval as the snippet FAILED[39m
	Failed: Errors during JIT compilation of template for CodeSnippetComponent: Unexpected closing tag "section". It may happen when the tag has already been closed by another tag. For more info see https://www.w3.org/TR/html5/syntax.html#closing-elements-that-have-implied-end-tags ("
	      </button>
	      }
	    [ERROR ->]</section>
	  </section>
	</mat-dialog-actions>"): ng:///CodeSnippetComponent/template.html@108:4
	    at parseJitTemplate (node_modules/@angular/compiler/fesm2022/compiler.mjs:32326:15)
	    at CompilerFacadeImpl.compileComponent (node_modules/@angular/compiler/fesm2022/compiler.mjs:32000:52)
	    at CodeSnippetComponent.╔╡cmp (node_modules/@angular/core/fesm2022/debug_node.mjs:30245:47)
	    at getComponentDef (node_modules/@angular/core/fesm2022/testing.mjs:1605:18)
	    at isStandaloneComponent (node_modules/@angular/core/fesm2022/testing.mjs:1601:17)
	    at queueTypesFromModulesArrayRecur (node_modules/@angular/core/fesm2022/testing.mjs:1325:26)
	    at TestBedCompiler.queueTypesFromModulesArray (node_modules/@angular/core/fesm2022/testing.mjs:1348:9)
	    at TestBedCompiler.configureTestingModule (node_modules/@angular/core/fesm2022/testing.mjs:856:18)
	    at TestBedImpl.configureTestingModule (node_modules/@angular/core/fesm2022/testing.mjs:1993:23)
	    at TestBedImpl.configureTestingModule (node_modules/@angular/core/fesm2022/testing.mjs:1805:37)
Chrome Headless 144.0.0.0 (Windows 10): Executed 604 of 767[31m (220 FAILED)[39m (skipped 3) (0 secs / 7.685 secs)
Chrome Headless 144.0.0.0 (Windows 10) CodeSnippetComponent should set an error on snippet retrieval as the snippet FAILED
	Failed: Errors during JIT compilation of template for CodeSnippetComponent: Unexpected closing tag "section". It may happen when the tag has already been closed by another tag. For more info see https://www.w3.org/TR/html5/syntax.html#closing-elements-that-have-implied-end-tags ("
	      </button>
	      }
	    [ERROR ->]</section>
	  </section>
	</mat-dialog-actions>"): ng:///CodeSnippetComponent/template.html@108:4
	    at parseJitTemplate (node_modules/@angular/compiler/fesm2022/compiler.mjs:32326:15)
	    at CompilerFacadeImpl.compileComponent (node_modules/@angular/compiler/fesm2022/compiler.mjs:32000:52)
	    at CodeSnippetComponent.╔╡cmp (node_modules/@angular/core/fesm2022/debug_node.mjs:30245:47)
	    at getComponentDef (node_modules/@angular/core/fesm2022/testing.mjs:1605:18)
	    at isStandaloneComponent (node_modules/@angular/core/fesm2022/testing.mjs:1601:17)
	    at queueTypesFromModulesArrayRecur (node_modules/@angular/core/fesm2022/testing.mjs:1325:26)
	    at TestBedCompiler.queueTypesFromModulesArray (node_modules/@angular/core/fesm2022/testing.mjs:1348:9)
	    at TestBedCompiler.configureTestingModule (node_modules/@angular/core/fesm2022/testing.mjs:856:18)
	    at TestBedImpl.configureTestingModule (node_modules/@angular/core/fesm2022/testing.mjs:1993:23)
	    at TestBedImpl.configureTestingModule (node_modules/@angular/core/fesm2022/testing.mjs:1805:37)
[1A[2K[31mChrome Headless 144.0.0.0 (Windows 10) CodeSnippetComponent should set empty fixes on error during fixes retrieval FAILED[39m
	Failed: Errors during JIT compilation of template for CodeSnippetComponent: Unexpected closing tag "section". It may happen when the tag has already been closed by another tag. For more info see https://www.w3.org/TR/html5/syntax.html#closing-elements-that-have-implied-end-tags ("
	      </button>
	      }
	    [ERROR ->]</section>
	  </section>
	</mat-dialog-actions>"): ng:///CodeSnippetComponent/template.html@108:4
	    at parseJitTemplate (node_modules/@angular/compiler/fesm2022/compiler.mjs:32326:15)
	    at CompilerFacadeImpl.compileComponent (node_modules/@angular/compiler/fesm2022/compiler.mjs:32000:52)
	    at CodeSnippetComponent.╔╡cmp (node_modules/@angular/core/fesm2022/debug_node.mjs:30245:47)
	    at getComponentDef (node_modules/@angular/core/fesm2022/testing.mjs:1605:18)
	    at isStandaloneComponent (node_modules/@angular/core/fesm2022/testing.mjs:1601:17)
	    at queueTypesFromModulesArrayRecur (node_modules/@angular/core/fesm2022/testing.mjs:1325:26)
	    at TestBedCompiler.queueTypesFromModulesArray (node_modules/@angular/core/fesm2022/testing.mjs:1348:9)
	    at TestBedCompiler.configureTestingModule (node_modules/@angular/core/fesm2022/testing.mjs:856:18)
	    at TestBedImpl.configureTestingModule (node_modules/@angular/core/fesm2022/testing.mjs:1993:23)
	    at TestBedImpl.configureTestingModule (node_modules/@angular/core/fesm2022/testing.mjs:1805:37)
Chrome Headless 144.0.0.0 (Windows 10): Executed 605 of 767[31m (221 FAILED)[39m (skipped 3) (0 secs / 7.687 secs)
Chrome Headless 144.0.0.0 (Windows 10) CodeSnippetComponent should set empty fixes on error during fixes retrieval FAILED
	Failed: Errors during JIT compilation of template for CodeSnippetComponent: Unexpected closing tag "section". It may happen when the tag has already been closed by another tag. For more info see https://www.w3.org/TR/html5/syntax.html#closing-elements-that-have-implied-end-tags ("
	      </button>
	      }
	    [ERROR ->]</section>
	  </section>
	</mat-dialog-actions>"): ng:///CodeSnippetComponent/template.html@108:4
	    at parseJitTemplate (node_modules/@angular/compiler/fesm2022/compiler.mjs:32326:15)
	    at CompilerFacadeImpl.compileComponent (node_modules/@angular/compiler/fesm2022/compiler.mjs:32000:52)
	    at CodeSnippetComponent.╔╡cmp (node_modules/@angular/core/fesm2022/debug_node.mjs:30245:47)
	    at getComponentDef (node_modules/@angular/core/fesm2022/testing.mjs:1605:18)
	    at isStandaloneComponent (node_modules/@angular/core/fesm2022/testing.mjs:1601:17)
	    at queueTypesFromModulesArrayRecur (node_modules/@angular/core/fesm2022/testing.mjs:1325:26)
	    at TestBedCompiler.queueTypesFromModulesArray (node_modules/@angular/core/fesm2022/testing.mjs:1348:9)
	    at TestBedCompiler.configureTestingModule (node_modules/@angular/core/fesm2022/testing.mjs:856:18)
	    at TestBedImpl.configureTestingModule (node_modules/@angular/core/fesm2022/testing.mjs:1993:23)
	    at TestBedImpl.configureTestingModule (node_modules/@angular/core/fesm2022/testing.mjs:1805:37)
[1A[2K[31mChrome Headless 144.0.0.0 (Windows 10) CodeSnippetComponent Find It lock icon is red and "locked" when "Find It" phase is unsolved FAILED[39m
	Failed: Errors during JIT compilation of template for CodeSnippetComponent: Unexpected closing tag "section". It may happen when the tag has already been closed by another tag. For more info see https://www.w3.org/TR/html5/syntax.html#closing-elements-that-have-implied-end-tags ("
	      </button>
	      }
	    [ERROR ->]</section>
	  </section>
	</mat-dialog-actions>"): ng:///CodeSnippetComponent/template.html@108:4
	    at parseJitTemplate (node_modules/@angular/compiler/fesm2022/compiler.mjs:32326:15)
	    at CompilerFacadeImpl.compileComponent (node_modules/@angular/compiler/fesm2022/compiler.mjs:32000:52)
	    at CodeSnippetComponent.╔╡cmp (node_modules/@angular/core/fesm2022/debug_node.mjs:30245:47)
	    at getComponentDef (node_modules/@angular/core/fesm2022/testing.mjs:1605:18)
	    at isStandaloneComponent (node_modules/@angular/core/fesm2022/testing.mjs:1601:17)
	    at queueTypesFromModulesArrayRecur (node_modules/@angular/core/fesm2022/testing.mjs:1325:26)
	    at TestBedCompiler.queueTypesFromModulesArray (node_modules/@angular/core/fesm2022/testing.mjs:1348:9)
	    at TestBedCompiler.configureTestingModule (node_modules/@angular/core/fesm2022/testing.mjs:856:18)
	    at TestBedImpl.configureTestingModule (node_modules/@angular/core/fesm2022/testing.mjs:1993:23)
	    at TestBedImpl.configureTestingModule (node_modules/@angular/core/fesm2022/testing.mjs:1805:37)
Chrome Headless 144.0.0.0 (Windows 10): Executed 606 of 767[31m (222 FAILED)[39m (skipped 3) (0 secs / 7.688 secs)
Chrome Headless 144.0.0.0 (Windows 10) CodeSnippetComponent Find It lock icon is red and "locked" when "Find It" phase is unsolved FAILED
	Failed: Errors during JIT compilation of template for CodeSnippetComponent: Unexpected closing tag "section". It may happen when the tag has already been closed by another tag. For more info see https://www.w3.org/TR/html5/syntax.html#closing-elements-that-have-implied-end-tags ("
	      </button>
	      }
	    [ERROR ->]</section>
	  </section>
	</mat-dialog-actions>"): ng:///CodeSnippetComponent/template.html@108:4
	    at parseJitTemplate (node_modules/@angular/compiler/fesm2022/compiler.mjs:32326:15)
	    at CompilerFacadeImpl.compileComponent (node_modules/@angular/compiler/fesm2022/compiler.mjs:32000:52)
	    at CodeSnippetComponent.╔╡cmp (node_modules/@angular/core/fesm2022/debug_node.mjs:30245:47)
	    at getComponentDef (node_modules/@angular/core/fesm2022/testing.mjs:1605:18)
	    at isStandaloneComponent (node_modules/@angular/core/fesm2022/testing.mjs:1601:17)
	    at queueTypesFromModulesArrayRecur (node_modules/@angular/core/fesm2022/testing.mjs:1325:26)
	    at TestBedCompiler.queueTypesFromModulesArray (node_modules/@angular/core/fesm2022/testing.mjs:1348:9)
	    at TestBedCompiler.configureTestingModule (node_modules/@angular/core/fesm2022/testing.mjs:856:18)
	    at TestBedImpl.configureTestingModule (node_modules/@angular/core/fesm2022/testing.mjs:1993:23)
	    at TestBedImpl.configureTestingModule (node_modules/@angular/core/fesm2022/testing.mjs:1805:37)
[1A[2K[31mChrome Headless 144.0.0.0 (Windows 10) CodeSnippetComponent should remember the original order of available code fix options when shuffling FAILED[39m
	Failed: Errors during JIT compilation of template for CodeSnippetComponent: Unexpected closing tag "section". It may happen when the tag has already been closed by another tag. For more info see https://www.w3.org/TR/html5/syntax.html#closing-elements-that-have-implied-end-tags ("
	      </button>
	      }
	    [ERROR ->]</section>
	  </section>
	</mat-dialog-actions>"): ng:///CodeSnippetComponent/template.html@108:4
	    at parseJitTemplate (node_modules/@angular/compiler/fesm2022/compiler.mjs:32326:15)
	    at CompilerFacadeImpl.compileComponent (node_modules/@angular/compiler/fesm2022/compiler.mjs:32000:52)
	    at CodeSnippetComponent.╔╡cmp (node_modules/@angular/core/fesm2022/debug_node.mjs:30245:47)
	    at getComponentDef (node_modules/@angular/core/fesm2022/testing.mjs:1605:18)
	    at isStandaloneComponent (node_modules/@angular/core/fesm2022/testing.mjs:1601:17)
	    at queueTypesFromModulesArrayRecur (node_modules/@angular/core/fesm2022/testing.mjs:1325:26)
	    at TestBedCompiler.queueTypesFromModulesArray (node_modules/@angular/core/fesm2022/testing.mjs:1348:9)
	    at TestBedCompiler.configureTestingModule (node_modules/@angular/core/fesm2022/testing.mjs:856:18)
	    at TestBedImpl.configureTestingModule (node_modules/@angular/core/fesm2022/testing.mjs:1993:23)
	    at TestBedImpl.configureTestingModule (node_modules/@angular/core/fesm2022/testing.mjs:1805:37)
Chrome Headless 144.0.0.0 (Windows 10): Executed 607 of 767[31m (223 FAILED)[39m (skipped 3) (0 secs / 7.69 secs)
Chrome Headless 144.0.0.0 (Windows 10) CodeSnippetComponent should remember the original order of available code fix options when shuffling FAILED
	Failed: Errors during JIT compilation of template for CodeSnippetComponent: Unexpected closing tag "section". It may happen when the tag has already been closed by another tag. For more info see https://www.w3.org/TR/html5/syntax.html#closing-elements-that-have-implied-end-tags ("
	      </button>
	      }
	    [ERROR ->]</section>
	  </section>
	</mat-dialog-actions>"): ng:///CodeSnippetComponent/template.html@108:4
	    at parseJitTemplate (node_modules/@angular/compiler/fesm2022/compiler.mjs:32326:15)
	    at CompilerFacadeImpl.compileComponent (node_modules/@angular/compiler/fesm2022/compiler.mjs:32000:52)
	    at CodeSnippetComponent.╔╡cmp (node_modules/@angular/core/fesm2022/debug_node.mjs:30245:47)
	    at getComponentDef (node_modules/@angular/core/fesm2022/testing.mjs:1605:18)
	    at isStandaloneComponent (node_modules/@angular/core/fesm2022/testing.mjs:1601:17)
	    at queueTypesFromModulesArrayRecur (node_modules/@angular/core/fesm2022/testing.mjs:1325:26)
	    at TestBedCompiler.queueTypesFromModulesArray (node_modules/@angular/core/fesm2022/testing.mjs:1348:9)
	    at TestBedCompiler.configureTestingModule (node_modules/@angular/core/fesm2022/testing.mjs:856:18)
	    at TestBedImpl.configureTestingModule (node_modules/@angular/core/fesm2022/testing.mjs:1993:23)
	    at TestBedImpl.configureTestingModule (node_modules/@angular/core/fesm2022/testing.mjs:1805:37)
[1A[2K[31mChrome Headless 144.0.0.0 (Windows 10) CodeSnippetComponent correctly submitted vulnerable lines toggle positive verdict for "Find It" phase FAILED[39m
	Failed: Errors during JIT compilation of template for CodeSnippetComponent: Unexpected closing tag "section". It may happen when the tag has already been closed by another tag. For more info see https://www.w3.org/TR/html5/syntax.html#closing-elements-that-have-implied-end-tags ("
	      </button>
	      }
	    [ERROR ->]</section>
	  </section>
	</mat-dialog-actions>"): ng:///CodeSnippetComponent/template.html@108:4
	    at parseJitTemplate (node_modules/@angular/compiler/fesm2022/compiler.mjs:32326:15)
	    at CompilerFacadeImpl.compileComponent (node_modules/@angular/compiler/fesm2022/compiler.mjs:32000:52)
	    at CodeSnippetComponent.╔╡cmp (node_modules/@angular/core/fesm2022/debug_node.mjs:30245:47)
	    at getComponentDef (node_modules/@angular/core/fesm2022/testing.mjs:1605:18)
	    at isStandaloneComponent (node_modules/@angular/core/fesm2022/testing.mjs:1601:17)
	    at queueTypesFromModulesArrayRecur (node_modules/@angular/core/fesm2022/testing.mjs:1325:26)
	    at TestBedCompiler.queueTypesFromModulesArray (node_modules/@angular/core/fesm2022/testing.mjs:1348:9)
	    at TestBedCompiler.configureTestingModule (node_modules/@angular/core/fesm2022/testing.mjs:856:18)
	    at TestBedImpl.configureTestingModule (node_modules/@angular/core/fesm2022/testing.mjs:1993:23)
	    at TestBedImpl.configureTestingModule (node_modules/@angular/core/fesm2022/testing.mjs:1805:37)
Chrome Headless 144.0.0.0 (Windows 10): Executed 608 of 767[31m (224 FAILED)[39m (skipped 3) (0 secs / 7.695 secs)
Chrome Headless 144.0.0.0 (Windows 10) CodeSnippetComponent correctly submitted vulnerable lines toggle positive verdict for "Find It" phase FAILED
	Failed: Errors during JIT compilation of template for CodeSnippetComponent: Unexpected closing tag "section". It may happen when the tag has already been closed by another tag. For more info see https://www.w3.org/TR/html5/syntax.html#closing-elements-that-have-implied-end-tags ("
	      </button>
	      }
	    [ERROR ->]</section>
	  </section>
	</mat-dialog-actions>"): ng:///CodeSnippetComponent/template.html@108:4
	    at parseJitTemplate (node_modules/@angular/compiler/fesm2022/compiler.mjs:32326:15)
	    at CompilerFacadeImpl.compileComponent (node_modules/@angular/compiler/fesm2022/compiler.mjs:32000:52)
	    at CodeSnippetComponent.╔╡cmp (node_modules/@angular/core/fesm2022/debug_node.mjs:30245:47)
	    at getComponentDef (node_modules/@angular/core/fesm2022/testing.mjs:1605:18)
	    at isStandaloneComponent (node_modules/@angular/core/fesm2022/testing.mjs:1601:17)
	    at queueTypesFromModulesArrayRecur (node_modules/@angular/core/fesm2022/testing.mjs:1325:26)
	    at TestBedCompiler.queueTypesFromModulesArray (node_modules/@angular/core/fesm2022/testing.mjs:1348:9)
	    at TestBedCompiler.configureTestingModule (node_modules/@angular/core/fesm2022/testing.mjs:856:18)
	    at TestBedImpl.configureTestingModule (node_modules/@angular/core/fesm2022/testing.mjs:1993:23)
	    at TestBedImpl.configureTestingModule (node_modules/@angular/core/fesm2022/testing.mjs:1805:37)
[1A[2K[31mChrome Headless 144.0.0.0 (Windows 10) CodeSnippetComponent correctly submitted fix toggles positive verdict for "Fix It" phase FAILED[39m
	Failed: Errors during JIT compilation of template for CodeSnippetComponent: Unexpected closing tag "section". It may happen when the tag has already been closed by another tag. For more info see https://www.w3.org/TR/html5/syntax.html#closing-elements-that-have-implied-end-tags ("
	      </button>
	      }
	    [ERROR ->]</section>
	  </section>
	</mat-dialog-actions>"): ng:///CodeSnippetComponent/template.html@108:4
	    at parseJitTemplate (node_modules/@angular/compiler/fesm2022/compiler.mjs:32326:15)
	    at CompilerFacadeImpl.compileComponent (node_modules/@angular/compiler/fesm2022/compiler.mjs:32000:52)
	    at CodeSnippetComponent.╔╡cmp (node_modules/@angular/core/fesm2022/debug_node.mjs:30245:47)
	    at getComponentDef (node_modules/@angular/core/fesm2022/testing.mjs:1605:18)
	    at isStandaloneComponent (node_modules/@angular/core/fesm2022/testing.mjs:1601:17)
	    at queueTypesFromModulesArrayRecur (node_modules/@angular/core/fesm2022/testing.mjs:1325:26)
	    at TestBedCompiler.queueTypesFromModulesArray (node_modules/@angular/core/fesm2022/testing.mjs:1348:9)
	    at TestBedCompiler.configureTestingModule (node_modules/@angular/core/fesm2022/testing.mjs:856:18)
	    at TestBedImpl.configureTestingModule (node_modules/@angular/core/fesm2022/testing.mjs:1993:23)
	    at TestBedImpl.configureTestingModule (node_modules/@angular/core/fesm2022/testing.mjs:1805:37)
Chrome Headless 144.0.0.0 (Windows 10): Executed 609 of 767[31m (225 FAILED)[39m (skipped 3) (0 secs / 7.698 secs)
Chrome Headless 144.0.0.0 (Windows 10) CodeSnippetComponent correctly submitted fix toggles positive verdict for "Fix It" phase FAILED
	Failed: Errors during JIT compilation of template for CodeSnippetComponent: Unexpected closing tag "section". It may happen when the tag has already been closed by another tag. For more info see https://www.w3.org/TR/html5/syntax.html#closing-elements-that-have-implied-end-tags ("
	      </button>
	      }
	    [ERROR ->]</section>
	  </section>
	</mat-dialog-actions>"): ng:///CodeSnippetComponent/template.html@108:4
	    at parseJitTemplate (node_modules/@angular/compiler/fesm2022/compiler.mjs:32326:15)
	    at CompilerFacadeImpl.compileComponent (node_modules/@angular/compiler/fesm2022/compiler.mjs:32000:52)
	    at CodeSnippetComponent.╔╡cmp (node_modules/@angular/core/fesm2022/debug_node.mjs:30245:47)
	    at getComponentDef (node_modules/@angular/core/fesm2022/testing.mjs:1605:18)
	    at isStandaloneComponent (node_modules/@angular/core/fesm2022/testing.mjs:1601:17)
	    at queueTypesFromModulesArrayRecur (node_modules/@angular/core/fesm2022/testing.mjs:1325:26)
	    at TestBedCompiler.queueTypesFromModulesArray (node_modules/@angular/core/fesm2022/testing.mjs:1348:9)
	    at TestBedCompiler.configureTestingModule (node_modules/@angular/core/fesm2022/testing.mjs:856:18)
	    at TestBedImpl.configureTestingModule (node_modules/@angular/core/fesm2022/testing.mjs:1993:23)
	    at TestBedImpl.configureTestingModule (node_modules/@angular/core/fesm2022/testing.mjs:1805:37)
[1A[2K[31mChrome Headless 144.0.0.0 (Windows 10) AccountingComponent should hold no orders when getAll orders API call fails FAILED[39m
	Failed: Errors during JIT compilation of template for AccountingComponent: Unexpected closing tag "mat-table". It may happen when the tag has already been closed by another tag. For more info see https://www.w3.org/TR/html5/syntax.html#closing-elements-that-have-implied-end-tags ("
	            <mat-row *matRowDef="let row; columns: orderHistoryColumns;"></mat-row>
	
	          [ERROR ->]</mat-table>
	
	          <mat-paginator #paginatorOrderHistory [pageSize]="10" class="mat-elevation-"): ng:///AccountingComponent/template.html@87:10
	    at parseJitTemplate (node_modules/@angular/compiler/fesm2022/compiler.mjs:32326:15)
	    at CompilerFacadeImpl.compileComponent (node_modules/@angular/compiler/fesm2022/compiler.mjs:32000:52)
	    at AccountingComponent.╔╡cmp (node_modules/@angular/core/fesm2022/debug_node.mjs:30245:47)
	    at getComponentDef (node_modules/@angular/core/fesm2022/testing.mjs:1605:18)
	    at isStandaloneComponent (node_modules/@angular/core/fesm2022/testing.mjs:1601:17)
	    at queueTypesFromModulesArrayRecur (node_modules/@angular/core/fesm2022/testing.mjs:1325:26)
	    at TestBedCompiler.queueTypesFromModulesArray (node_modules/@angular/core/fesm2022/testing.mjs:1348:9)
	    at TestBedCompiler.configureTestingModule (node_modules/@angular/core/fesm2022/testing.mjs:856:18)
	    at TestBedImpl.configureTestingModule (node_modules/@angular/core/fesm2022/testing.mjs:1993:23)
	    at TestBedImpl.configureTestingModule (node_modules/@angular/core/fesm2022/testing.mjs:1805:37)
Chrome Headless 144.0.0.0 (Windows 10): Executed 610 of 767[31m (226 FAILED)[39m (skipped 3) (0 secs / 7.701 secs)
Chrome Headless 144.0.0.0 (Windows 10) AccountingComponent should hold no orders when getAll orders API call fails FAILED
	Failed: Errors during JIT compilation of template for AccountingComponent: Unexpected closing tag "mat-table". It may happen when the tag has already been closed by another tag. For more info see https://www.w3.org/TR/html5/syntax.html#closing-elements-that-have-implied-end-tags ("
	            <mat-row *matRowDef="let row; columns: orderHistoryColumns;"></mat-row>
	
	          [ERROR ->]</mat-table>
	
	          <mat-paginator #paginatorOrderHistory [pageSize]="10" class="mat-elevation-"): ng:///AccountingComponent/template.html@87:10
	    at parseJitTemplate (node_modules/@angular/compiler/fesm2022/compiler.mjs:32326:15)
	    at CompilerFacadeImpl.compileComponent (node_modules/@angular/compiler/fesm2022/compiler.mjs:32000:52)
	    at AccountingComponent.╔╡cmp (node_modules/@angular/core/fesm2022/debug_node.mjs:30245:47)
	    at getComponentDef (node_modules/@angular/core/fesm2022/testing.mjs:1605:18)
	    at isStandaloneComponent (node_modules/@angular/core/fesm2022/testing.mjs:1601:17)
	    at queueTypesFromModulesArrayRecur (node_modules/@angular/core/fesm2022/testing.mjs:1325:26)
	    at TestBedCompiler.queueTypesFromModulesArray (node_modules/@angular/core/fesm2022/testing.mjs:1348:9)
	    at TestBedCompiler.configureTestingModule (node_modules/@angular/core/fesm2022/testing.mjs:856:18)
	    at TestBedImpl.configureTestingModule (node_modules/@angular/core/fesm2022/testing.mjs:1993:23)
	    at TestBedImpl.configureTestingModule (node_modules/@angular/core/fesm2022/testing.mjs:1805:37)
[1A[2K[31mChrome Headless 144.0.0.0 (Windows 10) AccountingComponent should hold no quantities when getAll quanitity API call fails FAILED[39m
	Failed: Errors during JIT compilation of template for AccountingComponent: Unexpected closing tag "mat-table". It may happen when the tag has already been closed by another tag. For more info see https://www.w3.org/TR/html5/syntax.html#closing-elements-that-have-implied-end-tags ("
	            <mat-row *matRowDef="let row; columns: orderHistoryColumns;"></mat-row>
	
	          [ERROR ->]</mat-table>
	
	          <mat-paginator #paginatorOrderHistory [pageSize]="10" class="mat-elevation-"): ng:///AccountingComponent/template.html@87:10
	    at parseJitTemplate (node_modules/@angular/compiler/fesm2022/compiler.mjs:32326:15)
	    at CompilerFacadeImpl.compileComponent (node_modules/@angular/compiler/fesm2022/compiler.mjs:32000:52)
	    at AccountingComponent.╔╡cmp (node_modules/@angular/core/fesm2022/debug_node.mjs:30245:47)
	    at getComponentDef (node_modules/@angular/core/fesm2022/testing.mjs:1605:18)
	    at isStandaloneComponent (node_modules/@angular/core/fesm2022/testing.mjs:1601:17)
	    at queueTypesFromModulesArrayRecur (node_modules/@angular/core/fesm2022/testing.mjs:1325:26)
	    at TestBedCompiler.queueTypesFromModulesArray (node_modules/@angular/core/fesm2022/testing.mjs:1348:9)
	    at TestBedCompiler.configureTestingModule (node_modules/@angular/core/fesm2022/testing.mjs:856:18)
	    at TestBedImpl.configureTestingModule (node_modules/@angular/core/fesm2022/testing.mjs:1993:23)
	    at TestBedImpl.configureTestingModule (node_modules/@angular/core/fesm2022/testing.mjs:1805:37)
Chrome Headless 144.0.0.0 (Windows 10): Executed 611 of 767[31m (227 FAILED)[39m (skipped 3) (0 secs / 7.702 secs)
Chrome Headless 144.0.0.0 (Windows 10) AccountingComponent should hold no quantities when getAll quanitity API call fails FAILED
	Failed: Errors during JIT compilation of template for AccountingComponent: Unexpected closing tag "mat-table". It may happen when the tag has already been closed by another tag. For more info see https://www.w3.org/TR/html5/syntax.html#closing-elements-that-have-implied-end-tags ("
	            <mat-row *matRowDef="let row; columns: orderHistoryColumns;"></mat-row>
	
	          [ERROR ->]</mat-table>
	
	          <mat-paginator #paginatorOrderHistory [pageSize]="10" class="mat-elevation-"): ng:///AccountingComponent/template.html@87:10
	    at parseJitTemplate (node_modules/@angular/compiler/fesm2022/compiler.mjs:32326:15)
	    at CompilerFacadeImpl.compileComponent (node_modules/@angular/compiler/fesm2022/compiler.mjs:32000:52)
	    at AccountingComponent.╔╡cmp (node_modules/@angular/core/fesm2022/debug_node.mjs:30245:47)
	    at getComponentDef (node_modules/@angular/core/fesm2022/testing.mjs:1605:18)
	    at isStandaloneComponent (node_modules/@angular/core/fesm2022/testing.mjs:1601:17)
	    at queueTypesFromModulesArrayRecur (node_modules/@angular/core/fesm2022/testing.mjs:1325:26)
	    at TestBedCompiler.queueTypesFromModulesArray (node_modules/@angular/core/fesm2022/testing.mjs:1348:9)
	    at TestBedCompiler.configureTestingModule (node_modules/@angular/core/fesm2022/testing.mjs:856:18)
	    at TestBedImpl.configureTestingModule (node_modules/@angular/core/fesm2022/testing.mjs:1993:23)
	    at TestBedImpl.configureTestingModule (node_modules/@angular/core/fesm2022/testing.mjs:1805:37)
[1A[2K[31mChrome Headless 144.0.0.0 (Windows 10) AccountingComponent should modify price of a product FAILED[39m
	Failed: Errors during JIT compilation of template for AccountingComponent: Unexpected closing tag "mat-table". It may happen when the tag has already been closed by another tag. For more info see https://www.w3.org/TR/html5/syntax.html#closing-elements-that-have-implied-end-tags ("
	            <mat-row *matRowDef="let row; columns: orderHistoryColumns;"></mat-row>
	
	          [ERROR ->]</mat-table>
	
	          <mat-paginator #paginatorOrderHistory [pageSize]="10" class="mat-elevation-"): ng:///AccountingComponent/template.html@87:10
	    at parseJitTemplate (node_modules/@angular/compiler/fesm2022/compiler.mjs:32326:15)
	    at CompilerFacadeImpl.compileComponent (node_modules/@angular/compiler/fesm2022/compiler.mjs:32000:52)
	    at AccountingComponent.╔╡cmp (node_modules/@angular/core/fesm2022/debug_node.mjs:30245:47)
	    at getComponentDef (node_modules/@angular/core/fesm2022/testing.mjs:1605:18)
	    at isStandaloneComponent (node_modules/@angular/core/fesm2022/testing.mjs:1601:17)
	    at queueTypesFromModulesArrayRecur (node_modules/@angular/core/fesm2022/testing.mjs:1325:26)
	    at TestBedCompiler.queueTypesFromModulesArray (node_modules/@angular/core/fesm2022/testing.mjs:1348:9)
	    at TestBedCompiler.configureTestingModule (node_modules/@angular/core/fesm2022/testing.mjs:856:18)
	    at TestBedImpl.configureTestingModule (node_modules/@angular/core/fesm2022/testing.mjs:1993:23)
	    at TestBedImpl.configureTestingModule (node_modules/@angular/core/fesm2022/testing.mjs:1805:37)
Chrome Headless 144.0.0.0 (Windows 10): Executed 612 of 767[31m (228 FAILED)[39m (skipped 3) (0 secs / 7.703 secs)
Chrome Headless 144.0.0.0 (Windows 10) AccountingComponent should modify price of a product FAILED
	Failed: Errors during JIT compilation of template for AccountingComponent: Unexpected closing tag "mat-table". It may happen when the tag has already been closed by another tag. For more info see https://www.w3.org/TR/html5/syntax.html#closing-elements-that-have-implied-end-tags ("
	            <mat-row *matRowDef="let row; columns: orderHistoryColumns;"></mat-row>
	
	          [ERROR ->]</mat-table>
	
	          <mat-paginator #paginatorOrderHistory [pageSize]="10" class="mat-elevation-"): ng:///AccountingComponent/template.html@87:10
	    at parseJitTemplate (node_modules/@angular/compiler/fesm2022/compiler.mjs:32326:15)
	    at CompilerFacadeImpl.compileComponent (node_modules/@angular/compiler/fesm2022/compiler.mjs:32000:52)
	    at AccountingComponent.╔╡cmp (node_modules/@angular/core/fesm2022/debug_node.mjs:30245:47)
	    at getComponentDef (node_modules/@angular/core/fesm2022/testing.mjs:1605:18)
	    at isStandaloneComponent (node_modules/@angular/core/fesm2022/testing.mjs:1601:17)
	    at queueTypesFromModulesArrayRecur (node_modules/@angular/core/fesm2022/testing.mjs:1325:26)
	    at TestBedCompiler.queueTypesFromModulesArray (node_modules/@angular/core/fesm2022/testing.mjs:1348:9)
	    at TestBedCompiler.configureTestingModule (node_modules/@angular/core/fesm2022/testing.mjs:856:18)
	    at TestBedImpl.configureTestingModule (node_modules/@angular/core/fesm2022/testing.mjs:1993:23)
	    at TestBedImpl.configureTestingModule (node_modules/@angular/core/fesm2022/testing.mjs:1805:37)
[1A[2K[31mChrome Headless 144.0.0.0 (Windows 10) AccountingComponent should load products, quantitites and orders when initiated FAILED[39m
	Failed: Errors during JIT compilation of template for AccountingComponent: Unexpected closing tag "mat-table". It may happen when the tag has already been closed by another tag. For more info see https://www.w3.org/TR/html5/syntax.html#closing-elements-that-have-implied-end-tags ("
	            <mat-row *matRowDef="let row; columns: orderHistoryColumns;"></mat-row>
	
	          [ERROR ->]</mat-table>
	
	          <mat-paginator #paginatorOrderHistory [pageSize]="10" class="mat-elevation-"): ng:///AccountingComponent/template.html@87:10
	    at parseJitTemplate (node_modules/@angular/compiler/fesm2022/compiler.mjs:32326:15)
	    at CompilerFacadeImpl.compileComponent (node_modules/@angular/compiler/fesm2022/compiler.mjs:32000:52)
	    at AccountingComponent.╔╡cmp (node_modules/@angular/core/fesm2022/debug_node.mjs:30245:47)
	    at getComponentDef (node_modules/@angular/core/fesm2022/testing.mjs:1605:18)
	    at isStandaloneComponent (node_modules/@angular/core/fesm2022/testing.mjs:1601:17)
	    at queueTypesFromModulesArrayRecur (node_modules/@angular/core/fesm2022/testing.mjs:1325:26)
	    at TestBedCompiler.queueTypesFromModulesArray (node_modules/@angular/core/fesm2022/testing.mjs:1348:9)
	    at TestBedCompiler.configureTestingModule (node_modules/@angular/core/fesm2022/testing.mjs:856:18)
	    at TestBedImpl.configureTestingModule (node_modules/@angular/core/fesm2022/testing.mjs:1993:23)
	    at TestBedImpl.configureTestingModule (node_modules/@angular/core/fesm2022/testing.mjs:1805:37)
Chrome Headless 144.0.0.0 (Windows 10): Executed 613 of 767[31m (229 FAILED)[39m (skipped 3) (0 secs / 7.708 secs)
Chrome Headless 144.0.0.0 (Windows 10) AccountingComponent should load products, quantitites and orders when initiated FAILED
	Failed: Errors during JIT compilation of template for AccountingComponent: Unexpected closing tag "mat-table". It may happen when the tag has already been closed by another tag. For more info see https://www.w3.org/TR/html5/syntax.html#closing-elements-that-have-implied-end-tags ("
	            <mat-row *matRowDef="let row; columns: orderHistoryColumns;"></mat-row>
	
	          [ERROR ->]</mat-table>
	
	          <mat-paginator #paginatorOrderHistory [pageSize]="10" class="mat-elevation-"): ng:///AccountingComponent/template.html@87:10
	    at parseJitTemplate (node_modules/@angular/compiler/fesm2022/compiler.mjs:32326:15)
	    at CompilerFacadeImpl.compileComponent (node_modules/@angular/compiler/fesm2022/compiler.mjs:32000:52)
	    at AccountingComponent.╔╡cmp (node_modules/@angular/core/fesm2022/debug_node.mjs:30245:47)
	    at getComponentDef (node_modules/@angular/core/fesm2022/testing.mjs:1605:18)
	    at isStandaloneComponent (node_modules/@angular/core/fesm2022/testing.mjs:1601:17)
	    at queueTypesFromModulesArrayRecur (node_modules/@angular/core/fesm2022/testing.mjs:1325:26)
	    at TestBedCompiler.queueTypesFromModulesArray (node_modules/@angular/core/fesm2022/testing.mjs:1348:9)
	    at TestBedCompiler.configureTestingModule (node_modules/@angular/core/fesm2022/testing.mjs:856:18)
	    at TestBedImpl.configureTestingModule (node_modules/@angular/core/fesm2022/testing.mjs:1993:23)
	    at TestBedImpl.configureTestingModule (node_modules/@angular/core/fesm2022/testing.mjs:1805:37)
[1A[2K[31mChrome Headless 144.0.0.0 (Windows 10) AccountingComponent should hold no products when product search API call fails FAILED[39m
	Failed: Errors during JIT compilation of template for AccountingComponent: Unexpected closing tag "mat-table". It may happen when the tag has already been closed by another tag. For more info see https://www.w3.org/TR/html5/syntax.html#closing-elements-that-have-implied-end-tags ("
	            <mat-row *matRowDef="let row; columns: orderHistoryColumns;"></mat-row>
	
	          [ERROR ->]</mat-table>
	
	          <mat-paginator #paginatorOrderHistory [pageSize]="10" class="mat-elevation-"): ng:///AccountingComponent/template.html@87:10
	    at parseJitTemplate (node_modules/@angular/compiler/fesm2022/compiler.mjs:32326:15)
	    at CompilerFacadeImpl.compileComponent (node_modules/@angular/compiler/fesm2022/compiler.mjs:32000:52)
	    at AccountingComponent.╔╡cmp (node_modules/@angular/core/fesm2022/debug_node.mjs:30245:47)
	    at getComponentDef (node_modules/@angular/core/fesm2022/testing.mjs:1605:18)
	    at isStandaloneComponent (node_modules/@angular/core/fesm2022/testing.mjs:1601:17)
	    at queueTypesFromModulesArrayRecur (node_modules/@angular/core/fesm2022/testing.mjs:1325:26)
	    at TestBedCompiler.queueTypesFromModulesArray (node_modules/@angular/core/fesm2022/testing.mjs:1348:9)
	    at TestBedCompiler.configureTestingModule (node_modules/@angular/core/fesm2022/testing.mjs:856:18)
	    at TestBedImpl.configureTestingModule (node_modules/@angular/core/fesm2022/testing.mjs:1993:23)
	    at TestBedImpl.configureTestingModule (node_modules/@angular/core/fesm2022/testing.mjs:1805:37)
Chrome Headless 144.0.0.0 (Windows 10): Executed 614 of 767[31m (230 FAILED)[39m (skipped 3) (0 secs / 7.71 secs)
Chrome Headless 144.0.0.0 (Windows 10) AccountingComponent should hold no products when product search API call fails FAILED
	Failed: Errors during JIT compilation of template for AccountingComponent: Unexpected closing tag "mat-table". It may happen when the tag has already been closed by another tag. For more info see https://www.w3.org/TR/html5/syntax.html#closing-elements-that-have-implied-end-tags ("
	            <mat-row *matRowDef="let row; columns: orderHistoryColumns;"></mat-row>
	
	          [ERROR ->]</mat-table>
	
	          <mat-paginator #paginatorOrderHistory [pageSize]="10" class="mat-elevation-"): ng:///AccountingComponent/template.html@87:10
	    at parseJitTemplate (node_modules/@angular/compiler/fesm2022/compiler.mjs:32326:15)
	    at CompilerFacadeImpl.compileComponent (node_modules/@angular/compiler/fesm2022/compiler.mjs:32000:52)
	    at AccountingComponent.╔╡cmp (node_modules/@angular/core/fesm2022/debug_node.mjs:30245:47)
	    at getComponentDef (node_modules/@angular/core/fesm2022/testing.mjs:1605:18)
	    at isStandaloneComponent (node_modules/@angular/core/fesm2022/testing.mjs:1601:17)
	    at queueTypesFromModulesArrayRecur (node_modules/@angular/core/fesm2022/testing.mjs:1325:26)
	    at TestBedCompiler.queueTypesFromModulesArray (node_modules/@angular/core/fesm2022/testing.mjs:1348:9)
	    at TestBedCompiler.configureTestingModule (node_modules/@angular/core/fesm2022/testing.mjs:856:18)
	    at TestBedImpl.configureTestingModule (node_modules/@angular/core/fesm2022/testing.mjs:1993:23)
	    at TestBedImpl.configureTestingModule (node_modules/@angular/core/fesm2022/testing.mjs:1805:37)
[1A[2K[31mChrome Headless 144.0.0.0 (Windows 10) AccountingComponent should show confirmation on modifying price of a product FAILED[39m
	Failed: Errors during JIT compilation of template for AccountingComponent: Unexpected closing tag "mat-table". It may happen when the tag has already been closed by another tag. For more info see https://www.w3.org/TR/html5/syntax.html#closing-elements-that-have-implied-end-tags ("
	            <mat-row *matRowDef="let row; columns: orderHistoryColumns;"></mat-row>
	
	          [ERROR ->]</mat-table>
	
	          <mat-paginator #paginatorOrderHistory [pageSize]="10" class="mat-elevation-"): ng:///AccountingComponent/template.html@87:10
	    at parseJitTemplate (node_modules/@angular/compiler/fesm2022/compiler.mjs:32326:15)
	    at CompilerFacadeImpl.compileComponent (node_modules/@angular/compiler/fesm2022/compiler.mjs:32000:52)
	    at AccountingComponent.╔╡cmp (node_modules/@angular/core/fesm2022/debug_node.mjs:30245:47)
	    at getComponentDef (node_modules/@angular/core/fesm2022/testing.mjs:1605:18)
	    at isStandaloneComponent (node_modules/@angular/core/fesm2022/testing.mjs:1601:17)
	    at queueTypesFromModulesArrayRecur (node_modules/@angular/core/fesm2022/testing.mjs:1325:26)
	    at TestBedCompiler.queueTypesFromModulesArray (node_modules/@angular/core/fesm2022/testing.mjs:1348:9)
	    at TestBedCompiler.configureTestingModule (node_modules/@angular/core/fesm2022/testing.mjs:856:18)
	    at TestBedImpl.configureTestingModule (node_modules/@angular/core/fesm2022/testing.mjs:1993:23)
	    at TestBedImpl.configureTestingModule (node_modules/@angular/core/fesm2022/testing.mjs:1805:37)
Chrome Headless 144.0.0.0 (Windows 10): Executed 615 of 767[31m (231 FAILED)[39m (skipped 3) (0 secs / 7.712 secs)
Chrome Headless 144.0.0.0 (Windows 10) AccountingComponent should show confirmation on modifying price of a product FAILED
	Failed: Errors during JIT compilation of template for AccountingComponent: Unexpected closing tag "mat-table". It may happen when the tag has already been closed by another tag. For more info see https://www.w3.org/TR/html5/syntax.html#closing-elements-that-have-implied-end-tags ("
	            <mat-row *matRowDef="let row; columns: orderHistoryColumns;"></mat-row>
	
	          [ERROR ->]</mat-table>
	
	          <mat-paginator #paginatorOrderHistory [pageSize]="10" class="mat-elevation-"): ng:///AccountingComponent/template.html@87:10
	    at parseJitTemplate (node_modules/@angular/compiler/fesm2022/compiler.mjs:32326:15)
	    at CompilerFacadeImpl.compileComponent (node_modules/@angular/compiler/fesm2022/compiler.mjs:32000:52)
	    at AccountingComponent.╔╡cmp (node_modules/@angular/core/fesm2022/debug_node.mjs:30245:47)
	    at getComponentDef (node_modules/@angular/core/fesm2022/testing.mjs:1605:18)
	    at isStandaloneComponent (node_modules/@angular/core/fesm2022/testing.mjs:1601:17)
	    at queueTypesFromModulesArrayRecur (node_modules/@angular/core/fesm2022/testing.mjs:1325:26)
	    at TestBedCompiler.queueTypesFromModulesArray (node_modules/@angular/core/fesm2022/testing.mjs:1348:9)
	    at TestBedCompiler.configureTestingModule (node_modules/@angular/core/fesm2022/testing.mjs:856:18)
	    at TestBedImpl.configureTestingModule (node_modules/@angular/core/fesm2022/testing.mjs:1993:23)
	    at TestBedImpl.configureTestingModule (node_modules/@angular/core/fesm2022/testing.mjs:1805:37)
[1A[2K[31mChrome Headless 144.0.0.0 (Windows 10) AccountingComponent should modify quantity of a product FAILED[39m
	Failed: Errors during JIT compilation of template for AccountingComponent: Unexpected closing tag "mat-table". It may happen when the tag has already been closed by another tag. For more info see https://www.w3.org/TR/html5/syntax.html#closing-elements-that-have-implied-end-tags ("
	            <mat-row *matRowDef="let row; columns: orderHistoryColumns;"></mat-row>
	
	          [ERROR ->]</mat-table>
	
	          <mat-paginator #paginatorOrderHistory [pageSize]="10" class="mat-elevation-"): ng:///AccountingComponent/template.html@87:10
	    at parseJitTemplate (node_modules/@angular/compiler/fesm2022/compiler.mjs:32326:15)
	    at CompilerFacadeImpl.compileComponent (node_modules/@angular/compiler/fesm2022/compiler.mjs:32000:52)
	    at AccountingComponent.╔╡cmp (node_modules/@angular/core/fesm2022/debug_node.mjs:30245:47)
	    at getComponentDef (node_modules/@angular/core/fesm2022/testing.mjs:1605:18)
	    at isStandaloneComponent (node_modules/@angular/core/fesm2022/testing.mjs:1601:17)
	    at queueTypesFromModulesArrayRecur (node_modules/@angular/core/fesm2022/testing.mjs:1325:26)
	    at TestBedCompiler.queueTypesFromModulesArray (node_modules/@angular/core/fesm2022/testing.mjs:1348:9)
	    at TestBedCompiler.configureTestingModule (node_modules/@angular/core/fesm2022/testing.mjs:856:18)
	    at TestBedImpl.configureTestingModule (node_modules/@angular/core/fesm2022/testing.mjs:1993:23)
	    at TestBedImpl.configureTestingModule (node_modules/@angular/core/fesm2022/testing.mjs:1805:37)
Chrome Headless 144.0.0.0 (Windows 10): Executed 616 of 767[31m (232 FAILED)[39m (skipped 3) (0 secs / 7.714 secs)
Chrome Headless 144.0.0.0 (Windows 10) AccountingComponent should modify quantity of a product FAILED
	Failed: Errors during JIT compilation of template for AccountingComponent: Unexpected closing tag "mat-table". It may happen when the tag has already been closed by another tag. For more info see https://www.w3.org/TR/html5/syntax.html#closing-elements-that-have-implied-end-tags ("
	            <mat-row *matRowDef="let row; columns: orderHistoryColumns;"></mat-row>
	
	          [ERROR ->]</mat-table>
	
	          <mat-paginator #paginatorOrderHistory [pageSize]="10" class="mat-elevation-"): ng:///AccountingComponent/template.html@87:10
	    at parseJitTemplate (node_modules/@angular/compiler/fesm2022/compiler.mjs:32326:15)
	    at CompilerFacadeImpl.compileComponent (node_modules/@angular/compiler/fesm2022/compiler.mjs:32000:52)
	    at AccountingComponent.╔╡cmp (node_modules/@angular/core/fesm2022/debug_node.mjs:30245:47)
	    at getComponentDef (node_modules/@angular/core/fesm2022/testing.mjs:1605:18)
	    at isStandaloneComponent (node_modules/@angular/core/fesm2022/testing.mjs:1601:17)
	    at queueTypesFromModulesArrayRecur (node_modules/@angular/core/fesm2022/testing.mjs:1325:26)
	    at TestBedCompiler.queueTypesFromModulesArray (node_modules/@angular/core/fesm2022/testing.mjs:1348:9)
	    at TestBedCompiler.configureTestingModule (node_modules/@angular/core/fesm2022/testing.mjs:856:18)
	    at TestBedImpl.configureTestingModule (node_modules/@angular/core/fesm2022/testing.mjs:1993:23)
	    at TestBedImpl.configureTestingModule (node_modules/@angular/core/fesm2022/testing.mjs:1805:37)
[1A[2K[31mChrome Headless 144.0.0.0 (Windows 10) AccountingComponent should create FAILED[39m
	Failed: Errors during JIT compilation of template for AccountingComponent: Unexpected closing tag "mat-table". It may happen when the tag has already been closed by another tag. For more info see https://www.w3.org/TR/html5/syntax.html#closing-elements-that-have-implied-end-tags ("
	            <mat-row *matRowDef="let row; columns: orderHistoryColumns;"></mat-row>
	
	          [ERROR ->]</mat-table>
	
	          <mat-paginator #paginatorOrderHistory [pageSize]="10" class="mat-elevation-"): ng:///AccountingComponent/template.html@87:10
	    at parseJitTemplate (node_modules/@angular/compiler/fesm2022/compiler.mjs:32326:15)
	    at CompilerFacadeImpl.compileComponent (node_modules/@angular/compiler/fesm2022/compiler.mjs:32000:52)
	    at AccountingComponent.╔╡cmp (node_modules/@angular/core/fesm2022/debug_node.mjs:30245:47)
	    at getComponentDef (node_modules/@angular/core/fesm2022/testing.mjs:1605:18)
	    at isStandaloneComponent (node_modules/@angular/core/fesm2022/testing.mjs:1601:17)
	    at queueTypesFromModulesArrayRecur (node_modules/@angular/core/fesm2022/testing.mjs:1325:26)
	    at TestBedCompiler.queueTypesFromModulesArray (node_modules/@angular/core/fesm2022/testing.mjs:1348:9)
	    at TestBedCompiler.configureTestingModule (node_modules/@angular/core/fesm2022/testing.mjs:856:18)
	    at TestBedImpl.configureTestingModule (node_modules/@angular/core/fesm2022/testing.mjs:1993:23)
	    at TestBedImpl.configureTestingModule (node_modules/@angular/core/fesm2022/testing.mjs:1805:37)
Chrome Headless 144.0.0.0 (Windows 10): Executed 617 of 767[31m (233 FAILED)[39m (skipped 3) (0 secs / 7.716 secs)
Chrome Headless 144.0.0.0 (Windows 10) AccountingComponent should create FAILED
	Failed: Errors during JIT compilation of template for AccountingComponent: Unexpected closing tag "mat-table". It may happen when the tag has already been closed by another tag. For more info see https://www.w3.org/TR/html5/syntax.html#closing-elements-that-have-implied-end-tags ("
	            <mat-row *matRowDef="let row; columns: orderHistoryColumns;"></mat-row>
	
	          [ERROR ->]</mat-table>
	
	          <mat-paginator #paginatorOrderHistory [pageSize]="10" class="mat-elevation-"): ng:///AccountingComponent/template.html@87:10
	    at parseJitTemplate (node_modules/@angular/compiler/fesm2022/compiler.mjs:32326:15)
	    at CompilerFacadeImpl.compileComponent (node_modules/@angular/compiler/fesm2022/compiler.mjs:32000:52)
	    at AccountingComponent.╔╡cmp (node_modules/@angular/core/fesm2022/debug_node.mjs:30245:47)
	    at getComponentDef (node_modules/@angular/core/fesm2022/testing.mjs:1605:18)
	    at isStandaloneComponent (node_modules/@angular/core/fesm2022/testing.mjs:1601:17)
	    at queueTypesFromModulesArrayRecur (node_modules/@angular/core/fesm2022/testing.mjs:1325:26)
	    at TestBedCompiler.queueTypesFromModulesArray (node_modules/@angular/core/fesm2022/testing.mjs:1348:9)
	    at TestBedCompiler.configureTestingModule (node_modules/@angular/core/fesm2022/testing.mjs:856:18)
	    at TestBedImpl.configureTestingModule (node_modules/@angular/core/fesm2022/testing.mjs:1993:23)
	    at TestBedImpl.configureTestingModule (node_modules/@angular/core/fesm2022/testing.mjs:1805:37)
[1A[2K[31mChrome Headless 144.0.0.0 (Windows 10) AccountingComponent should log and display errors while modifying quantity FAILED[39m
	Failed: Errors during JIT compilation of template for AccountingComponent: Unexpected closing tag "mat-table". It may happen when the tag has already been closed by another tag. For more info see https://www.w3.org/TR/html5/syntax.html#closing-elements-that-have-implied-end-tags ("
	            <mat-row *matRowDef="let row; columns: orderHistoryColumns;"></mat-row>
	
	          [ERROR ->]</mat-table>
	
	          <mat-paginator #paginatorOrderHistory [pageSize]="10" class="mat-elevation-"): ng:///AccountingComponent/template.html@87:10
	    at parseJitTemplate (node_modules/@angular/compiler/fesm2022/compiler.mjs:32326:15)
	    at CompilerFacadeImpl.compileComponent (node_modules/@angular/compiler/fesm2022/compiler.mjs:32000:52)
	    at AccountingComponent.╔╡cmp (node_modules/@angular/core/fesm2022/debug_node.mjs:30245:47)
	    at getComponentDef (node_modules/@angular/core/fesm2022/testing.mjs:1605:18)
	    at isStandaloneComponent (node_modules/@angular/core/fesm2022/testing.mjs:1601:17)
	    at queueTypesFromModulesArrayRecur (node_modules/@angular/core/fesm2022/testing.mjs:1325:26)
	    at TestBedCompiler.queueTypesFromModulesArray (node_modules/@angular/core/fesm2022/testing.mjs:1348:9)
	    at TestBedCompiler.configureTestingModule (node_modules/@angular/core/fesm2022/testing.mjs:856:18)
	    at TestBedImpl.configureTestingModule (node_modules/@angular/core/fesm2022/testing.mjs:1993:23)
	    at TestBedImpl.configureTestingModule (node_modules/@angular/core/fesm2022/testing.mjs:1805:37)
Chrome Headless 144.0.0.0 (Windows 10): Executed 618 of 767[31m (234 FAILED)[39m (skipped 3) (0 secs / 7.721 secs)
Chrome Headless 144.0.0.0 (Windows 10) AccountingComponent should log and display errors while modifying quantity FAILED
	Failed: Errors during JIT compilation of template for AccountingComponent: Unexpected closing tag "mat-table". It may happen when the tag has already been closed by another tag. For more info see https://www.w3.org/TR/html5/syntax.html#closing-elements-that-have-implied-end-tags ("
	            <mat-row *matRowDef="let row; columns: orderHistoryColumns;"></mat-row>
	
	          [ERROR ->]</mat-table>
	
	          <mat-paginator #paginatorOrderHistory [pageSize]="10" class="mat-elevation-"): ng:///AccountingComponent/template.html@87:10
	    at parseJitTemplate (node_modules/@angular/compiler/fesm2022/compiler.mjs:32326:15)
	    at CompilerFacadeImpl.compileComponent (node_modules/@angular/compiler/fesm2022/compiler.mjs:32000:52)
	    at AccountingComponent.╔╡cmp (node_modules/@angular/core/fesm2022/debug_node.mjs:30245:47)
	    at getComponentDef (node_modules/@angular/core/fesm2022/testing.mjs:1605:18)
	    at isStandaloneComponent (node_modules/@angular/core/fesm2022/testing.mjs:1601:17)
	    at queueTypesFromModulesArrayRecur (node_modules/@angular/core/fesm2022/testing.mjs:1325:26)
	    at TestBedCompiler.queueTypesFromModulesArray (node_modules/@angular/core/fesm2022/testing.mjs:1348:9)
	    at TestBedCompiler.configureTestingModule (node_modules/@angular/core/fesm2022/testing.mjs:856:18)
	    at TestBedImpl.configureTestingModule (node_modules/@angular/core/fesm2022/testing.mjs:1993:23)
	    at TestBedImpl.configureTestingModule (node_modules/@angular/core/fesm2022/testing.mjs:1805:37)
[1A[2K[31mChrome Headless 144.0.0.0 (Windows 10) AccountingComponent should show confirmation on modifying quantity of a product FAILED[39m
	Failed: Errors during JIT compilation of template for AccountingComponent: Unexpected closing tag "mat-table". It may happen when the tag has already been closed by another tag. For more info see https://www.w3.org/TR/html5/syntax.html#closing-elements-that-have-implied-end-tags ("
	            <mat-row *matRowDef="let row; columns: orderHistoryColumns;"></mat-row>
	
	          [ERROR ->]</mat-table>
	
	          <mat-paginator #paginatorOrderHistory [pageSize]="10" class="mat-elevation-"): ng:///AccountingComponent/template.html@87:10
	    at parseJitTemplate (node_modules/@angular/compiler/fesm2022/compiler.mjs:32326:15)
	    at CompilerFacadeImpl.compileComponent (node_modules/@angular/compiler/fesm2022/compiler.mjs:32000:52)
	    at AccountingComponent.╔╡cmp (node_modules/@angular/core/fesm2022/debug_node.mjs:30245:47)
	    at getComponentDef (node_modules/@angular/core/fesm2022/testing.mjs:1605:18)
	    at isStandaloneComponent (node_modules/@angular/core/fesm2022/testing.mjs:1601:17)
	    at queueTypesFromModulesArrayRecur (node_modules/@angular/core/fesm2022/testing.mjs:1325:26)
	    at TestBedCompiler.queueTypesFromModulesArray (node_modules/@angular/core/fesm2022/testing.mjs:1348:9)
	    at TestBedCompiler.configureTestingModule (node_modules/@angular/core/fesm2022/testing.mjs:856:18)
	    at TestBedImpl.configureTestingModule (node_modules/@angular/core/fesm2022/testing.mjs:1993:23)
	    at TestBedImpl.configureTestingModule (node_modules/@angular/core/fesm2022/testing.mjs:1805:37)
Chrome Headless 144.0.0.0 (Windows 10): Executed 619 of 767[31m (235 FAILED)[39m (skipped 3) (0 secs / 7.724 secs)
Chrome Headless 144.0.0.0 (Windows 10) AccountingComponent should show confirmation on modifying quantity of a product FAILED
	Failed: Errors during JIT compilation of template for AccountingComponent: Unexpected closing tag "mat-table". It may happen when the tag has already been closed by another tag. For more info see https://www.w3.org/TR/html5/syntax.html#closing-elements-that-have-implied-end-tags ("
	            <mat-row *matRowDef="let row; columns: orderHistoryColumns;"></mat-row>
	
	          [ERROR ->]</mat-table>
	
	          <mat-paginator #paginatorOrderHistory [pageSize]="10" class="mat-elevation-"): ng:///AccountingComponent/template.html@87:10
	    at parseJitTemplate (node_modules/@angular/compiler/fesm2022/compiler.mjs:32326:15)
	    at CompilerFacadeImpl.compileComponent (node_modules/@angular/compiler/fesm2022/compiler.mjs:32000:52)
	    at AccountingComponent.╔╡cmp (node_modules/@angular/core/fesm2022/debug_node.mjs:30245:47)
	    at getComponentDef (node_modules/@angular/core/fesm2022/testing.mjs:1605:18)
	    at isStandaloneComponent (node_modules/@angular/core/fesm2022/testing.mjs:1601:17)
	    at queueTypesFromModulesArrayRecur (node_modules/@angular/core/fesm2022/testing.mjs:1325:26)
	    at TestBedCompiler.queueTypesFromModulesArray (node_modules/@angular/core/fesm2022/testing.mjs:1348:9)
	    at TestBedCompiler.configureTestingModule (node_modules/@angular/core/fesm2022/testing.mjs:856:18)
	    at TestBedImpl.configureTestingModule (node_modules/@angular/core/fesm2022/testing.mjs:1993:23)
	    at TestBedImpl.configureTestingModule (node_modules/@angular/core/fesm2022/testing.mjs:1805:37)
[1A[2K[31mChrome Headless 144.0.0.0 (Windows 10) AccountingComponent should log and display errors while modifying price FAILED[39m
	Failed: Errors during JIT compilation of template for AccountingComponent: Unexpected closing tag "mat-table". It may happen when the tag has already been closed by another tag. For more info see https://www.w3.org/TR/html5/syntax.html#closing-elements-that-have-implied-end-tags ("
	            <mat-row *matRowDef="let row; columns: orderHistoryColumns;"></mat-row>
	
	          [ERROR ->]</mat-table>
	
	          <mat-paginator #paginatorOrderHistory [pageSize]="10" class="mat-elevation-"): ng:///AccountingComponent/template.html@87:10
	    at parseJitTemplate (node_modules/@angular/compiler/fesm2022/compiler.mjs:32326:15)
	    at CompilerFacadeImpl.compileComponent (node_modules/@angular/compiler/fesm2022/compiler.mjs:32000:52)
	    at AccountingComponent.╔╡cmp (node_modules/@angular/core/fesm2022/debug_node.mjs:30245:47)
	    at getComponentDef (node_modules/@angular/core/fesm2022/testing.mjs:1605:18)
	    at isStandaloneComponent (node_modules/@angular/core/fesm2022/testing.mjs:1601:17)
	    at queueTypesFromModulesArrayRecur (node_modules/@angular/core/fesm2022/testing.mjs:1325:26)
	    at TestBedCompiler.queueTypesFromModulesArray (node_modules/@angular/core/fesm2022/testing.mjs:1348:9)
	    at TestBedCompiler.configureTestingModule (node_modules/@angular/core/fesm2022/testing.mjs:856:18)
	    at TestBedImpl.configureTestingModule (node_modules/@angular/core/fesm2022/testing.mjs:1993:23)
	    at TestBedImpl.configureTestingModule (node_modules/@angular/core/fesm2022/testing.mjs:1805:37)
Chrome Headless 144.0.0.0 (Windows 10): Executed 620 of 767[31m (236 FAILED)[39m (skipped 3) (0 secs / 7.726 secs)
Chrome Headless 144.0.0.0 (Windows 10) AccountingComponent should log and display errors while modifying price FAILED
	Failed: Errors during JIT compilation of template for AccountingComponent: Unexpected closing tag "mat-table". It may happen when the tag has already been closed by another tag. For more info see https://www.w3.org/TR/html5/syntax.html#closing-elements-that-have-implied-end-tags ("
	            <mat-row *matRowDef="let row; columns: orderHistoryColumns;"></mat-row>
	
	          [ERROR ->]</mat-table>
	
	          <mat-paginator #paginatorOrderHistory [pageSize]="10" class="mat-elevation-"): ng:///AccountingComponent/template.html@87:10
	    at parseJitTemplate (node_modules/@angular/compiler/fesm2022/compiler.mjs:32326:15)
	    at CompilerFacadeImpl.compileComponent (node_modules/@angular/compiler/fesm2022/compiler.mjs:32000:52)
	    at AccountingComponent.╔╡cmp (node_modules/@angular/core/fesm2022/debug_node.mjs:30245:47)
	    at getComponentDef (node_modules/@angular/core/fesm2022/testing.mjs:1605:18)
	    at isStandaloneComponent (node_modules/@angular/core/fesm2022/testing.mjs:1601:17)
	    at queueTypesFromModulesArrayRecur (node_modules/@angular/core/fesm2022/testing.mjs:1325:26)
	    at TestBedCompiler.queueTypesFromModulesArray (node_modules/@angular/core/fesm2022/testing.mjs:1348:9)
	    at TestBedCompiler.configureTestingModule (node_modules/@angular/core/fesm2022/testing.mjs:856:18)
	    at TestBedImpl.configureTestingModule (node_modules/@angular/core/fesm2022/testing.mjs:1993:23)
	    at TestBedImpl.configureTestingModule (node_modules/@angular/core/fesm2022/testing.mjs:1805:37)
[1A[2K[31mChrome Headless 144.0.0.0 (Windows 10) AccountingComponent should log error from toggleDeliveryStatus API call directly to browser console FAILED[39m
	Failed: Errors during JIT compilation of template for AccountingComponent: Unexpected closing tag "mat-table". It may happen when the tag has already been closed by another tag. For more info see https://www.w3.org/TR/html5/syntax.html#closing-elements-that-have-implied-end-tags ("
	            <mat-row *matRowDef="let row; columns: orderHistoryColumns;"></mat-row>
	
	          [ERROR ->]</mat-table>
	
	          <mat-paginator #paginatorOrderHistory [pageSize]="10" class="mat-elevation-"): ng:///AccountingComponent/template.html@87:10
	    at parseJitTemplate (node_modules/@angular/compiler/fesm2022/compiler.mjs:32326:15)
	    at CompilerFacadeImpl.compileComponent (node_modules/@angular/compiler/fesm2022/compiler.mjs:32000:52)
	    at AccountingComponent.╔╡cmp (node_modules/@angular/core/fesm2022/debug_node.mjs:30245:47)
	    at getComponentDef (node_modules/@angular/core/fesm2022/testing.mjs:1605:18)
	    at isStandaloneComponent (node_modules/@angular/core/fesm2022/testing.mjs:1601:17)
	    at queueTypesFromModulesArrayRecur (node_modules/@angular/core/fesm2022/testing.mjs:1325:26)
	    at TestBedCompiler.queueTypesFromModulesArray (node_modules/@angular/core/fesm2022/testing.mjs:1348:9)
	    at TestBedCompiler.configureTestingModule (node_modules/@angular/core/fesm2022/testing.mjs:856:18)
	    at TestBedImpl.configureTestingModule (node_modules/@angular/core/fesm2022/testing.mjs:1993:23)
	    at TestBedImpl.configureTestingModule (node_modules/@angular/core/fesm2022/testing.mjs:1805:37)
Chrome Headless 144.0.0.0 (Windows 10): Executed 621 of 767[31m (237 FAILED)[39m (skipped 3) (0 secs / 7.729 secs)
Chrome Headless 144.0.0.0 (Windows 10) AccountingComponent should log error from toggleDeliveryStatus API call directly to browser console FAILED
	Failed: Errors during JIT compilation of template for AccountingComponent: Unexpected closing tag "mat-table". It may happen when the tag has already been closed by another tag. For more info see https://www.w3.org/TR/html5/syntax.html#closing-elements-that-have-implied-end-tags ("
	            <mat-row *matRowDef="let row; columns: orderHistoryColumns;"></mat-row>
	
	          [ERROR ->]</mat-table>
	
	          <mat-paginator #paginatorOrderHistory [pageSize]="10" class="mat-elevation-"): ng:///AccountingComponent/template.html@87:10
	    at parseJitTemplate (node_modules/@angular/compiler/fesm2022/compiler.mjs:32326:15)
	    at CompilerFacadeImpl.compileComponent (node_modules/@angular/compiler/fesm2022/compiler.mjs:32000:52)
	    at AccountingComponent.╔╡cmp (node_modules/@angular/core/fesm2022/debug_node.mjs:30245:47)
	    at getComponentDef (node_modules/@angular/core/fesm2022/testing.mjs:1605:18)
	    at isStandaloneComponent (node_modules/@angular/core/fesm2022/testing.mjs:1601:17)
	    at queueTypesFromModulesArrayRecur (node_modules/@angular/core/fesm2022/testing.mjs:1325:26)
	    at TestBedCompiler.queueTypesFromModulesArray (node_modules/@angular/core/fesm2022/testing.mjs:1348:9)
	    at TestBedCompiler.configureTestingModule (node_modules/@angular/core/fesm2022/testing.mjs:856:18)
	    at TestBedImpl.configureTestingModule (node_modules/@angular/core/fesm2022/testing.mjs:1993:23)
	    at TestBedImpl.configureTestingModule (node_modules/@angular/core/fesm2022/testing.mjs:1805:37)
[1A[2K[31mChrome Headless 144.0.0.0 (Windows 10) AccountingComponent should log error from getAll quantity API call directly to browser console FAILED[39m
	Failed: Errors during JIT compilation of template for AccountingComponent: Unexpected closing tag "mat-table". It may happen when the tag has already been closed by another tag. For more info see https://www.w3.org/TR/html5/syntax.html#closing-elements-that-have-implied-end-tags ("
	            <mat-row *matRowDef="let row; columns: orderHistoryColumns;"></mat-row>
	
	          [ERROR ->]</mat-table>
	
	          <mat-paginator #paginatorOrderHistory [pageSize]="10" class="mat-elevation-"): ng:///AccountingComponent/template.html@87:10
	    at parseJitTemplate (node_modules/@angular/compiler/fesm2022/compiler.mjs:32326:15)
	    at CompilerFacadeImpl.compileComponent (node_modules/@angular/compiler/fesm2022/compiler.mjs:32000:52)
	    at AccountingComponent.╔╡cmp (node_modules/@angular/core/fesm2022/debug_node.mjs:30245:47)
	    at getComponentDef (node_modules/@angular/core/fesm2022/testing.mjs:1605:18)
	    at isStandaloneComponent (node_modules/@angular/core/fesm2022/testing.mjs:1601:17)
	    at queueTypesFromModulesArrayRecur (node_modules/@angular/core/fesm2022/testing.mjs:1325:26)
	    at TestBedCompiler.queueTypesFromModulesArray (node_modules/@angular/core/fesm2022/testing.mjs:1348:9)
	    at TestBedCompiler.configureTestingModule (node_modules/@angular/core/fesm2022/testing.mjs:856:18)
	    at TestBedImpl.configureTestingModule (node_modules/@angular/core/fesm2022/testing.mjs:1993:23)
	    at TestBedImpl.configureTestingModule (node_modules/@angular/core/fesm2022/testing.mjs:1805:37)
Chrome Headless 144.0.0.0 (Windows 10): Executed 622 of 767[31m (238 FAILED)[39m (skipped 3) (0 secs / 7.731 secs)
Chrome Headless 144.0.0.0 (Windows 10) AccountingComponent should log error from getAll quantity API call directly to browser console FAILED
	Failed: Errors during JIT compilation of template for AccountingComponent: Unexpected closing tag "mat-table". It may happen when the tag has already been closed by another tag. For more info see https://www.w3.org/TR/html5/syntax.html#closing-elements-that-have-implied-end-tags ("
	            <mat-row *matRowDef="let row; columns: orderHistoryColumns;"></mat-row>
	
	          [ERROR ->]</mat-table>
	
	          <mat-paginator #paginatorOrderHistory [pageSize]="10" class="mat-elevation-"): ng:///AccountingComponent/template.html@87:10
	    at parseJitTemplate (node_modules/@angular/compiler/fesm2022/compiler.mjs:32326:15)
	    at CompilerFacadeImpl.compileComponent (node_modules/@angular/compiler/fesm2022/compiler.mjs:32000:52)
	    at AccountingComponent.╔╡cmp (node_modules/@angular/core/fesm2022/debug_node.mjs:30245:47)
	    at getComponentDef (node_modules/@angular/core/fesm2022/testing.mjs:1605:18)
	    at isStandaloneComponent (node_modules/@angular/core/fesm2022/testing.mjs:1601:17)
	    at queueTypesFromModulesArrayRecur (node_modules/@angular/core/fesm2022/testing.mjs:1325:26)
	    at TestBedCompiler.queueTypesFromModulesArray (node_modules/@angular/core/fesm2022/testing.mjs:1348:9)
	    at TestBedCompiler.configureTestingModule (node_modules/@angular/core/fesm2022/testing.mjs:856:18)
	    at TestBedImpl.configureTestingModule (node_modules/@angular/core/fesm2022/testing.mjs:1993:23)
	    at TestBedImpl.configureTestingModule (node_modules/@angular/core/fesm2022/testing.mjs:1805:37)
[1A[2K[31mChrome Headless 144.0.0.0 (Windows 10) AccountingComponent should load orders when toggleDeliveryStatus gets called FAILED[39m
	Failed: Errors during JIT compilation of template for AccountingComponent: Unexpected closing tag "mat-table". It may happen when the tag has already been closed by another tag. For more info see https://www.w3.org/TR/html5/syntax.html#closing-elements-that-have-implied-end-tags ("
	            <mat-row *matRowDef="let row; columns: orderHistoryColumns;"></mat-row>
	
	          [ERROR ->]</mat-table>
	
	          <mat-paginator #paginatorOrderHistory [pageSize]="10" class="mat-elevation-"): ng:///AccountingComponent/template.html@87:10
	    at parseJitTemplate (node_modules/@angular/compiler/fesm2022/compiler.mjs:32326:15)
	    at CompilerFacadeImpl.compileComponent (node_modules/@angular/compiler/fesm2022/compiler.mjs:32000:52)
	    at AccountingComponent.╔╡cmp (node_modules/@angular/core/fesm2022/debug_node.mjs:30245:47)
	    at getComponentDef (node_modules/@angular/core/fesm2022/testing.mjs:1605:18)
	    at isStandaloneComponent (node_modules/@angular/core/fesm2022/testing.mjs:1601:17)
	    at queueTypesFromModulesArrayRecur (node_modules/@angular/core/fesm2022/testing.mjs:1325:26)
	    at TestBedCompiler.queueTypesFromModulesArray (node_modules/@angular/core/fesm2022/testing.mjs:1348:9)
	    at TestBedCompiler.configureTestingModule (node_modules/@angular/core/fesm2022/testing.mjs:856:18)
	    at TestBedImpl.configureTestingModule (node_modules/@angular/core/fesm2022/testing.mjs:1993:23)
	    at TestBedImpl.configureTestingModule (node_modules/@angular/core/fesm2022/testing.mjs:1805:37)
Chrome Headless 144.0.0.0 (Windows 10): Executed 623 of 767[31m (239 FAILED)[39m (skipped 3) (0 secs / 7.736 secs)
Chrome Headless 144.0.0.0 (Windows 10) AccountingComponent should load orders when toggleDeliveryStatus gets called FAILED
	Failed: Errors during JIT compilation of template for AccountingComponent: Unexpected closing tag "mat-table". It may happen when the tag has already been closed by another tag. For more info see https://www.w3.org/TR/html5/syntax.html#closing-elements-that-have-implied-end-tags ("
	            <mat-row *matRowDef="let row; columns: orderHistoryColumns;"></mat-row>
	
	          [ERROR ->]</mat-table>
	
	          <mat-paginator #paginatorOrderHistory [pageSize]="10" class="mat-elevation-"): ng:///AccountingComponent/template.html@87:10
	    at parseJitTemplate (node_modules/@angular/compiler/fesm2022/compiler.mjs:32326:15)
	    at CompilerFacadeImpl.compileComponent (node_modules/@angular/compiler/fesm2022/compiler.mjs:32000:52)
	    at AccountingComponent.╔╡cmp (node_modules/@angular/core/fesm2022/debug_node.mjs:30245:47)
	    at getComponentDef (node_modules/@angular/core/fesm2022/testing.mjs:1605:18)
	    at isStandaloneComponent (node_modules/@angular/core/fesm2022/testing.mjs:1601:17)
	    at queueTypesFromModulesArrayRecur (node_modules/@angular/core/fesm2022/testing.mjs:1325:26)
	    at TestBedCompiler.queueTypesFromModulesArray (node_modules/@angular/core/fesm2022/testing.mjs:1348:9)
	    at TestBedCompiler.configureTestingModule (node_modules/@angular/core/fesm2022/testing.mjs:856:18)
	    at TestBedImpl.configureTestingModule (node_modules/@angular/core/fesm2022/testing.mjs:1993:23)
	    at TestBedImpl.configureTestingModule (node_modules/@angular/core/fesm2022/testing.mjs:1805:37)
[1A[2K[31mChrome Headless 144.0.0.0 (Windows 10) AccountingComponent should log error from product search API call directly to browser console FAILED[39m
	Failed: Errors during JIT compilation of template for AccountingComponent: Unexpected closing tag "mat-table". It may happen when the tag has already been closed by another tag. For more info see https://www.w3.org/TR/html5/syntax.html#closing-elements-that-have-implied-end-tags ("
	            <mat-row *matRowDef="let row; columns: orderHistoryColumns;"></mat-row>
	
	          [ERROR ->]</mat-table>
	
	          <mat-paginator #paginatorOrderHistory [pageSize]="10" class="mat-elevation-"): ng:///AccountingComponent/template.html@87:10
	    at parseJitTemplate (node_modules/@angular/compiler/fesm2022/compiler.mjs:32326:15)
	    at CompilerFacadeImpl.compileComponent (node_modules/@angular/compiler/fesm2022/compiler.mjs:32000:52)
	    at AccountingComponent.╔╡cmp (node_modules/@angular/core/fesm2022/debug_node.mjs:30245:47)
	    at getComponentDef (node_modules/@angular/core/fesm2022/testing.mjs:1605:18)
	    at isStandaloneComponent (node_modules/@angular/core/fesm2022/testing.mjs:1601:17)
	    at queueTypesFromModulesArrayRecur (node_modules/@angular/core/fesm2022/testing.mjs:1325:26)
	    at TestBedCompiler.queueTypesFromModulesArray (node_modules/@angular/core/fesm2022/testing.mjs:1348:9)
	    at TestBedCompiler.configureTestingModule (node_modules/@angular/core/fesm2022/testing.mjs:856:18)
	    at TestBedImpl.configureTestingModule (node_modules/@angular/core/fesm2022/testing.mjs:1993:23)
	    at TestBedImpl.configureTestingModule (node_modules/@angular/core/fesm2022/testing.mjs:1805:37)
Chrome Headless 144.0.0.0 (Windows 10): Executed 624 of 767[31m (240 FAILED)[39m (skipped 3) (0 secs / 7.738 secs)
Chrome Headless 144.0.0.0 (Windows 10) AccountingComponent should log error from product search API call directly to browser console FAILED
	Failed: Errors during JIT compilation of template for AccountingComponent: Unexpected closing tag "mat-table". It may happen when the tag has already been closed by another tag. For more info see https://www.w3.org/TR/html5/syntax.html#closing-elements-that-have-implied-end-tags ("
	            <mat-row *matRowDef="let row; columns: orderHistoryColumns;"></mat-row>
	
	          [ERROR ->]</mat-table>
	
	          <mat-paginator #paginatorOrderHistory [pageSize]="10" class="mat-elevation-"): ng:///AccountingComponent/template.html@87:10
	    at parseJitTemplate (node_modules/@angular/compiler/fesm2022/compiler.mjs:32326:15)
	    at CompilerFacadeImpl.compileComponent (node_modules/@angular/compiler/fesm2022/compiler.mjs:32000:52)
	    at AccountingComponent.╔╡cmp (node_modules/@angular/core/fesm2022/debug_node.mjs:30245:47)
	    at getComponentDef (node_modules/@angular/core/fesm2022/testing.mjs:1605:18)
	    at isStandaloneComponent (node_modules/@angular/core/fesm2022/testing.mjs:1601:17)
	    at queueTypesFromModulesArrayRecur (node_modules/@angular/core/fesm2022/testing.mjs:1325:26)
	    at TestBedCompiler.queueTypesFromModulesArray (node_modules/@angular/core/fesm2022/testing.mjs:1348:9)
	    at TestBedCompiler.configureTestingModule (node_modules/@angular/core/fesm2022/testing.mjs:856:18)
	    at TestBedImpl.configureTestingModule (node_modules/@angular/core/fesm2022/testing.mjs:1993:23)
	    at TestBedImpl.configureTestingModule (node_modules/@angular/core/fesm2022/testing.mjs:1805:37)
[1A[2K[31mChrome Headless 144.0.0.0 (Windows 10) AccountingComponent should log error from getAll orders API call directly to browser console FAILED[39m
	Failed: Errors during JIT compilation of template for AccountingComponent: Unexpected closing tag "mat-table". It may happen when the tag has already been closed by another tag. For more info see https://www.w3.org/TR/html5/syntax.html#closing-elements-that-have-implied-end-tags ("
	            <mat-row *matRowDef="let row; columns: orderHistoryColumns;"></mat-row>
	
	          [ERROR ->]</mat-table>
	
	          <mat-paginator #paginatorOrderHistory [pageSize]="10" class="mat-elevation-"): ng:///AccountingComponent/template.html@87:10
	    at parseJitTemplate (node_modules/@angular/compiler/fesm2022/compiler.mjs:32326:15)
	    at CompilerFacadeImpl.compileComponent (node_modules/@angular/compiler/fesm2022/compiler.mjs:32000:52)
	    at AccountingComponent.╔╡cmp (node_modules/@angular/core/fesm2022/debug_node.mjs:30245:47)
	    at getComponentDef (node_modules/@angular/core/fesm2022/testing.mjs:1605:18)
	    at isStandaloneComponent (node_modules/@angular/core/fesm2022/testing.mjs:1601:17)
	    at queueTypesFromModulesArrayRecur (node_modules/@angular/core/fesm2022/testing.mjs:1325:26)
	    at TestBedCompiler.queueTypesFromModulesArray (node_modules/@angular/core/fesm2022/testing.mjs:1348:9)
	    at TestBedCompiler.configureTestingModule (node_modules/@angular/core/fesm2022/testing.mjs:856:18)
	    at TestBedImpl.configureTestingModule (node_modules/@angular/core/fesm2022/testing.mjs:1993:23)
	    at TestBedImpl.configureTestingModule (node_modules/@angular/core/fesm2022/testing.mjs:1805:37)
Chrome Headless 144.0.0.0 (Windows 10): Executed 625 of 767[31m (241 FAILED)[39m (skipped 3) (0 secs / 7.74 secs)
Chrome Headless 144.0.0.0 (Windows 10) AccountingComponent should log error from getAll orders API call directly to browser console FAILED
	Failed: Errors during JIT compilation of template for AccountingComponent: Unexpected closing tag "mat-table". It may happen when the tag has already been closed by another tag. For more info see https://www.w3.org/TR/html5/syntax.html#closing-elements-that-have-implied-end-tags ("
	            <mat-row *matRowDef="let row; columns: orderHistoryColumns;"></mat-row>
	
	          [ERROR ->]</mat-table>
	
	          <mat-paginator #paginatorOrderHistory [pageSize]="10" class="mat-elevation-"): ng:///AccountingComponent/template.html@87:10
	    at parseJitTemplate (node_modules/@angular/compiler/fesm2022/compiler.mjs:32326:15)
	    at CompilerFacadeImpl.compileComponent (node_modules/@angular/compiler/fesm2022/compiler.mjs:32000:52)
	    at AccountingComponent.╔╡cmp (node_modules/@angular/core/fesm2022/debug_node.mjs:30245:47)
	    at getComponentDef (node_modules/@angular/core/fesm2022/testing.mjs:1605:18)
	    at isStandaloneComponent (node_modules/@angular/core/fesm2022/testing.mjs:1601:17)
	    at queueTypesFromModulesArrayRecur (node_modules/@angular/core/fesm2022/testing.mjs:1325:26)
	    at TestBedCompiler.queueTypesFromModulesArray (node_modules/@angular/core/fesm2022/testing.mjs:1348:9)
	    at TestBedCompiler.configureTestingModule (node_modules/@angular/core/fesm2022/testing.mjs:856:18)
	    at TestBedImpl.configureTestingModule (node_modules/@angular/core/fesm2022/testing.mjs:1993:23)
	    at TestBedImpl.configureTestingModule (node_modules/@angular/core/fesm2022/testing.mjs:1805:37)
[1A[2KChrome Headless 144.0.0.0 (Windows 10): Executed 626 of 767[31m (241 FAILED)[39m (skipped 3) (0 secs / 7.741 secs)
[1A[2KChrome Headless 144.0.0.0 (Windows 10): Executed 627 of 767[31m (241 FAILED)[39m (skipped 3) (0 secs / 7.742 secs)
[1A[2KChrome Headless 144.0.0.0 (Windows 10): Executed 628 of 767[31m (241 FAILED)[39m (skipped 3) (0 secs / 7.743 secs)
[1A[2KChrome Headless 144.0.0.0 (Windows 10): Executed 629 of 767[31m (241 FAILED)[39m (skipped 3) (0 secs / 7.744 secs)
[1A[2KChrome Headless 144.0.0.0 (Windows 10): Executed 630 of 767[31m (241 FAILED)[39m (skipped 3) (0 secs / 7.745 secs)
[1A[2K[31mChrome Headless 144.0.0.0 (Windows 10) SidenavComponent should forward to main page FAILED[39m
	Failed: Errors during JIT compilation of template for SidenavComponent: Unexpected closing tag "span". It may happen when the tag has already been closed by another tag. For more info see https://www.w3.org/TR/html5/syntax.html#closing-elements-that-have-implied-end-tags ("
	          <i class="icon-mongodb"></i>
	        </div>
	      [ERROR ->]</span>
	    </div>
	>>>>>>> upstream/develop
	"): ng:///SidenavComponent/template.html@343:6, Unexpected closing tag "div". It may happen when the tag has already been closed by another tag. For more info see https://www.w3.org/TR/html5/syntax.html#closing-elements-that-have-implied-end-tags ("
	        </div>
	      </span>
	    [ERROR ->]</div>
	>>>>>>> upstream/develop
	"): ng:///SidenavComponent/template.html@344:4
	    at parseJitTemplate (node_modules/@angular/compiler/fesm2022/compiler.mjs:32326:15)
	    at CompilerFacadeImpl.compileComponent (node_modules/@angular/compiler/fesm2022/compiler.mjs:32000:52)
	    at SidenavComponent.╔╡cmp (node_modules/@angular/core/fesm2022/debug_node.mjs:30245:47)
	    at getComponentDef (node_modules/@angular/core/fesm2022/testing.mjs:1605:18)
	    at isStandaloneComponent (node_modules/@angular/core/fesm2022/testing.mjs:1601:17)
	    at queueTypesFromModulesArrayRecur (node_modules/@angular/core/fesm2022/testing.mjs:1325:26)
	    at TestBedCompiler.queueTypesFromModulesArray (node_modules/@angular/core/fesm2022/testing.mjs:1348:9)
	    at TestBedCompiler.configureTestingModule (node_modules/@angular/core/fesm2022/testing.mjs:856:18)
	    at TestBedImpl.configureTestingModule (node_modules/@angular/core/fesm2022/testing.mjs:1993:23)
	    at TestBedImpl.configureTestingModule (node_modules/@angular/core/fesm2022/testing.mjs:1805:37)
Chrome Headless 144.0.0.0 (Windows 10): Executed 631 of 767[31m (242 FAILED)[39m (skipped 3) (0 secs / 7.749 secs)
Chrome Headless 144.0.0.0 (Windows 10) SidenavComponent should forward to main page FAILED
	Failed: Errors during JIT compilation of template for SidenavComponent: Unexpected closing tag "span". It may happen when the tag has already been closed by another tag. For more info see https://www.w3.org/TR/html5/syntax.html#closing-elements-that-have-implied-end-tags ("
	          <i class="icon-mongodb"></i>
	        </div>
	      [ERROR ->]</span>
	    </div>
	>>>>>>> upstream/develop
	"): ng:///SidenavComponent/template.html@343:6, Unexpected closing tag "div". It may happen when the tag has already been closed by another tag. For more info see https://www.w3.org/TR/html5/syntax.html#closing-elements-that-have-implied-end-tags ("
	        </div>
	      </span>
	    [ERROR ->]</div>
	>>>>>>> upstream/develop
	"): ng:///SidenavComponent/template.html@344:4
	    at parseJitTemplate (node_modules/@angular/compiler/fesm2022/compiler.mjs:32326:15)
	    at CompilerFacadeImpl.compileComponent (node_modules/@angular/compiler/fesm2022/compiler.mjs:32000:52)
	    at SidenavComponent.╔╡cmp (node_modules/@angular/core/fesm2022/debug_node.mjs:30245:47)
	    at getComponentDef (node_modules/@angular/core/fesm2022/testing.mjs:1605:18)
	    at isStandaloneComponent (node_modules/@angular/core/fesm2022/testing.mjs:1601:17)
	    at queueTypesFromModulesArrayRecur (node_modules/@angular/core/fesm2022/testing.mjs:1325:26)
	    at TestBedCompiler.queueTypesFromModulesArray (node_modules/@angular/core/fesm2022/testing.mjs:1348:9)
	    at TestBedCompiler.configureTestingModule (node_modules/@angular/core/fesm2022/testing.mjs:856:18)
	    at TestBedImpl.configureTestingModule (node_modules/@angular/core/fesm2022/testing.mjs:1993:23)
	    at TestBedImpl.configureTestingModule (node_modules/@angular/core/fesm2022/testing.mjs:1805:37)
[1A[2K[31mChrome Headless 144.0.0.0 (Windows 10) SidenavComponent should create FAILED[39m
	Failed: Errors during JIT compilation of template for SidenavComponent: Unexpected closing tag "span". It may happen when the tag has already been closed by another tag. For more info see https://www.w3.org/TR/html5/syntax.html#closing-elements-that-have-implied-end-tags ("
	          <i class="icon-mongodb"></i>
	        </div>
	      [ERROR ->]</span>
	    </div>
	>>>>>>> upstream/develop
	"): ng:///SidenavComponent/template.html@343:6, Unexpected closing tag "div". It may happen when the tag has already been closed by another tag. For more info see https://www.w3.org/TR/html5/syntax.html#closing-elements-that-have-implied-end-tags ("
	        </div>
	      </span>
	    [ERROR ->]</div>
	>>>>>>> upstream/develop
	"): ng:///SidenavComponent/template.html@344:4
	    at parseJitTemplate (node_modules/@angular/compiler/fesm2022/compiler.mjs:32326:15)
	    at CompilerFacadeImpl.compileComponent (node_modules/@angular/compiler/fesm2022/compiler.mjs:32000:52)
	    at SidenavComponent.╔╡cmp (node_modules/@angular/core/fesm2022/debug_node.mjs:30245:47)
	    at getComponentDef (node_modules/@angular/core/fesm2022/testing.mjs:1605:18)
	    at isStandaloneComponent (node_modules/@angular/core/fesm2022/testing.mjs:1601:17)
	    at queueTypesFromModulesArrayRecur (node_modules/@angular/core/fesm2022/testing.mjs:1325:26)
	    at TestBedCompiler.queueTypesFromModulesArray (node_modules/@angular/core/fesm2022/testing.mjs:1348:9)
	    at TestBedCompiler.configureTestingModule (node_modules/@angular/core/fesm2022/testing.mjs:856:18)
	    at TestBedImpl.configureTestingModule (node_modules/@angular/core/fesm2022/testing.mjs:1993:23)
	    at TestBedImpl.configureTestingModule (node_modules/@angular/core/fesm2022/testing.mjs:1805:37)
Chrome Headless 144.0.0.0 (Windows 10): Executed 632 of 767[31m (243 FAILED)[39m (skipped 3) (0 secs / 7.752 secs)
Chrome Headless 144.0.0.0 (Windows 10) SidenavComponent should create FAILED
	Failed: Errors during JIT compilation of template for SidenavComponent: Unexpected closing tag "span". It may happen when the tag has already been closed by another tag. For more info see https://www.w3.org/TR/html5/syntax.html#closing-elements-that-have-implied-end-tags ("
	          <i class="icon-mongodb"></i>
	        </div>
	      [ERROR ->]</span>
	    </div>
	>>>>>>> upstream/develop
	"): ng:///SidenavComponent/template.html@343:6, Unexpected closing tag "div". It may happen when the tag has already been closed by another tag. For more info see https://www.w3.org/TR/html5/syntax.html#closing-elements-that-have-implied-end-tags ("
	        </div>
	      </span>
	    [ERROR ->]</div>
	>>>>>>> upstream/develop
	"): ng:///SidenavComponent/template.html@344:4
	    at parseJitTemplate (node_modules/@angular/compiler/fesm2022/compiler.mjs:32326:15)
	    at CompilerFacadeImpl.compileComponent (node_modules/@angular/compiler/fesm2022/compiler.mjs:32000:52)
	    at SidenavComponent.╔╡cmp (node_modules/@angular/core/fesm2022/debug_node.mjs:30245:47)
	    at getComponentDef (node_modules/@angular/core/fesm2022/testing.mjs:1605:18)
	    at isStandaloneComponent (node_modules/@angular/core/fesm2022/testing.mjs:1601:17)
	    at queueTypesFromModulesArrayRecur (node_modules/@angular/core/fesm2022/testing.mjs:1325:26)
	    at TestBedCompiler.queueTypesFromModulesArray (node_modules/@angular/core/fesm2022/testing.mjs:1348:9)
	    at TestBedCompiler.configureTestingModule (node_modules/@angular/core/fesm2022/testing.mjs:856:18)
	    at TestBedImpl.configureTestingModule (node_modules/@angular/core/fesm2022/testing.mjs:1993:23)
	    at TestBedImpl.configureTestingModule (node_modules/@angular/core/fesm2022/testing.mjs:1805:37)
[1A[2K[31mChrome Headless 144.0.0.0 (Windows 10) SidenavComponent should show accounting functionality when user has according role FAILED[39m
	Failed: Errors during JIT compilation of template for SidenavComponent: Unexpected closing tag "span". It may happen when the tag has already been closed by another tag. For more info see https://www.w3.org/TR/html5/syntax.html#closing-elements-that-have-implied-end-tags ("
	          <i class="icon-mongodb"></i>
	        </div>
	      [ERROR ->]</span>
	    </div>
	>>>>>>> upstream/develop
	"): ng:///SidenavComponent/template.html@343:6, Unexpected closing tag "div". It may happen when the tag has already been closed by another tag. For more info see https://www.w3.org/TR/html5/syntax.html#closing-elements-that-have-implied-end-tags ("
	        </div>
	      </span>
	    [ERROR ->]</div>
	>>>>>>> upstream/develop
	"): ng:///SidenavComponent/template.html@344:4
	    at parseJitTemplate (node_modules/@angular/compiler/fesm2022/compiler.mjs:32326:15)
	    at CompilerFacadeImpl.compileComponent (node_modules/@angular/compiler/fesm2022/compiler.mjs:32000:52)
	    at SidenavComponent.╔╡cmp (node_modules/@angular/core/fesm2022/debug_node.mjs:30245:47)
	    at getComponentDef (node_modules/@angular/core/fesm2022/testing.mjs:1605:18)
	    at isStandaloneComponent (node_modules/@angular/core/fesm2022/testing.mjs:1601:17)
	    at queueTypesFromModulesArrayRecur (node_modules/@angular/core/fesm2022/testing.mjs:1325:26)
	    at TestBedCompiler.queueTypesFromModulesArray (node_modules/@angular/core/fesm2022/testing.mjs:1348:9)
	    at TestBedCompiler.configureTestingModule (node_modules/@angular/core/fesm2022/testing.mjs:856:18)
	    at TestBedImpl.configureTestingModule (node_modules/@angular/core/fesm2022/testing.mjs:1993:23)
	    at TestBedImpl.configureTestingModule (node_modules/@angular/core/fesm2022/testing.mjs:1805:37)
Chrome Headless 144.0.0.0 (Windows 10): Executed 633 of 767[31m (244 FAILED)[39m (skipped 3) (0 secs / 7.754 secs)
Chrome Headless 144.0.0.0 (Windows 10) SidenavComponent should show accounting functionality when user has according role FAILED
	Failed: Errors during JIT compilation of template for SidenavComponent: Unexpected closing tag "span". It may happen when the tag has already been closed by another tag. For more info see https://www.w3.org/TR/html5/syntax.html#closing-elements-that-have-implied-end-tags ("
	          <i class="icon-mongodb"></i>
	        </div>
	      [ERROR ->]</span>
	    </div>
	>>>>>>> upstream/develop
	"): ng:///SidenavComponent/template.html@343:6, Unexpected closing tag "div". It may happen when the tag has already been closed by another tag. For more info see https://www.w3.org/TR/html5/syntax.html#closing-elements-that-have-implied-end-tags ("
	        </div>
	      </span>
	    [ERROR ->]</div>
	>>>>>>> upstream/develop
	"): ng:///SidenavComponent/template.html@344:4
	    at parseJitTemplate (node_modules/@angular/compiler/fesm2022/compiler.mjs:32326:15)
	    at CompilerFacadeImpl.compileComponent (node_modules/@angular/compiler/fesm2022/compiler.mjs:32000:52)
	    at SidenavComponent.╔╡cmp (node_modules/@angular/core/fesm2022/debug_node.mjs:30245:47)
	    at getComponentDef (node_modules/@angular/core/fesm2022/testing.mjs:1605:18)
	    at isStandaloneComponent (node_modules/@angular/core/fesm2022/testing.mjs:1601:17)
	    at queueTypesFromModulesArrayRecur (node_modules/@angular/core/fesm2022/testing.mjs:1325:26)
	    at TestBedCompiler.queueTypesFromModulesArray (node_modules/@angular/core/fesm2022/testing.mjs:1348:9)
	    at TestBedCompiler.configureTestingModule (node_modules/@angular/core/fesm2022/testing.mjs:856:18)
	    at TestBedImpl.configureTestingModule (node_modules/@angular/core/fesm2022/testing.mjs:1993:23)
	    at TestBedImpl.configureTestingModule (node_modules/@angular/core/fesm2022/testing.mjs:1805:37)
[1A[2K[31mChrome Headless 144.0.0.0 (Windows 10) SidenavComponent should save the last login IP address FAILED[39m
	Failed: Errors during JIT compilation of template for SidenavComponent: Unexpected closing tag "span". It may happen when the tag has already been closed by another tag. For more info see https://www.w3.org/TR/html5/syntax.html#closing-elements-that-have-implied-end-tags ("
	          <i class="icon-mongodb"></i>
	        </div>
	      [ERROR ->]</span>
	    </div>
	>>>>>>> upstream/develop
	"): ng:///SidenavComponent/template.html@343:6, Unexpected closing tag "div". It may happen when the tag has already been closed by another tag. For more info see https://www.w3.org/TR/html5/syntax.html#closing-elements-that-have-implied-end-tags ("
	        </div>
	      </span>
	    [ERROR ->]</div>
	>>>>>>> upstream/develop
	"): ng:///SidenavComponent/template.html@344:4
	    at parseJitTemplate (node_modules/@angular/compiler/fesm2022/compiler.mjs:32326:15)
	    at CompilerFacadeImpl.compileComponent (node_modules/@angular/compiler/fesm2022/compiler.mjs:32000:52)
	    at SidenavComponent.╔╡cmp (node_modules/@angular/core/fesm2022/debug_node.mjs:30245:47)
	    at getComponentDef (node_modules/@angular/core/fesm2022/testing.mjs:1605:18)
	    at isStandaloneComponent (node_modules/@angular/core/fesm2022/testing.mjs:1601:17)
	    at queueTypesFromModulesArrayRecur (node_modules/@angular/core/fesm2022/testing.mjs:1325:26)
	    at TestBedCompiler.queueTypesFromModulesArray (node_modules/@angular/core/fesm2022/testing.mjs:1348:9)
	    at TestBedCompiler.configureTestingModule (node_modules/@angular/core/fesm2022/testing.mjs:856:18)
	    at TestBedImpl.configureTestingModule (node_modules/@angular/core/fesm2022/testing.mjs:1993:23)
	    at TestBedImpl.configureTestingModule (node_modules/@angular/core/fesm2022/testing.mjs:1805:37)
Chrome Headless 144.0.0.0 (Windows 10): Executed 634 of 767[31m (245 FAILED)[39m (skipped 3) (0 secs / 7.76 secs)
Chrome Headless 144.0.0.0 (Windows 10) SidenavComponent should save the last login IP address FAILED
	Failed: Errors during JIT compilation of template for SidenavComponent: Unexpected closing tag "span". It may happen when the tag has already been closed by another tag. For more info see https://www.w3.org/TR/html5/syntax.html#closing-elements-that-have-implied-end-tags ("
	          <i class="icon-mongodb"></i>
	        </div>
	      [ERROR ->]</span>
	    </div>
	>>>>>>> upstream/develop
	"): ng:///SidenavComponent/template.html@343:6, Unexpected closing tag "div". It may happen when the tag has already been closed by another tag. For more info see https://www.w3.org/TR/html5/syntax.html#closing-elements-that-have-implied-end-tags ("
	        </div>
	      </span>
	    [ERROR ->]</div>
	>>>>>>> upstream/develop
	"): ng:///SidenavComponent/template.html@344:4
	    at parseJitTemplate (node_modules/@angular/compiler/fesm2022/compiler.mjs:32326:15)
	    at CompilerFacadeImpl.compileComponent (node_modules/@angular/compiler/fesm2022/compiler.mjs:32000:52)
	    at SidenavComponent.╔╡cmp (node_modules/@angular/core/fesm2022/debug_node.mjs:30245:47)
	    at getComponentDef (node_modules/@angular/core/fesm2022/testing.mjs:1605:18)
	    at isStandaloneComponent (node_modules/@angular/core/fesm2022/testing.mjs:1601:17)
	    at queueTypesFromModulesArrayRecur (node_modules/@angular/core/fesm2022/testing.mjs:1325:26)
	    at TestBedCompiler.queueTypesFromModulesArray (node_modules/@angular/core/fesm2022/testing.mjs:1348:9)
	    at TestBedCompiler.configureTestingModule (node_modules/@angular/core/fesm2022/testing.mjs:856:18)
	    at TestBedImpl.configureTestingModule (node_modules/@angular/core/fesm2022/testing.mjs:1993:23)
	    at TestBedImpl.configureTestingModule (node_modules/@angular/core/fesm2022/testing.mjs:1805:37)
[1A[2K[31mChrome Headless 144.0.0.0 (Windows 10) SidenavComponent should set version number as retrieved with "v" prefix FAILED[39m
	Failed: Errors during JIT compilation of template for SidenavComponent: Unexpected closing tag "span". It may happen when the tag has already been closed by another tag. For more info see https://www.w3.org/TR/html5/syntax.html#closing-elements-that-have-implied-end-tags ("
	          <i class="icon-mongodb"></i>
	        </div>
	      [ERROR ->]</span>
	    </div>
	>>>>>>> upstream/develop
	"): ng:///SidenavComponent/template.html@343:6, Unexpected closing tag "div". It may happen when the tag has already been closed by another tag. For more info see https://www.w3.org/TR/html5/syntax.html#closing-elements-that-have-implied-end-tags ("
	        </div>
	      </span>
	    [ERROR ->]</div>
	>>>>>>> upstream/develop
	"): ng:///SidenavComponent/template.html@344:4
	    at parseJitTemplate (node_modules/@angular/compiler/fesm2022/compiler.mjs:32326:15)
	    at CompilerFacadeImpl.compileComponent (node_modules/@angular/compiler/fesm2022/compiler.mjs:32000:52)
	    at SidenavComponent.╔╡cmp (node_modules/@angular/core/fesm2022/debug_node.mjs:30245:47)
	    at getComponentDef (node_modules/@angular/core/fesm2022/testing.mjs:1605:18)
	    at isStandaloneComponent (node_modules/@angular/core/fesm2022/testing.mjs:1601:17)
	    at queueTypesFromModulesArrayRecur (node_modules/@angular/core/fesm2022/testing.mjs:1325:26)
	    at TestBedCompiler.queueTypesFromModulesArray (node_modules/@angular/core/fesm2022/testing.mjs:1348:9)
	    at TestBedCompiler.configureTestingModule (node_modules/@angular/core/fesm2022/testing.mjs:856:18)
	    at TestBedImpl.configureTestingModule (node_modules/@angular/core/fesm2022/testing.mjs:1993:23)
	    at TestBedImpl.configureTestingModule (node_modules/@angular/core/fesm2022/testing.mjs:1805:37)
Chrome Headless 144.0.0.0 (Windows 10): Executed 635 of 767[31m (246 FAILED)[39m (skipped 3) (0 secs / 7.767 secs)
Chrome Headless 144.0.0.0 (Windows 10) SidenavComponent should set version number as retrieved with "v" prefix FAILED
	Failed: Errors during JIT compilation of template for SidenavComponent: Unexpected closing tag "span". It may happen when the tag has already been closed by another tag. For more info see https://www.w3.org/TR/html5/syntax.html#closing-elements-that-have-implied-end-tags ("
	          <i class="icon-mongodb"></i>
	        </div>
	      [ERROR ->]</span>
	    </div>
	>>>>>>> upstream/develop
	"): ng:///SidenavComponent/template.html@343:6, Unexpected closing tag "div". It may happen when the tag has already been closed by another tag. For more info see https://www.w3.org/TR/html5/syntax.html#closing-elements-that-have-implied-end-tags ("
	        </div>
	      </span>
	    [ERROR ->]</div>
	>>>>>>> upstream/develop
	"): ng:///SidenavComponent/template.html@344:4
	    at parseJitTemplate (node_modules/@angular/compiler/fesm2022/compiler.mjs:32326:15)
	    at CompilerFacadeImpl.compileComponent (node_modules/@angular/compiler/fesm2022/compiler.mjs:32000:52)
	    at SidenavComponent.╔╡cmp (node_modules/@angular/core/fesm2022/debug_node.mjs:30245:47)
	    at getComponentDef (node_modules/@angular/core/fesm2022/testing.mjs:1605:18)
	    at isStandaloneComponent (node_modules/@angular/core/fesm2022/testing.mjs:1601:17)
	    at queueTypesFromModulesArrayRecur (node_modules/@angular/core/fesm2022/testing.mjs:1325:26)
	    at TestBedCompiler.queueTypesFromModulesArray (node_modules/@angular/core/fesm2022/testing.mjs:1348:9)
	    at TestBedCompiler.configureTestingModule (node_modules/@angular/core/fesm2022/testing.mjs:856:18)
	    at TestBedImpl.configureTestingModule (node_modules/@angular/core/fesm2022/testing.mjs:1993:23)
	    at TestBedImpl.configureTestingModule (node_modules/@angular/core/fesm2022/testing.mjs:1805:37)
[1A[2K[31mChrome Headless 144.0.0.0 (Windows 10) SidenavComponent should handle error when getting application details FAILED[39m
	Failed: Errors during JIT compilation of template for SidenavComponent: Unexpected closing tag "span". It may happen when the tag has already been closed by another tag. For more info see https://www.w3.org/TR/html5/syntax.html#closing-elements-that-have-implied-end-tags ("
	          <i class="icon-mongodb"></i>
	        </div>
	      [ERROR ->]</span>
	    </div>
	>>>>>>> upstream/develop
	"): ng:///SidenavComponent/template.html@343:6, Unexpected closing tag "div". It may happen when the tag has already been closed by another tag. For more info see https://www.w3.org/TR/html5/syntax.html#closing-elements-that-have-implied-end-tags ("
	        </div>
	      </span>
	    [ERROR ->]</div>
	>>>>>>> upstream/develop
	"): ng:///SidenavComponent/template.html@344:4
	    at parseJitTemplate (node_modules/@angular/compiler/fesm2022/compiler.mjs:32326:15)
	    at CompilerFacadeImpl.compileComponent (node_modules/@angular/compiler/fesm2022/compiler.mjs:32000:52)
	    at SidenavComponent.╔╡cmp (node_modules/@angular/core/fesm2022/debug_node.mjs:30245:47)
	    at getComponentDef (node_modules/@angular/core/fesm2022/testing.mjs:1605:18)
	    at isStandaloneComponent (node_modules/@angular/core/fesm2022/testing.mjs:1601:17)
	    at queueTypesFromModulesArrayRecur (node_modules/@angular/core/fesm2022/testing.mjs:1325:26)
	    at TestBedCompiler.queueTypesFromModulesArray (node_modules/@angular/core/fesm2022/testing.mjs:1348:9)
	    at TestBedCompiler.configureTestingModule (node_modules/@angular/core/fesm2022/testing.mjs:856:18)
	    at TestBedImpl.configureTestingModule (node_modules/@angular/core/fesm2022/testing.mjs:1993:23)
	    at TestBedImpl.configureTestingModule (node_modules/@angular/core/fesm2022/testing.mjs:1805:37)
Chrome Headless 144.0.0.0 (Windows 10): Executed 636 of 767[31m (247 FAILED)[39m (skipped 3) (0 secs / 7.769 secs)
Chrome Headless 144.0.0.0 (Windows 10) SidenavComponent should handle error when getting application details FAILED
	Failed: Errors during JIT compilation of template for SidenavComponent: Unexpected closing tag "span". It may happen when the tag has already been closed by another tag. For more info see https://www.w3.org/TR/html5/syntax.html#closing-elements-that-have-implied-end-tags ("
	          <i class="icon-mongodb"></i>
	        </div>
	      [ERROR ->]</span>
	    </div>
	>>>>>>> upstream/develop
	"): ng:///SidenavComponent/template.html@343:6, Unexpected closing tag "div". It may happen when the tag has already been closed by another tag. For more info see https://www.w3.org/TR/html5/syntax.html#closing-elements-that-have-implied-end-tags ("
	        </div>
	      </span>
	    [ERROR ->]</div>
	>>>>>>> upstream/develop
	"): ng:///SidenavComponent/template.html@344:4
	    at parseJitTemplate (node_modules/@angular/compiler/fesm2022/compiler.mjs:32326:15)
	    at CompilerFacadeImpl.compileComponent (node_modules/@angular/compiler/fesm2022/compiler.mjs:32000:52)
	    at SidenavComponent.╔╡cmp (node_modules/@angular/core/fesm2022/debug_node.mjs:30245:47)
	    at getComponentDef (node_modules/@angular/core/fesm2022/testing.mjs:1605:18)
	    at isStandaloneComponent (node_modules/@angular/core/fesm2022/testing.mjs:1601:17)
	    at queueTypesFromModulesArrayRecur (node_modules/@angular/core/fesm2022/testing.mjs:1325:26)
	    at TestBedCompiler.queueTypesFromModulesArray (node_modules/@angular/core/fesm2022/testing.mjs:1348:9)
	    at TestBedCompiler.configureTestingModule (node_modules/@angular/core/fesm2022/testing.mjs:856:18)
	    at TestBedImpl.configureTestingModule (node_modules/@angular/core/fesm2022/testing.mjs:1993:23)
	    at TestBedImpl.configureTestingModule (node_modules/@angular/core/fesm2022/testing.mjs:1805:37)
[1A[2K[31mChrome Headless 144.0.0.0 (Windows 10) SidenavComponent should not show accounting functionality when user lacks according role FAILED[39m
	Failed: Errors during JIT compilation of template for SidenavComponent: Unexpected closing tag "span". It may happen when the tag has already been closed by another tag. For more info see https://www.w3.org/TR/html5/syntax.html#closing-elements-that-have-implied-end-tags ("
	          <i class="icon-mongodb"></i>
	        </div>
	      [ERROR ->]</span>
	    </div>
	>>>>>>> upstream/develop
	"): ng:///SidenavComponent/template.html@343:6, Unexpected closing tag "div". It may happen when the tag has already been closed by another tag. For more info see https://www.w3.org/TR/html5/syntax.html#closing-elements-that-have-implied-end-tags ("
	        </div>
	      </span>
	    [ERROR ->]</div>
	>>>>>>> upstream/develop
	"): ng:///SidenavComponent/template.html@344:4
	    at parseJitTemplate (node_modules/@angular/compiler/fesm2022/compiler.mjs:32326:15)
	    at CompilerFacadeImpl.compileComponent (node_modules/@angular/compiler/fesm2022/compiler.mjs:32000:52)
	    at SidenavComponent.╔╡cmp (node_modules/@angular/core/fesm2022/debug_node.mjs:30245:47)
	    at getComponentDef (node_modules/@angular/core/fesm2022/testing.mjs:1605:18)
	    at isStandaloneComponent (node_modules/@angular/core/fesm2022/testing.mjs:1601:17)
	    at queueTypesFromModulesArrayRecur (node_modules/@angular/core/fesm2022/testing.mjs:1325:26)
	    at TestBedCompiler.queueTypesFromModulesArray (node_modules/@angular/core/fesm2022/testing.mjs:1348:9)
	    at TestBedCompiler.configureTestingModule (node_modules/@angular/core/fesm2022/testing.mjs:856:18)
	    at TestBedImpl.configureTestingModule (node_modules/@angular/core/fesm2022/testing.mjs:1993:23)
	    at TestBedImpl.configureTestingModule (node_modules/@angular/core/fesm2022/testing.mjs:1805:37)
Chrome Headless 144.0.0.0 (Windows 10): Executed 637 of 767[31m (248 FAILED)[39m (skipped 3) (0 secs / 7.777 secs)
Chrome Headless 144.0.0.0 (Windows 10) SidenavComponent should not show accounting functionality when user lacks according role FAILED
	Failed: Errors during JIT compilation of template for SidenavComponent: Unexpected closing tag "span". It may happen when the tag has already been closed by another tag. For more info see https://www.w3.org/TR/html5/syntax.html#closing-elements-that-have-implied-end-tags ("
	          <i class="icon-mongodb"></i>
	        </div>
	      [ERROR ->]</span>
	    </div>
	>>>>>>> upstream/develop
	"): ng:///SidenavComponent/template.html@343:6, Unexpected closing tag "div". It may happen when the tag has already been closed by another tag. For more info see https://www.w3.org/TR/html5/syntax.html#closing-elements-that-have-implied-end-tags ("
	        </div>
	      </span>
	    [ERROR ->]</div>
	>>>>>>> upstream/develop
	"): ng:///SidenavComponent/template.html@344:4
	    at parseJitTemplate (node_modules/@angular/compiler/fesm2022/compiler.mjs:32326:15)
	    at CompilerFacadeImpl.compileComponent (node_modules/@angular/compiler/fesm2022/compiler.mjs:32000:52)
	    at SidenavComponent.╔╡cmp (node_modules/@angular/core/fesm2022/debug_node.mjs:30245:47)
	    at getComponentDef (node_modules/@angular/core/fesm2022/testing.mjs:1605:18)
	    at isStandaloneComponent (node_modules/@angular/core/fesm2022/testing.mjs:1601:17)
	    at queueTypesFromModulesArrayRecur (node_modules/@angular/core/fesm2022/testing.mjs:1325:26)
	    at TestBedCompiler.queueTypesFromModulesArray (node_modules/@angular/core/fesm2022/testing.mjs:1348:9)
	    at TestBedCompiler.configureTestingModule (node_modules/@angular/core/fesm2022/testing.mjs:856:18)
	    at TestBedImpl.configureTestingModule (node_modules/@angular/core/fesm2022/testing.mjs:1993:23)
	    at TestBedImpl.configureTestingModule (node_modules/@angular/core/fesm2022/testing.mjs:1805:37)
[1A[2K[31mChrome Headless 144.0.0.0 (Windows 10) SidenavComponent should handle error when getting scoreboard status FAILED[39m
	Failed: Errors during JIT compilation of template for SidenavComponent: Unexpected closing tag "span". It may happen when the tag has already been closed by another tag. For more info see https://www.w3.org/TR/html5/syntax.html#closing-elements-that-have-implied-end-tags ("
	          <i class="icon-mongodb"></i>
	        </div>
	      [ERROR ->]</span>
	    </div>
	>>>>>>> upstream/develop
	"): ng:///SidenavComponent/template.html@343:6, Unexpected closing tag "div". It may happen when the tag has already been closed by another tag. For more info see https://www.w3.org/TR/html5/syntax.html#closing-elements-that-have-implied-end-tags ("
	        </div>
	      </span>
	    [ERROR ->]</div>
	>>>>>>> upstream/develop
	"): ng:///SidenavComponent/template.html@344:4
	    at parseJitTemplate (node_modules/@angular/compiler/fesm2022/compiler.mjs:32326:15)
	    at CompilerFacadeImpl.compileComponent (node_modules/@angular/compiler/fesm2022/compiler.mjs:32000:52)
	    at SidenavComponent.╔╡cmp (node_modules/@angular/core/fesm2022/debug_node.mjs:30245:47)
	    at getComponentDef (node_modules/@angular/core/fesm2022/testing.mjs:1605:18)
	    at isStandaloneComponent (node_modules/@angular/core/fesm2022/testing.mjs:1601:17)
	    at queueTypesFromModulesArrayRecur (node_modules/@angular/core/fesm2022/testing.mjs:1325:26)
	    at TestBedCompiler.queueTypesFromModulesArray (node_modules/@angular/core/fesm2022/testing.mjs:1348:9)
	    at TestBedCompiler.configureTestingModule (node_modules/@angular/core/fesm2022/testing.mjs:856:18)
	    at TestBedImpl.configureTestingModule (node_modules/@angular/core/fesm2022/testing.mjs:1993:23)
	    at TestBedImpl.configureTestingModule (node_modules/@angular/core/fesm2022/testing.mjs:1805:37)
Chrome Headless 144.0.0.0 (Windows 10): Executed 638 of 767[31m (249 FAILED)[39m (skipped 3) (0 secs / 7.78 secs)
Chrome Headless 144.0.0.0 (Windows 10) SidenavComponent should handle error when getting scoreboard status FAILED
	Failed: Errors during JIT compilation of template for SidenavComponent: Unexpected closing tag "span". It may happen when the tag has already been closed by another tag. For more info see https://www.w3.org/TR/html5/syntax.html#closing-elements-that-have-implied-end-tags ("
	          <i class="icon-mongodb"></i>
	        </div>
	      [ERROR ->]</span>
	    </div>
	>>>>>>> upstream/develop
	"): ng:///SidenavComponent/template.html@343:6, Unexpected closing tag "div". It may happen when the tag has already been closed by another tag. For more info see https://www.w3.org/TR/html5/syntax.html#closing-elements-that-have-implied-end-tags ("
	        </div>
	      </span>
	    [ERROR ->]</div>
	>>>>>>> upstream/develop
	"): ng:///SidenavComponent/template.html@344:4
	    at parseJitTemplate (node_modules/@angular/compiler/fesm2022/compiler.mjs:32326:15)
	    at CompilerFacadeImpl.compileComponent (node_modules/@angular/compiler/fesm2022/compiler.mjs:32000:52)
	    at SidenavComponent.╔╡cmp (node_modules/@angular/core/fesm2022/debug_node.mjs:30245:47)
	    at getComponentDef (node_modules/@angular/core/fesm2022/testing.mjs:1605:18)
	    at isStandaloneComponent (node_modules/@angular/core/fesm2022/testing.mjs:1601:17)
	    at queueTypesFromModulesArrayRecur (node_modules/@angular/core/fesm2022/testing.mjs:1325:26)
	    at TestBedCompiler.queueTypesFromModulesArray (node_modules/@angular/core/fesm2022/testing.mjs:1348:9)
	    at TestBedCompiler.configureTestingModule (node_modules/@angular/core/fesm2022/testing.mjs:856:18)
	    at TestBedImpl.configureTestingModule (node_modules/@angular/core/fesm2022/testing.mjs:1993:23)
	    at TestBedImpl.configureTestingModule (node_modules/@angular/core/fesm2022/testing.mjs:1805:37)
[1A[2K[31mChrome Headless 144.0.0.0 (Windows 10) SidenavComponent should set the login status to be false via UserService FAILED[39m
	Failed: Errors during JIT compilation of template for SidenavComponent: Unexpected closing tag "span". It may happen when the tag has already been closed by another tag. For more info see https://www.w3.org/TR/html5/syntax.html#closing-elements-that-have-implied-end-tags ("
	          <i class="icon-mongodb"></i>
	        </div>
	      [ERROR ->]</span>
	    </div>
	>>>>>>> upstream/develop
	"): ng:///SidenavComponent/template.html@343:6, Unexpected closing tag "div". It may happen when the tag has already been closed by another tag. For more info see https://www.w3.org/TR/html5/syntax.html#closing-elements-that-have-implied-end-tags ("
	        </div>
	      </span>
	    [ERROR ->]</div>
	>>>>>>> upstream/develop
	"): ng:///SidenavComponent/template.html@344:4
	    at parseJitTemplate (node_modules/@angular/compiler/fesm2022/compiler.mjs:32326:15)
	    at CompilerFacadeImpl.compileComponent (node_modules/@angular/compiler/fesm2022/compiler.mjs:32000:52)
	    at SidenavComponent.╔╡cmp (node_modules/@angular/core/fesm2022/debug_node.mjs:30245:47)
	    at getComponentDef (node_modules/@angular/core/fesm2022/testing.mjs:1605:18)
	    at isStandaloneComponent (node_modules/@angular/core/fesm2022/testing.mjs:1601:17)
	    at queueTypesFromModulesArrayRecur (node_modules/@angular/core/fesm2022/testing.mjs:1325:26)
	    at TestBedCompiler.queueTypesFromModulesArray (node_modules/@angular/core/fesm2022/testing.mjs:1348:9)
	    at TestBedCompiler.configureTestingModule (node_modules/@angular/core/fesm2022/testing.mjs:856:18)
	    at TestBedImpl.configureTestingModule (node_modules/@angular/core/fesm2022/testing.mjs:1993:23)
	    at TestBedImpl.configureTestingModule (node_modules/@angular/core/fesm2022/testing.mjs:1805:37)
Chrome Headless 144.0.0.0 (Windows 10): Executed 639 of 767[31m (250 FAILED)[39m (skipped 3) (0 secs / 7.782 secs)
Chrome Headless 144.0.0.0 (Windows 10) SidenavComponent should set the login status to be false via UserService FAILED
	Failed: Errors during JIT compilation of template for SidenavComponent: Unexpected closing tag "span". It may happen when the tag has already been closed by another tag. For more info see https://www.w3.org/TR/html5/syntax.html#closing-elements-that-have-implied-end-tags ("
	          <i class="icon-mongodb"></i>
	        </div>
	      [ERROR ->]</span>
	    </div>
	>>>>>>> upstream/develop
	"): ng:///SidenavComponent/template.html@343:6, Unexpected closing tag "div". It may happen when the tag has already been closed by another tag. For more info see https://www.w3.org/TR/html5/syntax.html#closing-elements-that-have-implied-end-tags ("
	        </div>
	      </span>
	    [ERROR ->]</div>
	>>>>>>> upstream/develop
	"): ng:///SidenavComponent/template.html@344:4
	    at parseJitTemplate (node_modules/@angular/compiler/fesm2022/compiler.mjs:32326:15)
	    at CompilerFacadeImpl.compileComponent (node_modules/@angular/compiler/fesm2022/compiler.mjs:32000:52)
	    at SidenavComponent.╔╡cmp (node_modules/@angular/core/fesm2022/debug_node.mjs:30245:47)
	    at getComponentDef (node_modules/@angular/core/fesm2022/testing.mjs:1605:18)
	    at isStandaloneComponent (node_modules/@angular/core/fesm2022/testing.mjs:1601:17)
	    at queueTypesFromModulesArrayRecur (node_modules/@angular/core/fesm2022/testing.mjs:1325:26)
	    at TestBedCompiler.queueTypesFromModulesArray (node_modules/@angular/core/fesm2022/testing.mjs:1348:9)
	    at TestBedCompiler.configureTestingModule (node_modules/@angular/core/fesm2022/testing.mjs:856:18)
	    at TestBedImpl.configureTestingModule (node_modules/@angular/core/fesm2022/testing.mjs:1993:23)
	    at TestBedImpl.configureTestingModule (node_modules/@angular/core/fesm2022/testing.mjs:1805:37)
[1A[2K[31mChrome Headless 144.0.0.0 (Windows 10) SidenavComponent should handle error when getting user details FAILED[39m
	Failed: Errors during JIT compilation of template for SidenavComponent: Unexpected closing tag "span". It may happen when the tag has already been closed by another tag. For more info see https://www.w3.org/TR/html5/syntax.html#closing-elements-that-have-implied-end-tags ("
	          <i class="icon-mongodb"></i>
	        </div>
	      [ERROR ->]</span>
	    </div>
	>>>>>>> upstream/develop
	"): ng:///SidenavComponent/template.html@343:6, Unexpected closing tag "div". It may happen when the tag has already been closed by another tag. For more info see https://www.w3.org/TR/html5/syntax.html#closing-elements-that-have-implied-end-tags ("
	        </div>
	      </span>
	    [ERROR ->]</div>
	>>>>>>> upstream/develop
	"): ng:///SidenavComponent/template.html@344:4
	    at parseJitTemplate (node_modules/@angular/compiler/fesm2022/compiler.mjs:32326:15)
	    at CompilerFacadeImpl.compileComponent (node_modules/@angular/compiler/fesm2022/compiler.mjs:32000:52)
	    at SidenavComponent.╔╡cmp (node_modules/@angular/core/fesm2022/debug_node.mjs:30245:47)
	    at getComponentDef (node_modules/@angular/core/fesm2022/testing.mjs:1605:18)
	    at isStandaloneComponent (node_modules/@angular/core/fesm2022/testing.mjs:1601:17)
	    at queueTypesFromModulesArrayRecur (node_modules/@angular/core/fesm2022/testing.mjs:1325:26)
	    at TestBedCompiler.queueTypesFromModulesArray (node_modules/@angular/core/fesm2022/testing.mjs:1348:9)
	    at TestBedCompiler.configureTestingModule (node_modules/@angular/core/fesm2022/testing.mjs:856:18)
	    at TestBedImpl.configureTestingModule (node_modules/@angular/core/fesm2022/testing.mjs:1993:23)
	    at TestBedImpl.configureTestingModule (node_modules/@angular/core/fesm2022/testing.mjs:1805:37)
Chrome Headless 144.0.0.0 (Windows 10): Executed 640 of 767[31m (251 FAILED)[39m (skipped 3) (0 secs / 7.786 secs)
Chrome Headless 144.0.0.0 (Windows 10) SidenavComponent should handle error when getting user details FAILED
	Failed: Errors during JIT compilation of template for SidenavComponent: Unexpected closing tag "span". It may happen when the tag has already been closed by another tag. For more info see https://www.w3.org/TR/html5/syntax.html#closing-elements-that-have-implied-end-tags ("
	          <i class="icon-mongodb"></i>
	        </div>
	      [ERROR ->]</span>
	    </div>
	>>>>>>> upstream/develop
	"): ng:///SidenavComponent/template.html@343:6, Unexpected closing tag "div". It may happen when the tag has already been closed by another tag. For more info see https://www.w3.org/TR/html5/syntax.html#closing-elements-that-have-implied-end-tags ("
	        </div>
	      </span>
	    [ERROR ->]</div>
	>>>>>>> upstream/develop
	"): ng:///SidenavComponent/template.html@344:4
	    at parseJitTemplate (node_modules/@angular/compiler/fesm2022/compiler.mjs:32326:15)
	    at CompilerFacadeImpl.compileComponent (node_modules/@angular/compiler/fesm2022/compiler.mjs:32000:52)
	    at SidenavComponent.╔╡cmp (node_modules/@angular/core/fesm2022/debug_node.mjs:30245:47)
	    at getComponentDef (node_modules/@angular/core/fesm2022/testing.mjs:1605:18)
	    at isStandaloneComponent (node_modules/@angular/core/fesm2022/testing.mjs:1601:17)
	    at queueTypesFromModulesArrayRecur (node_modules/@angular/core/fesm2022/testing.mjs:1325:26)
	    at TestBedCompiler.queueTypesFromModulesArray (node_modules/@angular/core/fesm2022/testing.mjs:1348:9)
	    at TestBedCompiler.configureTestingModule (node_modules/@angular/core/fesm2022/testing.mjs:856:18)
	    at TestBedImpl.configureTestingModule (node_modules/@angular/core/fesm2022/testing.mjs:1993:23)
	    at TestBedImpl.configureTestingModule (node_modules/@angular/core/fesm2022/testing.mjs:1805:37)
[1A[2K[31mChrome Headless 144.0.0.0 (Windows 10) SidenavComponent should hide Score Board link when Score Board was not discovered yet FAILED[39m
	Failed: Errors during JIT compilation of template for SidenavComponent: Unexpected closing tag "span". It may happen when the tag has already been closed by another tag. For more info see https://www.w3.org/TR/html5/syntax.html#closing-elements-that-have-implied-end-tags ("
	          <i class="icon-mongodb"></i>
	        </div>
	      [ERROR ->]</span>
	    </div>
	>>>>>>> upstream/develop
	"): ng:///SidenavComponent/template.html@343:6, Unexpected closing tag "div". It may happen when the tag has already been closed by another tag. For more info see https://www.w3.org/TR/html5/syntax.html#closing-elements-that-have-implied-end-tags ("
	        </div>
	      </span>
	    [ERROR ->]</div>
	>>>>>>> upstream/develop
	"): ng:///SidenavComponent/template.html@344:4
	    at parseJitTemplate (node_modules/@angular/compiler/fesm2022/compiler.mjs:32326:15)
	    at CompilerFacadeImpl.compileComponent (node_modules/@angular/compiler/fesm2022/compiler.mjs:32000:52)
	    at SidenavComponent.╔╡cmp (node_modules/@angular/core/fesm2022/debug_node.mjs:30245:47)
	    at getComponentDef (node_modules/@angular/core/fesm2022/testing.mjs:1605:18)
	    at isStandaloneComponent (node_modules/@angular/core/fesm2022/testing.mjs:1601:17)
	    at queueTypesFromModulesArrayRecur (node_modules/@angular/core/fesm2022/testing.mjs:1325:26)
	    at TestBedCompiler.queueTypesFromModulesArray (node_modules/@angular/core/fesm2022/testing.mjs:1348:9)
	    at TestBedCompiler.configureTestingModule (node_modules/@angular/core/fesm2022/testing.mjs:856:18)
	    at TestBedImpl.configureTestingModule (node_modules/@angular/core/fesm2022/testing.mjs:1993:23)
	    at TestBedImpl.configureTestingModule (node_modules/@angular/core/fesm2022/testing.mjs:1805:37)
Chrome Headless 144.0.0.0 (Windows 10): Executed 641 of 767[31m (252 FAILED)[39m (skipped 3) (0 secs / 7.788 secs)
Chrome Headless 144.0.0.0 (Windows 10) SidenavComponent should hide Score Board link when Score Board was not discovered yet FAILED
	Failed: Errors during JIT compilation of template for SidenavComponent: Unexpected closing tag "span". It may happen when the tag has already been closed by another tag. For more info see https://www.w3.org/TR/html5/syntax.html#closing-elements-that-have-implied-end-tags ("
	          <i class="icon-mongodb"></i>
	        </div>
	      [ERROR ->]</span>
	    </div>
	>>>>>>> upstream/develop
	"): ng:///SidenavComponent/template.html@343:6, Unexpected closing tag "div". It may happen when the tag has already been closed by another tag. For more info see https://www.w3.org/TR/html5/syntax.html#closing-elements-that-have-implied-end-tags ("
	        </div>
	      </span>
	    [ERROR ->]</div>
	>>>>>>> upstream/develop
	"): ng:///SidenavComponent/template.html@344:4
	    at parseJitTemplate (node_modules/@angular/compiler/fesm2022/compiler.mjs:32326:15)
	    at CompilerFacadeImpl.compileComponent (node_modules/@angular/compiler/fesm2022/compiler.mjs:32000:52)
	    at SidenavComponent.╔╡cmp (node_modules/@angular/core/fesm2022/debug_node.mjs:30245:47)
	    at getComponentDef (node_modules/@angular/core/fesm2022/testing.mjs:1605:18)
	    at isStandaloneComponent (node_modules/@angular/core/fesm2022/testing.mjs:1601:17)
	    at queueTypesFromModulesArrayRecur (node_modules/@angular/core/fesm2022/testing.mjs:1325:26)
	    at TestBedCompiler.queueTypesFromModulesArray (node_modules/@angular/core/fesm2022/testing.mjs:1348:9)
	    at TestBedCompiler.configureTestingModule (node_modules/@angular/core/fesm2022/testing.mjs:856:18)
	    at TestBedImpl.configureTestingModule (node_modules/@angular/core/fesm2022/testing.mjs:1993:23)
	    at TestBedImpl.configureTestingModule (node_modules/@angular/core/fesm2022/testing.mjs:1805:37)
[1A[2K[31mChrome Headless 144.0.0.0 (Windows 10) SidenavComponent should show Score Board link when Score Board was already discovered FAILED[39m
	Failed: Errors during JIT compilation of template for SidenavComponent: Unexpected closing tag "span". It may happen when the tag has already been closed by another tag. For more info see https://www.w3.org/TR/html5/syntax.html#closing-elements-that-have-implied-end-tags ("
	          <i class="icon-mongodb"></i>
	        </div>
	      [ERROR ->]</span>
	    </div>
	>>>>>>> upstream/develop
	"): ng:///SidenavComponent/template.html@343:6, Unexpected closing tag "div". It may happen when the tag has already been closed by another tag. For more info see https://www.w3.org/TR/html5/syntax.html#closing-elements-that-have-implied-end-tags ("
	        </div>
	      </span>
	    [ERROR ->]</div>
	>>>>>>> upstream/develop
	"): ng:///SidenavComponent/template.html@344:4
	    at parseJitTemplate (node_modules/@angular/compiler/fesm2022/compiler.mjs:32326:15)
	    at CompilerFacadeImpl.compileComponent (node_modules/@angular/compiler/fesm2022/compiler.mjs:32000:52)
	    at SidenavComponent.╔╡cmp (node_modules/@angular/core/fesm2022/debug_node.mjs:30245:47)
	    at getComponentDef (node_modules/@angular/core/fesm2022/testing.mjs:1605:18)
	    at isStandaloneComponent (node_modules/@angular/core/fesm2022/testing.mjs:1601:17)
	    at queueTypesFromModulesArrayRecur (node_modules/@angular/core/fesm2022/testing.mjs:1325:26)
	    at TestBedCompiler.queueTypesFromModulesArray (node_modules/@angular/core/fesm2022/testing.mjs:1348:9)
	    at TestBedCompiler.configureTestingModule (node_modules/@angular/core/fesm2022/testing.mjs:856:18)
	    at TestBedImpl.configureTestingModule (node_modules/@angular/core/fesm2022/testing.mjs:1993:23)
	    at TestBedImpl.configureTestingModule (node_modules/@angular/core/fesm2022/testing.mjs:1805:37)
Chrome Headless 144.0.0.0 (Windows 10): Executed 642 of 767[31m (253 FAILED)[39m (skipped 3) (0 secs / 7.79 secs)
Chrome Headless 144.0.0.0 (Windows 10) SidenavComponent should show Score Board link when Score Board was already discovered FAILED
	Failed: Errors during JIT compilation of template for SidenavComponent: Unexpected closing tag "span". It may happen when the tag has already been closed by another tag. For more info see https://www.w3.org/TR/html5/syntax.html#closing-elements-that-have-implied-end-tags ("
	          <i class="icon-mongodb"></i>
	        </div>
	      [ERROR ->]</span>
	    </div>
	>>>>>>> upstream/develop
	"): ng:///SidenavComponent/template.html@343:6, Unexpected closing tag "div". It may happen when the tag has already been closed by another tag. For more info see https://www.w3.org/TR/html5/syntax.html#closing-elements-that-have-implied-end-tags ("
	        </div>
	      </span>
	    [ERROR ->]</div>
	>>>>>>> upstream/develop
	"): ng:///SidenavComponent/template.html@344:4
	    at parseJitTemplate (node_modules/@angular/compiler/fesm2022/compiler.mjs:32326:15)
	    at CompilerFacadeImpl.compileComponent (node_modules/@angular/compiler/fesm2022/compiler.mjs:32000:52)
	    at SidenavComponent.╔╡cmp (node_modules/@angular/core/fesm2022/debug_node.mjs:30245:47)
	    at getComponentDef (node_modules/@angular/core/fesm2022/testing.mjs:1605:18)
	    at isStandaloneComponent (node_modules/@angular/core/fesm2022/testing.mjs:1601:17)
	    at queueTypesFromModulesArrayRecur (node_modules/@angular/core/fesm2022/testing.mjs:1325:26)
	    at TestBedCompiler.queueTypesFromModulesArray (node_modules/@angular/core/fesm2022/testing.mjs:1348:9)
	    at TestBedCompiler.configureTestingModule (node_modules/@angular/core/fesm2022/testing.mjs:856:18)
	    at TestBedImpl.configureTestingModule (node_modules/@angular/core/fesm2022/testing.mjs:1993:23)
	    at TestBedImpl.configureTestingModule (node_modules/@angular/core/fesm2022/testing.mjs:1805:37)
[1A[2K[31mChrome Headless 144.0.0.0 (Windows 10) SidenavComponent should remove authentication token from localStorage FAILED[39m
	Failed: Errors during JIT compilation of template for SidenavComponent: Unexpected closing tag "span". It may happen when the tag has already been closed by another tag. For more info see https://www.w3.org/TR/html5/syntax.html#closing-elements-that-have-implied-end-tags ("
	          <i class="icon-mongodb"></i>
	        </div>
	      [ERROR ->]</span>
	    </div>
	>>>>>>> upstream/develop
	"): ng:///SidenavComponent/template.html@343:6, Unexpected closing tag "div". It may happen when the tag has already been closed by another tag. For more info see https://www.w3.org/TR/html5/syntax.html#closing-elements-that-have-implied-end-tags ("
	        </div>
	      </span>
	    [ERROR ->]</div>
	>>>>>>> upstream/develop
	"): ng:///SidenavComponent/template.html@344:4
	    at parseJitTemplate (node_modules/@angular/compiler/fesm2022/compiler.mjs:32326:15)
	    at CompilerFacadeImpl.compileComponent (node_modules/@angular/compiler/fesm2022/compiler.mjs:32000:52)
	    at SidenavComponent.╔╡cmp (node_modules/@angular/core/fesm2022/debug_node.mjs:30245:47)
	    at getComponentDef (node_modules/@angular/core/fesm2022/testing.mjs:1605:18)
	    at isStandaloneComponent (node_modules/@angular/core/fesm2022/testing.mjs:1601:17)
	    at queueTypesFromModulesArrayRecur (node_modules/@angular/core/fesm2022/testing.mjs:1325:26)
	    at TestBedCompiler.queueTypesFromModulesArray (node_modules/@angular/core/fesm2022/testing.mjs:1348:9)
	    at TestBedCompiler.configureTestingModule (node_modules/@angular/core/fesm2022/testing.mjs:856:18)
	    at TestBedImpl.configureTestingModule (node_modules/@angular/core/fesm2022/testing.mjs:1993:23)
	    at TestBedImpl.configureTestingModule (node_modules/@angular/core/fesm2022/testing.mjs:1805:37)
Chrome Headless 144.0.0.0 (Windows 10): Executed 643 of 767[31m (254 FAILED)[39m (skipped 3) (0 secs / 7.793 secs)
Chrome Headless 144.0.0.0 (Windows 10) SidenavComponent should remove authentication token from localStorage FAILED
	Failed: Errors during JIT compilation of template for SidenavComponent: Unexpected closing tag "span". It may happen when the tag has already been closed by another tag. For more info see https://www.w3.org/TR/html5/syntax.html#closing-elements-that-have-implied-end-tags ("
	          <i class="icon-mongodb"></i>
	        </div>
	      [ERROR ->]</span>
	    </div>
	>>>>>>> upstream/develop
	"): ng:///SidenavComponent/template.html@343:6, Unexpected closing tag "div". It may happen when the tag has already been closed by another tag. For more info see https://www.w3.org/TR/html5/syntax.html#closing-elements-that-have-implied-end-tags ("
	        </div>
	      </span>
	    [ERROR ->]</div>
	>>>>>>> upstream/develop
	"): ng:///SidenavComponent/template.html@344:4
	    at parseJitTemplate (node_modules/@angular/compiler/fesm2022/compiler.mjs:32326:15)
	    at CompilerFacadeImpl.compileComponent (node_modules/@angular/compiler/fesm2022/compiler.mjs:32000:52)
	    at SidenavComponent.╔╡cmp (node_modules/@angular/core/fesm2022/debug_node.mjs:30245:47)
	    at getComponentDef (node_modules/@angular/core/fesm2022/testing.mjs:1605:18)
	    at isStandaloneComponent (node_modules/@angular/core/fesm2022/testing.mjs:1601:17)
	    at queueTypesFromModulesArrayRecur (node_modules/@angular/core/fesm2022/testing.mjs:1325:26)
	    at TestBedCompiler.queueTypesFromModulesArray (node_modules/@angular/core/fesm2022/testing.mjs:1348:9)
	    at TestBedCompiler.configureTestingModule (node_modules/@angular/core/fesm2022/testing.mjs:856:18)
	    at TestBedImpl.configureTestingModule (node_modules/@angular/core/fesm2022/testing.mjs:1993:23)
	    at TestBedImpl.configureTestingModule (node_modules/@angular/core/fesm2022/testing.mjs:1805:37)
[1A[2K[31mChrome Headless 144.0.0.0 (Windows 10) SidenavComponent should remove authentication token from cookies FAILED[39m
	Failed: Errors during JIT compilation of template for SidenavComponent: Unexpected closing tag "span". It may happen when the tag has already been closed by another tag. For more info see https://www.w3.org/TR/html5/syntax.html#closing-elements-that-have-implied-end-tags ("
	          <i class="icon-mongodb"></i>
	        </div>
	      [ERROR ->]</span>
	    </div>
	>>>>>>> upstream/develop
	"): ng:///SidenavComponent/template.html@343:6, Unexpected closing tag "div". It may happen when the tag has already been closed by another tag. For more info see https://www.w3.org/TR/html5/syntax.html#closing-elements-that-have-implied-end-tags ("
	        </div>
	      </span>
	    [ERROR ->]</div>
	>>>>>>> upstream/develop
	"): ng:///SidenavComponent/template.html@344:4
	    at parseJitTemplate (node_modules/@angular/compiler/fesm2022/compiler.mjs:32326:15)
	    at CompilerFacadeImpl.compileComponent (node_modules/@angular/compiler/fesm2022/compiler.mjs:32000:52)
	    at SidenavComponent.╔╡cmp (node_modules/@angular/core/fesm2022/debug_node.mjs:30245:47)
	    at getComponentDef (node_modules/@angular/core/fesm2022/testing.mjs:1605:18)
	    at isStandaloneComponent (node_modules/@angular/core/fesm2022/testing.mjs:1601:17)
	    at queueTypesFromModulesArrayRecur (node_modules/@angular/core/fesm2022/testing.mjs:1325:26)
	    at TestBedCompiler.queueTypesFromModulesArray (node_modules/@angular/core/fesm2022/testing.mjs:1348:9)
	    at TestBedCompiler.configureTestingModule (node_modules/@angular/core/fesm2022/testing.mjs:856:18)
	    at TestBedImpl.configureTestingModule (node_modules/@angular/core/fesm2022/testing.mjs:1993:23)
	    at TestBedImpl.configureTestingModule (node_modules/@angular/core/fesm2022/testing.mjs:1805:37)
Chrome Headless 144.0.0.0 (Windows 10): Executed 644 of 767[31m (255 FAILED)[39m (skipped 3) (0 secs / 7.796 secs)
Chrome Headless 144.0.0.0 (Windows 10) SidenavComponent should remove authentication token from cookies FAILED
	Failed: Errors during JIT compilation of template for SidenavComponent: Unexpected closing tag "span". It may happen when the tag has already been closed by another tag. For more info see https://www.w3.org/TR/html5/syntax.html#closing-elements-that-have-implied-end-tags ("
	          <i class="icon-mongodb"></i>
	        </div>
	      [ERROR ->]</span>
	    </div>
	>>>>>>> upstream/develop
	"): ng:///SidenavComponent/template.html@343:6, Unexpected closing tag "div". It may happen when the tag has already been closed by another tag. For more info see https://www.w3.org/TR/html5/syntax.html#closing-elements-that-have-implied-end-tags ("
	        </div>
	      </span>
	    [ERROR ->]</div>
	>>>>>>> upstream/develop
	"): ng:///SidenavComponent/template.html@344:4
	    at parseJitTemplate (node_modules/@angular/compiler/fesm2022/compiler.mjs:32326:15)
	    at CompilerFacadeImpl.compileComponent (node_modules/@angular/compiler/fesm2022/compiler.mjs:32000:52)
	    at SidenavComponent.╔╡cmp (node_modules/@angular/core/fesm2022/debug_node.mjs:30245:47)
	    at getComponentDef (node_modules/@angular/core/fesm2022/testing.mjs:1605:18)
	    at isStandaloneComponent (node_modules/@angular/core/fesm2022/testing.mjs:1601:17)
	    at queueTypesFromModulesArrayRecur (node_modules/@angular/core/fesm2022/testing.mjs:1325:26)
	    at TestBedCompiler.queueTypesFromModulesArray (node_modules/@angular/core/fesm2022/testing.mjs:1348:9)
	    at TestBedCompiler.configureTestingModule (node_modules/@angular/core/fesm2022/testing.mjs:856:18)
	    at TestBedImpl.configureTestingModule (node_modules/@angular/core/fesm2022/testing.mjs:1993:23)
	    at TestBedImpl.configureTestingModule (node_modules/@angular/core/fesm2022/testing.mjs:1805:37)
[1A[2K[31mChrome Headless 144.0.0.0 (Windows 10) SidenavComponent should remove basket id from session storage FAILED[39m
	Failed: Errors during JIT compilation of template for SidenavComponent: Unexpected closing tag "span". It may happen when the tag has already been closed by another tag. For more info see https://www.w3.org/TR/html5/syntax.html#closing-elements-that-have-implied-end-tags ("
	          <i class="icon-mongodb"></i>
	        </div>
	      [ERROR ->]</span>
	    </div>
	>>>>>>> upstream/develop
	"): ng:///SidenavComponent/template.html@343:6, Unexpected closing tag "div". It may happen when the tag has already been closed by another tag. For more info see https://www.w3.org/TR/html5/syntax.html#closing-elements-that-have-implied-end-tags ("
	        </div>
	      </span>
	    [ERROR ->]</div>
	>>>>>>> upstream/develop
	"): ng:///SidenavComponent/template.html@344:4
	    at parseJitTemplate (node_modules/@angular/compiler/fesm2022/compiler.mjs:32326:15)
	    at CompilerFacadeImpl.compileComponent (node_modules/@angular/compiler/fesm2022/compiler.mjs:32000:52)
	    at SidenavComponent.╔╡cmp (node_modules/@angular/core/fesm2022/debug_node.mjs:30245:47)
	    at getComponentDef (node_modules/@angular/core/fesm2022/testing.mjs:1605:18)
	    at isStandaloneComponent (node_modules/@angular/core/fesm2022/testing.mjs:1601:17)
	    at queueTypesFromModulesArrayRecur (node_modules/@angular/core/fesm2022/testing.mjs:1325:26)
	    at TestBedCompiler.queueTypesFromModulesArray (node_modules/@angular/core/fesm2022/testing.mjs:1348:9)
	    at TestBedCompiler.configureTestingModule (node_modules/@angular/core/fesm2022/testing.mjs:856:18)
	    at TestBedImpl.configureTestingModule (node_modules/@angular/core/fesm2022/testing.mjs:1993:23)
	    at TestBedImpl.configureTestingModule (node_modules/@angular/core/fesm2022/testing.mjs:1805:37)
Chrome Headless 144.0.0.0 (Windows 10): Executed 645 of 767[31m (256 FAILED)[39m (skipped 3) (0 secs / 7.799 secs)
Chrome Headless 144.0.0.0 (Windows 10) SidenavComponent should remove basket id from session storage FAILED
	Failed: Errors during JIT compilation of template for SidenavComponent: Unexpected closing tag "span". It may happen when the tag has already been closed by another tag. For more info see https://www.w3.org/TR/html5/syntax.html#closing-elements-that-have-implied-end-tags ("
	          <i class="icon-mongodb"></i>
	        </div>
	      [ERROR ->]</span>
	    </div>
	>>>>>>> upstream/develop
	"): ng:///SidenavComponent/template.html@343:6, Unexpected closing tag "div". It may happen when the tag has already been closed by another tag. For more info see https://www.w3.org/TR/html5/syntax.html#closing-elements-that-have-implied-end-tags ("
	        </div>
	      </span>
	    [ERROR ->]</div>
	>>>>>>> upstream/develop
	"): ng:///SidenavComponent/template.html@344:4
	    at parseJitTemplate (node_modules/@angular/compiler/fesm2022/compiler.mjs:32326:15)
	    at CompilerFacadeImpl.compileComponent (node_modules/@angular/compiler/fesm2022/compiler.mjs:32000:52)
	    at SidenavComponent.╔╡cmp (node_modules/@angular/core/fesm2022/debug_node.mjs:30245:47)
	    at getComponentDef (node_modules/@angular/core/fesm2022/testing.mjs:1605:18)
	    at isStandaloneComponent (node_modules/@angular/core/fesm2022/testing.mjs:1601:17)
	    at queueTypesFromModulesArrayRecur (node_modules/@angular/core/fesm2022/testing.mjs:1325:26)
	    at TestBedCompiler.queueTypesFromModulesArray (node_modules/@angular/core/fesm2022/testing.mjs:1348:9)
	    at TestBedCompiler.configureTestingModule (node_modules/@angular/core/fesm2022/testing.mjs:856:18)
	    at TestBedImpl.configureTestingModule (node_modules/@angular/core/fesm2022/testing.mjs:1993:23)
	    at TestBedImpl.configureTestingModule (node_modules/@angular/core/fesm2022/testing.mjs:1805:37)
[1A[2K[31mChrome Headless 144.0.0.0 (Windows 10) SidenavComponent should remove basket item total from session storage FAILED[39m
	Failed: Errors during JIT compilation of template for SidenavComponent: Unexpected closing tag "span". It may happen when the tag has already been closed by another tag. For more info see https://www.w3.org/TR/html5/syntax.html#closing-elements-that-have-implied-end-tags ("
	          <i class="icon-mongodb"></i>
	        </div>
	      [ERROR ->]</span>
	    </div>
	>>>>>>> upstream/develop
	"): ng:///SidenavComponent/template.html@343:6, Unexpected closing tag "div". It may happen when the tag has already been closed by another tag. For more info see https://www.w3.org/TR/html5/syntax.html#closing-elements-that-have-implied-end-tags ("
	        </div>
	      </span>
	    [ERROR ->]</div>
	>>>>>>> upstream/develop
	"): ng:///SidenavComponent/template.html@344:4
	    at parseJitTemplate (node_modules/@angular/compiler/fesm2022/compiler.mjs:32326:15)
	    at CompilerFacadeImpl.compileComponent (node_modules/@angular/compiler/fesm2022/compiler.mjs:32000:52)
	    at SidenavComponent.╔╡cmp (node_modules/@angular/core/fesm2022/debug_node.mjs:30245:47)
	    at getComponentDef (node_modules/@angular/core/fesm2022/testing.mjs:1605:18)
	    at isStandaloneComponent (node_modules/@angular/core/fesm2022/testing.mjs:1601:17)
	    at queueTypesFromModulesArrayRecur (node_modules/@angular/core/fesm2022/testing.mjs:1325:26)
	    at TestBedCompiler.queueTypesFromModulesArray (node_modules/@angular/core/fesm2022/testing.mjs:1348:9)
	    at TestBedCompiler.configureTestingModule (node_modules/@angular/core/fesm2022/testing.mjs:856:18)
	    at TestBedImpl.configureTestingModule (node_modules/@angular/core/fesm2022/testing.mjs:1993:23)
	    at TestBedImpl.configureTestingModule (node_modules/@angular/core/fesm2022/testing.mjs:1805:37)
Chrome Headless 144.0.0.0 (Windows 10): Executed 646 of 767[31m (257 FAILED)[39m (skipped 3) (0 secs / 7.802 secs)
Chrome Headless 144.0.0.0 (Windows 10) SidenavComponent should remove basket item total from session storage FAILED
	Failed: Errors during JIT compilation of template for SidenavComponent: Unexpected closing tag "span". It may happen when the tag has already been closed by another tag. For more info see https://www.w3.org/TR/html5/syntax.html#closing-elements-that-have-implied-end-tags ("
	          <i class="icon-mongodb"></i>
	        </div>
	      [ERROR ->]</span>
	    </div>
	>>>>>>> upstream/develop
	"): ng:///SidenavComponent/template.html@343:6, Unexpected closing tag "div". It may happen when the tag has already been closed by another tag. For more info see https://www.w3.org/TR/html5/syntax.html#closing-elements-that-have-implied-end-tags ("
	        </div>
	      </span>
	    [ERROR ->]</div>
	>>>>>>> upstream/develop
	"): ng:///SidenavComponent/template.html@344:4
	    at parseJitTemplate (node_modules/@angular/compiler/fesm2022/compiler.mjs:32326:15)
	    at CompilerFacadeImpl.compileComponent (node_modules/@angular/compiler/fesm2022/compiler.mjs:32000:52)
	    at SidenavComponent.╔╡cmp (node_modules/@angular/core/fesm2022/debug_node.mjs:30245:47)
	    at getComponentDef (node_modules/@angular/core/fesm2022/testing.mjs:1605:18)
	    at isStandaloneComponent (node_modules/@angular/core/fesm2022/testing.mjs:1601:17)
	    at queueTypesFromModulesArrayRecur (node_modules/@angular/core/fesm2022/testing.mjs:1325:26)
	    at TestBedCompiler.queueTypesFromModulesArray (node_modules/@angular/core/fesm2022/testing.mjs:1348:9)
	    at TestBedCompiler.configureTestingModule (node_modules/@angular/core/fesm2022/testing.mjs:856:18)
	    at TestBedImpl.configureTestingModule (node_modules/@angular/core/fesm2022/testing.mjs:1993:23)
	    at TestBedImpl.configureTestingModule (node_modules/@angular/core/fesm2022/testing.mjs:1805:37)
[1A[2KChrome Headless 144.0.0.0 (Windows 10): Executed 647 of 767[31m (257 FAILED)[39m (skipped 3) (0 secs / 7.803 secs)
[1A[2KChrome Headless 144.0.0.0 (Windows 10): Executed 648 of 767[31m (257 FAILED)[39m (skipped 3) (0 secs / 7.804 secs)
[1A[2KChrome Headless 144.0.0.0 (Windows 10): Executed 649 of 767[31m (257 FAILED)[39m (skipped 3) (0 secs / 7.805 secs)
[1A[2KChrome Headless 144.0.0.0 (Windows 10): Executed 650 of 767[31m (257 FAILED)[39m (skipped 3) (0 secs / 7.806 secs)
[1A[2KChrome Headless 144.0.0.0 (Windows 10): Executed 651 of 767[31m (257 FAILED)[39m (skipped 3) (0 secs / 7.808 secs)
[1A[2KChrome Headless 144.0.0.0 (Windows 10): Executed 652 of 767[31m (257 FAILED)[39m (skipped 3) (0 secs / 7.81 secs)
[1A[2KChrome Headless 144.0.0.0 (Windows 10): Executed 653 of 767[31m (257 FAILED)[39m (skipped 3) (0 secs / 7.811 secs)
[1A[2KChrome Headless 144.0.0.0 (Windows 10): Executed 654 of 767[31m (257 FAILED)[39m (skipped 3) (0 secs / 7.811 secs)
[1A[2KChrome Headless 144.0.0.0 (Windows 10): Executed 655 of 767[31m (257 FAILED)[39m (skipped 3) (0 secs / 7.812 secs)
[1A[2K[31mChrome Headless 144.0.0.0 (Windows 10) FeedbackDetailsComponent should create FAILED[39m
	Failed: Errors during JIT compilation of template for FeedbackDetailsComponent: Unexpected closing tag "div". It may happen when the tag has already been closed by another tag. For more info see https://www.w3.org/TR/html5/syntax.html#closing-elements-that-have-implied-end-tags ("
	        <cite [innerHTML]="feedback"></cite>
	      </div>
	  [ERROR ->]</div>
	>>>>>>> upstream/develop
	  <mat-dialog-actions align="end" class="dialogAction">
	"): ng:///FeedbackDetailsComponent/template.html@25:2
	    at parseJitTemplate (node_modules/@angular/compiler/fesm2022/compiler.mjs:32326:15)
	    at CompilerFacadeImpl.compileComponent (node_modules/@angular/compiler/fesm2022/compiler.mjs:32000:52)
	    at FeedbackDetailsComponent.╔╡cmp (node_modules/@angular/core/fesm2022/debug_node.mjs:30245:47)
	    at getComponentDef (node_modules/@angular/core/fesm2022/testing.mjs:1605:18)
	    at isStandaloneComponent (node_modules/@angular/core/fesm2022/testing.mjs:1601:17)
	    at queueTypesFromModulesArrayRecur (node_modules/@angular/core/fesm2022/testing.mjs:1325:26)
	    at TestBedCompiler.queueTypesFromModulesArray (node_modules/@angular/core/fesm2022/testing.mjs:1348:9)
	    at TestBedCompiler.configureTestingModule (node_modules/@angular/core/fesm2022/testing.mjs:856:18)
	    at TestBedImpl.configureTestingModule (node_modules/@angular/core/fesm2022/testing.mjs:1993:23)
	    at TestBedImpl.configureTestingModule (node_modules/@angular/core/fesm2022/testing.mjs:1805:37)
Chrome Headless 144.0.0.0 (Windows 10): Executed 656 of 767[31m (258 FAILED)[39m (skipped 3) (0 secs / 7.813 secs)
Chrome Headless 144.0.0.0 (Windows 10) FeedbackDetailsComponent should create FAILED
	Failed: Errors during JIT compilation of template for FeedbackDetailsComponent: Unexpected closing tag "div". It may happen when the tag has already been closed by another tag. For more info see https://www.w3.org/TR/html5/syntax.html#closing-elements-that-have-implied-end-tags ("
	        <cite [innerHTML]="feedback"></cite>
	      </div>
	  [ERROR ->]</div>
	>>>>>>> upstream/develop
	  <mat-dialog-actions align="end" class="dialogAction">
	"): ng:///FeedbackDetailsComponent/template.html@25:2
	    at parseJitTemplate (node_modules/@angular/compiler/fesm2022/compiler.mjs:32326:15)
	    at CompilerFacadeImpl.compileComponent (node_modules/@angular/compiler/fesm2022/compiler.mjs:32000:52)
	    at FeedbackDetailsComponent.╔╡cmp (node_modules/@angular/core/fesm2022/debug_node.mjs:30245:47)
	    at getComponentDef (node_modules/@angular/core/fesm2022/testing.mjs:1605:18)
	    at isStandaloneComponent (node_modules/@angular/core/fesm2022/testing.mjs:1601:17)
	    at queueTypesFromModulesArrayRecur (node_modules/@angular/core/fesm2022/testing.mjs:1325:26)
	    at TestBedCompiler.queueTypesFromModulesArray (node_modules/@angular/core/fesm2022/testing.mjs:1348:9)
	    at TestBedCompiler.configureTestingModule (node_modules/@angular/core/fesm2022/testing.mjs:856:18)
	    at TestBedImpl.configureTestingModule (node_modules/@angular/core/fesm2022/testing.mjs:1993:23)
	    at TestBedImpl.configureTestingModule (node_modules/@angular/core/fesm2022/testing.mjs:1805:37)
[1A[2K[31mChrome Headless 144.0.0.0 (Windows 10) OrderSummaryComponent should log errors from address service directly to browser console FAILED[39m
	Failed: Errors during JIT compilation of template for PurchaseBasketComponent: Unexpected closing tag "mat-table". It may happen when the tag has already been closed by another tag. For more info see https://www.w3.org/TR/html5/syntax.html#closing-elements-that-have-implied-end-tags ("
	      </span>
	    }
	  [ERROR ->]</mat-table>
	
	  @if (totalPrice) {
	"): ng:///PurchaseBasketComponent/template.html@100:2, Unexpected closing tag "mat-table". It may happen when the tag has already been closed by another tag. For more info see https://www.w3.org/TR/html5/syntax.html#closing-elements-that-have-implied-end-tags ("
	  </span>
	  }
	[ERROR ->]</mat-table>
	
	@if (totalPrice) {
	"): ng:///PurchaseBasketComponent/template.html@115:0
	    at parseJitTemplate (node_modules/@angular/compiler/fesm2022/compiler.mjs:32326:15)
	    at CompilerFacadeImpl.compileComponent (node_modules/@angular/compiler/fesm2022/compiler.mjs:32000:52)
	    at PurchaseBasketComponent.╔╡cmp (node_modules/@angular/core/fesm2022/debug_node.mjs:30245:47)
	    at getComponentDef (node_modules/@angular/core/fesm2022/testing.mjs:1605:18)
	    at isStandaloneComponent (node_modules/@angular/core/fesm2022/testing.mjs:1601:17)
	    at forEach (node_modules/@angular/core/fesm2022/testing.mjs:1338:29)
	    at Array.forEach (<anonymous>)
	    at queueTypesFromModulesArrayRecur (node_modules/@angular/core/fesm2022/testing.mjs:1333:34)
	    at TestBedCompiler.queueTypesFromModulesArray (node_modules/@angular/core/fesm2022/testing.mjs:1348:9)
	    at TestBedCompiler.configureTestingModule (node_modules/@angular/core/fesm2022/testing.mjs:856:18)
Chrome Headless 144.0.0.0 (Windows 10): Executed 657 of 767[31m (259 FAILED)[39m (skipped 3) (0 secs / 7.83 secs)
Chrome Headless 144.0.0.0 (Windows 10) OrderSummaryComponent should log errors from address service directly to browser console FAILED
	Failed: Errors during JIT compilation of template for PurchaseBasketComponent: Unexpected closing tag "mat-table". It may happen when the tag has already been closed by another tag. For more info see https://www.w3.org/TR/html5/syntax.html#closing-elements-that-have-implied-end-tags ("
	      </span>
	    }
	  [ERROR ->]</mat-table>
	
	  @if (totalPrice) {
	"): ng:///PurchaseBasketComponent/template.html@100:2, Unexpected closing tag "mat-table". It may happen when the tag has already been closed by another tag. For more info see https://www.w3.org/TR/html5/syntax.html#closing-elements-that-have-implied-end-tags ("
	  </span>
	  }
	[ERROR ->]</mat-table>
	
	@if (totalPrice) {
	"): ng:///PurchaseBasketComponent/template.html@115:0
	    at parseJitTemplate (node_modules/@angular/compiler/fesm2022/compiler.mjs:32326:15)
	    at CompilerFacadeImpl.compileComponent (node_modules/@angular/compiler/fesm2022/compiler.mjs:32000:52)
	    at PurchaseBasketComponent.╔╡cmp (node_modules/@angular/core/fesm2022/debug_node.mjs:30245:47)
	    at getComponentDef (node_modules/@angular/core/fesm2022/testing.mjs:1605:18)
	    at isStandaloneComponent (node_modules/@angular/core/fesm2022/testing.mjs:1601:17)
	    at forEach (node_modules/@angular/core/fesm2022/testing.mjs:1338:29)
	    at Array.forEach (<anonymous>)
	    at queueTypesFromModulesArrayRecur (node_modules/@angular/core/fesm2022/testing.mjs:1333:34)
	    at TestBedCompiler.queueTypesFromModulesArray (node_modules/@angular/core/fesm2022/testing.mjs:1348:9)
	    at TestBedCompiler.configureTestingModule (node_modules/@angular/core/fesm2022/testing.mjs:856:18)
[1A[2K[31mChrome Headless 144.0.0.0 (Windows 10) OrderSummaryComponent should hold card on ngOnInit when paymentId is initialized to an id FAILED[39m
	Failed: Errors during JIT compilation of template for PurchaseBasketComponent: Unexpected closing tag "mat-table". It may happen when the tag has already been closed by another tag. For more info see https://www.w3.org/TR/html5/syntax.html#closing-elements-that-have-implied-end-tags ("
	      </span>
	    }
	  [ERROR ->]</mat-table>
	
	  @if (totalPrice) {
	"): ng:///PurchaseBasketComponent/template.html@100:2, Unexpected closing tag "mat-table". It may happen when the tag has already been closed by another tag. For more info see https://www.w3.org/TR/html5/syntax.html#closing-elements-that-have-implied-end-tags ("
	  </span>
	  }
	[ERROR ->]</mat-table>
	
	@if (totalPrice) {
	"): ng:///PurchaseBasketComponent/template.html@115:0
	    at parseJitTemplate (node_modules/@angular/compiler/fesm2022/compiler.mjs:32326:15)
	    at CompilerFacadeImpl.compileComponent (node_modules/@angular/compiler/fesm2022/compiler.mjs:32000:52)
	    at PurchaseBasketComponent.╔╡cmp (node_modules/@angular/core/fesm2022/debug_node.mjs:30245:47)
	    at getComponentDef (node_modules/@angular/core/fesm2022/testing.mjs:1605:18)
	    at isStandaloneComponent (node_modules/@angular/core/fesm2022/testing.mjs:1601:17)
	    at forEach (node_modules/@angular/core/fesm2022/testing.mjs:1338:29)
	    at Array.forEach (<anonymous>)
	    at queueTypesFromModulesArrayRecur (node_modules/@angular/core/fesm2022/testing.mjs:1333:34)
	    at TestBedCompiler.queueTypesFromModulesArray (node_modules/@angular/core/fesm2022/testing.mjs:1348:9)
	    at TestBedCompiler.configureTestingModule (node_modules/@angular/core/fesm2022/testing.mjs:856:18)
Chrome Headless 144.0.0.0 (Windows 10): Executed 658 of 767[31m (260 FAILED)[39m (skipped 3) (0 secs / 7.833 secs)
Chrome Headless 144.0.0.0 (Windows 10) OrderSummaryComponent should hold card on ngOnInit when paymentId is initialized to an id FAILED
	Failed: Errors during JIT compilation of template for PurchaseBasketComponent: Unexpected closing tag "mat-table". It may happen when the tag has already been closed by another tag. For more info see https://www.w3.org/TR/html5/syntax.html#closing-elements-that-have-implied-end-tags ("
	      </span>
	    }
	  [ERROR ->]</mat-table>
	
	  @if (totalPrice) {
	"): ng:///PurchaseBasketComponent/template.html@100:2, Unexpected closing tag "mat-table". It may happen when the tag has already been closed by another tag. For more info see https://www.w3.org/TR/html5/syntax.html#closing-elements-that-have-implied-end-tags ("
	  </span>
	  }
	[ERROR ->]</mat-table>
	
	@if (totalPrice) {
	"): ng:///PurchaseBasketComponent/template.html@115:0
	    at parseJitTemplate (node_modules/@angular/compiler/fesm2022/compiler.mjs:32326:15)
	    at CompilerFacadeImpl.compileComponent (node_modules/@angular/compiler/fesm2022/compiler.mjs:32000:52)
	    at PurchaseBasketComponent.╔╡cmp (node_modules/@angular/core/fesm2022/debug_node.mjs:30245:47)
	    at getComponentDef (node_modules/@angular/core/fesm2022/testing.mjs:1605:18)
	    at isStandaloneComponent (node_modules/@angular/core/fesm2022/testing.mjs:1601:17)
	    at forEach (node_modules/@angular/core/fesm2022/testing.mjs:1338:29)
	    at Array.forEach (<anonymous>)
	    at queueTypesFromModulesArrayRecur (node_modules/@angular/core/fesm2022/testing.mjs:1333:34)
	    at TestBedCompiler.queueTypesFromModulesArray (node_modules/@angular/core/fesm2022/testing.mjs:1348:9)
	    at TestBedCompiler.configureTestingModule (node_modules/@angular/core/fesm2022/testing.mjs:856:18)
[1A[2K[31mChrome Headless 144.0.0.0 (Windows 10) OrderSummaryComponent should hold delivery price on ngOnInit FAILED[39m
	Failed: Errors during JIT compilation of template for PurchaseBasketComponent: Unexpected closing tag "mat-table". It may happen when the tag has already been closed by another tag. For more info see https://www.w3.org/TR/html5/syntax.html#closing-elements-that-have-implied-end-tags ("
	      </span>
	    }
	  [ERROR ->]</mat-table>
	
	  @if (totalPrice) {
	"): ng:///PurchaseBasketComponent/template.html@100:2, Unexpected closing tag "mat-table". It may happen when the tag has already been closed by another tag. For more info see https://www.w3.org/TR/html5/syntax.html#closing-elements-that-have-implied-end-tags ("
	  </span>
	  }
	[ERROR ->]</mat-table>
	
	@if (totalPrice) {
	"): ng:///PurchaseBasketComponent/template.html@115:0
	    at parseJitTemplate (node_modules/@angular/compiler/fesm2022/compiler.mjs:32326:15)
	    at CompilerFacadeImpl.compileComponent (node_modules/@angular/compiler/fesm2022/compiler.mjs:32000:52)
	    at PurchaseBasketComponent.╔╡cmp (node_modules/@angular/core/fesm2022/debug_node.mjs:30245:47)
	    at getComponentDef (node_modules/@angular/core/fesm2022/testing.mjs:1605:18)
	    at isStandaloneComponent (node_modules/@angular/core/fesm2022/testing.mjs:1601:17)
	    at forEach (node_modules/@angular/core/fesm2022/testing.mjs:1338:29)
	    at Array.forEach (<anonymous>)
	    at queueTypesFromModulesArrayRecur (node_modules/@angular/core/fesm2022/testing.mjs:1333:34)
	    at TestBedCompiler.queueTypesFromModulesArray (node_modules/@angular/core/fesm2022/testing.mjs:1348:9)
	    at TestBedCompiler.configureTestingModule (node_modules/@angular/core/fesm2022/testing.mjs:856:18)
Chrome Headless 144.0.0.0 (Windows 10): Executed 659 of 767[31m (261 FAILED)[39m (skipped 3) (0 secs / 7.835 secs)
Chrome Headless 144.0.0.0 (Windows 10) OrderSummaryComponent should hold delivery price on ngOnInit FAILED
	Failed: Errors during JIT compilation of template for PurchaseBasketComponent: Unexpected closing tag "mat-table". It may happen when the tag has already been closed by another tag. For more info see https://www.w3.org/TR/html5/syntax.html#closing-elements-that-have-implied-end-tags ("
	      </span>
	    }
	  [ERROR ->]</mat-table>
	
	  @if (totalPrice) {
	"): ng:///PurchaseBasketComponent/template.html@100:2, Unexpected closing tag "mat-table". It may happen when the tag has already been closed by another tag. For more info see https://www.w3.org/TR/html5/syntax.html#closing-elements-that-have-implied-end-tags ("
	  </span>
	  }
	[ERROR ->]</mat-table>
	
	@if (totalPrice) {
	"): ng:///PurchaseBasketComponent/template.html@115:0
	    at parseJitTemplate (node_modules/@angular/compiler/fesm2022/compiler.mjs:32326:15)
	    at CompilerFacadeImpl.compileComponent (node_modules/@angular/compiler/fesm2022/compiler.mjs:32000:52)
	    at PurchaseBasketComponent.╔╡cmp (node_modules/@angular/core/fesm2022/debug_node.mjs:30245:47)
	    at getComponentDef (node_modules/@angular/core/fesm2022/testing.mjs:1605:18)
	    at isStandaloneComponent (node_modules/@angular/core/fesm2022/testing.mjs:1601:17)
	    at forEach (node_modules/@angular/core/fesm2022/testing.mjs:1338:29)
	    at Array.forEach (<anonymous>)
	    at queueTypesFromModulesArrayRecur (node_modules/@angular/core/fesm2022/testing.mjs:1333:34)
	    at TestBedCompiler.queueTypesFromModulesArray (node_modules/@angular/core/fesm2022/testing.mjs:1348:9)
	    at TestBedCompiler.configureTestingModule (node_modules/@angular/core/fesm2022/testing.mjs:856:18)
[1A[2K[31mChrome Headless 144.0.0.0 (Windows 10) OrderSummaryComponent should store prices on calling getMessage FAILED[39m
	Failed: Errors during JIT compilation of template for PurchaseBasketComponent: Unexpected closing tag "mat-table". It may happen when the tag has already been closed by another tag. For more info see https://www.w3.org/TR/html5/syntax.html#closing-elements-that-have-implied-end-tags ("
	      </span>
	    }
	  [ERROR ->]</mat-table>
	
	  @if (totalPrice) {
	"): ng:///PurchaseBasketComponent/template.html@100:2, Unexpected closing tag "mat-table". It may happen when the tag has already been closed by another tag. For more info see https://www.w3.org/TR/html5/syntax.html#closing-elements-that-have-implied-end-tags ("
	  </span>
	  }
	[ERROR ->]</mat-table>
	
	@if (totalPrice) {
	"): ng:///PurchaseBasketComponent/template.html@115:0
	    at parseJitTemplate (node_modules/@angular/compiler/fesm2022/compiler.mjs:32326:15)
	    at CompilerFacadeImpl.compileComponent (node_modules/@angular/compiler/fesm2022/compiler.mjs:32000:52)
	    at PurchaseBasketComponent.╔╡cmp (node_modules/@angular/core/fesm2022/debug_node.mjs:30245:47)
	    at getComponentDef (node_modules/@angular/core/fesm2022/testing.mjs:1605:18)
	    at isStandaloneComponent (node_modules/@angular/core/fesm2022/testing.mjs:1601:17)
	    at forEach (node_modules/@angular/core/fesm2022/testing.mjs:1338:29)
	    at Array.forEach (<anonymous>)
	    at queueTypesFromModulesArrayRecur (node_modules/@angular/core/fesm2022/testing.mjs:1333:34)
	    at TestBedCompiler.queueTypesFromModulesArray (node_modules/@angular/core/fesm2022/testing.mjs:1348:9)
	    at TestBedCompiler.configureTestingModule (node_modules/@angular/core/fesm2022/testing.mjs:856:18)
Chrome Headless 144.0.0.0 (Windows 10): Executed 660 of 767[31m (262 FAILED)[39m (skipped 3) (0 secs / 7.84 secs)
Chrome Headless 144.0.0.0 (Windows 10) OrderSummaryComponent should store prices on calling getMessage FAILED
	Failed: Errors during JIT compilation of template for PurchaseBasketComponent: Unexpected closing tag "mat-table". It may happen when the tag has already been closed by another tag. For more info see https://www.w3.org/TR/html5/syntax.html#closing-elements-that-have-implied-end-tags ("
	      </span>
	    }
	  [ERROR ->]</mat-table>
	
	  @if (totalPrice) {
	"): ng:///PurchaseBasketComponent/template.html@100:2, Unexpected closing tag "mat-table". It may happen when the tag has already been closed by another tag. For more info see https://www.w3.org/TR/html5/syntax.html#closing-elements-that-have-implied-end-tags ("
	  </span>
	  }
	[ERROR ->]</mat-table>
	
	@if (totalPrice) {
	"): ng:///PurchaseBasketComponent/template.html@115:0
	    at parseJitTemplate (node_modules/@angular/compiler/fesm2022/compiler.mjs:32326:15)
	    at CompilerFacadeImpl.compileComponent (node_modules/@angular/compiler/fesm2022/compiler.mjs:32000:52)
	    at PurchaseBasketComponent.╔╡cmp (node_modules/@angular/core/fesm2022/debug_node.mjs:30245:47)
	    at getComponentDef (node_modules/@angular/core/fesm2022/testing.mjs:1605:18)
	    at isStandaloneComponent (node_modules/@angular/core/fesm2022/testing.mjs:1601:17)
	    at forEach (node_modules/@angular/core/fesm2022/testing.mjs:1338:29)
	    at Array.forEach (<anonymous>)
	    at queueTypesFromModulesArrayRecur (node_modules/@angular/core/fesm2022/testing.mjs:1333:34)
	    at TestBedCompiler.queueTypesFromModulesArray (node_modules/@angular/core/fesm2022/testing.mjs:1348:9)
	    at TestBedCompiler.configureTestingModule (node_modules/@angular/core/fesm2022/testing.mjs:856:18)
[1A[2K[31mChrome Headless 144.0.0.0 (Windows 10) OrderSummaryComponent should remove session details from session storage FAILED[39m
	Failed: Errors during JIT compilation of template for PurchaseBasketComponent: Unexpected closing tag "mat-table". It may happen when the tag has already been closed by another tag. For more info see https://www.w3.org/TR/html5/syntax.html#closing-elements-that-have-implied-end-tags ("
	      </span>
	    }
	  [ERROR ->]</mat-table>
	
	  @if (totalPrice) {
	"): ng:///PurchaseBasketComponent/template.html@100:2, Unexpected closing tag "mat-table". It may happen when the tag has already been closed by another tag. For more info see https://www.w3.org/TR/html5/syntax.html#closing-elements-that-have-implied-end-tags ("
	  </span>
	  }
	[ERROR ->]</mat-table>
	
	@if (totalPrice) {
	"): ng:///PurchaseBasketComponent/template.html@115:0
	    at parseJitTemplate (node_modules/@angular/compiler/fesm2022/compiler.mjs:32326:15)
	    at CompilerFacadeImpl.compileComponent (node_modules/@angular/compiler/fesm2022/compiler.mjs:32000:52)
	    at PurchaseBasketComponent.╔╡cmp (node_modules/@angular/core/fesm2022/debug_node.mjs:30245:47)
	    at getComponentDef (node_modules/@angular/core/fesm2022/testing.mjs:1605:18)
	    at isStandaloneComponent (node_modules/@angular/core/fesm2022/testing.mjs:1601:17)
	    at forEach (node_modules/@angular/core/fesm2022/testing.mjs:1338:29)
	    at Array.forEach (<anonymous>)
	    at queueTypesFromModulesArrayRecur (node_modules/@angular/core/fesm2022/testing.mjs:1333:34)
	    at TestBedCompiler.queueTypesFromModulesArray (node_modules/@angular/core/fesm2022/testing.mjs:1348:9)
	    at TestBedCompiler.configureTestingModule (node_modules/@angular/core/fesm2022/testing.mjs:856:18)
Chrome Headless 144.0.0.0 (Windows 10): Executed 661 of 767[31m (263 FAILED)[39m (skipped 3) (0 secs / 7.842 secs)
Chrome Headless 144.0.0.0 (Windows 10) OrderSummaryComponent should remove session details from session storage FAILED
	Failed: Errors during JIT compilation of template for PurchaseBasketComponent: Unexpected closing tag "mat-table". It may happen when the tag has already been closed by another tag. For more info see https://www.w3.org/TR/html5/syntax.html#closing-elements-that-have-implied-end-tags ("
	      </span>
	    }
	  [ERROR ->]</mat-table>
	
	  @if (totalPrice) {
	"): ng:///PurchaseBasketComponent/template.html@100:2, Unexpected closing tag "mat-table". It may happen when the tag has already been closed by another tag. For more info see https://www.w3.org/TR/html5/syntax.html#closing-elements-that-have-implied-end-tags ("
	  </span>
	  }
	[ERROR ->]</mat-table>
	
	@if (totalPrice) {
	"): ng:///PurchaseBasketComponent/template.html@115:0
	    at parseJitTemplate (node_modules/@angular/compiler/fesm2022/compiler.mjs:32326:15)
	    at CompilerFacadeImpl.compileComponent (node_modules/@angular/compiler/fesm2022/compiler.mjs:32000:52)
	    at PurchaseBasketComponent.╔╡cmp (node_modules/@angular/core/fesm2022/debug_node.mjs:30245:47)
	    at getComponentDef (node_modules/@angular/core/fesm2022/testing.mjs:1605:18)
	    at isStandaloneComponent (node_modules/@angular/core/fesm2022/testing.mjs:1601:17)
	    at forEach (node_modules/@angular/core/fesm2022/testing.mjs:1338:29)
	    at Array.forEach (<anonymous>)
	    at queueTypesFromModulesArrayRecur (node_modules/@angular/core/fesm2022/testing.mjs:1333:34)
	    at TestBedCompiler.queueTypesFromModulesArray (node_modules/@angular/core/fesm2022/testing.mjs:1348:9)
	    at TestBedCompiler.configureTestingModule (node_modules/@angular/core/fesm2022/testing.mjs:856:18)
[1A[2K[31mChrome Headless 144.0.0.0 (Windows 10) OrderSummaryComponent should be wallet on ngOnInit when paymentId is initialized to wallet FAILED[39m
	Failed: Errors during JIT compilation of template for PurchaseBasketComponent: Unexpected closing tag "mat-table". It may happen when the tag has already been closed by another tag. For more info see https://www.w3.org/TR/html5/syntax.html#closing-elements-that-have-implied-end-tags ("
	      </span>
	    }
	  [ERROR ->]</mat-table>
	
	  @if (totalPrice) {
	"): ng:///PurchaseBasketComponent/template.html@100:2, Unexpected closing tag "mat-table". It may happen when the tag has already been closed by another tag. For more info see https://www.w3.org/TR/html5/syntax.html#closing-elements-that-have-implied-end-tags ("
	  </span>
	  }
	[ERROR ->]</mat-table>
	
	@if (totalPrice) {
	"): ng:///PurchaseBasketComponent/template.html@115:0
	    at parseJitTemplate (node_modules/@angular/compiler/fesm2022/compiler.mjs:32326:15)
	    at CompilerFacadeImpl.compileComponent (node_modules/@angular/compiler/fesm2022/compiler.mjs:32000:52)
	    at PurchaseBasketComponent.╔╡cmp (node_modules/@angular/core/fesm2022/debug_node.mjs:30245:47)
	    at getComponentDef (node_modules/@angular/core/fesm2022/testing.mjs:1605:18)
	    at isStandaloneComponent (node_modules/@angular/core/fesm2022/testing.mjs:1601:17)
	    at forEach (node_modules/@angular/core/fesm2022/testing.mjs:1338:29)
	    at Array.forEach (<anonymous>)
	    at queueTypesFromModulesArrayRecur (node_modules/@angular/core/fesm2022/testing.mjs:1333:34)
	    at TestBedCompiler.queueTypesFromModulesArray (node_modules/@angular/core/fesm2022/testing.mjs:1348:9)
	    at TestBedCompiler.configureTestingModule (node_modules/@angular/core/fesm2022/testing.mjs:856:18)
Chrome Headless 144.0.0.0 (Windows 10): Executed 662 of 767[31m (264 FAILED)[39m (skipped 3) (0 secs / 7.844 secs)
Chrome Headless 144.0.0.0 (Windows 10) OrderSummaryComponent should be wallet on ngOnInit when paymentId is initialized to wallet FAILED
	Failed: Errors during JIT compilation of template for PurchaseBasketComponent: Unexpected closing tag "mat-table". It may happen when the tag has already been closed by another tag. For more info see https://www.w3.org/TR/html5/syntax.html#closing-elements-that-have-implied-end-tags ("
	      </span>
	    }
	  [ERROR ->]</mat-table>
	
	  @if (totalPrice) {
	"): ng:///PurchaseBasketComponent/template.html@100:2, Unexpected closing tag "mat-table". It may happen when the tag has already been closed by another tag. For more info see https://www.w3.org/TR/html5/syntax.html#closing-elements-that-have-implied-end-tags ("
	  </span>
	  }
	[ERROR ->]</mat-table>
	
	@if (totalPrice) {
	"): ng:///PurchaseBasketComponent/template.html@115:0
	    at parseJitTemplate (node_modules/@angular/compiler/fesm2022/compiler.mjs:32326:15)
	    at CompilerFacadeImpl.compileComponent (node_modules/@angular/compiler/fesm2022/compiler.mjs:32000:52)
	    at PurchaseBasketComponent.╔╡cmp (node_modules/@angular/core/fesm2022/debug_node.mjs:30245:47)
	    at getComponentDef (node_modules/@angular/core/fesm2022/testing.mjs:1605:18)
	    at isStandaloneComponent (node_modules/@angular/core/fesm2022/testing.mjs:1601:17)
	    at forEach (node_modules/@angular/core/fesm2022/testing.mjs:1338:29)
	    at Array.forEach (<anonymous>)
	    at queueTypesFromModulesArrayRecur (node_modules/@angular/core/fesm2022/testing.mjs:1333:34)
	    at TestBedCompiler.queueTypesFromModulesArray (node_modules/@angular/core/fesm2022/testing.mjs:1348:9)
	    at TestBedCompiler.configureTestingModule (node_modules/@angular/core/fesm2022/testing.mjs:856:18)
[1A[2K[31mChrome Headless 144.0.0.0 (Windows 10) OrderSummaryComponent should create FAILED[39m
	Failed: Errors during JIT compilation of template for PurchaseBasketComponent: Unexpected closing tag "mat-table". It may happen when the tag has already been closed by another tag. For more info see https://www.w3.org/TR/html5/syntax.html#closing-elements-that-have-implied-end-tags ("
	      </span>
	    }
	  [ERROR ->]</mat-table>
	
	  @if (totalPrice) {
	"): ng:///PurchaseBasketComponent/template.html@100:2, Unexpected closing tag "mat-table". It may happen when the tag has already been closed by another tag. For more info see https://www.w3.org/TR/html5/syntax.html#closing-elements-that-have-implied-end-tags ("
	  </span>
	  }
	[ERROR ->]</mat-table>
	
	@if (totalPrice) {
	"): ng:///PurchaseBasketComponent/template.html@115:0
	    at parseJitTemplate (node_modules/@angular/compiler/fesm2022/compiler.mjs:32326:15)
	    at CompilerFacadeImpl.compileComponent (node_modules/@angular/compiler/fesm2022/compiler.mjs:32000:52)
	    at PurchaseBasketComponent.╔╡cmp (node_modules/@angular/core/fesm2022/debug_node.mjs:30245:47)
	    at getComponentDef (node_modules/@angular/core/fesm2022/testing.mjs:1605:18)
	    at isStandaloneComponent (node_modules/@angular/core/fesm2022/testing.mjs:1601:17)
	    at forEach (node_modules/@angular/core/fesm2022/testing.mjs:1338:29)
	    at Array.forEach (<anonymous>)
	    at queueTypesFromModulesArrayRecur (node_modules/@angular/core/fesm2022/testing.mjs:1333:34)
	    at TestBedCompiler.queueTypesFromModulesArray (node_modules/@angular/core/fesm2022/testing.mjs:1348:9)
	    at TestBedCompiler.configureTestingModule (node_modules/@angular/core/fesm2022/testing.mjs:856:18)
Chrome Headless 144.0.0.0 (Windows 10): Executed 663 of 767[31m (265 FAILED)[39m (skipped 3) (0 secs / 7.849 secs)
Chrome Headless 144.0.0.0 (Windows 10) OrderSummaryComponent should create FAILED
	Failed: Errors during JIT compilation of template for PurchaseBasketComponent: Unexpected closing tag "mat-table". It may happen when the tag has already been closed by another tag. For more info see https://www.w3.org/TR/html5/syntax.html#closing-elements-that-have-implied-end-tags ("
	      </span>
	    }
	  [ERROR ->]</mat-table>
	
	  @if (totalPrice) {
	"): ng:///PurchaseBasketComponent/template.html@100:2, Unexpected closing tag "mat-table". It may happen when the tag has already been closed by another tag. For more info see https://www.w3.org/TR/html5/syntax.html#closing-elements-that-have-implied-end-tags ("
	  </span>
	  }
	[ERROR ->]</mat-table>
	
	@if (totalPrice) {
	"): ng:///PurchaseBasketComponent/template.html@115:0
	    at parseJitTemplate (node_modules/@angular/compiler/fesm2022/compiler.mjs:32326:15)
	    at CompilerFacadeImpl.compileComponent (node_modules/@angular/compiler/fesm2022/compiler.mjs:32000:52)
	    at PurchaseBasketComponent.╔╡cmp (node_modules/@angular/core/fesm2022/debug_node.mjs:30245:47)
	    at getComponentDef (node_modules/@angular/core/fesm2022/testing.mjs:1605:18)
	    at isStandaloneComponent (node_modules/@angular/core/fesm2022/testing.mjs:1601:17)
	    at forEach (node_modules/@angular/core/fesm2022/testing.mjs:1338:29)
	    at Array.forEach (<anonymous>)
	    at queueTypesFromModulesArrayRecur (node_modules/@angular/core/fesm2022/testing.mjs:1333:34)
	    at TestBedCompiler.queueTypesFromModulesArray (node_modules/@angular/core/fesm2022/testing.mjs:1348:9)
	    at TestBedCompiler.configureTestingModule (node_modules/@angular/core/fesm2022/testing.mjs:856:18)
[1A[2K[31mChrome Headless 144.0.0.0 (Windows 10) OrderSummaryComponent should hold address on ngOnInit FAILED[39m
	Failed: Errors during JIT compilation of template for PurchaseBasketComponent: Unexpected closing tag "mat-table". It may happen when the tag has already been closed by another tag. For more info see https://www.w3.org/TR/html5/syntax.html#closing-elements-that-have-implied-end-tags ("
	      </span>
	    }
	  [ERROR ->]</mat-table>
	
	  @if (totalPrice) {
	"): ng:///PurchaseBasketComponent/template.html@100:2, Unexpected closing tag "mat-table". It may happen when the tag has already been closed by another tag. For more info see https://www.w3.org/TR/html5/syntax.html#closing-elements-that-have-implied-end-tags ("
	  </span>
	  }
	[ERROR ->]</mat-table>
	
	@if (totalPrice) {
	"): ng:///PurchaseBasketComponent/template.html@115:0
	    at parseJitTemplate (node_modules/@angular/compiler/fesm2022/compiler.mjs:32326:15)
	    at CompilerFacadeImpl.compileComponent (node_modules/@angular/compiler/fesm2022/compiler.mjs:32000:52)
	    at PurchaseBasketComponent.╔╡cmp (node_modules/@angular/core/fesm2022/debug_node.mjs:30245:47)
	    at getComponentDef (node_modules/@angular/core/fesm2022/testing.mjs:1605:18)
	    at isStandaloneComponent (node_modules/@angular/core/fesm2022/testing.mjs:1601:17)
	    at forEach (node_modules/@angular/core/fesm2022/testing.mjs:1338:29)
	    at Array.forEach (<anonymous>)
	    at queueTypesFromModulesArrayRecur (node_modules/@angular/core/fesm2022/testing.mjs:1333:34)
	    at TestBedCompiler.queueTypesFromModulesArray (node_modules/@angular/core/fesm2022/testing.mjs:1348:9)
	    at TestBedCompiler.configureTestingModule (node_modules/@angular/core/fesm2022/testing.mjs:856:18)
Chrome Headless 144.0.0.0 (Windows 10): Executed 664 of 767[31m (266 FAILED)[39m (skipped 3) (0 secs / 7.851 secs)
Chrome Headless 144.0.0.0 (Windows 10) OrderSummaryComponent should hold address on ngOnInit FAILED
	Failed: Errors during JIT compilation of template for PurchaseBasketComponent: Unexpected closing tag "mat-table". It may happen when the tag has already been closed by another tag. For more info see https://www.w3.org/TR/html5/syntax.html#closing-elements-that-have-implied-end-tags ("
	      </span>
	    }
	  [ERROR ->]</mat-table>
	
	  @if (totalPrice) {
	"): ng:///PurchaseBasketComponent/template.html@100:2, Unexpected closing tag "mat-table". It may happen when the tag has already been closed by another tag. For more info see https://www.w3.org/TR/html5/syntax.html#closing-elements-that-have-implied-end-tags ("
	  </span>
	  }
	[ERROR ->]</mat-table>
	
	@if (totalPrice) {
	"): ng:///PurchaseBasketComponent/template.html@115:0
	    at parseJitTemplate (node_modules/@angular/compiler/fesm2022/compiler.mjs:32326:15)
	    at CompilerFacadeImpl.compileComponent (node_modules/@angular/compiler/fesm2022/compiler.mjs:32000:52)
	    at PurchaseBasketComponent.╔╡cmp (node_modules/@angular/core/fesm2022/debug_node.mjs:30245:47)
	    at getComponentDef (node_modules/@angular/core/fesm2022/testing.mjs:1605:18)
	    at isStandaloneComponent (node_modules/@angular/core/fesm2022/testing.mjs:1601:17)
	    at forEach (node_modules/@angular/core/fesm2022/testing.mjs:1338:29)
	    at Array.forEach (<anonymous>)
	    at queueTypesFromModulesArrayRecur (node_modules/@angular/core/fesm2022/testing.mjs:1333:34)
	    at TestBedCompiler.queueTypesFromModulesArray (node_modules/@angular/core/fesm2022/testing.mjs:1348:9)
	    at TestBedCompiler.configureTestingModule (node_modules/@angular/core/fesm2022/testing.mjs:856:18)
[1A[2K[31mChrome Headless 144.0.0.0 (Windows 10) OrderSummaryComponent should log errors from payment service directly to browser console FAILED[39m
	Failed: Errors during JIT compilation of template for PurchaseBasketComponent: Unexpected closing tag "mat-table". It may happen when the tag has already been closed by another tag. For more info see https://www.w3.org/TR/html5/syntax.html#closing-elements-that-have-implied-end-tags ("
	      </span>
	    }
	  [ERROR ->]</mat-table>
	
	  @if (totalPrice) {
	"): ng:///PurchaseBasketComponent/template.html@100:2, Unexpected closing tag "mat-table". It may happen when the tag has already been closed by another tag. For more info see https://www.w3.org/TR/html5/syntax.html#closing-elements-that-have-implied-end-tags ("
	  </span>
	  }
	[ERROR ->]</mat-table>
	
	@if (totalPrice) {
	"): ng:///PurchaseBasketComponent/template.html@115:0
	    at parseJitTemplate (node_modules/@angular/compiler/fesm2022/compiler.mjs:32326:15)
	    at CompilerFacadeImpl.compileComponent (node_modules/@angular/compiler/fesm2022/compiler.mjs:32000:52)
	    at PurchaseBasketComponent.╔╡cmp (node_modules/@angular/core/fesm2022/debug_node.mjs:30245:47)
	    at getComponentDef (node_modules/@angular/core/fesm2022/testing.mjs:1605:18)
	    at isStandaloneComponent (node_modules/@angular/core/fesm2022/testing.mjs:1601:17)
	    at forEach (node_modules/@angular/core/fesm2022/testing.mjs:1338:29)
	    at Array.forEach (<anonymous>)
	    at queueTypesFromModulesArrayRecur (node_modules/@angular/core/fesm2022/testing.mjs:1333:34)
	    at TestBedCompiler.queueTypesFromModulesArray (node_modules/@angular/core/fesm2022/testing.mjs:1348:9)
	    at TestBedCompiler.configureTestingModule (node_modules/@angular/core/fesm2022/testing.mjs:856:18)
Chrome Headless 144.0.0.0 (Windows 10): Executed 665 of 767[31m (267 FAILED)[39m (skipped 3) (0 secs / 7.857 secs)
Chrome Headless 144.0.0.0 (Windows 10) OrderSummaryComponent should log errors from payment service directly to browser console FAILED
	Failed: Errors during JIT compilation of template for PurchaseBasketComponent: Unexpected closing tag "mat-table". It may happen when the tag has already been closed by another tag. For more info see https://www.w3.org/TR/html5/syntax.html#closing-elements-that-have-implied-end-tags ("
	      </span>
	    }
	  [ERROR ->]</mat-table>
	
	  @if (totalPrice) {
	"): ng:///PurchaseBasketComponent/template.html@100:2, Unexpected closing tag "mat-table". It may happen when the tag has already been closed by another tag. For more info see https://www.w3.org/TR/html5/syntax.html#closing-elements-that-have-implied-end-tags ("
	  </span>
	  }
	[ERROR ->]</mat-table>
	
	@if (totalPrice) {
	"): ng:///PurchaseBasketComponent/template.html@115:0
	    at parseJitTemplate (node_modules/@angular/compiler/fesm2022/compiler.mjs:32326:15)
	    at CompilerFacadeImpl.compileComponent (node_modules/@angular/compiler/fesm2022/compiler.mjs:32000:52)
	    at PurchaseBasketComponent.╔╡cmp (node_modules/@angular/core/fesm2022/debug_node.mjs:30245:47)
	    at getComponentDef (node_modules/@angular/core/fesm2022/testing.mjs:1605:18)
	    at isStandaloneComponent (node_modules/@angular/core/fesm2022/testing.mjs:1601:17)
	    at forEach (node_modules/@angular/core/fesm2022/testing.mjs:1338:29)
	    at Array.forEach (<anonymous>)
	    at queueTypesFromModulesArrayRecur (node_modules/@angular/core/fesm2022/testing.mjs:1333:34)
	    at TestBedCompiler.queueTypesFromModulesArray (node_modules/@angular/core/fesm2022/testing.mjs:1348:9)
	    at TestBedCompiler.configureTestingModule (node_modules/@angular/core/fesm2022/testing.mjs:856:18)
[1A[2KWARN: [36m'Error during diffing'[39m
Chrome Headless 144.0.0.0 (Windows 10): Executed 665 of 767[31m (267 FAILED)[39m (skipped 3) (0 secs / 7.857 secs)
WARN: 'Error during diffing'
[1A[2KChrome Headless 144.0.0.0 (Windows 10): Executed 666 of 767[31m (267 FAILED)[39m (skipped 3) (0 secs / 7.865 secs)
[1A[2KWARN: [36m'Error during diffing'[39m
Chrome Headless 144.0.0.0 (Windows 10): Executed 666 of 767[31m (267 FAILED)[39m (skipped 3) (0 secs / 7.865 secs)
WARN: 'Error during diffing'
[1A[2KChrome Headless 144.0.0.0 (Windows 10): Executed 667 of 767[31m (267 FAILED)[39m (skipped 3) (0 secs / 7.868 secs)
[1A[2KWARN: [36m'Error during diffing'[39m
Chrome Headless 144.0.0.0 (Windows 10): Executed 667 of 767[31m (267 FAILED)[39m (skipped 3) (0 secs / 7.868 secs)
WARN: 'Error during diffing'
[1A[2KChrome Headless 144.0.0.0 (Windows 10): Executed 668 of 767[31m (267 FAILED)[39m (skipped 3) (0 secs / 7.872 secs)
[1A[2KChrome Headless 144.0.0.0 (Windows 10): Executed 669 of 767[31m (267 FAILED)[39m (skipped 3) (0 secs / 7.903 secs)
[1A[2KChrome Headless 144.0.0.0 (Windows 10): Executed 670 of 767[31m (267 FAILED)[39m (skipped 3) (0 secs / 7.911 secs)
[1A[2KChrome Headless 144.0.0.0 (Windows 10): Executed 671 of 767[31m (267 FAILED)[39m (skipped 3) (0 secs / 7.918 secs)
[1A[2KChrome Headless 144.0.0.0 (Windows 10): Executed 672 of 767[31m (267 FAILED)[39m (skipped 3) (0 secs / 7.925 secs)
[1A[2KChrome Headless 144.0.0.0 (Windows 10): Executed 673 of 767[31m (267 FAILED)[39m (skipped 3) (0 secs / 7.933 secs)
[1A[2KChrome Headless 144.0.0.0 (Windows 10): Executed 674 of 767[31m (267 FAILED)[39m (skipped 3) (0 secs / 7.943 secs)
[1A[2KChrome Headless 144.0.0.0 (Windows 10): Executed 675 of 767[31m (267 FAILED)[39m (skipped 3) (0 secs / 7.945 secs)
[1A[2KChrome Headless 144.0.0.0 (Windows 10): Executed 676 of 767[31m (267 FAILED)[39m (skipped 3) (0 secs / 7.948 secs)
[1A[2KChrome Headless 144.0.0.0 (Windows 10): Executed 677 of 767[31m (267 FAILED)[39m (skipped 3) (0 secs / 7.95 secs)
[1A[2KChrome Headless 144.0.0.0 (Windows 10): Executed 678 of 767[31m (267 FAILED)[39m (skipped 3) (0 secs / 7.952 secs)
[1A[2KChrome Headless 144.0.0.0 (Windows 10): Executed 679 of 767[31m (267 FAILED)[39m (skipped 3) (0 secs / 7.953 secs)
[1A[2KChrome Headless 144.0.0.0 (Windows 10): Executed 680 of 767[31m (267 FAILED)[39m (skipped 3) (0 secs / 7.954 secs)
[1A[2KChrome Headless 144.0.0.0 (Windows 10): Executed 681 of 767[31m (267 FAILED)[39m (skipped 3) (0 secs / 7.955 secs)
[1A[2KChrome Headless 144.0.0.0 (Windows 10): Executed 682 of 767[31m (267 FAILED)[39m (skipped 3) (0 secs / 7.956 secs)
[1A[2KChrome Headless 144.0.0.0 (Windows 10): Executed 683 of 767[31m (267 FAILED)[39m (skipped 3) (0 secs / 7.957 secs)
[1A[2KChrome Headless 144.0.0.0 (Windows 10): Executed 684 of 767[31m (267 FAILED)[39m (skipped 3) (0 secs / 7.958 secs)
[1A[2KChrome Headless 144.0.0.0 (Windows 10): Executed 685 of 767[31m (267 FAILED)[39m (skipped 3) (0 secs / 7.959 secs)
[1A[2KChrome Headless 144.0.0.0 (Windows 10): Executed 686 of 767[31m (267 FAILED)[39m (skipped 3) (0 secs / 7.98 secs)
[1A[2KChrome Headless 144.0.0.0 (Windows 10): Executed 687 of 767[31m (267 FAILED)[39m (skipped 3) (0 secs / 7.989 secs)
[1A[2KChrome Headless 144.0.0.0 (Windows 10): Executed 688 of 767[31m (267 FAILED)[39m (skipped 3) (0 secs / 8.027 secs)
[1A[2KChrome Headless 144.0.0.0 (Windows 10): Executed 689 of 767[31m (267 FAILED)[39m (skipped 3) (0 secs / 8.053 secs)
[1A[2KChrome Headless 144.0.0.0 (Windows 10): Executed 690 of 767[31m (267 FAILED)[39m (skipped 3) (0 secs / 8.067 secs)
[1A[2KChrome Headless 144.0.0.0 (Windows 10): Executed 691 of 767[31m (267 FAILED)[39m (skipped 3) (0 secs / 8.069 secs)
[1A[2KChrome Headless 144.0.0.0 (Windows 10): Executed 692 of 767[31m (267 FAILED)[39m (skipped 3) (0 secs / 8.07 secs)
[1A[2KChrome Headless 144.0.0.0 (Windows 10): Executed 693 of 767[31m (267 FAILED)[39m (skipped 3) (0 secs / 8.071 secs)
[1A[2KChrome Headless 144.0.0.0 (Windows 10): Executed 694 of 767[31m (267 FAILED)[39m (skipped 3) (0 secs / 8.073 secs)
[1A[2KChrome Headless 144.0.0.0 (Windows 10): Executed 695 of 767[31m (267 FAILED)[39m (skipped 3) (0 secs / 8.075 secs)
[1A[2KChrome Headless 144.0.0.0 (Windows 10): Executed 696 of 767[31m (267 FAILED)[39m (skipped 3) (0 secs / 8.077 secs)
[1A[2KChrome Headless 144.0.0.0 (Windows 10): Executed 697 of 767[31m (267 FAILED)[39m (skipped 3) (0 secs / 8.079 secs)
[1A[2KChrome Headless 144.0.0.0 (Windows 10): Executed 698 of 767[31m (267 FAILED)[39m (skipped 3) (0 secs / 8.08 secs)
[1A[2K[31mChrome Headless 144.0.0.0 (Windows 10) PaymentMethodComponent should reinitizalise new payment method form by calling resetForm FAILED[39m
	Failed: Errors during JIT compilation of template for PaymentMethodComponent: Unexpected closing tag "select". It may happen when the tag has already been closed by another tag. For more info see https://www.w3.org/TR/html5/syntax.html#closing-elements-that-have-implied-end-tags ("
	>>>>>>> upstream/develop
	            }
	          [ERROR ->]</select>
	          @if (monthControl.invalid && monthControl.errors.required) {
	          <mat-err"): ng:///PaymentMethodComponent/template.html@85:10, Unexpected closing tag "select". It may happen when the tag has already been closed by another tag. For more info see https://www.w3.org/TR/html5/syntax.html#closing-elements-that-have-implied-end-tags ("
	>>>>>>> upstream/develop
	            }
	          [ERROR ->]</select>
	          @if (yearControl.invalid && yearControl.errors.required) {
	          <mat-error"): ng:///PaymentMethodComponent/template.html@103:10, Opening tag "button" not terminated. ("
	<<<<<<< HEAD
	      </section>
	      [ERROR ->]<button type="submit" id="submitButton" style="margin-top:5px; float:right;" mat-raised-button color="): ng:///PaymentMethodComponent/template.html@112:6, Unexpected closing tag "div". It may happen when the tag has already been closed by another tag. For more info see https://www.w3.org/TR/html5/syntax.html#closing-elements-that-have-implied-end-tags ("ubmitButton" style="margin-top:5px; float:right;" mat-raised-button color="primary"
	=======
	      [ERROR ->]</div>
	      <button type="submit" id="submitButton" class="submit-button" mat-raised-button color=""): ng:///PaymentMethodComponent/template.html@114:6
	    at parseJitTemplate (node_modules/@angular/compiler/fesm2022/compiler.mjs:32326:15)
	    at CompilerFacadeImpl.compileComponent (node_modules/@angular/compiler/fesm2022/compiler.mjs:32000:52)
	    at PaymentMethodComponent.╔╡cmp (node_modules/@angular/core/fesm2022/debug_node.mjs:30245:47)
	    at getComponentDef (node_modules/@angular/core/fesm2022/testing.mjs:1605:18)
	    at isStandaloneComponent (node_modules/@angular/core/fesm2022/testing.mjs:1601:17)
	    at queueTypesFromModulesArrayRecur (node_modules/@angular/core/fesm2022/testing.mjs:1325:26)
	    at TestBedCompiler.queueTypesFromModulesArray (node_modules/@angular/core/fesm2022/testing.mjs:1348:9)
	    at TestBedCompiler.configureTestingModule (node_modules/@angular/core/fesm2022/testing.mjs:856:18)
	    at TestBedImpl.configureTestingModule (node_modules/@angular/core/fesm2022/testing.mjs:1993:23)
	    at TestBedImpl.configureTestingModule (node_modules/@angular/core/fesm2022/testing.mjs:1805:37)
Chrome Headless 144.0.0.0 (Windows 10): Executed 699 of 767[31m (268 FAILED)[39m (skipped 3) (0 secs / 8.082 secs)
Chrome Headless 144.0.0.0 (Windows 10) PaymentMethodComponent should reinitizalise new payment method form by calling resetForm FAILED
	Failed: Errors during JIT compilation of template for PaymentMethodComponent: Unexpected closing tag "select". It may happen when the tag has already been closed by another tag. For more info see https://www.w3.org/TR/html5/syntax.html#closing-elements-that-have-implied-end-tags ("
	>>>>>>> upstream/develop
	            }
	          [ERROR ->]</select>
	          @if (monthControl.invalid && monthControl.errors.required) {
	          <mat-err"): ng:///PaymentMethodComponent/template.html@85:10, Unexpected closing tag "select". It may happen when the tag has already been closed by another tag. For more info see https://www.w3.org/TR/html5/syntax.html#closing-elements-that-have-implied-end-tags ("
	>>>>>>> upstream/develop
	            }
	          [ERROR ->]</select>
	          @if (yearControl.invalid && yearControl.errors.required) {
	          <mat-error"): ng:///PaymentMethodComponent/template.html@103:10, Opening tag "button" not terminated. ("
	<<<<<<< HEAD
	      </section>
	      [ERROR ->]<button type="submit" id="submitButton" style="margin-top:5px; float:right;" mat-raised-button color="): ng:///PaymentMethodComponent/template.html@112:6, Unexpected closing tag "div". It may happen when the tag has already been closed by another tag. For more info see https://www.w3.org/TR/html5/syntax.html#closing-elements-that-have-implied-end-tags ("ubmitButton" style="margin-top:5px; float:right;" mat-raised-button color="primary"
	=======
	      [ERROR ->]</div>
	      <button type="submit" id="submitButton" class="submit-button" mat-raised-button color=""): ng:///PaymentMethodComponent/template.html@114:6
	    at parseJitTemplate (node_modules/@angular/compiler/fesm2022/compiler.mjs:32326:15)
	    at CompilerFacadeImpl.compileComponent (node_modules/@angular/compiler/fesm2022/compiler.mjs:32000:52)
	    at PaymentMethodComponent.╔╡cmp (node_modules/@angular/core/fesm2022/debug_node.mjs:30245:47)
	    at getComponentDef (node_modules/@angular/core/fesm2022/testing.mjs:1605:18)
	    at isStandaloneComponent (node_modules/@angular/core/fesm2022/testing.mjs:1601:17)
	    at queueTypesFromModulesArrayRecur (node_modules/@angular/core/fesm2022/testing.mjs:1325:26)
	    at TestBedCompiler.queueTypesFromModulesArray (node_modules/@angular/core/fesm2022/testing.mjs:1348:9)
	    at TestBedCompiler.configureTestingModule (node_modules/@angular/core/fesm2022/testing.mjs:856:18)
	    at TestBedImpl.configureTestingModule (node_modules/@angular/core/fesm2022/testing.mjs:1993:23)
	    at TestBedImpl.configureTestingModule (node_modules/@angular/core/fesm2022/testing.mjs:1805:37)
[1A[2K[31mChrome Headless 144.0.0.0 (Windows 10) PaymentMethodComponent should clear the form and display error if saving card fails FAILED[39m
	Failed: Errors during JIT compilation of template for PaymentMethodComponent: Unexpected closing tag "select". It may happen when the tag has already been closed by another tag. For more info see https://www.w3.org/TR/html5/syntax.html#closing-elements-that-have-implied-end-tags ("
	>>>>>>> upstream/develop
	            }
	          [ERROR ->]</select>
	          @if (monthControl.invalid && monthControl.errors.required) {
	          <mat-err"): ng:///PaymentMethodComponent/template.html@85:10, Unexpected closing tag "select". It may happen when the tag has already been closed by another tag. For more info see https://www.w3.org/TR/html5/syntax.html#closing-elements-that-have-implied-end-tags ("
	>>>>>>> upstream/develop
	            }
	          [ERROR ->]</select>
	          @if (yearControl.invalid && yearControl.errors.required) {
	          <mat-error"): ng:///PaymentMethodComponent/template.html@103:10, Opening tag "button" not terminated. ("
	<<<<<<< HEAD
	      </section>
	      [ERROR ->]<button type="submit" id="submitButton" style="margin-top:5px; float:right;" mat-raised-button color="): ng:///PaymentMethodComponent/template.html@112:6, Unexpected closing tag "div". It may happen when the tag has already been closed by another tag. For more info see https://www.w3.org/TR/html5/syntax.html#closing-elements-that-have-implied-end-tags ("ubmitButton" style="margin-top:5px; float:right;" mat-raised-button color="primary"
	=======
	      [ERROR ->]</div>
	      <button type="submit" id="submitButton" class="submit-button" mat-raised-button color=""): ng:///PaymentMethodComponent/template.html@114:6
	    at parseJitTemplate (node_modules/@angular/compiler/fesm2022/compiler.mjs:32326:15)
	    at CompilerFacadeImpl.compileComponent (node_modules/@angular/compiler/fesm2022/compiler.mjs:32000:52)
	    at PaymentMethodComponent.╔╡cmp (node_modules/@angular/core/fesm2022/debug_node.mjs:30245:47)
	    at getComponentDef (node_modules/@angular/core/fesm2022/testing.mjs:1605:18)
	    at isStandaloneComponent (node_modules/@angular/core/fesm2022/testing.mjs:1601:17)
	    at queueTypesFromModulesArrayRecur (node_modules/@angular/core/fesm2022/testing.mjs:1325:26)
	    at TestBedCompiler.queueTypesFromModulesArray (node_modules/@angular/core/fesm2022/testing.mjs:1348:9)
	    at TestBedCompiler.configureTestingModule (node_modules/@angular/core/fesm2022/testing.mjs:856:18)
	    at TestBedImpl.configureTestingModule (node_modules/@angular/core/fesm2022/testing.mjs:1993:23)
	    at TestBedImpl.configureTestingModule (node_modules/@angular/core/fesm2022/testing.mjs:1805:37)
Chrome Headless 144.0.0.0 (Windows 10): Executed 700 of 767[31m (269 FAILED)[39m (skipped 3) (0 secs / 8.084 secs)
Chrome Headless 144.0.0.0 (Windows 10) PaymentMethodComponent should clear the form and display error if saving card fails FAILED
	Failed: Errors during JIT compilation of template for PaymentMethodComponent: Unexpected closing tag "select". It may happen when the tag has already been closed by another tag. For more info see https://www.w3.org/TR/html5/syntax.html#closing-elements-that-have-implied-end-tags ("
	>>>>>>> upstream/develop
	            }
	          [ERROR ->]</select>
	          @if (monthControl.invalid && monthControl.errors.required) {
	          <mat-err"): ng:///PaymentMethodComponent/template.html@85:10, Unexpected closing tag "select". It may happen when the tag has already been closed by another tag. For more info see https://www.w3.org/TR/html5/syntax.html#closing-elements-that-have-implied-end-tags ("
	>>>>>>> upstream/develop
	            }
	          [ERROR ->]</select>
	          @if (yearControl.invalid && yearControl.errors.required) {
	          <mat-error"): ng:///PaymentMethodComponent/template.html@103:10, Opening tag "button" not terminated. ("
	<<<<<<< HEAD
	      </section>
	      [ERROR ->]<button type="submit" id="submitButton" style="margin-top:5px; float:right;" mat-raised-button color="): ng:///PaymentMethodComponent/template.html@112:6, Unexpected closing tag "div". It may happen when the tag has already been closed by another tag. For more info see https://www.w3.org/TR/html5/syntax.html#closing-elements-that-have-implied-end-tags ("ubmitButton" style="margin-top:5px; float:right;" mat-raised-button color="primary"
	=======
	      [ERROR ->]</div>
	      <button type="submit" id="submitButton" class="submit-button" mat-raised-button color=""): ng:///PaymentMethodComponent/template.html@114:6
	    at parseJitTemplate (node_modules/@angular/compiler/fesm2022/compiler.mjs:32326:15)
	    at CompilerFacadeImpl.compileComponent (node_modules/@angular/compiler/fesm2022/compiler.mjs:32000:52)
	    at PaymentMethodComponent.╔╡cmp (node_modules/@angular/core/fesm2022/debug_node.mjs:30245:47)
	    at getComponentDef (node_modules/@angular/core/fesm2022/testing.mjs:1605:18)
	    at isStandaloneComponent (node_modules/@angular/core/fesm2022/testing.mjs:1601:17)
	    at queueTypesFromModulesArrayRecur (node_modules/@angular/core/fesm2022/testing.mjs:1325:26)
	    at TestBedCompiler.queueTypesFromModulesArray (node_modules/@angular/core/fesm2022/testing.mjs:1348:9)
	    at TestBedCompiler.configureTestingModule (node_modules/@angular/core/fesm2022/testing.mjs:856:18)
	    at TestBedImpl.configureTestingModule (node_modules/@angular/core/fesm2022/testing.mjs:1993:23)
	    at TestBedImpl.configureTestingModule (node_modules/@angular/core/fesm2022/testing.mjs:1805:37)
[1A[2K[31mChrome Headless 144.0.0.0 (Windows 10) PaymentMethodComponent should log error while getting Cards from backend API directly to browser console FAILED[39m
	Failed: Errors during JIT compilation of template for PaymentMethodComponent: Unexpected closing tag "select". It may happen when the tag has already been closed by another tag. For more info see https://www.w3.org/TR/html5/syntax.html#closing-elements-that-have-implied-end-tags ("
	>>>>>>> upstream/develop
	            }
	          [ERROR ->]</select>
	          @if (monthControl.invalid && monthControl.errors.required) {
	          <mat-err"): ng:///PaymentMethodComponent/template.html@85:10, Unexpected closing tag "select". It may happen when the tag has already been closed by another tag. For more info see https://www.w3.org/TR/html5/syntax.html#closing-elements-that-have-implied-end-tags ("
	>>>>>>> upstream/develop
	            }
	          [ERROR ->]</select>
	          @if (yearControl.invalid && yearControl.errors.required) {
	          <mat-error"): ng:///PaymentMethodComponent/template.html@103:10, Opening tag "button" not terminated. ("
	<<<<<<< HEAD
	      </section>
	      [ERROR ->]<button type="submit" id="submitButton" style="margin-top:5px; float:right;" mat-raised-button color="): ng:///PaymentMethodComponent/template.html@112:6, Unexpected closing tag "div". It may happen when the tag has already been closed by another tag. For more info see https://www.w3.org/TR/html5/syntax.html#closing-elements-that-have-implied-end-tags ("ubmitButton" style="margin-top:5px; float:right;" mat-raised-button color="primary"
	=======
	      [ERROR ->]</div>
	      <button type="submit" id="submitButton" class="submit-button" mat-raised-button color=""): ng:///PaymentMethodComponent/template.html@114:6
	    at parseJitTemplate (node_modules/@angular/compiler/fesm2022/compiler.mjs:32326:15)
	    at CompilerFacadeImpl.compileComponent (node_modules/@angular/compiler/fesm2022/compiler.mjs:32000:52)
	    at PaymentMethodComponent.╔╡cmp (node_modules/@angular/core/fesm2022/debug_node.mjs:30245:47)
	    at getComponentDef (node_modules/@angular/core/fesm2022/testing.mjs:1605:18)
	    at isStandaloneComponent (node_modules/@angular/core/fesm2022/testing.mjs:1601:17)
	    at queueTypesFromModulesArrayRecur (node_modules/@angular/core/fesm2022/testing.mjs:1325:26)
	    at TestBedCompiler.queueTypesFromModulesArray (node_modules/@angular/core/fesm2022/testing.mjs:1348:9)
	    at TestBedCompiler.configureTestingModule (node_modules/@angular/core/fesm2022/testing.mjs:856:18)
	    at TestBedImpl.configureTestingModule (node_modules/@angular/core/fesm2022/testing.mjs:1993:23)
	    at TestBedImpl.configureTestingModule (node_modules/@angular/core/fesm2022/testing.mjs:1805:37)
Chrome Headless 144.0.0.0 (Windows 10): Executed 701 of 767[31m (270 FAILED)[39m (skipped 3) (0 secs / 8.086 secs)
Chrome Headless 144.0.0.0 (Windows 10) PaymentMethodComponent should log error while getting Cards from backend API directly to browser console FAILED
	Failed: Errors during JIT compilation of template for PaymentMethodComponent: Unexpected closing tag "select". It may happen when the tag has already been closed by another tag. For more info see https://www.w3.org/TR/html5/syntax.html#closing-elements-that-have-implied-end-tags ("
	>>>>>>> upstream/develop
	            }
	          [ERROR ->]</select>
	          @if (monthControl.invalid && monthControl.errors.required) {
	          <mat-err"): ng:///PaymentMethodComponent/template.html@85:10, Unexpected closing tag "select". It may happen when the tag has already been closed by another tag. For more info see https://www.w3.org/TR/html5/syntax.html#closing-elements-that-have-implied-end-tags ("
	>>>>>>> upstream/develop
	            }
	          [ERROR ->]</select>
	          @if (yearControl.invalid && yearControl.errors.required) {
	          <mat-error"): ng:///PaymentMethodComponent/template.html@103:10, Opening tag "button" not terminated. ("
	<<<<<<< HEAD
	      </section>
	      [ERROR ->]<button type="submit" id="submitButton" style="margin-top:5px; float:right;" mat-raised-button color="): ng:///PaymentMethodComponent/template.html@112:6, Unexpected closing tag "div". It may happen when the tag has already been closed by another tag. For more info see https://www.w3.org/TR/html5/syntax.html#closing-elements-that-have-implied-end-tags ("ubmitButton" style="margin-top:5px; float:right;" mat-raised-button color="primary"
	=======
	      [ERROR ->]</div>
	      <button type="submit" id="submitButton" class="submit-button" mat-raised-button color=""): ng:///PaymentMethodComponent/template.html@114:6
	    at parseJitTemplate (node_modules/@angular/compiler/fesm2022/compiler.mjs:32326:15)
	    at CompilerFacadeImpl.compileComponent (node_modules/@angular/compiler/fesm2022/compiler.mjs:32000:52)
	    at PaymentMethodComponent.╔╡cmp (node_modules/@angular/core/fesm2022/debug_node.mjs:30245:47)
	    at getComponentDef (node_modules/@angular/core/fesm2022/testing.mjs:1605:18)
	    at isStandaloneComponent (node_modules/@angular/core/fesm2022/testing.mjs:1601:17)
	    at queueTypesFromModulesArrayRecur (node_modules/@angular/core/fesm2022/testing.mjs:1325:26)
	    at TestBedCompiler.queueTypesFromModulesArray (node_modules/@angular/core/fesm2022/testing.mjs:1348:9)
	    at TestBedCompiler.configureTestingModule (node_modules/@angular/core/fesm2022/testing.mjs:856:18)
	    at TestBedImpl.configureTestingModule (node_modules/@angular/core/fesm2022/testing.mjs:1993:23)
	    at TestBedImpl.configureTestingModule (node_modules/@angular/core/fesm2022/testing.mjs:1805:37)
[1A[2K[31mChrome Headless 144.0.0.0 (Windows 10) PaymentMethodComponent card number should be in the range [1000000000000000, 9999999999999999] FAILED[39m
	Failed: Errors during JIT compilation of template for PaymentMethodComponent: Unexpected closing tag "select". It may happen when the tag has already been closed by another tag. For more info see https://www.w3.org/TR/html5/syntax.html#closing-elements-that-have-implied-end-tags ("
	>>>>>>> upstream/develop
	            }
	          [ERROR ->]</select>
	          @if (monthControl.invalid && monthControl.errors.required) {
	          <mat-err"): ng:///PaymentMethodComponent/template.html@85:10, Unexpected closing tag "select". It may happen when the tag has already been closed by another tag. For more info see https://www.w3.org/TR/html5/syntax.html#closing-elements-that-have-implied-end-tags ("
	>>>>>>> upstream/develop
	            }
	          [ERROR ->]</select>
	          @if (yearControl.invalid && yearControl.errors.required) {
	          <mat-error"): ng:///PaymentMethodComponent/template.html@103:10, Opening tag "button" not terminated. ("
	<<<<<<< HEAD
	      </section>
	      [ERROR ->]<button type="submit" id="submitButton" style="margin-top:5px; float:right;" mat-raised-button color="): ng:///PaymentMethodComponent/template.html@112:6, Unexpected closing tag "div". It may happen when the tag has already been closed by another tag. For more info see https://www.w3.org/TR/html5/syntax.html#closing-elements-that-have-implied-end-tags ("ubmitButton" style="margin-top:5px; float:right;" mat-raised-button color="primary"
	=======
	      [ERROR ->]</div>
	      <button type="submit" id="submitButton" class="submit-button" mat-raised-button color=""): ng:///PaymentMethodComponent/template.html@114:6
	    at parseJitTemplate (node_modules/@angular/compiler/fesm2022/compiler.mjs:32326:15)
	    at CompilerFacadeImpl.compileComponent (node_modules/@angular/compiler/fesm2022/compiler.mjs:32000:52)
	    at PaymentMethodComponent.╔╡cmp (node_modules/@angular/core/fesm2022/debug_node.mjs:30245:47)
	    at getComponentDef (node_modules/@angular/core/fesm2022/testing.mjs:1605:18)
	    at isStandaloneComponent (node_modules/@angular/core/fesm2022/testing.mjs:1601:17)
	    at queueTypesFromModulesArrayRecur (node_modules/@angular/core/fesm2022/testing.mjs:1325:26)
	    at TestBedCompiler.queueTypesFromModulesArray (node_modules/@angular/core/fesm2022/testing.mjs:1348:9)
	    at TestBedCompiler.configureTestingModule (node_modules/@angular/core/fesm2022/testing.mjs:856:18)
	    at TestBedImpl.configureTestingModule (node_modules/@angular/core/fesm2022/testing.mjs:1993:23)
	    at TestBedImpl.configureTestingModule (node_modules/@angular/core/fesm2022/testing.mjs:1805:37)
Chrome Headless 144.0.0.0 (Windows 10): Executed 702 of 767[31m (271 FAILED)[39m (skipped 3) (0 secs / 8.088 secs)
Chrome Headless 144.0.0.0 (Windows 10) PaymentMethodComponent card number should be in the range [1000000000000000, 9999999999999999] FAILED
	Failed: Errors during JIT compilation of template for PaymentMethodComponent: Unexpected closing tag "select". It may happen when the tag has already been closed by another tag. For more info see https://www.w3.org/TR/html5/syntax.html#closing-elements-that-have-implied-end-tags ("
	>>>>>>> upstream/develop
	            }
	          [ERROR ->]</select>
	          @if (monthControl.invalid && monthControl.errors.required) {
	          <mat-err"): ng:///PaymentMethodComponent/template.html@85:10, Unexpected closing tag "select". It may happen when the tag has already been closed by another tag. For more info see https://www.w3.org/TR/html5/syntax.html#closing-elements-that-have-implied-end-tags ("
	>>>>>>> upstream/develop
	            }
	          [ERROR ->]</select>
	          @if (yearControl.invalid && yearControl.errors.required) {
	          <mat-error"): ng:///PaymentMethodComponent/template.html@103:10, Opening tag "button" not terminated. ("
	<<<<<<< HEAD
	      </section>
	      [ERROR ->]<button type="submit" id="submitButton" style="margin-top:5px; float:right;" mat-raised-button color="): ng:///PaymentMethodComponent/template.html@112:6, Unexpected closing tag "div". It may happen when the tag has already been closed by another tag. For more info see https://www.w3.org/TR/html5/syntax.html#closing-elements-that-have-implied-end-tags ("ubmitButton" style="margin-top:5px; float:right;" mat-raised-button color="primary"
	=======
	      [ERROR ->]</div>
	      <button type="submit" id="submitButton" class="submit-button" mat-raised-button color=""): ng:///PaymentMethodComponent/template.html@114:6
	    at parseJitTemplate (node_modules/@angular/compiler/fesm2022/compiler.mjs:32326:15)
	    at CompilerFacadeImpl.compileComponent (node_modules/@angular/compiler/fesm2022/compiler.mjs:32000:52)
	    at PaymentMethodComponent.╔╡cmp (node_modules/@angular/core/fesm2022/debug_node.mjs:30245:47)
	    at getComponentDef (node_modules/@angular/core/fesm2022/testing.mjs:1605:18)
	    at isStandaloneComponent (node_modules/@angular/core/fesm2022/testing.mjs:1601:17)
	    at queueTypesFromModulesArrayRecur (node_modules/@angular/core/fesm2022/testing.mjs:1325:26)
	    at TestBedCompiler.queueTypesFromModulesArray (node_modules/@angular/core/fesm2022/testing.mjs:1348:9)
	    at TestBedCompiler.configureTestingModule (node_modules/@angular/core/fesm2022/testing.mjs:856:18)
	    at TestBedImpl.configureTestingModule (node_modules/@angular/core/fesm2022/testing.mjs:1993:23)
	    at TestBedImpl.configureTestingModule (node_modules/@angular/core/fesm2022/testing.mjs:1805:37)
[1A[2K[31mChrome Headless 144.0.0.0 (Windows 10) PaymentMethodComponent should be compulsory to provide card number FAILED[39m
	Failed: Errors during JIT compilation of template for PaymentMethodComponent: Unexpected closing tag "select". It may happen when the tag has already been closed by another tag. For more info see https://www.w3.org/TR/html5/syntax.html#closing-elements-that-have-implied-end-tags ("
	>>>>>>> upstream/develop
	            }
	          [ERROR ->]</select>
	          @if (monthControl.invalid && monthControl.errors.required) {
	          <mat-err"): ng:///PaymentMethodComponent/template.html@85:10, Unexpected closing tag "select". It may happen when the tag has already been closed by another tag. For more info see https://www.w3.org/TR/html5/syntax.html#closing-elements-that-have-implied-end-tags ("
	>>>>>>> upstream/develop
	            }
	          [ERROR ->]</select>
	          @if (yearControl.invalid && yearControl.errors.required) {
	          <mat-error"): ng:///PaymentMethodComponent/template.html@103:10, Opening tag "button" not terminated. ("
	<<<<<<< HEAD
	      </section>
	      [ERROR ->]<button type="submit" id="submitButton" style="margin-top:5px; float:right;" mat-raised-button color="): ng:///PaymentMethodComponent/template.html@112:6, Unexpected closing tag "div". It may happen when the tag has already been closed by another tag. For more info see https://www.w3.org/TR/html5/syntax.html#closing-elements-that-have-implied-end-tags ("ubmitButton" style="margin-top:5px; float:right;" mat-raised-button color="primary"
	=======
	      [ERROR ->]</div>
	      <button type="submit" id="submitButton" class="submit-button" mat-raised-button color=""): ng:///PaymentMethodComponent/template.html@114:6
	    at parseJitTemplate (node_modules/@angular/compiler/fesm2022/compiler.mjs:32326:15)
	    at CompilerFacadeImpl.compileComponent (node_modules/@angular/compiler/fesm2022/compiler.mjs:32000:52)
	    at PaymentMethodComponent.╔╡cmp (node_modules/@angular/core/fesm2022/debug_node.mjs:30245:47)
	    at getComponentDef (node_modules/@angular/core/fesm2022/testing.mjs:1605:18)
	    at isStandaloneComponent (node_modules/@angular/core/fesm2022/testing.mjs:1601:17)
	    at queueTypesFromModulesArrayRecur (node_modules/@angular/core/fesm2022/testing.mjs:1325:26)
	    at TestBedCompiler.queueTypesFromModulesArray (node_modules/@angular/core/fesm2022/testing.mjs:1348:9)
	    at TestBedCompiler.configureTestingModule (node_modules/@angular/core/fesm2022/testing.mjs:856:18)
	    at TestBedImpl.configureTestingModule (node_modules/@angular/core/fesm2022/testing.mjs:1993:23)
	    at TestBedImpl.configureTestingModule (node_modules/@angular/core/fesm2022/testing.mjs:1805:37)
Chrome Headless 144.0.0.0 (Windows 10): Executed 703 of 767[31m (272 FAILED)[39m (skipped 3) (0 secs / 8.091 secs)
Chrome Headless 144.0.0.0 (Windows 10) PaymentMethodComponent should be compulsory to provide card number FAILED
	Failed: Errors during JIT compilation of template for PaymentMethodComponent: Unexpected closing tag "select". It may happen when the tag has already been closed by another tag. For more info see https://www.w3.org/TR/html5/syntax.html#closing-elements-that-have-implied-end-tags ("
	>>>>>>> upstream/develop
	            }
	          [ERROR ->]</select>
	          @if (monthControl.invalid && monthControl.errors.required) {
	          <mat-err"): ng:///PaymentMethodComponent/template.html@85:10, Unexpected closing tag "select". It may happen when the tag has already been closed by another tag. For more info see https://www.w3.org/TR/html5/syntax.html#closing-elements-that-have-implied-end-tags ("
	>>>>>>> upstream/develop
	            }
	          [ERROR ->]</select>
	          @if (yearControl.invalid && yearControl.errors.required) {
	          <mat-error"): ng:///PaymentMethodComponent/template.html@103:10, Opening tag "button" not terminated. ("
	<<<<<<< HEAD
	      </section>
	      [ERROR ->]<button type="submit" id="submitButton" style="margin-top:5px; float:right;" mat-raised-button color="): ng:///PaymentMethodComponent/template.html@112:6, Unexpected closing tag "div". It may happen when the tag has already been closed by another tag. For more info see https://www.w3.org/TR/html5/syntax.html#closing-elements-that-have-implied-end-tags ("ubmitButton" style="margin-top:5px; float:right;" mat-raised-button color="primary"
	=======
	      [ERROR ->]</div>
	      <button type="submit" id="submitButton" class="submit-button" mat-raised-button color=""): ng:///PaymentMethodComponent/template.html@114:6
	    at parseJitTemplate (node_modules/@angular/compiler/fesm2022/compiler.mjs:32326:15)
	    at CompilerFacadeImpl.compileComponent (node_modules/@angular/compiler/fesm2022/compiler.mjs:32000:52)
	    at PaymentMethodComponent.╔╡cmp (node_modules/@angular/core/fesm2022/debug_node.mjs:30245:47)
	    at getComponentDef (node_modules/@angular/core/fesm2022/testing.mjs:1605:18)
	    at isStandaloneComponent (node_modules/@angular/core/fesm2022/testing.mjs:1601:17)
	    at queueTypesFromModulesArrayRecur (node_modules/@angular/core/fesm2022/testing.mjs:1325:26)
	    at TestBedCompiler.queueTypesFromModulesArray (node_modules/@angular/core/fesm2022/testing.mjs:1348:9)
	    at TestBedCompiler.configureTestingModule (node_modules/@angular/core/fesm2022/testing.mjs:856:18)
	    at TestBedImpl.configureTestingModule (node_modules/@angular/core/fesm2022/testing.mjs:1993:23)
	    at TestBedImpl.configureTestingModule (node_modules/@angular/core/fesm2022/testing.mjs:1805:37)
[1A[2K[31mChrome Headless 144.0.0.0 (Windows 10) PaymentMethodComponent should be compulsory to provide name FAILED[39m
	Failed: Errors during JIT compilation of template for PaymentMethodComponent: Unexpected closing tag "select". It may happen when the tag has already been closed by another tag. For more info see https://www.w3.org/TR/html5/syntax.html#closing-elements-that-have-implied-end-tags ("
	>>>>>>> upstream/develop
	            }
	          [ERROR ->]</select>
	          @if (monthControl.invalid && monthControl.errors.required) {
	          <mat-err"): ng:///PaymentMethodComponent/template.html@85:10, Unexpected closing tag "select". It may happen when the tag has already been closed by another tag. For more info see https://www.w3.org/TR/html5/syntax.html#closing-elements-that-have-implied-end-tags ("
	>>>>>>> upstream/develop
	            }
	          [ERROR ->]</select>
	          @if (yearControl.invalid && yearControl.errors.required) {
	          <mat-error"): ng:///PaymentMethodComponent/template.html@103:10, Opening tag "button" not terminated. ("
	<<<<<<< HEAD
	      </section>
	      [ERROR ->]<button type="submit" id="submitButton" style="margin-top:5px; float:right;" mat-raised-button color="): ng:///PaymentMethodComponent/template.html@112:6, Unexpected closing tag "div". It may happen when the tag has already been closed by another tag. For more info see https://www.w3.org/TR/html5/syntax.html#closing-elements-that-have-implied-end-tags ("ubmitButton" style="margin-top:5px; float:right;" mat-raised-button color="primary"
	=======
	      [ERROR ->]</div>
	      <button type="submit" id="submitButton" class="submit-button" mat-raised-button color=""): ng:///PaymentMethodComponent/template.html@114:6
	    at parseJitTemplate (node_modules/@angular/compiler/fesm2022/compiler.mjs:32326:15)
	    at CompilerFacadeImpl.compileComponent (node_modules/@angular/compiler/fesm2022/compiler.mjs:32000:52)
	    at PaymentMethodComponent.╔╡cmp (node_modules/@angular/core/fesm2022/debug_node.mjs:30245:47)
	    at getComponentDef (node_modules/@angular/core/fesm2022/testing.mjs:1605:18)
	    at isStandaloneComponent (node_modules/@angular/core/fesm2022/testing.mjs:1601:17)
	    at queueTypesFromModulesArrayRecur (node_modules/@angular/core/fesm2022/testing.mjs:1325:26)
	    at TestBedCompiler.queueTypesFromModulesArray (node_modules/@angular/core/fesm2022/testing.mjs:1348:9)
	    at TestBedCompiler.configureTestingModule (node_modules/@angular/core/fesm2022/testing.mjs:856:18)
	    at TestBedImpl.configureTestingModule (node_modules/@angular/core/fesm2022/testing.mjs:1993:23)
	    at TestBedImpl.configureTestingModule (node_modules/@angular/core/fesm2022/testing.mjs:1805:37)
Chrome Headless 144.0.0.0 (Windows 10): Executed 704 of 767[31m (273 FAILED)[39m (skipped 3) (0 secs / 8.099 secs)
Chrome Headless 144.0.0.0 (Windows 10) PaymentMethodComponent should be compulsory to provide name FAILED
	Failed: Errors during JIT compilation of template for PaymentMethodComponent: Unexpected closing tag "select". It may happen when the tag has already been closed by another tag. For more info see https://www.w3.org/TR/html5/syntax.html#closing-elements-that-have-implied-end-tags ("
	>>>>>>> upstream/develop
	            }
	          [ERROR ->]</select>
	          @if (monthControl.invalid && monthControl.errors.required) {
	          <mat-err"): ng:///PaymentMethodComponent/template.html@85:10, Unexpected closing tag "select". It may happen when the tag has already been closed by another tag. For more info see https://www.w3.org/TR/html5/syntax.html#closing-elements-that-have-implied-end-tags ("
	>>>>>>> upstream/develop
	            }
	          [ERROR ->]</select>
	          @if (yearControl.invalid && yearControl.errors.required) {
	          <mat-error"): ng:///PaymentMethodComponent/template.html@103:10, Opening tag "button" not terminated. ("
	<<<<<<< HEAD
	      </section>
	      [ERROR ->]<button type="submit" id="submitButton" style="margin-top:5px; float:right;" mat-raised-button color="): ng:///PaymentMethodComponent/template.html@112:6, Unexpected closing tag "div". It may happen when the tag has already been closed by another tag. For more info see https://www.w3.org/TR/html5/syntax.html#closing-elements-that-have-implied-end-tags ("ubmitButton" style="margin-top:5px; float:right;" mat-raised-button color="primary"
	=======
	      [ERROR ->]</div>
	      <button type="submit" id="submitButton" class="submit-button" mat-raised-button color=""): ng:///PaymentMethodComponent/template.html@114:6
	    at parseJitTemplate (node_modules/@angular/compiler/fesm2022/compiler.mjs:32326:15)
	    at CompilerFacadeImpl.compileComponent (node_modules/@angular/compiler/fesm2022/compiler.mjs:32000:52)
	    at PaymentMethodComponent.╔╡cmp (node_modules/@angular/core/fesm2022/debug_node.mjs:30245:47)
	    at getComponentDef (node_modules/@angular/core/fesm2022/testing.mjs:1605:18)
	    at isStandaloneComponent (node_modules/@angular/core/fesm2022/testing.mjs:1601:17)
	    at queueTypesFromModulesArrayRecur (node_modules/@angular/core/fesm2022/testing.mjs:1325:26)
	    at TestBedCompiler.queueTypesFromModulesArray (node_modules/@angular/core/fesm2022/testing.mjs:1348:9)
	    at TestBedCompiler.configureTestingModule (node_modules/@angular/core/fesm2022/testing.mjs:856:18)
	    at TestBedImpl.configureTestingModule (node_modules/@angular/core/fesm2022/testing.mjs:1993:23)
	    at TestBedImpl.configureTestingModule (node_modules/@angular/core/fesm2022/testing.mjs:1805:37)
[1A[2K[31mChrome Headless 144.0.0.0 (Windows 10) PaymentMethodComponent should be compulsory to provide year FAILED[39m
	Failed: Errors during JIT compilation of template for PaymentMethodComponent: Unexpected closing tag "select". It may happen when the tag has already been closed by another tag. For more info see https://www.w3.org/TR/html5/syntax.html#closing-elements-that-have-implied-end-tags ("
	>>>>>>> upstream/develop
	            }
	          [ERROR ->]</select>
	          @if (monthControl.invalid && monthControl.errors.required) {
	          <mat-err"): ng:///PaymentMethodComponent/template.html@85:10, Unexpected closing tag "select". It may happen when the tag has already been closed by another tag. For more info see https://www.w3.org/TR/html5/syntax.html#closing-elements-that-have-implied-end-tags ("
	>>>>>>> upstream/develop
	            }
	          [ERROR ->]</select>
	          @if (yearControl.invalid && yearControl.errors.required) {
	          <mat-error"): ng:///PaymentMethodComponent/template.html@103:10, Opening tag "button" not terminated. ("
	<<<<<<< HEAD
	      </section>
	      [ERROR ->]<button type="submit" id="submitButton" style="margin-top:5px; float:right;" mat-raised-button color="): ng:///PaymentMethodComponent/template.html@112:6, Unexpected closing tag "div". It may happen when the tag has already been closed by another tag. For more info see https://www.w3.org/TR/html5/syntax.html#closing-elements-that-have-implied-end-tags ("ubmitButton" style="margin-top:5px; float:right;" mat-raised-button color="primary"
	=======
	      [ERROR ->]</div>
	      <button type="submit" id="submitButton" class="submit-button" mat-raised-button color=""): ng:///PaymentMethodComponent/template.html@114:6
	    at parseJitTemplate (node_modules/@angular/compiler/fesm2022/compiler.mjs:32326:15)
	    at CompilerFacadeImpl.compileComponent (node_modules/@angular/compiler/fesm2022/compiler.mjs:32000:52)
	    at PaymentMethodComponent.╔╡cmp (node_modules/@angular/core/fesm2022/debug_node.mjs:30245:47)
	    at getComponentDef (node_modules/@angular/core/fesm2022/testing.mjs:1605:18)
	    at isStandaloneComponent (node_modules/@angular/core/fesm2022/testing.mjs:1601:17)
	    at queueTypesFromModulesArrayRecur (node_modules/@angular/core/fesm2022/testing.mjs:1325:26)
	    at TestBedCompiler.queueTypesFromModulesArray (node_modules/@angular/core/fesm2022/testing.mjs:1348:9)
	    at TestBedCompiler.configureTestingModule (node_modules/@angular/core/fesm2022/testing.mjs:856:18)
	    at TestBedImpl.configureTestingModule (node_modules/@angular/core/fesm2022/testing.mjs:1993:23)
	    at TestBedImpl.configureTestingModule (node_modules/@angular/core/fesm2022/testing.mjs:1805:37)
Chrome Headless 144.0.0.0 (Windows 10): Executed 705 of 767[31m (274 FAILED)[39m (skipped 3) (0 secs / 8.101 secs)
Chrome Headless 144.0.0.0 (Windows 10) PaymentMethodComponent should be compulsory to provide year FAILED
	Failed: Errors during JIT compilation of template for PaymentMethodComponent: Unexpected closing tag "select". It may happen when the tag has already been closed by another tag. For more info see https://www.w3.org/TR/html5/syntax.html#closing-elements-that-have-implied-end-tags ("
	>>>>>>> upstream/develop
	            }
	          [ERROR ->]</select>
	          @if (monthControl.invalid && monthControl.errors.required) {
	          <mat-err"): ng:///PaymentMethodComponent/template.html@85:10, Unexpected closing tag "select". It may happen when the tag has already been closed by another tag. For more info see https://www.w3.org/TR/html5/syntax.html#closing-elements-that-have-implied-end-tags ("
	>>>>>>> upstream/develop
	            }
	          [ERROR ->]</select>
	          @if (yearControl.invalid && yearControl.errors.required) {
	          <mat-error"): ng:///PaymentMethodComponent/template.html@103:10, Opening tag "button" not terminated. ("
	<<<<<<< HEAD
	      </section>
	      [ERROR ->]<button type="submit" id="submitButton" style="margin-top:5px; float:right;" mat-raised-button color="): ng:///PaymentMethodComponent/template.html@112:6, Unexpected closing tag "div". It may happen when the tag has already been closed by another tag. For more info see https://www.w3.org/TR/html5/syntax.html#closing-elements-that-have-implied-end-tags ("ubmitButton" style="margin-top:5px; float:right;" mat-raised-button color="primary"
	=======
	      [ERROR ->]</div>
	      <button type="submit" id="submitButton" class="submit-button" mat-raised-button color=""): ng:///PaymentMethodComponent/template.html@114:6
	    at parseJitTemplate (node_modules/@angular/compiler/fesm2022/compiler.mjs:32326:15)
	    at CompilerFacadeImpl.compileComponent (node_modules/@angular/compiler/fesm2022/compiler.mjs:32000:52)
	    at PaymentMethodComponent.╔╡cmp (node_modules/@angular/core/fesm2022/debug_node.mjs:30245:47)
	    at getComponentDef (node_modules/@angular/core/fesm2022/testing.mjs:1605:18)
	    at isStandaloneComponent (node_modules/@angular/core/fesm2022/testing.mjs:1601:17)
	    at queueTypesFromModulesArrayRecur (node_modules/@angular/core/fesm2022/testing.mjs:1325:26)
	    at TestBedCompiler.queueTypesFromModulesArray (node_modules/@angular/core/fesm2022/testing.mjs:1348:9)
	    at TestBedCompiler.configureTestingModule (node_modules/@angular/core/fesm2022/testing.mjs:856:18)
	    at TestBedImpl.configureTestingModule (node_modules/@angular/core/fesm2022/testing.mjs:1993:23)
	    at TestBedImpl.configureTestingModule (node_modules/@angular/core/fesm2022/testing.mjs:1805:37)
[1A[2K[31mChrome Headless 144.0.0.0 (Windows 10) PaymentMethodComponent should hold cards returned by backend API FAILED[39m
	Failed: Errors during JIT compilation of template for PaymentMethodComponent: Unexpected closing tag "select". It may happen when the tag has already been closed by another tag. For more info see https://www.w3.org/TR/html5/syntax.html#closing-elements-that-have-implied-end-tags ("
	>>>>>>> upstream/develop
	            }
	          [ERROR ->]</select>
	          @if (monthControl.invalid && monthControl.errors.required) {
	          <mat-err"): ng:///PaymentMethodComponent/template.html@85:10, Unexpected closing tag "select". It may happen when the tag has already been closed by another tag. For more info see https://www.w3.org/TR/html5/syntax.html#closing-elements-that-have-implied-end-tags ("
	>>>>>>> upstream/develop
	            }
	          [ERROR ->]</select>
	          @if (yearControl.invalid && yearControl.errors.required) {
	          <mat-error"): ng:///PaymentMethodComponent/template.html@103:10, Opening tag "button" not terminated. ("
	<<<<<<< HEAD
	      </section>
	      [ERROR ->]<button type="submit" id="submitButton" style="margin-top:5px; float:right;" mat-raised-button color="): ng:///PaymentMethodComponent/template.html@112:6, Unexpected closing tag "div". It may happen when the tag has already been closed by another tag. For more info see https://www.w3.org/TR/html5/syntax.html#closing-elements-that-have-implied-end-tags ("ubmitButton" style="margin-top:5px; float:right;" mat-raised-button color="primary"
	=======
	      [ERROR ->]</div>
	      <button type="submit" id="submitButton" class="submit-button" mat-raised-button color=""): ng:///PaymentMethodComponent/template.html@114:6
	    at parseJitTemplate (node_modules/@angular/compiler/fesm2022/compiler.mjs:32326:15)
	    at CompilerFacadeImpl.compileComponent (node_modules/@angular/compiler/fesm2022/compiler.mjs:32000:52)
	    at PaymentMethodComponent.╔╡cmp (node_modules/@angular/core/fesm2022/debug_node.mjs:30245:47)
	    at getComponentDef (node_modules/@angular/core/fesm2022/testing.mjs:1605:18)
	    at isStandaloneComponent (node_modules/@angular/core/fesm2022/testing.mjs:1601:17)
	    at queueTypesFromModulesArrayRecur (node_modules/@angular/core/fesm2022/testing.mjs:1325:26)
	    at TestBedCompiler.queueTypesFromModulesArray (node_modules/@angular/core/fesm2022/testing.mjs:1348:9)
	    at TestBedCompiler.configureTestingModule (node_modules/@angular/core/fesm2022/testing.mjs:856:18)
	    at TestBedImpl.configureTestingModule (node_modules/@angular/core/fesm2022/testing.mjs:1993:23)
	    at TestBedImpl.configureTestingModule (node_modules/@angular/core/fesm2022/testing.mjs:1805:37)
Chrome Headless 144.0.0.0 (Windows 10): Executed 706 of 767[31m (275 FAILED)[39m (skipped 3) (0 secs / 8.103 secs)
Chrome Headless 144.0.0.0 (Windows 10) PaymentMethodComponent should hold cards returned by backend API FAILED
	Failed: Errors during JIT compilation of template for PaymentMethodComponent: Unexpected closing tag "select". It may happen when the tag has already been closed by another tag. For more info see https://www.w3.org/TR/html5/syntax.html#closing-elements-that-have-implied-end-tags ("
	>>>>>>> upstream/develop
	            }
	          [ERROR ->]</select>
	          @if (monthControl.invalid && monthControl.errors.required) {
	          <mat-err"): ng:///PaymentMethodComponent/template.html@85:10, Unexpected closing tag "select". It may happen when the tag has already been closed by another tag. For more info see https://www.w3.org/TR/html5/syntax.html#closing-elements-that-have-implied-end-tags ("
	>>>>>>> upstream/develop
	            }
	          [ERROR ->]</select>
	          @if (yearControl.invalid && yearControl.errors.required) {
	          <mat-error"): ng:///PaymentMethodComponent/template.html@103:10, Opening tag "button" not terminated. ("
	<<<<<<< HEAD
	      </section>
	      [ERROR ->]<button type="submit" id="submitButton" style="margin-top:5px; float:right;" mat-raised-button color="): ng:///PaymentMethodComponent/template.html@112:6, Unexpected closing tag "div". It may happen when the tag has already been closed by another tag. For more info see https://www.w3.org/TR/html5/syntax.html#closing-elements-that-have-implied-end-tags ("ubmitButton" style="margin-top:5px; float:right;" mat-raised-button color="primary"
	=======
	      [ERROR ->]</div>
	      <button type="submit" id="submitButton" class="submit-button" mat-raised-button color=""): ng:///PaymentMethodComponent/template.html@114:6
	    at parseJitTemplate (node_modules/@angular/compiler/fesm2022/compiler.mjs:32326:15)
	    at CompilerFacadeImpl.compileComponent (node_modules/@angular/compiler/fesm2022/compiler.mjs:32000:52)
	    at PaymentMethodComponent.╔╡cmp (node_modules/@angular/core/fesm2022/debug_node.mjs:30245:47)
	    at getComponentDef (node_modules/@angular/core/fesm2022/testing.mjs:1605:18)
	    at isStandaloneComponent (node_modules/@angular/core/fesm2022/testing.mjs:1601:17)
	    at queueTypesFromModulesArrayRecur (node_modules/@angular/core/fesm2022/testing.mjs:1325:26)
	    at TestBedCompiler.queueTypesFromModulesArray (node_modules/@angular/core/fesm2022/testing.mjs:1348:9)
	    at TestBedCompiler.configureTestingModule (node_modules/@angular/core/fesm2022/testing.mjs:856:18)
	    at TestBedImpl.configureTestingModule (node_modules/@angular/core/fesm2022/testing.mjs:1993:23)
	    at TestBedImpl.configureTestingModule (node_modules/@angular/core/fesm2022/testing.mjs:1805:37)
[1A[2K[31mChrome Headless 144.0.0.0 (Windows 10) PaymentMethodComponent should create FAILED[39m
	Failed: Errors during JIT compilation of template for PaymentMethodComponent: Unexpected closing tag "select". It may happen when the tag has already been closed by another tag. For more info see https://www.w3.org/TR/html5/syntax.html#closing-elements-that-have-implied-end-tags ("
	>>>>>>> upstream/develop
	            }
	          [ERROR ->]</select>
	          @if (monthControl.invalid && monthControl.errors.required) {
	          <mat-err"): ng:///PaymentMethodComponent/template.html@85:10, Unexpected closing tag "select". It may happen when the tag has already been closed by another tag. For more info see https://www.w3.org/TR/html5/syntax.html#closing-elements-that-have-implied-end-tags ("
	>>>>>>> upstream/develop
	            }
	          [ERROR ->]</select>
	          @if (yearControl.invalid && yearControl.errors.required) {
	          <mat-error"): ng:///PaymentMethodComponent/template.html@103:10, Opening tag "button" not terminated. ("
	<<<<<<< HEAD
	      </section>
	      [ERROR ->]<button type="submit" id="submitButton" style="margin-top:5px; float:right;" mat-raised-button color="): ng:///PaymentMethodComponent/template.html@112:6, Unexpected closing tag "div". It may happen when the tag has already been closed by another tag. For more info see https://www.w3.org/TR/html5/syntax.html#closing-elements-that-have-implied-end-tags ("ubmitButton" style="margin-top:5px; float:right;" mat-raised-button color="primary"
	=======
	      [ERROR ->]</div>
	      <button type="submit" id="submitButton" class="submit-button" mat-raised-button color=""): ng:///PaymentMethodComponent/template.html@114:6
	    at parseJitTemplate (node_modules/@angular/compiler/fesm2022/compiler.mjs:32326:15)
	    at CompilerFacadeImpl.compileComponent (node_modules/@angular/compiler/fesm2022/compiler.mjs:32000:52)
	    at PaymentMethodComponent.╔╡cmp (node_modules/@angular/core/fesm2022/debug_node.mjs:30245:47)
	    at getComponentDef (node_modules/@angular/core/fesm2022/testing.mjs:1605:18)
	    at isStandaloneComponent (node_modules/@angular/core/fesm2022/testing.mjs:1601:17)
	    at queueTypesFromModulesArrayRecur (node_modules/@angular/core/fesm2022/testing.mjs:1325:26)
	    at TestBedCompiler.queueTypesFromModulesArray (node_modules/@angular/core/fesm2022/testing.mjs:1348:9)
	    at TestBedCompiler.configureTestingModule (node_modules/@angular/core/fesm2022/testing.mjs:856:18)
	    at TestBedImpl.configureTestingModule (node_modules/@angular/core/fesm2022/testing.mjs:1993:23)
	    at TestBedImpl.configureTestingModule (node_modules/@angular/core/fesm2022/testing.mjs:1805:37)
Chrome Headless 144.0.0.0 (Windows 10): Executed 707 of 767[31m (276 FAILED)[39m (skipped 3) (0 secs / 8.105 secs)
Chrome Headless 144.0.0.0 (Windows 10) PaymentMethodComponent should create FAILED
	Failed: Errors during JIT compilation of template for PaymentMethodComponent: Unexpected closing tag "select". It may happen when the tag has already been closed by another tag. For more info see https://www.w3.org/TR/html5/syntax.html#closing-elements-that-have-implied-end-tags ("
	>>>>>>> upstream/develop
	            }
	          [ERROR ->]</select>
	          @if (monthControl.invalid && monthControl.errors.required) {
	          <mat-err"): ng:///PaymentMethodComponent/template.html@85:10, Unexpected closing tag "select". It may happen when the tag has already been closed by another tag. For more info see https://www.w3.org/TR/html5/syntax.html#closing-elements-that-have-implied-end-tags ("
	>>>>>>> upstream/develop
	            }
	          [ERROR ->]</select>
	          @if (yearControl.invalid && yearControl.errors.required) {
	          <mat-error"): ng:///PaymentMethodComponent/template.html@103:10, Opening tag "button" not terminated. ("
	<<<<<<< HEAD
	      </section>
	      [ERROR ->]<button type="submit" id="submitButton" style="margin-top:5px; float:right;" mat-raised-button color="): ng:///PaymentMethodComponent/template.html@112:6, Unexpected closing tag "div". It may happen when the tag has already been closed by another tag. For more info see https://www.w3.org/TR/html5/syntax.html#closing-elements-that-have-implied-end-tags ("ubmitButton" style="margin-top:5px; float:right;" mat-raised-button color="primary"
	=======
	      [ERROR ->]</div>
	      <button type="submit" id="submitButton" class="submit-button" mat-raised-button color=""): ng:///PaymentMethodComponent/template.html@114:6
	    at parseJitTemplate (node_modules/@angular/compiler/fesm2022/compiler.mjs:32326:15)
	    at CompilerFacadeImpl.compileComponent (node_modules/@angular/compiler/fesm2022/compiler.mjs:32000:52)
	    at PaymentMethodComponent.╔╡cmp (node_modules/@angular/core/fesm2022/debug_node.mjs:30245:47)
	    at getComponentDef (node_modules/@angular/core/fesm2022/testing.mjs:1605:18)
	    at isStandaloneComponent (node_modules/@angular/core/fesm2022/testing.mjs:1601:17)
	    at queueTypesFromModulesArrayRecur (node_modules/@angular/core/fesm2022/testing.mjs:1325:26)
	    at TestBedCompiler.queueTypesFromModulesArray (node_modules/@angular/core/fesm2022/testing.mjs:1348:9)
	    at TestBedCompiler.configureTestingModule (node_modules/@angular/core/fesm2022/testing.mjs:856:18)
	    at TestBedImpl.configureTestingModule (node_modules/@angular/core/fesm2022/testing.mjs:1993:23)
	    at TestBedImpl.configureTestingModule (node_modules/@angular/core/fesm2022/testing.mjs:1805:37)
[1A[2K[31mChrome Headless 144.0.0.0 (Windows 10) PaymentMethodComponent should be compulsory to provide month FAILED[39m
	Failed: Errors during JIT compilation of template for PaymentMethodComponent: Unexpected closing tag "select". It may happen when the tag has already been closed by another tag. For more info see https://www.w3.org/TR/html5/syntax.html#closing-elements-that-have-implied-end-tags ("
	>>>>>>> upstream/develop
	            }
	          [ERROR ->]</select>
	          @if (monthControl.invalid && monthControl.errors.required) {
	          <mat-err"): ng:///PaymentMethodComponent/template.html@85:10, Unexpected closing tag "select". It may happen when the tag has already been closed by another tag. For more info see https://www.w3.org/TR/html5/syntax.html#closing-elements-that-have-implied-end-tags ("
	>>>>>>> upstream/develop
	            }
	          [ERROR ->]</select>
	          @if (yearControl.invalid && yearControl.errors.required) {
	          <mat-error"): ng:///PaymentMethodComponent/template.html@103:10, Opening tag "button" not terminated. ("
	<<<<<<< HEAD
	      </section>
	      [ERROR ->]<button type="submit" id="submitButton" style="margin-top:5px; float:right;" mat-raised-button color="): ng:///PaymentMethodComponent/template.html@112:6, Unexpected closing tag "div". It may happen when the tag has already been closed by another tag. For more info see https://www.w3.org/TR/html5/syntax.html#closing-elements-that-have-implied-end-tags ("ubmitButton" style="margin-top:5px; float:right;" mat-raised-button color="primary"
	=======
	      [ERROR ->]</div>
	      <button type="submit" id="submitButton" class="submit-button" mat-raised-button color=""): ng:///PaymentMethodComponent/template.html@114:6
	    at parseJitTemplate (node_modules/@angular/compiler/fesm2022/compiler.mjs:32326:15)
	    at CompilerFacadeImpl.compileComponent (node_modules/@angular/compiler/fesm2022/compiler.mjs:32000:52)
	    at PaymentMethodComponent.╔╡cmp (node_modules/@angular/core/fesm2022/debug_node.mjs:30245:47)
	    at getComponentDef (node_modules/@angular/core/fesm2022/testing.mjs:1605:18)
	    at isStandaloneComponent (node_modules/@angular/core/fesm2022/testing.mjs:1601:17)
	    at queueTypesFromModulesArrayRecur (node_modules/@angular/core/fesm2022/testing.mjs:1325:26)
	    at TestBedCompiler.queueTypesFromModulesArray (node_modules/@angular/core/fesm2022/testing.mjs:1348:9)
	    at TestBedCompiler.configureTestingModule (node_modules/@angular/core/fesm2022/testing.mjs:856:18)
	    at TestBedImpl.configureTestingModule (node_modules/@angular/core/fesm2022/testing.mjs:1993:23)
	    at TestBedImpl.configureTestingModule (node_modules/@angular/core/fesm2022/testing.mjs:1805:37)
Chrome Headless 144.0.0.0 (Windows 10): Executed 708 of 767[31m (277 FAILED)[39m (skipped 3) (0 secs / 8.11 secs)
Chrome Headless 144.0.0.0 (Windows 10) PaymentMethodComponent should be compulsory to provide month FAILED
	Failed: Errors during JIT compilation of template for PaymentMethodComponent: Unexpected closing tag "select". It may happen when the tag has already been closed by another tag. For more info see https://www.w3.org/TR/html5/syntax.html#closing-elements-that-have-implied-end-tags ("
	>>>>>>> upstream/develop
	            }
	          [ERROR ->]</select>
	          @if (monthControl.invalid && monthControl.errors.required) {
	          <mat-err"): ng:///PaymentMethodComponent/template.html@85:10, Unexpected closing tag "select". It may happen when the tag has already been closed by another tag. For more info see https://www.w3.org/TR/html5/syntax.html#closing-elements-that-have-implied-end-tags ("
	>>>>>>> upstream/develop
	            }
	          [ERROR ->]</select>
	          @if (yearControl.invalid && yearControl.errors.required) {
	          <mat-error"): ng:///PaymentMethodComponent/template.html@103:10, Opening tag "button" not terminated. ("
	<<<<<<< HEAD
	      </section>
	      [ERROR ->]<button type="submit" id="submitButton" style="margin-top:5px; float:right;" mat-raised-button color="): ng:///PaymentMethodComponent/template.html@112:6, Unexpected closing tag "div". It may happen when the tag has already been closed by another tag. For more info see https://www.w3.org/TR/html5/syntax.html#closing-elements-that-have-implied-end-tags ("ubmitButton" style="margin-top:5px; float:right;" mat-raised-button color="primary"
	=======
	      [ERROR ->]</div>
	      <button type="submit" id="submitButton" class="submit-button" mat-raised-button color=""): ng:///PaymentMethodComponent/template.html@114:6
	    at parseJitTemplate (node_modules/@angular/compiler/fesm2022/compiler.mjs:32326:15)
	    at CompilerFacadeImpl.compileComponent (node_modules/@angular/compiler/fesm2022/compiler.mjs:32000:52)
	    at PaymentMethodComponent.╔╡cmp (node_modules/@angular/core/fesm2022/debug_node.mjs:30245:47)
	    at getComponentDef (node_modules/@angular/core/fesm2022/testing.mjs:1605:18)
	    at isStandaloneComponent (node_modules/@angular/core/fesm2022/testing.mjs:1601:17)
	    at queueTypesFromModulesArrayRecur (node_modules/@angular/core/fesm2022/testing.mjs:1325:26)
	    at TestBedCompiler.queueTypesFromModulesArray (node_modules/@angular/core/fesm2022/testing.mjs:1348:9)
	    at TestBedCompiler.configureTestingModule (node_modules/@angular/core/fesm2022/testing.mjs:856:18)
	    at TestBedImpl.configureTestingModule (node_modules/@angular/core/fesm2022/testing.mjs:1993:23)
	    at TestBedImpl.configureTestingModule (node_modules/@angular/core/fesm2022/testing.mjs:1805:37)
[1A[2K[31mChrome Headless 144.0.0.0 (Windows 10) PaymentMethodComponent should hold no cards when none are returned by backend API FAILED[39m
	Failed: Errors during JIT compilation of template for PaymentMethodComponent: Unexpected closing tag "select". It may happen when the tag has already been closed by another tag. For more info see https://www.w3.org/TR/html5/syntax.html#closing-elements-that-have-implied-end-tags ("
	>>>>>>> upstream/develop
	            }
	          [ERROR ->]</select>
	          @if (monthControl.invalid && monthControl.errors.required) {
	          <mat-err"): ng:///PaymentMethodComponent/template.html@85:10, Unexpected closing tag "select". It may happen when the tag has already been closed by another tag. For more info see https://www.w3.org/TR/html5/syntax.html#closing-elements-that-have-implied-end-tags ("
	>>>>>>> upstream/develop
	            }
	          [ERROR ->]</select>
	          @if (yearControl.invalid && yearControl.errors.required) {
	          <mat-error"): ng:///PaymentMethodComponent/template.html@103:10, Opening tag "button" not terminated. ("
	<<<<<<< HEAD
	      </section>
	      [ERROR ->]<button type="submit" id="submitButton" style="margin-top:5px; float:right;" mat-raised-button color="): ng:///PaymentMethodComponent/template.html@112:6, Unexpected closing tag "div". It may happen when the tag has already been closed by another tag. For more info see https://www.w3.org/TR/html5/syntax.html#closing-elements-that-have-implied-end-tags ("ubmitButton" style="margin-top:5px; float:right;" mat-raised-button color="primary"
	=======
	      [ERROR ->]</div>
	      <button type="submit" id="submitButton" class="submit-button" mat-raised-button color=""): ng:///PaymentMethodComponent/template.html@114:6
	    at parseJitTemplate (node_modules/@angular/compiler/fesm2022/compiler.mjs:32326:15)
	    at CompilerFacadeImpl.compileComponent (node_modules/@angular/compiler/fesm2022/compiler.mjs:32000:52)
	    at PaymentMethodComponent.╔╡cmp (node_modules/@angular/core/fesm2022/debug_node.mjs:30245:47)
	    at getComponentDef (node_modules/@angular/core/fesm2022/testing.mjs:1605:18)
	    at isStandaloneComponent (node_modules/@angular/core/fesm2022/testing.mjs:1601:17)
	    at queueTypesFromModulesArrayRecur (node_modules/@angular/core/fesm2022/testing.mjs:1325:26)
	    at TestBedCompiler.queueTypesFromModulesArray (node_modules/@angular/core/fesm2022/testing.mjs:1348:9)
	    at TestBedCompiler.configureTestingModule (node_modules/@angular/core/fesm2022/testing.mjs:856:18)
	    at TestBedImpl.configureTestingModule (node_modules/@angular/core/fesm2022/testing.mjs:1993:23)
	    at TestBedImpl.configureTestingModule (node_modules/@angular/core/fesm2022/testing.mjs:1805:37)
Chrome Headless 144.0.0.0 (Windows 10): Executed 709 of 767[31m (278 FAILED)[39m (skipped 3) (0 secs / 8.112 secs)
Chrome Headless 144.0.0.0 (Windows 10) PaymentMethodComponent should hold no cards when none are returned by backend API FAILED
	Failed: Errors during JIT compilation of template for PaymentMethodComponent: Unexpected closing tag "select". It may happen when the tag has already been closed by another tag. For more info see https://www.w3.org/TR/html5/syntax.html#closing-elements-that-have-implied-end-tags ("
	>>>>>>> upstream/develop
	            }
	          [ERROR ->]</select>
	          @if (monthControl.invalid && monthControl.errors.required) {
	          <mat-err"): ng:///PaymentMethodComponent/template.html@85:10, Unexpected closing tag "select". It may happen when the tag has already been closed by another tag. For more info see https://www.w3.org/TR/html5/syntax.html#closing-elements-that-have-implied-end-tags ("
	>>>>>>> upstream/develop
	            }
	          [ERROR ->]</select>
	          @if (yearControl.invalid && yearControl.errors.required) {
	          <mat-error"): ng:///PaymentMethodComponent/template.html@103:10, Opening tag "button" not terminated. ("
	<<<<<<< HEAD
	      </section>
	      [ERROR ->]<button type="submit" id="submitButton" style="margin-top:5px; float:right;" mat-raised-button color="): ng:///PaymentMethodComponent/template.html@112:6, Unexpected closing tag "div". It may happen when the tag has already been closed by another tag. For more info see https://www.w3.org/TR/html5/syntax.html#closing-elements-that-have-implied-end-tags ("ubmitButton" style="margin-top:5px; float:right;" mat-raised-button color="primary"
	=======
	      [ERROR ->]</div>
	      <button type="submit" id="submitButton" class="submit-button" mat-raised-button color=""): ng:///PaymentMethodComponent/template.html@114:6
	    at parseJitTemplate (node_modules/@angular/compiler/fesm2022/compiler.mjs:32326:15)
	    at CompilerFacadeImpl.compileComponent (node_modules/@angular/compiler/fesm2022/compiler.mjs:32000:52)
	    at PaymentMethodComponent.╔╡cmp (node_modules/@angular/core/fesm2022/debug_node.mjs:30245:47)
	    at getComponentDef (node_modules/@angular/core/fesm2022/testing.mjs:1605:18)
	    at isStandaloneComponent (node_modules/@angular/core/fesm2022/testing.mjs:1601:17)
	    at queueTypesFromModulesArrayRecur (node_modules/@angular/core/fesm2022/testing.mjs:1325:26)
	    at TestBedCompiler.queueTypesFromModulesArray (node_modules/@angular/core/fesm2022/testing.mjs:1348:9)
	    at TestBedCompiler.configureTestingModule (node_modules/@angular/core/fesm2022/testing.mjs:856:18)
	    at TestBedImpl.configureTestingModule (node_modules/@angular/core/fesm2022/testing.mjs:1993:23)
	    at TestBedImpl.configureTestingModule (node_modules/@angular/core/fesm2022/testing.mjs:1805:37)
[1A[2K[31mChrome Headless 144.0.0.0 (Windows 10) PaymentMethodComponent should hold no cards on error in backend API FAILED[39m
	Failed: Errors during JIT compilation of template for PaymentMethodComponent: Unexpected closing tag "select". It may happen when the tag has already been closed by another tag. For more info see https://www.w3.org/TR/html5/syntax.html#closing-elements-that-have-implied-end-tags ("
	>>>>>>> upstream/develop
	            }
	          [ERROR ->]</select>
	          @if (monthControl.invalid && monthControl.errors.required) {
	          <mat-err"): ng:///PaymentMethodComponent/template.html@85:10, Unexpected closing tag "select". It may happen when the tag has already been closed by another tag. For more info see https://www.w3.org/TR/html5/syntax.html#closing-elements-that-have-implied-end-tags ("
	>>>>>>> upstream/develop
	            }
	          [ERROR ->]</select>
	          @if (yearControl.invalid && yearControl.errors.required) {
	          <mat-error"): ng:///PaymentMethodComponent/template.html@103:10, Opening tag "button" not terminated. ("
	<<<<<<< HEAD
	      </section>
	      [ERROR ->]<button type="submit" id="submitButton" style="margin-top:5px; float:right;" mat-raised-button color="): ng:///PaymentMethodComponent/template.html@112:6, Unexpected closing tag "div". It may happen when the tag has already been closed by another tag. For more info see https://www.w3.org/TR/html5/syntax.html#closing-elements-that-have-implied-end-tags ("ubmitButton" style="margin-top:5px; float:right;" mat-raised-button color="primary"
	=======
	      [ERROR ->]</div>
	      <button type="submit" id="submitButton" class="submit-button" mat-raised-button color=""): ng:///PaymentMethodComponent/template.html@114:6
	    at parseJitTemplate (node_modules/@angular/compiler/fesm2022/compiler.mjs:32326:15)
	    at CompilerFacadeImpl.compileComponent (node_modules/@angular/compiler/fesm2022/compiler.mjs:32000:52)
	    at PaymentMethodComponent.╔╡cmp (node_modules/@angular/core/fesm2022/debug_node.mjs:30245:47)
	    at getComponentDef (node_modules/@angular/core/fesm2022/testing.mjs:1605:18)
	    at isStandaloneComponent (node_modules/@angular/core/fesm2022/testing.mjs:1601:17)
	    at queueTypesFromModulesArrayRecur (node_modules/@angular/core/fesm2022/testing.mjs:1325:26)
	    at TestBedCompiler.queueTypesFromModulesArray (node_modules/@angular/core/fesm2022/testing.mjs:1348:9)
	    at TestBedCompiler.configureTestingModule (node_modules/@angular/core/fesm2022/testing.mjs:856:18)
	    at TestBedImpl.configureTestingModule (node_modules/@angular/core/fesm2022/testing.mjs:1993:23)
	    at TestBedImpl.configureTestingModule (node_modules/@angular/core/fesm2022/testing.mjs:1805:37)
Chrome Headless 144.0.0.0 (Windows 10): Executed 710 of 767[31m (279 FAILED)[39m (skipped 3) (0 secs / 8.114 secs)
Chrome Headless 144.0.0.0 (Windows 10) PaymentMethodComponent should hold no cards on error in backend API FAILED
	Failed: Errors during JIT compilation of template for PaymentMethodComponent: Unexpected closing tag "select". It may happen when the tag has already been closed by another tag. For more info see https://www.w3.org/TR/html5/syntax.html#closing-elements-that-have-implied-end-tags ("
	>>>>>>> upstream/develop
	            }
	          [ERROR ->]</select>
	          @if (monthControl.invalid && monthControl.errors.required) {
	          <mat-err"): ng:///PaymentMethodComponent/template.html@85:10, Unexpected closing tag "select". It may happen when the tag has already been closed by another tag. For more info see https://www.w3.org/TR/html5/syntax.html#closing-elements-that-have-implied-end-tags ("
	>>>>>>> upstream/develop
	            }
	          [ERROR ->]</select>
	          @if (yearControl.invalid && yearControl.errors.required) {
	          <mat-error"): ng:///PaymentMethodComponent/template.html@103:10, Opening tag "button" not terminated. ("
	<<<<<<< HEAD
	      </section>
	      [ERROR ->]<button type="submit" id="submitButton" style="margin-top:5px; float:right;" mat-raised-button color="): ng:///PaymentMethodComponent/template.html@112:6, Unexpected closing tag "div". It may happen when the tag has already been closed by another tag. For more info see https://www.w3.org/TR/html5/syntax.html#closing-elements-that-have-implied-end-tags ("ubmitButton" style="margin-top:5px; float:right;" mat-raised-button color="primary"
	=======
	      [ERROR ->]</div>
	      <button type="submit" id="submitButton" class="submit-button" mat-raised-button color=""): ng:///PaymentMethodComponent/template.html@114:6
	    at parseJitTemplate (node_modules/@angular/compiler/fesm2022/compiler.mjs:32326:15)
	    at CompilerFacadeImpl.compileComponent (node_modules/@angular/compiler/fesm2022/compiler.mjs:32000:52)
	    at PaymentMethodComponent.╔╡cmp (node_modules/@angular/core/fesm2022/debug_node.mjs:30245:47)
	    at getComponentDef (node_modules/@angular/core/fesm2022/testing.mjs:1605:18)
	    at isStandaloneComponent (node_modules/@angular/core/fesm2022/testing.mjs:1601:17)
	    at queueTypesFromModulesArrayRecur (node_modules/@angular/core/fesm2022/testing.mjs:1325:26)
	    at TestBedCompiler.queueTypesFromModulesArray (node_modules/@angular/core/fesm2022/testing.mjs:1348:9)
	    at TestBedCompiler.configureTestingModule (node_modules/@angular/core/fesm2022/testing.mjs:856:18)
	    at TestBedImpl.configureTestingModule (node_modules/@angular/core/fesm2022/testing.mjs:1993:23)
	    at TestBedImpl.configureTestingModule (node_modules/@angular/core/fesm2022/testing.mjs:1805:37)
[1A[2K[31mChrome Headless 144.0.0.0 (Windows 10) PaymentMethodComponent should reset the form on saving card and show confirmation FAILED[39m
	Failed: Errors during JIT compilation of template for PaymentMethodComponent: Unexpected closing tag "select". It may happen when the tag has already been closed by another tag. For more info see https://www.w3.org/TR/html5/syntax.html#closing-elements-that-have-implied-end-tags ("
	>>>>>>> upstream/develop
	            }
	          [ERROR ->]</select>
	          @if (monthControl.invalid && monthControl.errors.required) {
	          <mat-err"): ng:///PaymentMethodComponent/template.html@85:10, Unexpected closing tag "select". It may happen when the tag has already been closed by another tag. For more info see https://www.w3.org/TR/html5/syntax.html#closing-elements-that-have-implied-end-tags ("
	>>>>>>> upstream/develop
	            }
	          [ERROR ->]</select>
	          @if (yearControl.invalid && yearControl.errors.required) {
	          <mat-error"): ng:///PaymentMethodComponent/template.html@103:10, Opening tag "button" not terminated. ("
	<<<<<<< HEAD
	      </section>
	      [ERROR ->]<button type="submit" id="submitButton" style="margin-top:5px; float:right;" mat-raised-button color="): ng:///PaymentMethodComponent/template.html@112:6, Unexpected closing tag "div". It may happen when the tag has already been closed by another tag. For more info see https://www.w3.org/TR/html5/syntax.html#closing-elements-that-have-implied-end-tags ("ubmitButton" style="margin-top:5px; float:right;" mat-raised-button color="primary"
	=======
	      [ERROR ->]</div>
	      <button type="submit" id="submitButton" class="submit-button" mat-raised-button color=""): ng:///PaymentMethodComponent/template.html@114:6
	    at parseJitTemplate (node_modules/@angular/compiler/fesm2022/compiler.mjs:32326:15)
	    at CompilerFacadeImpl.compileComponent (node_modules/@angular/compiler/fesm2022/compiler.mjs:32000:52)
	    at PaymentMethodComponent.╔╡cmp (node_modules/@angular/core/fesm2022/debug_node.mjs:30245:47)
	    at getComponentDef (node_modules/@angular/core/fesm2022/testing.mjs:1605:18)
	    at isStandaloneComponent (node_modules/@angular/core/fesm2022/testing.mjs:1601:17)
	    at queueTypesFromModulesArrayRecur (node_modules/@angular/core/fesm2022/testing.mjs:1325:26)
	    at TestBedCompiler.queueTypesFromModulesArray (node_modules/@angular/core/fesm2022/testing.mjs:1348:9)
	    at TestBedCompiler.configureTestingModule (node_modules/@angular/core/fesm2022/testing.mjs:856:18)
	    at TestBedImpl.configureTestingModule (node_modules/@angular/core/fesm2022/testing.mjs:1993:23)
	    at TestBedImpl.configureTestingModule (node_modules/@angular/core/fesm2022/testing.mjs:1805:37)
Chrome Headless 144.0.0.0 (Windows 10): Executed 711 of 767[31m (280 FAILED)[39m (skipped 3) (0 secs / 8.116 secs)
Chrome Headless 144.0.0.0 (Windows 10) PaymentMethodComponent should reset the form on saving card and show confirmation FAILED
	Failed: Errors during JIT compilation of template for PaymentMethodComponent: Unexpected closing tag "select". It may happen when the tag has already been closed by another tag. For more info see https://www.w3.org/TR/html5/syntax.html#closing-elements-that-have-implied-end-tags ("
	>>>>>>> upstream/develop
	            }
	          [ERROR ->]</select>
	          @if (monthControl.invalid && monthControl.errors.required) {
	          <mat-err"): ng:///PaymentMethodComponent/template.html@85:10, Unexpected closing tag "select". It may happen when the tag has already been closed by another tag. For more info see https://www.w3.org/TR/html5/syntax.html#closing-elements-that-have-implied-end-tags ("
	>>>>>>> upstream/develop
	            }
	          [ERROR ->]</select>
	          @if (yearControl.invalid && yearControl.errors.required) {
	          <mat-error"): ng:///PaymentMethodComponent/template.html@103:10, Opening tag "button" not terminated. ("
	<<<<<<< HEAD
	      </section>
	      [ERROR ->]<button type="submit" id="submitButton" style="margin-top:5px; float:right;" mat-raised-button color="): ng:///PaymentMethodComponent/template.html@112:6, Unexpected closing tag "div". It may happen when the tag has already been closed by another tag. For more info see https://www.w3.org/TR/html5/syntax.html#closing-elements-that-have-implied-end-tags ("ubmitButton" style="margin-top:5px; float:right;" mat-raised-button color="primary"
	=======
	      [ERROR ->]</div>
	      <button type="submit" id="submitButton" class="submit-button" mat-raised-button color=""): ng:///PaymentMethodComponent/template.html@114:6
	    at parseJitTemplate (node_modules/@angular/compiler/fesm2022/compiler.mjs:32326:15)
	    at CompilerFacadeImpl.compileComponent (node_modules/@angular/compiler/fesm2022/compiler.mjs:32000:52)
	    at PaymentMethodComponent.╔╡cmp (node_modules/@angular/core/fesm2022/debug_node.mjs:30245:47)
	    at getComponentDef (node_modules/@angular/core/fesm2022/testing.mjs:1605:18)
	    at isStandaloneComponent (node_modules/@angular/core/fesm2022/testing.mjs:1601:17)
	    at queueTypesFromModulesArrayRecur (node_modules/@angular/core/fesm2022/testing.mjs:1325:26)
	    at TestBedCompiler.queueTypesFromModulesArray (node_modules/@angular/core/fesm2022/testing.mjs:1348:9)
	    at TestBedCompiler.configureTestingModule (node_modules/@angular/core/fesm2022/testing.mjs:856:18)
	    at TestBedImpl.configureTestingModule (node_modules/@angular/core/fesm2022/testing.mjs:1993:23)
	    at TestBedImpl.configureTestingModule (node_modules/@angular/core/fesm2022/testing.mjs:1805:37)
[1A[2KChrome Headless 144.0.0.0 (Windows 10): Executed 712 of 767[31m (280 FAILED)[39m (skipped 3) (0 secs / 8.118 secs)
[1A[2KChrome Headless 144.0.0.0 (Windows 10): Executed 713 of 767[31m (280 FAILED)[39m (skipped 3) (0 secs / 8.12 secs)
[1A[2KChrome Headless 144.0.0.0 (Windows 10): Executed 714 of 767[31m (280 FAILED)[39m (skipped 3) (0 secs / 8.122 secs)
[1A[2KChrome Headless 144.0.0.0 (Windows 10): Executed 715 of 767[31m (280 FAILED)[39m (skipped 3) (0 secs / 8.124 secs)
[1A[2KChrome Headless 144.0.0.0 (Windows 10): Executed 716 of 767[31m (280 FAILED)[39m (skipped 3) (0 secs / 8.13 secs)
[1A[2KChrome Headless 144.0.0.0 (Windows 10): Executed 717 of 767[31m (280 FAILED)[39m (skipped 3) (0 secs / 8.131 secs)
[1A[2KChrome Headless 144.0.0.0 (Windows 10): Executed 718 of 767[31m (280 FAILED)[39m (skipped 3) (0 secs / 8.171 secs)
[1A[2KChrome Headless 144.0.0.0 (Windows 10): Executed 719 of 767[31m (280 FAILED)[39m (skipped 3) (0 secs / 8.191 secs)
[1A[2KChrome Headless 144.0.0.0 (Windows 10): Executed 720 of 767[31m (280 FAILED)[39m (skipped 3) (0 secs / 8.209 secs)
[1A[2KChrome Headless 144.0.0.0 (Windows 10): Executed 721 of 767[31m (280 FAILED)[39m (skipped 3) (0 secs / 8.228 secs)
[1A[2KChrome Headless 144.0.0.0 (Windows 10): Executed 722 of 767[31m (280 FAILED)[39m (skipped 3) (0 secs / 8.248 secs)
[1A[2KChrome Headless 144.0.0.0 (Windows 10): Executed 723 of 767[31m (280 FAILED)[39m (skipped 3) (0 secs / 8.268 secs)
[1A[2KChrome Headless 144.0.0.0 (Windows 10): Executed 724 of 767[31m (280 FAILED)[39m (skipped 3) (0 secs / 8.288 secs)
[1A[2KChrome Headless 144.0.0.0 (Windows 10): Executed 725 of 767[31m (280 FAILED)[39m (skipped 3) (0 secs / 8.311 secs)
[1A[2KChrome Headless 144.0.0.0 (Windows 10): Executed 726 of 767[31m (280 FAILED)[39m (skipped 3) (0 secs / 8.331 secs)
[1A[2KChrome Headless 144.0.0.0 (Windows 10): Executed 727 of 767[31m (280 FAILED)[39m (skipped 3) (0 secs / 8.345 secs)
[1A[2KChrome Headless 144.0.0.0 (Windows 10): Executed 728 of 767[31m (280 FAILED)[39m (skipped 3) (0 secs / 8.351 secs)
[1A[2KChrome Headless 144.0.0.0 (Windows 10): Executed 729 of 767[31m (280 FAILED)[39m (skipped 3) (0 secs / 8.357 secs)
[1A[2KChrome Headless 144.0.0.0 (Windows 10): Executed 730 of 767[31m (280 FAILED)[39m (skipped 3) (0 secs / 8.362 secs)
[1A[2K[31mChrome Headless 144.0.0.0 (Windows 10) ChallengeCard should handle unavailable clipboard gracefully FAILED[39m
	Error: Errors during JIT compilation of template for ChallengeCardComponent: Unexpected closing tag "div". It may happen when the tag has already been closed by another tag. For more info see https://www.w3.org/TR/html5/syntax.html#closing-elements-that-have-implied-end-tags ("
	    aria-label="Difficulty {{ challenge.difficulty }} of 6"
	  ></difficulty-stars>
	[ERROR ->]</div>
	<div class="description-row" [innerHtml]="challenge.description" (click)="copyPayload($event)"): ng:///ChallengeCardComponent/template.html@16:0, Unexpected closing tag "section". It may happen when the tag has already been closed by another tag. For more info see https://www.w3.org/TR/html5/syntax.html#closing-elements-that-have-implied-end-tags ("
	      tag }}</span>
	    }
	  [ERROR ->]</section>
	  <section class="badge-group">
	    <!-- info text if the challenge is unavailable -->
	"): ng:///ChallengeCardComponent/template.html@25:2
	    at parseJitTemplate (node_modules/@angular/compiler/fesm2022/compiler.mjs:32326:15)
	    at CompilerFacadeImpl.compileComponent (node_modules/@angular/compiler/fesm2022/compiler.mjs:32000:52)
	    at ChallengeCardComponent.╔╡cmp (node_modules/@angular/core/fesm2022/debug_node.mjs:30245:47)
	    at getComponentDef (node_modules/@angular/core/fesm2022/testing.mjs:1605:18)
	    at isStandaloneComponent (node_modules/@angular/core/fesm2022/testing.mjs:1601:17)
	    at queueTypesFromModulesArrayRecur (node_modules/@angular/core/fesm2022/testing.mjs:1325:26)
	    at TestBedCompiler.queueTypesFromModulesArray (node_modules/@angular/core/fesm2022/testing.mjs:1348:9)
	    at TestBedCompiler.configureTestingModule (node_modules/@angular/core/fesm2022/testing.mjs:856:18)
	    at TestBedImpl.configureTestingModule (node_modules/@angular/core/fesm2022/testing.mjs:1993:23)
	    at TestBedImpl.configureTestingModule (node_modules/@angular/core/fesm2022/testing.mjs:1805:37)
Chrome Headless 144.0.0.0 (Windows 10): Executed 731 of 767[31m (281 FAILED)[39m (skipped 3) (0 secs / 8.365 secs)
Chrome Headless 144.0.0.0 (Windows 10) ChallengeCard should handle unavailable clipboard gracefully FAILED
	Error: Errors during JIT compilation of template for ChallengeCardComponent: Unexpected closing tag "div". It may happen when the tag has already been closed by another tag. For more info see https://www.w3.org/TR/html5/syntax.html#closing-elements-that-have-implied-end-tags ("
	    aria-label="Difficulty {{ challenge.difficulty }} of 6"
	  ></difficulty-stars>
	[ERROR ->]</div>
	<div class="description-row" [innerHtml]="challenge.description" (click)="copyPayload($event)"): ng:///ChallengeCardComponent/template.html@16:0, Unexpected closing tag "section". It may happen when the tag has already been closed by another tag. For more info see https://www.w3.org/TR/html5/syntax.html#closing-elements-that-have-implied-end-tags ("
	      tag }}</span>
	    }
	  [ERROR ->]</section>
	  <section class="badge-group">
	    <!-- info text if the challenge is unavailable -->
	"): ng:///ChallengeCardComponent/template.html@25:2
	    at parseJitTemplate (node_modules/@angular/compiler/fesm2022/compiler.mjs:32326:15)
	    at CompilerFacadeImpl.compileComponent (node_modules/@angular/compiler/fesm2022/compiler.mjs:32000:52)
	    at ChallengeCardComponent.╔╡cmp (node_modules/@angular/core/fesm2022/debug_node.mjs:30245:47)
	    at getComponentDef (node_modules/@angular/core/fesm2022/testing.mjs:1605:18)
	    at isStandaloneComponent (node_modules/@angular/core/fesm2022/testing.mjs:1601:17)
	    at queueTypesFromModulesArrayRecur (node_modules/@angular/core/fesm2022/testing.mjs:1325:26)
	    at TestBedCompiler.queueTypesFromModulesArray (node_modules/@angular/core/fesm2022/testing.mjs:1348:9)
	    at TestBedCompiler.configureTestingModule (node_modules/@angular/core/fesm2022/testing.mjs:856:18)
	    at TestBedImpl.configureTestingModule (node_modules/@angular/core/fesm2022/testing.mjs:1993:23)
	    at TestBedImpl.configureTestingModule (node_modules/@angular/core/fesm2022/testing.mjs:1805:37)
[1A[2K[31mChrome Headless 144.0.0.0 (Windows 10) ChallengeCard should do nothing when no code element is present FAILED[39m
	Error: Errors during JIT compilation of template for ChallengeCardComponent: Unexpected closing tag "div". It may happen when the tag has already been closed by another tag. For more info see https://www.w3.org/TR/html5/syntax.html#closing-elements-that-have-implied-end-tags ("
	    aria-label="Difficulty {{ challenge.difficulty }} of 6"
	  ></difficulty-stars>
	[ERROR ->]</div>
	<div class="description-row" [innerHtml]="challenge.description" (click)="copyPayload($event)"): ng:///ChallengeCardComponent/template.html@16:0, Unexpected closing tag "section". It may happen when the tag has already been closed by another tag. For more info see https://www.w3.org/TR/html5/syntax.html#closing-elements-that-have-implied-end-tags ("
	      tag }}</span>
	    }
	  [ERROR ->]</section>
	  <section class="badge-group">
	    <!-- info text if the challenge is unavailable -->
	"): ng:///ChallengeCardComponent/template.html@25:2
	    at parseJitTemplate (node_modules/@angular/compiler/fesm2022/compiler.mjs:32326:15)
	    at CompilerFacadeImpl.compileComponent (node_modules/@angular/compiler/fesm2022/compiler.mjs:32000:52)
	    at ChallengeCardComponent.╔╡cmp (node_modules/@angular/core/fesm2022/debug_node.mjs:30245:47)
	    at getComponentDef (node_modules/@angular/core/fesm2022/testing.mjs:1605:18)
	    at isStandaloneComponent (node_modules/@angular/core/fesm2022/testing.mjs:1601:17)
	    at queueTypesFromModulesArrayRecur (node_modules/@angular/core/fesm2022/testing.mjs:1325:26)
	    at TestBedCompiler.queueTypesFromModulesArray (node_modules/@angular/core/fesm2022/testing.mjs:1348:9)
	    at TestBedCompiler.configureTestingModule (node_modules/@angular/core/fesm2022/testing.mjs:856:18)
	    at TestBedImpl.configureTestingModule (node_modules/@angular/core/fesm2022/testing.mjs:1993:23)
	    at TestBedImpl.configureTestingModule (node_modules/@angular/core/fesm2022/testing.mjs:1805:37)
Chrome Headless 144.0.0.0 (Windows 10): Executed 732 of 767[31m (282 FAILED)[39m (skipped 3) (0 secs / 8.368 secs)
Chrome Headless 144.0.0.0 (Windows 10) ChallengeCard should do nothing when no code element is present FAILED
	Error: Errors during JIT compilation of template for ChallengeCardComponent: Unexpected closing tag "div". It may happen when the tag has already been closed by another tag. For more info see https://www.w3.org/TR/html5/syntax.html#closing-elements-that-have-implied-end-tags ("
	    aria-label="Difficulty {{ challenge.difficulty }} of 6"
	  ></difficulty-stars>
	[ERROR ->]</div>
	<div class="description-row" [innerHtml]="challenge.description" (click)="copyPayload($event)"): ng:///ChallengeCardComponent/template.html@16:0, Unexpected closing tag "section". It may happen when the tag has already been closed by another tag. For more info see https://www.w3.org/TR/html5/syntax.html#closing-elements-that-have-implied-end-tags ("
	      tag }}</span>
	    }
	  [ERROR ->]</section>
	  <section class="badge-group">
	    <!-- info text if the challenge is unavailable -->
	"): ng:///ChallengeCardComponent/template.html@25:2
	    at parseJitTemplate (node_modules/@angular/compiler/fesm2022/compiler.mjs:32326:15)
	    at CompilerFacadeImpl.compileComponent (node_modules/@angular/compiler/fesm2022/compiler.mjs:32000:52)
	    at ChallengeCardComponent.╔╡cmp (node_modules/@angular/core/fesm2022/debug_node.mjs:30245:47)
	    at getComponentDef (node_modules/@angular/core/fesm2022/testing.mjs:1605:18)
	    at isStandaloneComponent (node_modules/@angular/core/fesm2022/testing.mjs:1601:17)
	    at queueTypesFromModulesArrayRecur (node_modules/@angular/core/fesm2022/testing.mjs:1325:26)
	    at TestBedCompiler.queueTypesFromModulesArray (node_modules/@angular/core/fesm2022/testing.mjs:1348:9)
	    at TestBedCompiler.configureTestingModule (node_modules/@angular/core/fesm2022/testing.mjs:856:18)
	    at TestBedImpl.configureTestingModule (node_modules/@angular/core/fesm2022/testing.mjs:1993:23)
	    at TestBedImpl.configureTestingModule (node_modules/@angular/core/fesm2022/testing.mjs:1805:37)
[1A[2K[31mChrome Headless 144.0.0.0 (Windows 10) ChallengeCard should copy payload to clipboard and show confirmation FAILED[39m
	Error: Errors during JIT compilation of template for ChallengeCardComponent: Unexpected closing tag "div". It may happen when the tag has already been closed by another tag. For more info see https://www.w3.org/TR/html5/syntax.html#closing-elements-that-have-implied-end-tags ("
	    aria-label="Difficulty {{ challenge.difficulty }} of 6"
	  ></difficulty-stars>
	[ERROR ->]</div>
	<div class="description-row" [innerHtml]="challenge.description" (click)="copyPayload($event)"): ng:///ChallengeCardComponent/template.html@16:0, Unexpected closing tag "section". It may happen when the tag has already been closed by another tag. For more info see https://www.w3.org/TR/html5/syntax.html#closing-elements-that-have-implied-end-tags ("
	      tag }}</span>
	    }
	  [ERROR ->]</section>
	  <section class="badge-group">
	    <!-- info text if the challenge is unavailable -->
	"): ng:///ChallengeCardComponent/template.html@25:2
	    at parseJitTemplate (node_modules/@angular/compiler/fesm2022/compiler.mjs:32326:15)
	    at CompilerFacadeImpl.compileComponent (node_modules/@angular/compiler/fesm2022/compiler.mjs:32000:52)
	    at ChallengeCardComponent.╔╡cmp (node_modules/@angular/core/fesm2022/debug_node.mjs:30245:47)
	    at getComponentDef (node_modules/@angular/core/fesm2022/testing.mjs:1605:18)
	    at isStandaloneComponent (node_modules/@angular/core/fesm2022/testing.mjs:1601:17)
	    at queueTypesFromModulesArrayRecur (node_modules/@angular/core/fesm2022/testing.mjs:1325:26)
	    at TestBedCompiler.queueTypesFromModulesArray (node_modules/@angular/core/fesm2022/testing.mjs:1348:9)
	    at TestBedCompiler.configureTestingModule (node_modules/@angular/core/fesm2022/testing.mjs:856:18)
	    at TestBedImpl.configureTestingModule (node_modules/@angular/core/fesm2022/testing.mjs:1993:23)
	    at TestBedImpl.configureTestingModule (node_modules/@angular/core/fesm2022/testing.mjs:1805:37)
Chrome Headless 144.0.0.0 (Windows 10): Executed 733 of 767[31m (283 FAILED)[39m (skipped 3) (0 secs / 8.371 secs)
Chrome Headless 144.0.0.0 (Windows 10) ChallengeCard should copy payload to clipboard and show confirmation FAILED
	Error: Errors during JIT compilation of template for ChallengeCardComponent: Unexpected closing tag "div". It may happen when the tag has already been closed by another tag. For more info see https://www.w3.org/TR/html5/syntax.html#closing-elements-that-have-implied-end-tags ("
	    aria-label="Difficulty {{ challenge.difficulty }} of 6"
	  ></difficulty-stars>
	[ERROR ->]</div>
	<div class="description-row" [innerHtml]="challenge.description" (click)="copyPayload($event)"): ng:///ChallengeCardComponent/template.html@16:0, Unexpected closing tag "section". It may happen when the tag has already been closed by another tag. For more info see https://www.w3.org/TR/html5/syntax.html#closing-elements-that-have-implied-end-tags ("
	      tag }}</span>
	    }
	  [ERROR ->]</section>
	  <section class="badge-group">
	    <!-- info text if the challenge is unavailable -->
	"): ng:///ChallengeCardComponent/template.html@25:2
	    at parseJitTemplate (node_modules/@angular/compiler/fesm2022/compiler.mjs:32326:15)
	    at CompilerFacadeImpl.compileComponent (node_modules/@angular/compiler/fesm2022/compiler.mjs:32000:52)
	    at ChallengeCardComponent.╔╡cmp (node_modules/@angular/core/fesm2022/debug_node.mjs:30245:47)
	    at getComponentDef (node_modules/@angular/core/fesm2022/testing.mjs:1605:18)
	    at isStandaloneComponent (node_modules/@angular/core/fesm2022/testing.mjs:1601:17)
	    at queueTypesFromModulesArrayRecur (node_modules/@angular/core/fesm2022/testing.mjs:1325:26)
	    at TestBedCompiler.queueTypesFromModulesArray (node_modules/@angular/core/fesm2022/testing.mjs:1348:9)
	    at TestBedCompiler.configureTestingModule (node_modules/@angular/core/fesm2022/testing.mjs:856:18)
	    at TestBedImpl.configureTestingModule (node_modules/@angular/core/fesm2022/testing.mjs:1993:23)
	    at TestBedImpl.configureTestingModule (node_modules/@angular/core/fesm2022/testing.mjs:1805:37)
[1A[2K[31mChrome Headless 144.0.0.0 (Windows 10) ChallengeCard should show a mitigation link when challenge has it and is solved FAILED[39m
	Error: Errors during JIT compilation of template for ChallengeCardComponent: Unexpected closing tag "div". It may happen when the tag has already been closed by another tag. For more info see https://www.w3.org/TR/html5/syntax.html#closing-elements-that-have-implied-end-tags ("
	    aria-label="Difficulty {{ challenge.difficulty }} of 6"
	  ></difficulty-stars>
	[ERROR ->]</div>
	<div class="description-row" [innerHtml]="challenge.description" (click)="copyPayload($event)"): ng:///ChallengeCardComponent/template.html@16:0, Unexpected closing tag "section". It may happen when the tag has already been closed by another tag. For more info see https://www.w3.org/TR/html5/syntax.html#closing-elements-that-have-implied-end-tags ("
	      tag }}</span>
	    }
	  [ERROR ->]</section>
	  <section class="badge-group">
	    <!-- info text if the challenge is unavailable -->
	"): ng:///ChallengeCardComponent/template.html@25:2
	    at parseJitTemplate (node_modules/@angular/compiler/fesm2022/compiler.mjs:32326:15)
	    at CompilerFacadeImpl.compileComponent (node_modules/@angular/compiler/fesm2022/compiler.mjs:32000:52)
	    at ChallengeCardComponent.╔╡cmp (node_modules/@angular/core/fesm2022/debug_node.mjs:30245:47)
	    at getComponentDef (node_modules/@angular/core/fesm2022/testing.mjs:1605:18)
	    at isStandaloneComponent (node_modules/@angular/core/fesm2022/testing.mjs:1601:17)
	    at queueTypesFromModulesArrayRecur (node_modules/@angular/core/fesm2022/testing.mjs:1325:26)
	    at TestBedCompiler.queueTypesFromModulesArray (node_modules/@angular/core/fesm2022/testing.mjs:1348:9)
	    at TestBedCompiler.configureTestingModule (node_modules/@angular/core/fesm2022/testing.mjs:856:18)
	    at TestBedImpl.configureTestingModule (node_modules/@angular/core/fesm2022/testing.mjs:1993:23)
	    at TestBedImpl.configureTestingModule (node_modules/@angular/core/fesm2022/testing.mjs:1805:37)
Chrome Headless 144.0.0.0 (Windows 10): Executed 734 of 767[31m (284 FAILED)[39m (skipped 3) (0 secs / 8.374 secs)
Chrome Headless 144.0.0.0 (Windows 10) ChallengeCard should show a mitigation link when challenge has it and is solved FAILED
	Error: Errors during JIT compilation of template for ChallengeCardComponent: Unexpected closing tag "div". It may happen when the tag has already been closed by another tag. For more info see https://www.w3.org/TR/html5/syntax.html#closing-elements-that-have-implied-end-tags ("
	    aria-label="Difficulty {{ challenge.difficulty }} of 6"
	  ></difficulty-stars>
	[ERROR ->]</div>
	<div class="description-row" [innerHtml]="challenge.description" (click)="copyPayload($event)"): ng:///ChallengeCardComponent/template.html@16:0, Unexpected closing tag "section". It may happen when the tag has already been closed by another tag. For more info see https://www.w3.org/TR/html5/syntax.html#closing-elements-that-have-implied-end-tags ("
	      tag }}</span>
	    }
	  [ERROR ->]</section>
	  <section class="badge-group">
	    <!-- info text if the challenge is unavailable -->
	"): ng:///ChallengeCardComponent/template.html@25:2
	    at parseJitTemplate (node_modules/@angular/compiler/fesm2022/compiler.mjs:32326:15)
	    at CompilerFacadeImpl.compileComponent (node_modules/@angular/compiler/fesm2022/compiler.mjs:32000:52)
	    at ChallengeCardComponent.╔╡cmp (node_modules/@angular/core/fesm2022/debug_node.mjs:30245:47)
	    at getComponentDef (node_modules/@angular/core/fesm2022/testing.mjs:1605:18)
	    at isStandaloneComponent (node_modules/@angular/core/fesm2022/testing.mjs:1601:17)
	    at queueTypesFromModulesArrayRecur (node_modules/@angular/core/fesm2022/testing.mjs:1325:26)
	    at TestBedCompiler.queueTypesFromModulesArray (node_modules/@angular/core/fesm2022/testing.mjs:1348:9)
	    at TestBedCompiler.configureTestingModule (node_modules/@angular/core/fesm2022/testing.mjs:856:18)
	    at TestBedImpl.configureTestingModule (node_modules/@angular/core/fesm2022/testing.mjs:1993:23)
	    at TestBedImpl.configureTestingModule (node_modules/@angular/core/fesm2022/testing.mjs:1805:37)
[1A[2K[31mChrome Headless 144.0.0.0 (Windows 10) ChallengeCard should not show a mitigation link when challenge has it but is not solved FAILED[39m
	Error: Errors during JIT compilation of template for ChallengeCardComponent: Unexpected closing tag "div". It may happen when the tag has already been closed by another tag. For more info see https://www.w3.org/TR/html5/syntax.html#closing-elements-that-have-implied-end-tags ("
	    aria-label="Difficulty {{ challenge.difficulty }} of 6"
	  ></difficulty-stars>
	[ERROR ->]</div>
	<div class="description-row" [innerHtml]="challenge.description" (click)="copyPayload($event)"): ng:///ChallengeCardComponent/template.html@16:0, Unexpected closing tag "section". It may happen when the tag has already been closed by another tag. For more info see https://www.w3.org/TR/html5/syntax.html#closing-elements-that-have-implied-end-tags ("
	      tag }}</span>
	    }
	  [ERROR ->]</section>
	  <section class="badge-group">
	    <!-- info text if the challenge is unavailable -->
	"): ng:///ChallengeCardComponent/template.html@25:2
	    at parseJitTemplate (node_modules/@angular/compiler/fesm2022/compiler.mjs:32326:15)
	    at CompilerFacadeImpl.compileComponent (node_modules/@angular/compiler/fesm2022/compiler.mjs:32000:52)
	    at ChallengeCardComponent.╔╡cmp (node_modules/@angular/core/fesm2022/debug_node.mjs:30245:47)
	    at getComponentDef (node_modules/@angular/core/fesm2022/testing.mjs:1605:18)
	    at isStandaloneComponent (node_modules/@angular/core/fesm2022/testing.mjs:1601:17)
	    at queueTypesFromModulesArrayRecur (node_modules/@angular/core/fesm2022/testing.mjs:1325:26)
	    at TestBedCompiler.queueTypesFromModulesArray (node_modules/@angular/core/fesm2022/testing.mjs:1348:9)
	    at TestBedCompiler.configureTestingModule (node_modules/@angular/core/fesm2022/testing.mjs:856:18)
	    at TestBedImpl.configureTestingModule (node_modules/@angular/core/fesm2022/testing.mjs:1993:23)
	    at TestBedImpl.configureTestingModule (node_modules/@angular/core/fesm2022/testing.mjs:1805:37)
Chrome Headless 144.0.0.0 (Windows 10): Executed 735 of 767[31m (285 FAILED)[39m (skipped 3) (0 secs / 8.376 secs)
Chrome Headless 144.0.0.0 (Windows 10) ChallengeCard should not show a mitigation link when challenge has it but is not solved FAILED
	Error: Errors during JIT compilation of template for ChallengeCardComponent: Unexpected closing tag "div". It may happen when the tag has already been closed by another tag. For more info see https://www.w3.org/TR/html5/syntax.html#closing-elements-that-have-implied-end-tags ("
	    aria-label="Difficulty {{ challenge.difficulty }} of 6"
	  ></difficulty-stars>
	[ERROR ->]</div>
	<div class="description-row" [innerHtml]="challenge.description" (click)="copyPayload($event)"): ng:///ChallengeCardComponent/template.html@16:0, Unexpected closing tag "section". It may happen when the tag has already been closed by another tag. For more info see https://www.w3.org/TR/html5/syntax.html#closing-elements-that-have-implied-end-tags ("
	      tag }}</span>
	    }
	  [ERROR ->]</section>
	  <section class="badge-group">
	    <!-- info text if the challenge is unavailable -->
	"): ng:///ChallengeCardComponent/template.html@25:2
	    at parseJitTemplate (node_modules/@angular/compiler/fesm2022/compiler.mjs:32326:15)
	    at CompilerFacadeImpl.compileComponent (node_modules/@angular/compiler/fesm2022/compiler.mjs:32000:52)
	    at ChallengeCardComponent.╔╡cmp (node_modules/@angular/core/fesm2022/debug_node.mjs:30245:47)
	    at getComponentDef (node_modules/@angular/core/fesm2022/testing.mjs:1605:18)
	    at isStandaloneComponent (node_modules/@angular/core/fesm2022/testing.mjs:1601:17)
	    at queueTypesFromModulesArrayRecur (node_modules/@angular/core/fesm2022/testing.mjs:1325:26)
	    at TestBedCompiler.queueTypesFromModulesArray (node_modules/@angular/core/fesm2022/testing.mjs:1348:9)
	    at TestBedCompiler.configureTestingModule (node_modules/@angular/core/fesm2022/testing.mjs:856:18)
	    at TestBedImpl.configureTestingModule (node_modules/@angular/core/fesm2022/testing.mjs:1993:23)
	    at TestBedImpl.configureTestingModule (node_modules/@angular/core/fesm2022/testing.mjs:1805:37)
[1A[2K[31mChrome Headless 144.0.0.0 (Windows 10) ChallengeCard should create FAILED[39m
	Error: Errors during JIT compilation of template for ChallengeCardComponent: Unexpected closing tag "div". It may happen when the tag has already been closed by another tag. For more info see https://www.w3.org/TR/html5/syntax.html#closing-elements-that-have-implied-end-tags ("
	    aria-label="Difficulty {{ challenge.difficulty }} of 6"
	  ></difficulty-stars>
	[ERROR ->]</div>
	<div class="description-row" [innerHtml]="challenge.description" (click)="copyPayload($event)"): ng:///ChallengeCardComponent/template.html@16:0, Unexpected closing tag "section". It may happen when the tag has already been closed by another tag. For more info see https://www.w3.org/TR/html5/syntax.html#closing-elements-that-have-implied-end-tags ("
	      tag }}</span>
	    }
	  [ERROR ->]</section>
	  <section class="badge-group">
	    <!-- info text if the challenge is unavailable -->
	"): ng:///ChallengeCardComponent/template.html@25:2
	    at parseJitTemplate (node_modules/@angular/compiler/fesm2022/compiler.mjs:32326:15)
	    at CompilerFacadeImpl.compileComponent (node_modules/@angular/compiler/fesm2022/compiler.mjs:32000:52)
	    at ChallengeCardComponent.╔╡cmp (node_modules/@angular/core/fesm2022/debug_node.mjs:30245:47)
	    at getComponentDef (node_modules/@angular/core/fesm2022/testing.mjs:1605:18)
	    at isStandaloneComponent (node_modules/@angular/core/fesm2022/testing.mjs:1601:17)
	    at queueTypesFromModulesArrayRecur (node_modules/@angular/core/fesm2022/testing.mjs:1325:26)
	    at TestBedCompiler.queueTypesFromModulesArray (node_modules/@angular/core/fesm2022/testing.mjs:1348:9)
	    at TestBedCompiler.configureTestingModule (node_modules/@angular/core/fesm2022/testing.mjs:856:18)
	    at TestBedImpl.configureTestingModule (node_modules/@angular/core/fesm2022/testing.mjs:1993:23)
	    at TestBedImpl.configureTestingModule (node_modules/@angular/core/fesm2022/testing.mjs:1805:37)
Chrome Headless 144.0.0.0 (Windows 10): Executed 736 of 767[31m (286 FAILED)[39m (skipped 3) (0 secs / 8.378 secs)
Chrome Headless 144.0.0.0 (Windows 10) ChallengeCard should create FAILED
	Error: Errors during JIT compilation of template for ChallengeCardComponent: Unexpected closing tag "div". It may happen when the tag has already been closed by another tag. For more info see https://www.w3.org/TR/html5/syntax.html#closing-elements-that-have-implied-end-tags ("
	    aria-label="Difficulty {{ challenge.difficulty }} of 6"
	  ></difficulty-stars>
	[ERROR ->]</div>
	<div class="description-row" [innerHtml]="challenge.description" (click)="copyPayload($event)"): ng:///ChallengeCardComponent/template.html@16:0, Unexpected closing tag "section". It may happen when the tag has already been closed by another tag. For more info see https://www.w3.org/TR/html5/syntax.html#closing-elements-that-have-implied-end-tags ("
	      tag }}</span>
	    }
	  [ERROR ->]</section>
	  <section class="badge-group">
	    <!-- info text if the challenge is unavailable -->
	"): ng:///ChallengeCardComponent/template.html@25:2
	    at parseJitTemplate (node_modules/@angular/compiler/fesm2022/compiler.mjs:32326:15)
	    at CompilerFacadeImpl.compileComponent (node_modules/@angular/compiler/fesm2022/compiler.mjs:32000:52)
	    at ChallengeCardComponent.╔╡cmp (node_modules/@angular/core/fesm2022/debug_node.mjs:30245:47)
	    at getComponentDef (node_modules/@angular/core/fesm2022/testing.mjs:1605:18)
	    at isStandaloneComponent (node_modules/@angular/core/fesm2022/testing.mjs:1601:17)
	    at queueTypesFromModulesArrayRecur (node_modules/@angular/core/fesm2022/testing.mjs:1325:26)
	    at TestBedCompiler.queueTypesFromModulesArray (node_modules/@angular/core/fesm2022/testing.mjs:1348:9)
	    at TestBedCompiler.configureTestingModule (node_modules/@angular/core/fesm2022/testing.mjs:856:18)
	    at TestBedImpl.configureTestingModule (node_modules/@angular/core/fesm2022/testing.mjs:1993:23)
	    at TestBedImpl.configureTestingModule (node_modules/@angular/core/fesm2022/testing.mjs:1805:37)
[1A[2KChrome Headless 144.0.0.0 (Windows 10): Executed 737 of 767[31m (286 FAILED)[39m (skipped 3) (0 secs / 8.384 secs)
[1A[2KChrome Headless 144.0.0.0 (Windows 10): Executed 738 of 767[31m (286 FAILED)[39m (skipped 3) (0 secs / 8.395 secs)
[1A[2KChrome Headless 144.0.0.0 (Windows 10): Executed 739 of 767[31m (286 FAILED)[39m (skipped 3) (0 secs / 8.401 secs)
[1A[2KChrome Headless 144.0.0.0 (Windows 10): Executed 740 of 767[31m (286 FAILED)[39m (skipped 3) (0 secs / 8.403 secs)
[1A[2KChrome Headless 144.0.0.0 (Windows 10): Executed 741 of 767[31m (286 FAILED)[39m (skipped 3) (0 secs / 8.422 secs)
[1A[2KChrome Headless 144.0.0.0 (Windows 10): Executed 742 of 767[31m (286 FAILED)[39m (skipped 3) (0 secs / 8.46 secs)
[1A[2KChrome Headless 144.0.0.0 (Windows 10): Executed 743 of 767[31m (286 FAILED)[39m (skipped 3) (0 secs / 8.481 secs)
[1A[2KChrome Headless 144.0.0.0 (Windows 10): Executed 744 of 767[31m (286 FAILED)[39m (skipped 3) (0 secs / 8.502 secs)
[1A[2KChrome Headless 144.0.0.0 (Windows 10): Executed 745 of 767[31m (286 FAILED)[39m (skipped 3) (0 secs / 8.527 secs)
[1A[2KChrome Headless 144.0.0.0 (Windows 10): Executed 746 of 767[31m (286 FAILED)[39m (skipped 3) (0 secs / 8.563 secs)
[1A[2KChrome Headless 144.0.0.0 (Windows 10): Executed 747 of 767[31m (286 FAILED)[39m (skipped 3) (0 secs / 8.599 secs)
[1A[2KChrome Headless 144.0.0.0 (Windows 10): Executed 748 of 767[31m (286 FAILED)[39m (skipped 3) (0 secs / 8.669 secs)
[1A[2KChrome Headless 144.0.0.0 (Windows 10): Executed 749 of 767[31m (286 FAILED)[39m (skipped 3) (0 secs / 8.703 secs)
[1A[2KChrome Headless 144.0.0.0 (Windows 10): Executed 750 of 767[31m (286 FAILED)[39m (skipped 3) (0 secs / 8.738 secs)
[1A[2KChrome Headless 144.0.0.0 (Windows 10): Executed 751 of 767[31m (286 FAILED)[39m (skipped 3) (0 secs / 8.774 secs)
[1A[2KChrome Headless 144.0.0.0 (Windows 10): Executed 752 of 767[31m (286 FAILED)[39m (skipped 3) (0 secs / 8.804 secs)
[1A[2KChrome Headless 144.0.0.0 (Windows 10): Executed 753 of 767[31m (286 FAILED)[39m (skipped 3) (0 secs / 8.834 secs)
[1A[2KChrome Headless 144.0.0.0 (Windows 10): Executed 754 of 767[31m (286 FAILED)[39m (skipped 3) (0 secs / 8.867 secs)
[1A[2KChrome Headless 144.0.0.0 (Windows 10): Executed 755 of 767[31m (286 FAILED)[39m (skipped 3) (0 secs / 8.902 secs)
[1A[2KChrome Headless 144.0.0.0 (Windows 10): Executed 756 of 767[31m (286 FAILED)[39m (skipped 3) (0 secs / 8.951 secs)
[1A[2KChrome Headless 144.0.0.0 (Windows 10): Executed 757 of 767[31m (286 FAILED)[39m (skipped 3) (0 secs / 8.995 secs)
[1A[2KChrome Headless 144.0.0.0 (Windows 10): Executed 758 of 767[31m (286 FAILED)[39m (skipped 3) (0 secs / 9.029 secs)
[1A[2KChrome Headless 144.0.0.0 (Windows 10): Executed 759 of 767[31m (286 FAILED)[39m (skipped 3) (0 secs / 9.056 secs)
[1A[2KChrome Headless 144.0.0.0 (Windows 10): Executed 760 of 767[31m (286 FAILED)[39m (skipped 3) (0 secs / 9.083 secs)
[1A[2KChrome Headless 144.0.0.0 (Windows 10): Executed 761 of 767[31m (286 FAILED)[39m (skipped 3) (0 secs / 9.116 secs)
[1A[2KChrome Headless 144.0.0.0 (Windows 10): Executed 762 of 767[31m (286 FAILED)[39m (skipped 3) (0 secs / 9.149 secs)
[1A[2KChrome Headless 144.0.0.0 (Windows 10): Executed 763 of 767[31m (286 FAILED)[39m (skipped 3) (0 secs / 9.175 secs)
[1A[2KChrome Headless 144.0.0.0 (Windows 10): Executed 764 of 767[31m (286 FAILED)[39m (skipped 3) (0 secs / 9.2 secs)
[1A[2KChrome Headless 144.0.0.0 (Windows 10): Executed 764 of 767[31m (286 FAILED)[39m (skipped 3) (13.232 secs / 9.2 secs)
[31mTOTAL: 286 FAILED, 478 SUCCESS[39m
TOTAL: 286 FAILED, 478 SUCCESS
Γ£ö Browser application 
bundle generation complete.
Γ£ö Browser application 
bundle generation complete.
